Component: ARM Compiler 5.06 update 6 (build 750) Tool: armlink [4d35ed]

==============================================================================

Section Cross References

    main.o(i.main) refers to memcpya.o(.text) for __aeabi_memcpy4
    main.o(i.main) refers to app_pwm.o(i.app_pwm_init) for app_pwm_init
    main.o(i.main) refers to app_error.o(i.app_error_handler_bare) for app_error_handler_bare
    main.o(i.main) refers to app_pwm.o(i.app_pwm_enable) for app_pwm_enable
    main.o(i.main) refers to app_pwm.o(i.app_pwm_channel_duty_set) for app_pwm_channel_duty_set
    main.o(i.main) refers to main.o(.constdata) for .constdata
    main.o(i.main) refers to main.o(i.pwm_ready_callback) for pwm_ready_callback
    main.o(i.main) refers to main.o(.data) for .data
    main.o(i.pwm_ready_callback) refers to main.o(.data) for .data
    main.o(.constdata) refers to main.o(.bss) for m_pwm_PWM1_cb
    main.o(.constdata) refers to main.o(.constdata) for m_pwm_PWM1_timer
    boards.o(i.bsp_board_button_idx_to_pin) refers to boards.o(.constdata) for .constdata
    boards.o(i.bsp_board_button_state_get) refers to boards.o(.constdata) for .constdata
    boards.o(i.bsp_board_init) refers to boards.o(i.nrf_gpio_cfg) for nrf_gpio_cfg
    boards.o(i.bsp_board_init) refers to boards.o(i.bsp_board_leds_off) for bsp_board_leds_off
    boards.o(i.bsp_board_init) refers to boards.o(.constdata) for .constdata
    boards.o(i.bsp_board_led_idx_to_pin) refers to boards.o(.constdata) for .constdata
    boards.o(i.bsp_board_led_invert) refers to boards.o(.constdata) for .constdata
    boards.o(i.bsp_board_led_off) refers to boards.o(i.nrf_gpio_pin_write) for nrf_gpio_pin_write
    boards.o(i.bsp_board_led_off) refers to boards.o(.constdata) for .constdata
    boards.o(i.bsp_board_led_on) refers to boards.o(i.nrf_gpio_pin_write) for nrf_gpio_pin_write
    boards.o(i.bsp_board_led_on) refers to boards.o(.constdata) for .constdata
    boards.o(i.bsp_board_led_state_get) refers to boards.o(.constdata) for .constdata
    boards.o(i.bsp_board_leds_off) refers to boards.o(i.bsp_board_led_off) for bsp_board_led_off
    boards.o(i.bsp_board_leds_on) refers to boards.o(i.bsp_board_led_on) for bsp_board_led_on
    boards.o(i.bsp_board_pin_to_button_idx) refers to boards.o(.constdata) for .constdata
    boards.o(i.bsp_board_pin_to_led_idx) refers to boards.o(.constdata) for .constdata
    nrf_drv_ppi.o(i.nrf_drv_ppi_init) refers to nrf_drv_ppi.o(.data) for .data
    nrf_drv_ppi.o(i.nrf_drv_ppi_uninit) refers to nrfx_ppi.o(i.nrfx_ppi_free_all) for nrfx_ppi_free_all
    nrf_drv_ppi.o(i.nrf_drv_ppi_uninit) refers to nrf_drv_ppi.o(.data) for .data
    nrf_nvic.o(i.sd_nvic_critical_region_enter) refers to nrf_nvic.o(.data) for .data
    nrf_nvic.o(i.sd_nvic_critical_region_exit) refers to nrf_nvic.o(.data) for .data
    nrfx_atomic.o(i.nrfx_atomic_flag_clear) refers to nrfx_atomic.o(i.nrfx_atomic_u32_and) for nrfx_atomic_u32_and
    nrfx_atomic.o(i.nrfx_atomic_flag_clear_fetch) refers to nrfx_atomic.o(i.nrfx_atomic_u32_fetch_and) for nrfx_atomic_u32_fetch_and
    nrfx_atomic.o(i.nrfx_atomic_flag_set) refers to nrfx_atomic.o(i.nrfx_atomic_u32_or) for nrfx_atomic_u32_or
    nrfx_atomic.o(i.nrfx_atomic_flag_set_fetch) refers to nrfx_atomic.o(i.nrfx_atomic_u32_fetch_or) for nrfx_atomic_u32_fetch_or
    nrfx_atomic.o(i.nrfx_atomic_u32_add) refers to nrfx_atomic.o(.emb_text) for __asm___13_nrfx_atomic_c_3bd32246__nrfx_atomic_internal_add
    nrfx_atomic.o(i.nrfx_atomic_u32_and) refers to nrfx_atomic.o(.emb_text) for __asm___13_nrfx_atomic_c_3bd32246__nrfx_atomic_internal_and
    nrfx_atomic.o(i.nrfx_atomic_u32_cmp_exch) refers to nrfx_atomic.o(.emb_text) for __asm___13_nrfx_atomic_c_3bd32246__nrfx_atomic_internal_cmp_exch
    nrfx_atomic.o(i.nrfx_atomic_u32_fetch_add) refers to nrfx_atomic.o(.emb_text) for __asm___13_nrfx_atomic_c_3bd32246__nrfx_atomic_internal_add
    nrfx_atomic.o(i.nrfx_atomic_u32_fetch_and) refers to nrfx_atomic.o(.emb_text) for __asm___13_nrfx_atomic_c_3bd32246__nrfx_atomic_internal_and
    nrfx_atomic.o(i.nrfx_atomic_u32_fetch_or) refers to nrfx_atomic.o(.emb_text) for __asm___13_nrfx_atomic_c_3bd32246__nrfx_atomic_internal_orr
    nrfx_atomic.o(i.nrfx_atomic_u32_fetch_store) refers to nrfx_atomic.o(.emb_text) for __asm___13_nrfx_atomic_c_3bd32246__nrfx_atomic_internal_mov
    nrfx_atomic.o(i.nrfx_atomic_u32_fetch_sub) refers to nrfx_atomic.o(.emb_text) for __asm___13_nrfx_atomic_c_3bd32246__nrfx_atomic_internal_sub
    nrfx_atomic.o(i.nrfx_atomic_u32_fetch_sub_hs) refers to nrfx_atomic.o(.emb_text) for __asm___13_nrfx_atomic_c_3bd32246__nrfx_atomic_internal_sub_hs
    nrfx_atomic.o(i.nrfx_atomic_u32_fetch_xor) refers to nrfx_atomic.o(.emb_text) for __asm___13_nrfx_atomic_c_3bd32246__nrfx_atomic_internal_eor
    nrfx_atomic.o(i.nrfx_atomic_u32_or) refers to nrfx_atomic.o(.emb_text) for __asm___13_nrfx_atomic_c_3bd32246__nrfx_atomic_internal_orr
    nrfx_atomic.o(i.nrfx_atomic_u32_store) refers to nrfx_atomic.o(.emb_text) for __asm___13_nrfx_atomic_c_3bd32246__nrfx_atomic_internal_mov
    nrfx_atomic.o(i.nrfx_atomic_u32_sub) refers to nrfx_atomic.o(.emb_text) for __asm___13_nrfx_atomic_c_3bd32246__nrfx_atomic_internal_sub
    nrfx_atomic.o(i.nrfx_atomic_u32_sub_hs) refers to nrfx_atomic.o(.emb_text) for __asm___13_nrfx_atomic_c_3bd32246__nrfx_atomic_internal_sub_hs
    nrfx_atomic.o(i.nrfx_atomic_u32_xor) refers to nrfx_atomic.o(.emb_text) for __asm___13_nrfx_atomic_c_3bd32246__nrfx_atomic_internal_eor
    nrfx_gpiote.o(i.GPIOTE_IRQHandler) refers to nrfx_gpiote.o(i.nrf_gpiote_event_is_set) for nrf_gpiote_event_is_set
    nrfx_gpiote.o(i.GPIOTE_IRQHandler) refers to nrfx_gpiote.o(i.nrf_gpiote_event_clear) for nrf_gpiote_event_clear
    nrfx_gpiote.o(i.GPIOTE_IRQHandler) refers to nrfx_gpiote.o(i.nrf_gpio_ports_read) for nrf_gpio_ports_read
    nrfx_gpiote.o(i.GPIOTE_IRQHandler) refers to nrfx_gpiote.o(i.nrf_bitmask_bit_is_set) for nrf_bitmask_bit_is_set
    nrfx_gpiote.o(i.GPIOTE_IRQHandler) refers to nrfx_gpiote.o(i.channel_port_get) for channel_port_get
    nrfx_gpiote.o(i.GPIOTE_IRQHandler) refers to nrfx_gpiote.o(i.nrf_bitmask_bit_set) for nrf_bitmask_bit_set
    nrfx_gpiote.o(i.GPIOTE_IRQHandler) refers to nrfx_gpiote.o(i.nrf_gpio_cfg_sense_set) for nrf_gpio_cfg_sense_set
    nrfx_gpiote.o(i.GPIOTE_IRQHandler) refers to nrfx_gpiote.o(.bss) for .bss
    nrfx_gpiote.o(i.channel_free) refers to nrfx_gpiote.o(.bss) for .bss
    nrfx_gpiote.o(i.channel_port_alloc) refers to nrfx_gpiote.o(.bss) for .bss
    nrfx_gpiote.o(i.channel_port_get) refers to nrfx_gpiote.o(.bss) for .bss
    nrfx_gpiote.o(i.nrf_gpio_cfg_default) refers to nrfx_gpiote.o(i.nrf_gpio_cfg) for nrf_gpio_cfg
    nrfx_gpiote.o(i.nrf_gpio_ports_read) refers to nrfx_gpiote.o(.constdata) for .constdata
    nrfx_gpiote.o(i.nrfx_gpiote_clr_task_addr_get) refers to nrfx_gpiote.o(i.channel_port_get) for channel_port_get
    nrfx_gpiote.o(i.nrfx_gpiote_clr_task_trigger) refers to nrfx_gpiote.o(i.channel_port_get) for channel_port_get
    nrfx_gpiote.o(i.nrfx_gpiote_in_event_addr_get) refers to nrfx_gpiote.o(i.pin_in_use_by_te) for pin_in_use_by_te
    nrfx_gpiote.o(i.nrfx_gpiote_in_event_addr_get) refers to nrfx_gpiote.o(i.channel_port_get) for channel_port_get
    nrfx_gpiote.o(i.nrfx_gpiote_in_event_disable) refers to nrfx_gpiote.o(i.pin_in_use_by_port) for pin_in_use_by_port
    nrfx_gpiote.o(i.nrfx_gpiote_in_event_disable) refers to nrfx_gpiote.o(i.nrf_gpio_cfg_sense_set) for nrf_gpio_cfg_sense_set
    nrfx_gpiote.o(i.nrfx_gpiote_in_event_disable) refers to nrfx_gpiote.o(i.pin_in_use_by_te) for pin_in_use_by_te
    nrfx_gpiote.o(i.nrfx_gpiote_in_event_disable) refers to nrfx_gpiote.o(i.channel_port_get) for channel_port_get
    nrfx_gpiote.o(i.nrfx_gpiote_in_event_enable) refers to nrfx_gpiote.o(i.pin_in_use_by_port) for pin_in_use_by_port
    nrfx_gpiote.o(i.nrfx_gpiote_in_event_enable) refers to nrfx_gpiote.o(i.channel_port_get) for channel_port_get
    nrfx_gpiote.o(i.nrfx_gpiote_in_event_enable) refers to nrfx_gpiote.o(i.nrf_gpio_cfg_sense_set) for nrf_gpio_cfg_sense_set
    nrfx_gpiote.o(i.nrfx_gpiote_in_event_enable) refers to nrfx_gpiote.o(i.pin_in_use_by_te) for pin_in_use_by_te
    nrfx_gpiote.o(i.nrfx_gpiote_in_event_enable) refers to nrfx_gpiote.o(i.nrf_gpiote_event_clear) for nrf_gpiote_event_clear
    nrfx_gpiote.o(i.nrfx_gpiote_in_event_enable) refers to nrfx_gpiote.o(.bss) for .bss
    nrfx_gpiote.o(i.nrfx_gpiote_in_init) refers to nrfx_gpiote.o(i.channel_port_alloc) for channel_port_alloc
    nrfx_gpiote.o(i.nrfx_gpiote_in_init) refers to nrfx_gpiote.o(i.nrf_gpio_cfg) for nrf_gpio_cfg
    nrfx_gpiote.o(i.nrfx_gpiote_in_init) refers to nrfx_gpiote.o(i.nrf_bitmask_bit_set) for nrf_bitmask_bit_set
    nrfx_gpiote.o(i.nrfx_gpiote_in_init) refers to nrfx_gpiote.o(.bss) for .bss
    nrfx_gpiote.o(i.nrfx_gpiote_in_uninit) refers to nrfx_gpiote.o(i.nrfx_gpiote_in_event_disable) for nrfx_gpiote_in_event_disable
    nrfx_gpiote.o(i.nrfx_gpiote_in_uninit) refers to nrfx_gpiote.o(i.pin_in_use_by_te) for pin_in_use_by_te
    nrfx_gpiote.o(i.nrfx_gpiote_in_uninit) refers to nrfx_gpiote.o(i.channel_port_get) for channel_port_get
    nrfx_gpiote.o(i.nrfx_gpiote_in_uninit) refers to nrfx_gpiote.o(i.pin_configured_check) for pin_configured_check
    nrfx_gpiote.o(i.nrfx_gpiote_in_uninit) refers to nrfx_gpiote.o(i.nrf_gpio_cfg_default) for nrf_gpio_cfg_default
    nrfx_gpiote.o(i.nrfx_gpiote_in_uninit) refers to nrfx_gpiote.o(i.pin_configured_clear) for pin_configured_clear
    nrfx_gpiote.o(i.nrfx_gpiote_in_uninit) refers to nrfx_gpiote.o(i.channel_free) for channel_free
    nrfx_gpiote.o(i.nrfx_gpiote_in_uninit) refers to nrfx_gpiote.o(.bss) for .bss
    nrfx_gpiote.o(i.nrfx_gpiote_init) refers to nrfx_gpiote.o(i.channel_free) for channel_free
    nrfx_gpiote.o(i.nrfx_gpiote_init) refers to nrfx_gpiote.o(i.nrf_gpiote_event_clear) for nrf_gpiote_event_clear
    nrfx_gpiote.o(i.nrfx_gpiote_init) refers to nrfx_gpiote.o(.bss) for .bss
    nrfx_gpiote.o(i.nrfx_gpiote_is_init) refers to nrfx_gpiote.o(.bss) for .bss
    nrfx_gpiote.o(i.nrfx_gpiote_out_init) refers to nrfx_gpiote.o(i.channel_port_alloc) for channel_port_alloc
    nrfx_gpiote.o(i.nrfx_gpiote_out_init) refers to nrfx_gpiote.o(i.nrf_gpio_cfg) for nrf_gpio_cfg
    nrfx_gpiote.o(i.nrfx_gpiote_out_init) refers to nrfx_gpiote.o(i.nrf_bitmask_bit_set) for nrf_bitmask_bit_set
    nrfx_gpiote.o(i.nrfx_gpiote_out_init) refers to nrfx_gpiote.o(.bss) for .bss
    nrfx_gpiote.o(i.nrfx_gpiote_out_task_addr_get) refers to nrfx_gpiote.o(i.channel_port_get) for channel_port_get
    nrfx_gpiote.o(i.nrfx_gpiote_out_task_disable) refers to nrfx_gpiote.o(.bss) for .bss
    nrfx_gpiote.o(i.nrfx_gpiote_out_task_enable) refers to nrfx_gpiote.o(.bss) for .bss
    nrfx_gpiote.o(i.nrfx_gpiote_out_task_force) refers to nrfx_gpiote.o(.bss) for .bss
    nrfx_gpiote.o(i.nrfx_gpiote_out_task_trigger) refers to nrfx_gpiote.o(i.channel_port_get) for channel_port_get
    nrfx_gpiote.o(i.nrfx_gpiote_out_uninit) refers to nrfx_gpiote.o(i.pin_in_use_by_te) for pin_in_use_by_te
    nrfx_gpiote.o(i.nrfx_gpiote_out_uninit) refers to nrfx_gpiote.o(i.channel_port_get) for channel_port_get
    nrfx_gpiote.o(i.nrfx_gpiote_out_uninit) refers to nrfx_gpiote.o(i.channel_free) for channel_free
    nrfx_gpiote.o(i.nrfx_gpiote_out_uninit) refers to nrfx_gpiote.o(i.pin_configured_check) for pin_configured_check
    nrfx_gpiote.o(i.nrfx_gpiote_out_uninit) refers to nrfx_gpiote.o(i.nrf_gpio_cfg_default) for nrf_gpio_cfg_default
    nrfx_gpiote.o(i.nrfx_gpiote_out_uninit) refers to nrfx_gpiote.o(i.pin_configured_clear) for pin_configured_clear
    nrfx_gpiote.o(i.nrfx_gpiote_out_uninit) refers to nrfx_gpiote.o(.bss) for .bss
    nrfx_gpiote.o(i.nrfx_gpiote_set_task_addr_get) refers to nrfx_gpiote.o(i.channel_port_get) for channel_port_get
    nrfx_gpiote.o(i.nrfx_gpiote_set_task_trigger) refers to nrfx_gpiote.o(i.channel_port_get) for channel_port_get
    nrfx_gpiote.o(i.nrfx_gpiote_uninit) refers to nrfx_gpiote.o(i.nrfx_gpiote_in_uninit) for nrfx_gpiote_in_uninit
    nrfx_gpiote.o(i.nrfx_gpiote_uninit) refers to nrfx_gpiote.o(i.nrfx_gpiote_out_uninit) for nrfx_gpiote_out_uninit
    nrfx_gpiote.o(i.nrfx_gpiote_uninit) refers to nrfx_gpiote.o(.bss) for .bss
    nrfx_gpiote.o(i.pin_configured_check) refers to nrfx_gpiote.o(i.nrf_bitmask_bit_is_set) for nrf_bitmask_bit_is_set
    nrfx_gpiote.o(i.pin_configured_check) refers to nrfx_gpiote.o(.bss) for .bss
    nrfx_gpiote.o(i.pin_configured_clear) refers to nrfx_gpiote.o(.bss) for .bss
    nrfx_gpiote.o(i.pin_in_use_by_port) refers to nrfx_gpiote.o(.bss) for .bss
    nrfx_gpiote.o(i.pin_in_use_by_te) refers to nrfx_gpiote.o(.bss) for .bss
    nrfx_ppi.o(i.is_allocated_channel) refers to nrfx_ppi.o(.data) for .data
    nrfx_ppi.o(i.is_allocated_group) refers to nrfx_ppi.o(.data) for .data
    nrfx_ppi.o(i.nrfx_ppi_channel_alloc) refers to app_util_platform.o(i.app_util_critical_region_enter) for app_util_critical_region_enter
    nrfx_ppi.o(i.nrfx_ppi_channel_alloc) refers to nrfx_ppi.o(i.is_allocated_channel) for is_allocated_channel
    nrfx_ppi.o(i.nrfx_ppi_channel_alloc) refers to app_util_platform.o(i.app_util_critical_region_exit) for app_util_critical_region_exit
    nrfx_ppi.o(i.nrfx_ppi_channel_alloc) refers to nrfx_ppi.o(.data) for .data
    nrfx_ppi.o(i.nrfx_ppi_channel_assign) refers to nrfx_ppi.o(i.is_programmable_app_channel) for is_programmable_app_channel
    nrfx_ppi.o(i.nrfx_ppi_channel_assign) refers to nrfx_ppi.o(i.is_allocated_channel) for is_allocated_channel
    nrfx_ppi.o(i.nrfx_ppi_channel_disable) refers to nrfx_ppi.o(i.is_programmable_app_channel) for is_programmable_app_channel
    nrfx_ppi.o(i.nrfx_ppi_channel_disable) refers to nrfx_ppi.o(i.is_allocated_channel) for is_allocated_channel
    nrfx_ppi.o(i.nrfx_ppi_channel_enable) refers to nrfx_ppi.o(i.is_programmable_app_channel) for is_programmable_app_channel
    nrfx_ppi.o(i.nrfx_ppi_channel_enable) refers to nrfx_ppi.o(i.is_allocated_channel) for is_allocated_channel
    nrfx_ppi.o(i.nrfx_ppi_channel_fork_assign) refers to nrfx_ppi.o(i.is_allocated_channel) for is_allocated_channel
    nrfx_ppi.o(i.nrfx_ppi_channel_free) refers to nrfx_ppi.o(i.is_programmable_app_channel) for is_programmable_app_channel
    nrfx_ppi.o(i.nrfx_ppi_channel_free) refers to app_util_platform.o(i.app_util_critical_region_enter) for app_util_critical_region_enter
    nrfx_ppi.o(i.nrfx_ppi_channel_free) refers to app_util_platform.o(i.app_util_critical_region_exit) for app_util_critical_region_exit
    nrfx_ppi.o(i.nrfx_ppi_channel_free) refers to nrfx_ppi.o(.data) for .data
    nrfx_ppi.o(i.nrfx_ppi_channels_include_in_group) refers to nrfx_ppi.o(i.is_app_group) for is_app_group
    nrfx_ppi.o(i.nrfx_ppi_channels_include_in_group) refers to nrfx_ppi.o(i.is_allocated_group) for is_allocated_group
    nrfx_ppi.o(i.nrfx_ppi_channels_include_in_group) refers to app_util_platform.o(i.app_util_critical_region_enter) for app_util_critical_region_enter
    nrfx_ppi.o(i.nrfx_ppi_channels_include_in_group) refers to app_util_platform.o(i.app_util_critical_region_exit) for app_util_critical_region_exit
    nrfx_ppi.o(i.nrfx_ppi_channels_remove_from_group) refers to nrfx_ppi.o(i.is_app_group) for is_app_group
    nrfx_ppi.o(i.nrfx_ppi_channels_remove_from_group) refers to nrfx_ppi.o(i.is_allocated_group) for is_allocated_group
    nrfx_ppi.o(i.nrfx_ppi_channels_remove_from_group) refers to app_util_platform.o(i.app_util_critical_region_enter) for app_util_critical_region_enter
    nrfx_ppi.o(i.nrfx_ppi_channels_remove_from_group) refers to app_util_platform.o(i.app_util_critical_region_exit) for app_util_critical_region_exit
    nrfx_ppi.o(i.nrfx_ppi_free_all) refers to nrfx_ppi.o(.data) for .data
    nrfx_ppi.o(i.nrfx_ppi_group_alloc) refers to app_util_platform.o(i.app_util_critical_region_enter) for app_util_critical_region_enter
    nrfx_ppi.o(i.nrfx_ppi_group_alloc) refers to nrfx_ppi.o(i.is_allocated_group) for is_allocated_group
    nrfx_ppi.o(i.nrfx_ppi_group_alloc) refers to app_util_platform.o(i.app_util_critical_region_exit) for app_util_critical_region_exit
    nrfx_ppi.o(i.nrfx_ppi_group_alloc) refers to nrfx_ppi.o(.data) for .data
    nrfx_ppi.o(i.nrfx_ppi_group_disable) refers to nrfx_ppi.o(i.is_app_group) for is_app_group
    nrfx_ppi.o(i.nrfx_ppi_group_enable) refers to nrfx_ppi.o(i.is_app_group) for is_app_group
    nrfx_ppi.o(i.nrfx_ppi_group_enable) refers to nrfx_ppi.o(i.is_allocated_group) for is_allocated_group
    nrfx_ppi.o(i.nrfx_ppi_group_free) refers to nrfx_ppi.o(i.is_app_group) for is_app_group
    nrfx_ppi.o(i.nrfx_ppi_group_free) refers to nrfx_ppi.o(i.is_allocated_group) for is_allocated_group
    nrfx_ppi.o(i.nrfx_ppi_group_free) refers to app_util_platform.o(i.app_util_critical_region_enter) for app_util_critical_region_enter
    nrfx_ppi.o(i.nrfx_ppi_group_free) refers to app_util_platform.o(i.app_util_critical_region_exit) for app_util_critical_region_exit
    nrfx_ppi.o(i.nrfx_ppi_group_free) refers to nrfx_ppi.o(.data) for .data
    nrfx_timer.o(i.TIMER0_IRQHandler) refers to nrfx_timer.o(i.irq_handler) for irq_handler
    nrfx_timer.o(i.TIMER0_IRQHandler) refers to nrfx_timer.o(.bss) for .bss
    nrfx_timer.o(i.TIMER1_IRQHandler) refers to nrfx_timer.o(i.irq_handler) for irq_handler
    nrfx_timer.o(i.TIMER1_IRQHandler) refers to nrfx_timer.o(.bss) for .bss
    nrfx_timer.o(i.irq_handler) refers to nrfx_timer.o(i.nrf_timer_event_clear) for nrf_timer_event_clear
    nrfx_timer.o(i.nrfx_timer_compare) refers to nrfx_timer.o(i.nrf_timer_event_clear) for nrf_timer_event_clear
    nrfx_timer.o(i.nrfx_timer_compare_int_enable) refers to nrfx_timer.o(i.nrf_timer_event_clear) for nrf_timer_event_clear
    nrfx_timer.o(i.nrfx_timer_disable) refers to nrfx_timer.o(.bss) for .bss
    nrfx_timer.o(i.nrfx_timer_enable) refers to nrfx_timer.o(.bss) for .bss
    nrfx_timer.o(i.nrfx_timer_extended_compare) refers to nrfx_timer.o(i.nrfx_timer_compare) for nrfx_timer_compare
    nrfx_timer.o(i.nrfx_timer_init) refers to nrfx_timer.o(i.nrf_timer_event_clear) for nrf_timer_event_clear
    nrfx_timer.o(i.nrfx_timer_init) refers to nrfx_timer.o(.bss) for .bss
    nrfx_timer.o(i.nrfx_timer_is_enabled) refers to nrfx_timer.o(.bss) for .bss
    nrfx_timer.o(i.nrfx_timer_uninit) refers to nrfx_timer.o(i.nrfx_timer_disable) for nrfx_timer_disable
    nrfx_timer.o(i.nrfx_timer_uninit) refers to nrfx_timer.o(.bss) for .bss
    app_error.o(i.app_error_handler_bare) refers to app_error_weak.o(i.app_error_fault_handler) for app_error_fault_handler
    app_error.o(i.app_error_save_and_stop) refers to app_error.o(.bss) for .bss
    app_error_handler_keil.o(.emb_text) refers to app_error_weak.o(i.app_error_fault_handler) for app_error_fault_handler
    app_pwm.o(i.app_pwm_busy_check) refers to app_pwm.o(.data) for .data
    app_pwm.o(i.app_pwm_busy_check) refers to app_pwm.o(.bss) for .bss
    app_pwm.o(i.app_pwm_channel_duty_get) refers to app_pwm.o(i.app_pwm_channel_duty_ticks_get) for app_pwm_channel_duty_ticks_get
    app_pwm.o(i.app_pwm_channel_duty_set) refers to app_pwm.o(i.app_pwm_channel_duty_ticks_set) for app_pwm_channel_duty_ticks_set
    app_pwm.o(i.app_pwm_channel_duty_ticks_set) refers to app_pwm.o(i.app_pwm_busy_check) for app_pwm_busy_check
    app_pwm.o(i.app_pwm_channel_duty_ticks_set) refers to app_pwm.o(i.pwm_transition) for pwm_transition
    app_pwm.o(i.app_pwm_channel_duty_ticks_set) refers to nrfx_timer.o(i.nrfx_timer_compare_int_enable) for nrfx_timer_compare_int_enable
    app_pwm.o(i.app_pwm_channel_duty_ticks_set) refers to app_pwm.o(.data) for .data
    app_pwm.o(i.app_pwm_channel_duty_ticks_set) refers to app_pwm.o(.bss) for .bss
    app_pwm.o(i.app_pwm_channel_init) refers to nrfx_gpiote.o(i.nrfx_gpiote_out_init) for nrfx_gpiote_out_init
    app_pwm.o(i.app_pwm_channel_init) refers to nrfx_ppi.o(i.nrfx_ppi_channel_alloc) for nrfx_ppi_channel_alloc
    app_pwm.o(i.app_pwm_channel_init) refers to nrfx_ppi.o(i.nrfx_ppi_channel_disable) for nrfx_ppi_channel_disable
    app_pwm.o(i.app_pwm_channel_init) refers to nrfx_gpiote.o(i.nrfx_gpiote_clr_task_addr_get) for nrfx_gpiote_clr_task_addr_get
    app_pwm.o(i.app_pwm_channel_init) refers to nrfx_gpiote.o(i.nrfx_gpiote_set_task_addr_get) for nrfx_gpiote_set_task_addr_get
    app_pwm.o(i.app_pwm_channel_init) refers to app_pwm.o(i.nrfx_timer_compare_event_address_get) for nrfx_timer_compare_event_address_get
    app_pwm.o(i.app_pwm_channel_init) refers to nrfx_ppi.o(i.nrfx_ppi_channel_assign) for nrfx_ppi_channel_assign
    app_pwm.o(i.app_pwm_channel_init) refers to app_pwm.o(.constdata) for .constdata
    app_pwm.o(i.app_pwm_channel_init) refers to app_pwm.o(.bss) for .bss
    app_pwm.o(i.app_pwm_disable) refers to nrfx_timer.o(i.nrfx_timer_disable) for nrfx_timer_disable
    app_pwm.o(i.app_pwm_disable) refers to nrfx_timer.o(i.nrfx_timer_compare_int_disable) for nrfx_timer_compare_int_disable
    app_pwm.o(i.app_pwm_disable) refers to nrfx_ppi.o(i.nrfx_ppi_channel_disable) for nrfx_ppi_channel_disable
    app_pwm.o(i.app_pwm_disable) refers to nrfx_gpiote.o(i.nrfx_gpiote_out_task_disable) for nrfx_gpiote_out_task_disable
    app_pwm.o(i.app_pwm_enable) refers to nrfx_gpiote.o(i.nrfx_gpiote_out_task_force) for nrfx_gpiote_out_task_force
    app_pwm.o(i.app_pwm_enable) refers to nrfx_gpiote.o(i.nrfx_gpiote_out_task_enable) for nrfx_gpiote_out_task_enable
    app_pwm.o(i.app_pwm_enable) refers to nrfx_timer.o(i.nrfx_timer_clear) for nrfx_timer_clear
    app_pwm.o(i.app_pwm_enable) refers to nrfx_timer.o(i.nrfx_timer_enable) for nrfx_timer_enable
    app_pwm.o(i.app_pwm_enable) refers to app_pwm.o(.bss) for .bss
    app_pwm.o(i.app_pwm_enable) refers to app_pwm.o(.data) for .data
    app_pwm.o(i.app_pwm_init) refers to nrf_drv_ppi.o(i.nrf_drv_ppi_init) for nrf_drv_ppi_init
    app_pwm.o(i.app_pwm_init) refers to nrfx_gpiote.o(i.nrfx_gpiote_is_init) for nrfx_gpiote_is_init
    app_pwm.o(i.app_pwm_init) refers to nrfx_gpiote.o(i.nrfx_gpiote_init) for nrfx_gpiote_init
    app_pwm.o(i.app_pwm_init) refers to nrfx_ppi.o(i.nrfx_ppi_channel_alloc) for nrfx_ppi_channel_alloc
    app_pwm.o(i.app_pwm_init) refers to app_pwm.o(i.pwm_dealloc) for pwm_dealloc
    app_pwm.o(i.app_pwm_init) refers to app_pwm.o(i.app_pwm_channel_init) for app_pwm_channel_init
    app_pwm.o(i.app_pwm_init) refers to app_pwm.o(i.app_pwm_channel_duty_ticks_set) for app_pwm_channel_duty_ticks_set
    app_pwm.o(i.app_pwm_init) refers to nrfx_timer.o(i.nrfx_timer_init) for nrfx_timer_init
    app_pwm.o(i.app_pwm_init) refers to llushr.o(.text) for __aeabi_llsr
    app_pwm.o(i.app_pwm_init) refers to nrfx_timer.o(i.nrfx_timer_clear) for nrfx_timer_clear
    app_pwm.o(i.app_pwm_init) refers to nrfx_timer.o(i.nrfx_timer_extended_compare) for nrfx_timer_extended_compare
    app_pwm.o(i.app_pwm_init) refers to nrfx_timer.o(i.nrfx_timer_compare_int_disable) for nrfx_timer_compare_int_disable
    app_pwm.o(i.app_pwm_init) refers to app_pwm.o(.data) for .data
    app_pwm.o(i.app_pwm_init) refers to app_pwm.o(.constdata) for .constdata
    app_pwm.o(i.app_pwm_init) refers to app_pwm.o(i.pwm_ready_tick) for pwm_ready_tick
    app_pwm.o(i.app_pwm_init) refers to app_pwm.o(.bss) for .bss
    app_pwm.o(i.app_pwm_uninit) refers to app_pwm.o(i.app_pwm_disable) for app_pwm_disable
    app_pwm.o(i.app_pwm_uninit) refers to app_pwm.o(i.pwm_dealloc) for pwm_dealloc
    app_pwm.o(i.pwm_dealloc) refers to nrfx_ppi.o(i.nrfx_ppi_channel_free) for nrfx_ppi_channel_free
    app_pwm.o(i.pwm_dealloc) refers to nrfx_gpiote.o(i.nrfx_gpiote_out_uninit) for nrfx_gpiote_out_uninit
    app_pwm.o(i.pwm_dealloc) refers to nrfx_timer.o(i.nrfx_timer_uninit) for nrfx_timer_uninit
    app_pwm.o(i.pwm_ready_tick) refers to nrfx_timer.o(i.nrfx_timer_compare_int_disable) for nrfx_timer_compare_int_disable
    app_pwm.o(i.pwm_ready_tick) refers to app_pwm.o(.bss) for .bss
    app_pwm.o(i.pwm_transition) refers to nrfx_ppi.o(i.nrfx_ppi_channel_disable) for nrfx_ppi_channel_disable
    app_pwm.o(i.pwm_transition) refers to nrfx_ppi.o(i.nrfx_ppi_channel_enable) for nrfx_ppi_channel_enable
    app_pwm.o(i.pwm_transition) refers to nrfx_timer.o(i.nrfx_timer_compare) for nrfx_timer_compare
    app_pwm.o(i.pwm_transition) refers to nrfx_gpiote.o(i.nrfx_gpiote_clr_task_addr_get) for nrfx_gpiote_clr_task_addr_get
    app_pwm.o(i.pwm_transition) refers to nrfx_gpiote.o(i.nrfx_gpiote_set_task_addr_get) for nrfx_gpiote_set_task_addr_get
    app_pwm.o(i.pwm_transition) refers to app_pwm.o(i.nrfx_timer_compare_event_address_get) for nrfx_timer_compare_event_address_get
    app_pwm.o(i.pwm_transition) refers to nrfx_ppi.o(i.nrfx_ppi_channel_assign) for nrfx_ppi_channel_assign
    app_pwm.o(i.pwm_transition) refers to app_pwm.o(.data) for .data
    app_pwm.o(i.pwm_transition) refers to app_pwm.o(.bss) for .bss
    app_util_platform.o(i.app_util_critical_region_enter) refers to app_util_platform.o(i.app_util_disable_irq) for app_util_disable_irq
    app_util_platform.o(i.app_util_critical_region_exit) refers to app_util_platform.o(i.app_util_enable_irq) for app_util_enable_irq
    app_util_platform.o(i.app_util_disable_irq) refers to app_util_platform.o(.data) for .data
    app_util_platform.o(i.app_util_enable_irq) refers to app_util_platform.o(.data) for .data
    nrf_assert.o(i.assert_nrf_callback) refers to app_error_weak.o(i.app_error_fault_handler) for app_error_fault_handler
    nrf_atomic.o(i.nrf_atomic_flag_clear) refers to nrf_atomic.o(i.nrf_atomic_u32_and) for nrf_atomic_u32_and
    nrf_atomic.o(i.nrf_atomic_flag_clear_fetch) refers to nrf_atomic.o(i.nrf_atomic_u32_fetch_and) for nrf_atomic_u32_fetch_and
    nrf_atomic.o(i.nrf_atomic_flag_set) refers to nrf_atomic.o(i.nrf_atomic_u32_or) for nrf_atomic_u32_or
    nrf_atomic.o(i.nrf_atomic_flag_set_fetch) refers to nrf_atomic.o(i.nrf_atomic_u32_fetch_or) for nrf_atomic_u32_fetch_or
    nrf_atomic.o(i.nrf_atomic_u32_add) refers to nrf_atomic.o(.emb_text) for __asm___12_nrf_atomic_c_85ca2469__nrf_atomic_internal_add
    nrf_atomic.o(i.nrf_atomic_u32_and) refers to nrf_atomic.o(.emb_text) for __asm___12_nrf_atomic_c_85ca2469__nrf_atomic_internal_and
    nrf_atomic.o(i.nrf_atomic_u32_cmp_exch) refers to nrf_atomic.o(.emb_text) for __asm___12_nrf_atomic_c_85ca2469__nrf_atomic_internal_cmp_exch
    nrf_atomic.o(i.nrf_atomic_u32_fetch_add) refers to nrf_atomic.o(.emb_text) for __asm___12_nrf_atomic_c_85ca2469__nrf_atomic_internal_add
    nrf_atomic.o(i.nrf_atomic_u32_fetch_and) refers to nrf_atomic.o(.emb_text) for __asm___12_nrf_atomic_c_85ca2469__nrf_atomic_internal_and
    nrf_atomic.o(i.nrf_atomic_u32_fetch_or) refers to nrf_atomic.o(.emb_text) for __asm___12_nrf_atomic_c_85ca2469__nrf_atomic_internal_orr
    nrf_atomic.o(i.nrf_atomic_u32_fetch_store) refers to nrf_atomic.o(.emb_text) for __asm___12_nrf_atomic_c_85ca2469__nrf_atomic_internal_mov
    nrf_atomic.o(i.nrf_atomic_u32_fetch_sub) refers to nrf_atomic.o(.emb_text) for __asm___12_nrf_atomic_c_85ca2469__nrf_atomic_internal_sub
    nrf_atomic.o(i.nrf_atomic_u32_fetch_sub_hs) refers to nrf_atomic.o(.emb_text) for __asm___12_nrf_atomic_c_85ca2469__nrf_atomic_internal_sub_hs
    nrf_atomic.o(i.nrf_atomic_u32_fetch_xor) refers to nrf_atomic.o(.emb_text) for __asm___12_nrf_atomic_c_85ca2469__nrf_atomic_internal_eor
    nrf_atomic.o(i.nrf_atomic_u32_or) refers to nrf_atomic.o(.emb_text) for __asm___12_nrf_atomic_c_85ca2469__nrf_atomic_internal_orr
    nrf_atomic.o(i.nrf_atomic_u32_store) refers to nrf_atomic.o(.emb_text) for __asm___12_nrf_atomic_c_85ca2469__nrf_atomic_internal_mov
    nrf_atomic.o(i.nrf_atomic_u32_sub) refers to nrf_atomic.o(.emb_text) for __asm___12_nrf_atomic_c_85ca2469__nrf_atomic_internal_sub
    nrf_atomic.o(i.nrf_atomic_u32_sub_hs) refers to nrf_atomic.o(.emb_text) for __asm___12_nrf_atomic_c_85ca2469__nrf_atomic_internal_sub_hs
    nrf_atomic.o(i.nrf_atomic_u32_xor) refers to nrf_atomic.o(.emb_text) for __asm___12_nrf_atomic_c_85ca2469__nrf_atomic_internal_eor
    nrf_balloc.o(i.nrf_balloc_alloc) refers to app_util_platform.o(i.app_util_critical_region_enter) for app_util_critical_region_enter
    nrf_balloc.o(i.nrf_balloc_alloc) refers to app_util_platform.o(i.app_util_critical_region_exit) for app_util_critical_region_exit
    nrf_balloc.o(i.nrf_balloc_free) refers to app_util_platform.o(i.app_util_critical_region_enter) for app_util_critical_region_enter
    nrf_balloc.o(i.nrf_balloc_free) refers to app_util_platform.o(i.app_util_critical_region_exit) for app_util_critical_region_exit
    nrf_fprintf.o(i.nrf_fprintf) refers to nrf_fprintf_format.o(i.nrf_fprintf_fmt) for nrf_fprintf_fmt
    nrf_fprintf_format.o(i.buffer_add) refers to nrf_fprintf.o(i.nrf_fprintf_buffer_flush) for nrf_fprintf_buffer_flush
    nrf_fprintf_format.o(i.int_print) refers to nrf_fprintf_format.o(i.buffer_add) for buffer_add
    nrf_fprintf_format.o(i.int_print) refers to nrf_fprintf_format.o(i.unsigned_print) for unsigned_print
    nrf_fprintf_format.o(i.nrf_fprintf_fmt) refers to nrf_fprintf_format.o(i.buffer_add) for buffer_add
    nrf_fprintf_format.o(i.nrf_fprintf_fmt) refers to nrf_fprintf.o(i.nrf_fprintf_buffer_flush) for nrf_fprintf_buffer_flush
    nrf_fprintf_format.o(i.nrf_fprintf_fmt) refers to nrf_fprintf_format.o(i.int_print) for int_print
    nrf_fprintf_format.o(i.nrf_fprintf_fmt) refers to nrf_fprintf_format.o(i.unsigned_print) for unsigned_print
    nrf_fprintf_format.o(i.nrf_fprintf_fmt) refers to strlen.o(.text) for strlen
    nrf_fprintf_format.o(i.unsigned_print) refers to nrf_fprintf_format.o(i.buffer_add) for buffer_add
    nrf_fprintf_format.o(i.unsigned_print) refers to nrf_fprintf_format.o(.constdata) for .constdata
    nrf_memobj.o(i.memobj_op) refers to memcpya.o(.text) for __aeabi_memcpy
    nrf_memobj.o(i.nrf_memobj_alloc) refers to nrf_balloc.o(i.nrf_balloc_alloc) for nrf_balloc_alloc
    nrf_memobj.o(i.nrf_memobj_alloc) refers to nrf_memobj.o(i.nrf_memobj_free) for nrf_memobj_free
    nrf_memobj.o(i.nrf_memobj_free) refers to nrf_balloc.o(i.nrf_balloc_free) for nrf_balloc_free
    nrf_memobj.o(i.nrf_memobj_get) refers to nrf_atomic.o(i.nrf_atomic_u32_add) for nrf_atomic_u32_add
    nrf_memobj.o(i.nrf_memobj_pool_init) refers to nrf_balloc.o(i.nrf_balloc_init) for nrf_balloc_init
    nrf_memobj.o(i.nrf_memobj_put) refers to nrf_atomic.o(i.nrf_atomic_u32_sub) for nrf_atomic_u32_sub
    nrf_memobj.o(i.nrf_memobj_put) refers to nrf_memobj.o(i.nrf_memobj_free) for nrf_memobj_free
    nrf_memobj.o(i.nrf_memobj_read) refers to nrf_memobj.o(i.memobj_op) for memobj_op
    nrf_memobj.o(i.nrf_memobj_write) refers to nrf_memobj.o(i.memobj_op) for memobj_op
    nrf_ringbuf.o(i.nrf_ringbuf_alloc) refers to nrf_atomic.o(i.nrf_atomic_flag_set_fetch) for nrf_atomic_flag_set_fetch
    nrf_ringbuf.o(i.nrf_ringbuf_alloc) refers to nrf_atomic.o(i.nrf_atomic_flag_clear) for nrf_atomic_flag_clear
    nrf_ringbuf.o(i.nrf_ringbuf_cpy_get) refers to nrf_atomic.o(i.nrf_atomic_flag_set_fetch) for nrf_atomic_flag_set_fetch
    nrf_ringbuf.o(i.nrf_ringbuf_cpy_get) refers to memcpya.o(.text) for __aeabi_memcpy
    nrf_ringbuf.o(i.nrf_ringbuf_cpy_get) refers to nrf_atomic.o(i.nrf_atomic_flag_clear) for nrf_atomic_flag_clear
    nrf_ringbuf.o(i.nrf_ringbuf_cpy_put) refers to nrf_atomic.o(i.nrf_atomic_flag_set_fetch) for nrf_atomic_flag_set_fetch
    nrf_ringbuf.o(i.nrf_ringbuf_cpy_put) refers to memcpya.o(.text) for __aeabi_memcpy
    nrf_ringbuf.o(i.nrf_ringbuf_cpy_put) refers to nrf_atomic.o(i.nrf_atomic_flag_clear) for nrf_atomic_flag_clear
    nrf_ringbuf.o(i.nrf_ringbuf_free) refers to nrf_atomic.o(i.nrf_atomic_flag_clear) for nrf_atomic_flag_clear
    nrf_ringbuf.o(i.nrf_ringbuf_get) refers to nrf_atomic.o(i.nrf_atomic_flag_set_fetch) for nrf_atomic_flag_set_fetch
    nrf_ringbuf.o(i.nrf_ringbuf_get) refers to nrf_atomic.o(i.nrf_atomic_flag_clear) for nrf_atomic_flag_clear
    nrf_ringbuf.o(i.nrf_ringbuf_put) refers to nrf_atomic.o(i.nrf_atomic_flag_clear_fetch) for nrf_atomic_flag_clear_fetch
    nrf_strerror.o(i.nrf_strerror_find) refers to nrf_strerror.o(.constdata) for .constdata
    nrf_strerror.o(i.nrf_strerror_get) refers to nrf_strerror.o(i.nrf_strerror_find) for nrf_strerror_find
    nrf_strerror.o(i.nrf_strerror_get) refers to nrf_strerror.o(.constdata) for .constdata
    nrf_strerror.o(.constdata) refers to nrf_strerror.o(.conststring) for .conststring
    arm_startup_nrf52.o(RESET) refers to arm_startup_nrf52.o(STACK) for __initial_sp
    arm_startup_nrf52.o(RESET) refers to arm_startup_nrf52.o(.text) for Reset_Handler
    arm_startup_nrf52.o(RESET) refers to nrfx_gpiote.o(i.GPIOTE_IRQHandler) for GPIOTE_IRQHandler
    arm_startup_nrf52.o(RESET) refers to nrfx_timer.o(i.TIMER0_IRQHandler) for TIMER0_IRQHandler
    arm_startup_nrf52.o(RESET) refers to nrfx_timer.o(i.TIMER1_IRQHandler) for TIMER1_IRQHandler
    arm_startup_nrf52.o(.text) refers to system_nrf52.o(i.SystemInit) for SystemInit
    arm_startup_nrf52.o(.text) refers to entry.o(.ARM.Collect$$$$00000000) for __main
    system_nrf52.o(i.SystemCoreClockUpdate) refers to system_nrf52.o(.data) for .data
    system_nrf52.o(i.SystemInit) refers to system_nrf52.o(.data) for .data
    entry.o(.ARM.Collect$$$$00000000) refers (Special) to entry10a.o(.ARM.Collect$$$$0000000D) for __rt_final_cpp
    entry.o(.ARM.Collect$$$$00000000) refers (Special) to entry11a.o(.ARM.Collect$$$$0000000F) for __rt_final_exit
    entry.o(.ARM.Collect$$$$00000000) refers (Special) to entry7b.o(.ARM.Collect$$$$00000008) for _main_clock
    entry.o(.ARM.Collect$$$$00000000) refers (Special) to entry8b.o(.ARM.Collect$$$$0000000A) for _main_cpp_init
    entry.o(.ARM.Collect$$$$00000000) refers (Special) to entry9a.o(.ARM.Collect$$$$0000000B) for _main_init
    entry.o(.ARM.Collect$$$$00000000) refers (Special) to entry5.o(.ARM.Collect$$$$00000004) for _main_scatterload
    entry.o(.ARM.Collect$$$$00000000) refers (Special) to entry2.o(.ARM.Collect$$$$00000001) for _main_stk
    entry2.o(.ARM.Collect$$$$00000001) refers to entry2.o(.ARM.Collect$$$$00002712) for __lit__00000000
    entry2.o(.ARM.Collect$$$$00002712) refers to arm_startup_nrf52.o(STACK) for __initial_sp
    entry2.o(__vectab_stack_and_reset_area) refers to arm_startup_nrf52.o(STACK) for __initial_sp
    entry2.o(__vectab_stack_and_reset_area) refers to entry.o(.ARM.Collect$$$$00000000) for __main
    entry5.o(.ARM.Collect$$$$00000004) refers to init.o(.text) for __scatterload
    entry9a.o(.ARM.Collect$$$$0000000B) refers to main.o(i.main) for main
    entry9b.o(.ARM.Collect$$$$0000000C) refers to main.o(i.main) for main
    init.o(.text) refers to entry5.o(.ARM.Collect$$$$00000004) for __main_after_scatterload


==============================================================================

Removing Unused input sections from the image.

    Removing main.o(.rev16_text), (4 bytes).
    Removing main.o(.revsh_text), (4 bytes).
    Removing main.o(.rrx_text), (6 bytes).
    Removing boards.o(.rev16_text), (4 bytes).
    Removing boards.o(.revsh_text), (4 bytes).
    Removing boards.o(.rrx_text), (6 bytes).
    Removing boards.o(i.bsp_board_button_idx_to_pin), (12 bytes).
    Removing boards.o(i.bsp_board_button_state_get), (32 bytes).
    Removing boards.o(i.bsp_board_init), (84 bytes).
    Removing boards.o(i.bsp_board_led_idx_to_pin), (12 bytes).
    Removing boards.o(i.bsp_board_led_invert), (36 bytes).
    Removing boards.o(i.bsp_board_led_off), (16 bytes).
    Removing boards.o(i.bsp_board_led_on), (16 bytes).
    Removing boards.o(i.bsp_board_led_state_get), (32 bytes).
    Removing boards.o(i.bsp_board_leds_off), (18 bytes).
    Removing boards.o(i.bsp_board_leds_on), (18 bytes).
    Removing boards.o(i.bsp_board_pin_to_button_idx), (36 bytes).
    Removing boards.o(i.bsp_board_pin_to_led_idx), (36 bytes).
    Removing boards.o(i.nrf_gpio_cfg), (36 bytes).
    Removing boards.o(i.nrf_gpio_pin_write), (22 bytes).
    Removing boards.o(.constdata), (8 bytes).
    Removing nrf_drv_ppi.o(.rev16_text), (4 bytes).
    Removing nrf_drv_ppi.o(.revsh_text), (4 bytes).
    Removing nrf_drv_ppi.o(.rrx_text), (6 bytes).
    Removing nrf_drv_ppi.o(i.nrf_drv_ppi_uninit), (28 bytes).
    Removing nrf_nvic.o(.rev16_text), (4 bytes).
    Removing nrf_nvic.o(.revsh_text), (4 bytes).
    Removing nrf_nvic.o(.rrx_text), (6 bytes).
    Removing nrf_nvic.o(i.sd_nvic_ClearPendingIRQ), (24 bytes).
    Removing nrf_nvic.o(i.sd_nvic_DisableIRQ), (24 bytes).
    Removing nrf_nvic.o(i.sd_nvic_EnableIRQ), (24 bytes).
    Removing nrf_nvic.o(i.sd_nvic_GetPendingIRQ), (42 bytes).
    Removing nrf_nvic.o(i.sd_nvic_GetPriority), (40 bytes).
    Removing nrf_nvic.o(i.sd_nvic_SetPendingIRQ), (24 bytes).
    Removing nrf_nvic.o(i.sd_nvic_SetPriority), (34 bytes).
    Removing nrf_nvic.o(i.sd_nvic_SystemReset), (36 bytes).
    Removing nrf_nvic.o(i.sd_nvic_critical_region_enter), (28 bytes).
    Removing nrf_nvic.o(i.sd_nvic_critical_region_exit), (24 bytes).
    Removing nrf_nvic.o(.data), (1 bytes).
    Removing nrf_soc.o(.rev16_text), (4 bytes).
    Removing nrf_soc.o(.revsh_text), (4 bytes).
    Removing nrf_soc.o(.rrx_text), (6 bytes).
    Removing nrf_soc.o(i.sd_app_evt_wait), (6 bytes).
    Removing nrfx_atomic.o(.rev16_text), (4 bytes).
    Removing nrfx_atomic.o(.revsh_text), (4 bytes).
    Removing nrfx_atomic.o(.rrx_text), (6 bytes).
    Removing nrfx_atomic.o(.emb_text), (226 bytes).
    Removing nrfx_atomic.o(i.nrfx_atomic_flag_clear), (6 bytes).
    Removing nrfx_atomic.o(i.nrfx_atomic_flag_clear_fetch), (6 bytes).
    Removing nrfx_atomic.o(i.nrfx_atomic_flag_set), (6 bytes).
    Removing nrfx_atomic.o(i.nrfx_atomic_flag_set_fetch), (6 bytes).
    Removing nrfx_atomic.o(i.nrfx_atomic_u32_add), (12 bytes).
    Removing nrfx_atomic.o(i.nrfx_atomic_u32_and), (12 bytes).
    Removing nrfx_atomic.o(i.nrfx_atomic_u32_cmp_exch), (4 bytes).
    Removing nrfx_atomic.o(i.nrfx_atomic_u32_fetch_add), (10 bytes).
    Removing nrfx_atomic.o(i.nrfx_atomic_u32_fetch_and), (10 bytes).
    Removing nrfx_atomic.o(i.nrfx_atomic_u32_fetch_or), (10 bytes).
    Removing nrfx_atomic.o(i.nrfx_atomic_u32_fetch_store), (10 bytes).
    Removing nrfx_atomic.o(i.nrfx_atomic_u32_fetch_sub), (10 bytes).
    Removing nrfx_atomic.o(i.nrfx_atomic_u32_fetch_sub_hs), (10 bytes).
    Removing nrfx_atomic.o(i.nrfx_atomic_u32_fetch_xor), (10 bytes).
    Removing nrfx_atomic.o(i.nrfx_atomic_u32_or), (12 bytes).
    Removing nrfx_atomic.o(i.nrfx_atomic_u32_store), (12 bytes).
    Removing nrfx_atomic.o(i.nrfx_atomic_u32_sub), (12 bytes).
    Removing nrfx_atomic.o(i.nrfx_atomic_u32_sub_hs), (12 bytes).
    Removing nrfx_atomic.o(i.nrfx_atomic_u32_xor), (12 bytes).
    Removing nrfx_gpiote.o(.rev16_text), (4 bytes).
    Removing nrfx_gpiote.o(.revsh_text), (4 bytes).
    Removing nrfx_gpiote.o(.rrx_text), (6 bytes).
    Removing nrfx_gpiote.o(i.nrfx_gpiote_clr_task_trigger), (28 bytes).
    Removing nrfx_gpiote.o(i.nrfx_gpiote_in_event_addr_get), (40 bytes).
    Removing nrfx_gpiote.o(i.nrfx_gpiote_in_event_disable), (72 bytes).
    Removing nrfx_gpiote.o(i.nrfx_gpiote_in_event_enable), (164 bytes).
    Removing nrfx_gpiote.o(i.nrfx_gpiote_in_init), (208 bytes).
    Removing nrfx_gpiote.o(i.nrfx_gpiote_in_is_set), (20 bytes).
    Removing nrfx_gpiote.o(i.nrfx_gpiote_in_uninit), (88 bytes).
    Removing nrfx_gpiote.o(i.nrfx_gpiote_out_clear), (14 bytes).
    Removing nrfx_gpiote.o(i.nrfx_gpiote_out_set), (14 bytes).
    Removing nrfx_gpiote.o(i.nrfx_gpiote_out_task_addr_get), (20 bytes).
    Removing nrfx_gpiote.o(i.nrfx_gpiote_out_task_disable), (36 bytes).
    Removing nrfx_gpiote.o(i.nrfx_gpiote_out_task_trigger), (24 bytes).
    Removing nrfx_gpiote.o(i.nrfx_gpiote_out_toggle), (28 bytes).
    Removing nrfx_gpiote.o(i.nrfx_gpiote_set_task_trigger), (28 bytes).
    Removing nrfx_gpiote.o(i.nrfx_gpiote_uninit), (56 bytes).
    Removing nrfx_gpiote.o(i.pin_in_use_by_port), (24 bytes).
    Removing nrfx_gpiote.o(.constdata), (17 bytes).
    Removing nrfx_gpiote.o(.constdata), (21 bytes).
    Removing nrfx_gpiote.o(.constdata), (20 bytes).
    Removing nrfx_ppi.o(.rev16_text), (4 bytes).
    Removing nrfx_ppi.o(.revsh_text), (4 bytes).
    Removing nrfx_ppi.o(.rrx_text), (6 bytes).
    Removing nrfx_ppi.o(i.is_allocated_group), (24 bytes).
    Removing nrfx_ppi.o(i.is_app_group), (12 bytes).
    Removing nrfx_ppi.o(i.nrfx_ppi_channel_fork_assign), (36 bytes).
    Removing nrfx_ppi.o(i.nrfx_ppi_channels_include_in_group), (68 bytes).
    Removing nrfx_ppi.o(i.nrfx_ppi_channels_remove_from_group), (68 bytes).
    Removing nrfx_ppi.o(i.nrfx_ppi_free_all), (72 bytes).
    Removing nrfx_ppi.o(i.nrfx_ppi_group_alloc), (92 bytes).
    Removing nrfx_ppi.o(i.nrfx_ppi_group_disable), (36 bytes).
    Removing nrfx_ppi.o(i.nrfx_ppi_group_enable), (44 bytes).
    Removing nrfx_ppi.o(i.nrfx_ppi_group_free), (72 bytes).
    Removing nrfx_ppi.o(.constdata), (23 bytes).
    Removing nrfx_ppi.o(.constdata), (22 bytes).
    Removing nrfx_ppi.o(.constdata), (24 bytes).
    Removing nrfx_ppi.o(.constdata), (29 bytes).
    Removing nrfx_ppi.o(.constdata), (24 bytes).
    Removing nrfx_ppi.o(.constdata), (25 bytes).
    Removing nrfx_ppi.o(.constdata), (21 bytes).
    Removing nrfx_ppi.o(.constdata), (20 bytes).
    Removing nrfx_ppi.o(.constdata), (22 bytes).
    Removing nrfx_ppi.o(.constdata), (23 bytes).
    Removing nrfx_ppi.o(.constdata), (36 bytes).
    Removing nrfx_ppi.o(.constdata), (35 bytes).
    Removing nrfx_timer.o(.rev16_text), (4 bytes).
    Removing nrfx_timer.o(.revsh_text), (4 bytes).
    Removing nrfx_timer.o(.rrx_text), (6 bytes).
    Removing nrfx_timer.o(i.nrfx_timer_capture), (30 bytes).
    Removing nrfx_timer.o(i.nrfx_timer_increment), (8 bytes).
    Removing nrfx_timer.o(i.nrfx_timer_is_enabled), (32 bytes).
    Removing nrfx_timer.o(i.nrfx_timer_pause), (8 bytes).
    Removing nrfx_timer.o(i.nrfx_timer_resume), (8 bytes).
    Removing nrfx_timer.o(.constdata), (16 bytes).
    Removing app_error.o(.rev16_text), (4 bytes).
    Removing app_error.o(.revsh_text), (4 bytes).
    Removing app_error.o(.rrx_text), (6 bytes).
    Removing app_error.o(i.app_error_save_and_stop), (100 bytes).
    Removing app_error.o(.bss), (32 bytes).
    Removing app_error_handler_keil.o(.rev16_text), (4 bytes).
    Removing app_error_handler_keil.o(.revsh_text), (4 bytes).
    Removing app_error_handler_keil.o(.rrx_text), (6 bytes).
    Removing app_error_handler_keil.o(.emb_text), (26 bytes).
    Removing app_error_weak.o(.rev16_text), (4 bytes).
    Removing app_error_weak.o(.revsh_text), (4 bytes).
    Removing app_error_weak.o(.rrx_text), (6 bytes).
    Removing app_pwm.o(.rev16_text), (4 bytes).
    Removing app_pwm.o(.revsh_text), (4 bytes).
    Removing app_pwm.o(.rrx_text), (6 bytes).
    Removing app_pwm.o(i.app_pwm_channel_duty_get), (26 bytes).
    Removing app_pwm.o(i.app_pwm_channel_duty_ticks_get), (16 bytes).
    Removing app_pwm.o(i.app_pwm_cycle_ticks_get), (8 bytes).
    Removing app_pwm.o(i.app_pwm_disable), (120 bytes).
    Removing app_pwm.o(i.app_pwm_uninit), (42 bytes).
    Removing app_util_platform.o(.rev16_text), (4 bytes).
    Removing app_util_platform.o(.revsh_text), (4 bytes).
    Removing app_util_platform.o(.rrx_text), (6 bytes).
    Removing app_util_platform.o(i.current_int_priority_get), (48 bytes).
    Removing app_util_platform.o(i.privilege_level_get), (26 bytes).
    Removing nrf_assert.o(.rev16_text), (4 bytes).
    Removing nrf_assert.o(.revsh_text), (4 bytes).
    Removing nrf_assert.o(.rrx_text), (6 bytes).
    Removing nrf_assert.o(i.assert_nrf_callback), (22 bytes).
    Removing nrf_atomic.o(.rev16_text), (4 bytes).
    Removing nrf_atomic.o(.revsh_text), (4 bytes).
    Removing nrf_atomic.o(.rrx_text), (6 bytes).
    Removing nrf_atomic.o(.emb_text), (226 bytes).
    Removing nrf_atomic.o(i.nrf_atomic_flag_clear), (6 bytes).
    Removing nrf_atomic.o(i.nrf_atomic_flag_clear_fetch), (6 bytes).
    Removing nrf_atomic.o(i.nrf_atomic_flag_set), (6 bytes).
    Removing nrf_atomic.o(i.nrf_atomic_flag_set_fetch), (6 bytes).
    Removing nrf_atomic.o(i.nrf_atomic_u32_add), (12 bytes).
    Removing nrf_atomic.o(i.nrf_atomic_u32_and), (12 bytes).
    Removing nrf_atomic.o(i.nrf_atomic_u32_cmp_exch), (4 bytes).
    Removing nrf_atomic.o(i.nrf_atomic_u32_fetch_add), (10 bytes).
    Removing nrf_atomic.o(i.nrf_atomic_u32_fetch_and), (10 bytes).
    Removing nrf_atomic.o(i.nrf_atomic_u32_fetch_or), (10 bytes).
    Removing nrf_atomic.o(i.nrf_atomic_u32_fetch_store), (10 bytes).
    Removing nrf_atomic.o(i.nrf_atomic_u32_fetch_sub), (10 bytes).
    Removing nrf_atomic.o(i.nrf_atomic_u32_fetch_sub_hs), (10 bytes).
    Removing nrf_atomic.o(i.nrf_atomic_u32_fetch_xor), (10 bytes).
    Removing nrf_atomic.o(i.nrf_atomic_u32_or), (12 bytes).
    Removing nrf_atomic.o(i.nrf_atomic_u32_store), (12 bytes).
    Removing nrf_atomic.o(i.nrf_atomic_u32_sub), (12 bytes).
    Removing nrf_atomic.o(i.nrf_atomic_u32_sub_hs), (12 bytes).
    Removing nrf_atomic.o(i.nrf_atomic_u32_xor), (12 bytes).
    Removing nrf_balloc.o(.rev16_text), (4 bytes).
    Removing nrf_balloc.o(.revsh_text), (4 bytes).
    Removing nrf_balloc.o(.rrx_text), (6 bytes).
    Removing nrf_balloc.o(i.nrf_balloc_alloc), (62 bytes).
    Removing nrf_balloc.o(i.nrf_balloc_free), (42 bytes).
    Removing nrf_balloc.o(i.nrf_balloc_init), (48 bytes).
    Removing nrf_fprintf.o(.rev16_text), (4 bytes).
    Removing nrf_fprintf.o(.revsh_text), (4 bytes).
    Removing nrf_fprintf.o(.rrx_text), (6 bytes).
    Removing nrf_fprintf.o(i.nrf_fprintf), (26 bytes).
    Removing nrf_fprintf.o(i.nrf_fprintf_buffer_flush), (24 bytes).
    Removing nrf_fprintf_format.o(.rev16_text), (4 bytes).
    Removing nrf_fprintf_format.o(.revsh_text), (4 bytes).
    Removing nrf_fprintf_format.o(.rrx_text), (6 bytes).
    Removing nrf_fprintf_format.o(i.buffer_add), (46 bytes).
    Removing nrf_fprintf_format.o(i.int_print), (166 bytes).
    Removing nrf_fprintf_format.o(i.nrf_fprintf_fmt), (474 bytes).
    Removing nrf_fprintf_format.o(i.unsigned_print), (180 bytes).
    Removing nrf_fprintf_format.o(.constdata), (16 bytes).
    Removing nrf_memobj.o(.rev16_text), (4 bytes).
    Removing nrf_memobj.o(.revsh_text), (4 bytes).
    Removing nrf_memobj.o(.rrx_text), (6 bytes).
    Removing nrf_memobj.o(i.memobj_op), (126 bytes).
    Removing nrf_memobj.o(i.nrf_memobj_alloc), (96 bytes).
    Removing nrf_memobj.o(i.nrf_memobj_free), (50 bytes).
    Removing nrf_memobj.o(i.nrf_memobj_get), (8 bytes).
    Removing nrf_memobj.o(i.nrf_memobj_pool_init), (4 bytes).
    Removing nrf_memobj.o(i.nrf_memobj_put), (30 bytes).
    Removing nrf_memobj.o(i.nrf_memobj_read), (16 bytes).
    Removing nrf_memobj.o(i.nrf_memobj_write), (16 bytes).
    Removing nrf_ringbuf.o(.rev16_text), (4 bytes).
    Removing nrf_ringbuf.o(.revsh_text), (4 bytes).
    Removing nrf_ringbuf.o(.rrx_text), (6 bytes).
    Removing nrf_ringbuf.o(i.nrf_ringbuf_alloc), (112 bytes).
    Removing nrf_ringbuf.o(i.nrf_ringbuf_cpy_get), (124 bytes).
    Removing nrf_ringbuf.o(i.nrf_ringbuf_cpy_put), (114 bytes).
    Removing nrf_ringbuf.o(i.nrf_ringbuf_free), (38 bytes).
    Removing nrf_ringbuf.o(i.nrf_ringbuf_get), (112 bytes).
    Removing nrf_ringbuf.o(i.nrf_ringbuf_init), (28 bytes).
    Removing nrf_ringbuf.o(i.nrf_ringbuf_put), (48 bytes).
    Removing nrf_strerror.o(.rev16_text), (4 bytes).
    Removing nrf_strerror.o(.revsh_text), (4 bytes).
    Removing nrf_strerror.o(.rrx_text), (6 bytes).
    Removing nrf_strerror.o(i.nrf_strerror_find), (56 bytes).
    Removing nrf_strerror.o(i.nrf_strerror_get), (20 bytes).
    Removing nrf_strerror.o(.constdata), (300 bytes).
    Removing nrf_strerror.o(.conststring), (957 bytes).
    Removing nrf_log_frontend.o(.rev16_text), (4 bytes).
    Removing nrf_log_frontend.o(.revsh_text), (4 bytes).
    Removing nrf_log_frontend.o(.rrx_text), (6 bytes).
    Removing nrf_log_str_formatter.o(.rev16_text), (4 bytes).
    Removing nrf_log_str_formatter.o(.revsh_text), (4 bytes).
    Removing nrf_log_str_formatter.o(.rrx_text), (6 bytes).
    Removing arm_startup_nrf52.o(HEAP), (8192 bytes).
    Removing system_nrf52.o(.rev16_text), (4 bytes).
    Removing system_nrf52.o(.revsh_text), (4 bytes).
    Removing system_nrf52.o(.rrx_text), (6 bytes).
    Removing system_nrf52.o(i.SystemCoreClockUpdate), (16 bytes).

232 unused section(s) (total 15780 bytes) removed from the image.

==============================================================================

Image Symbol Table

    Local Symbols

    Symbol Name                              Value     Ov Type        Size  Object(Section)

    RESET                                    0x00000000   Section      512  arm_startup_nrf52.o(RESET)
    ../clib/microlib/init/entry.s            0x00000000   Number         0  entry10a.o ABSOLUTE
    ../clib/microlib/init/entry.s            0x00000000   Number         0  entry9b.o ABSOLUTE
    ../clib/microlib/init/entry.s            0x00000000   Number         0  entry7a.o ABSOLUTE
    ../clib/microlib/init/entry.s            0x00000000   Number         0  entry10b.o ABSOLUTE
    ../clib/microlib/init/entry.s            0x00000000   Number         0  entry9a.o ABSOLUTE
    ../clib/microlib/init/entry.s            0x00000000   Number         0  entry11a.o ABSOLUTE
    ../clib/microlib/init/entry.s            0x00000000   Number         0  entry7b.o ABSOLUTE
    ../clib/microlib/init/entry.s            0x00000000   Number         0  entry8a.o ABSOLUTE
    ../clib/microlib/init/entry.s            0x00000000   Number         0  entry8b.o ABSOLUTE
    ../clib/microlib/init/entry.s            0x00000000   Number         0  entry11b.o ABSOLUTE
    ../clib/microlib/init/entry.s            0x00000000   Number         0  entry2.o ABSOLUTE
    ../clib/microlib/init/entry.s            0x00000000   Number         0  entry.o ABSOLUTE
    ../clib/microlib/init/entry.s            0x00000000   Number         0  entry5.o ABSOLUTE
    ../clib/microlib/longlong.c              0x00000000   Number         0  llushr.o ABSOLUTE
    ../clib/microlib/string/memcpy.c         0x00000000   Number         0  memcpyb.o ABSOLUTE
    ../clib/microlib/string/memcpy.c         0x00000000   Number         0  memcpya.o ABSOLUTE
    ../clib/microlib/string/strlen.c         0x00000000   Number         0  strlen.o ABSOLUTE
    ..\..\..\..\..\..\components\boards\boards.c 0x00000000   Number         0  boards.o ABSOLUTE
    ..\..\..\..\..\..\components\drivers_nrf\nrf_soc_nosd\nrf_nvic.c 0x00000000   Number         0  nrf_nvic.o ABSOLUTE
    ..\..\..\..\..\..\components\drivers_nrf\nrf_soc_nosd\nrf_soc.c 0x00000000   Number         0  nrf_soc.o ABSOLUTE
    ..\..\..\..\..\..\components\libraries\atomic\nrf_atomic.c 0x00000000   Number         0  nrf_atomic.o ABSOLUTE
    ..\..\..\..\..\..\components\libraries\balloc\nrf_balloc.c 0x00000000   Number         0  nrf_balloc.o ABSOLUTE
    ..\..\..\..\..\..\components\libraries\log\src\nrf_log_frontend.c 0x00000000   Number         0  nrf_log_frontend.o ABSOLUTE
    ..\..\..\..\..\..\components\libraries\log\src\nrf_log_str_formatter.c 0x00000000   Number         0  nrf_log_str_formatter.o ABSOLUTE
    ..\..\..\..\..\..\components\libraries\memobj\nrf_memobj.c 0x00000000   Number         0  nrf_memobj.o ABSOLUTE
    ..\..\..\..\..\..\components\libraries\pwm\app_pwm.c 0x00000000   Number         0  app_pwm.o ABSOLUTE
    ..\..\..\..\..\..\components\libraries\ringbuf\nrf_ringbuf.c 0x00000000   Number         0  nrf_ringbuf.o ABSOLUTE
    ..\..\..\..\..\..\components\libraries\strerror\nrf_strerror.c 0x00000000   Number         0  nrf_strerror.o ABSOLUTE
    ..\..\..\..\..\..\components\libraries\util\app_error.c 0x00000000   Number         0  app_error.o ABSOLUTE
    ..\..\..\..\..\..\components\libraries\util\app_error_handler_keil.c 0x00000000   Number         0  app_error_handler_keil.o ABSOLUTE
    ..\..\..\..\..\..\components\libraries\util\app_error_weak.c 0x00000000   Number         0  app_error_weak.o ABSOLUTE
    ..\..\..\..\..\..\components\libraries\util\app_util_platform.c 0x00000000   Number         0  app_util_platform.o ABSOLUTE
    ..\..\..\..\..\..\components\libraries\util\nrf_assert.c 0x00000000   Number         0  nrf_assert.o ABSOLUTE
    ..\..\..\..\..\..\external\fprintf\nrf_fprintf.c 0x00000000   Number         0  nrf_fprintf.o ABSOLUTE
    ..\..\..\..\..\..\external\fprintf\nrf_fprintf_format.c 0x00000000   Number         0  nrf_fprintf_format.o ABSOLUTE
    ..\..\..\..\..\..\integration\nrfx\legacy\nrf_drv_ppi.c 0x00000000   Number         0  nrf_drv_ppi.o ABSOLUTE
    ..\..\..\..\..\..\modules\nrfx\drivers\src\nrfx_gpiote.c 0x00000000   Number         0  nrfx_gpiote.o ABSOLUTE
    ..\..\..\..\..\..\modules\nrfx\drivers\src\nrfx_ppi.c 0x00000000   Number         0  nrfx_ppi.o ABSOLUTE
    ..\..\..\..\..\..\modules\nrfx\drivers\src\nrfx_timer.c 0x00000000   Number         0  nrfx_timer.o ABSOLUTE
    ..\..\..\..\..\..\modules\nrfx\soc\nrfx_atomic.c 0x00000000   Number         0  nrfx_atomic.o ABSOLUTE
    ..\..\..\main.c                          0x00000000   Number         0  main.o ABSOLUTE
    ..\\..\\..\\..\\..\\..\\components\\boards\\boards.c 0x00000000   Number         0  boards.o ABSOLUTE
    ..\\..\\..\\..\\..\\..\\components\\drivers_nrf\\nrf_soc_nosd\\nrf_nvic.c 0x00000000   Number         0  nrf_nvic.o ABSOLUTE
    ..\\..\\..\\..\\..\\..\\components\\drivers_nrf\\nrf_soc_nosd\\nrf_soc.c 0x00000000   Number         0  nrf_soc.o ABSOLUTE
    ..\\..\\..\\..\\..\\..\\components\\libraries\\atomic\\nrf_atomic.c 0x00000000   Number         0  nrf_atomic.o ABSOLUTE
    ..\\..\\..\\..\\..\\..\\components\\libraries\\balloc\\nrf_balloc.c 0x00000000   Number         0  nrf_balloc.o ABSOLUTE
    ..\\..\\..\\..\\..\\..\\components\\libraries\\log\\src\\nrf_log_frontend.c 0x00000000   Number         0  nrf_log_frontend.o ABSOLUTE
    ..\\..\\..\\..\\..\\..\\components\\libraries\\log\\src\\nrf_log_str_formatter.c 0x00000000   Number         0  nrf_log_str_formatter.o ABSOLUTE
    ..\\..\\..\\..\\..\\..\\components\\libraries\\memobj\\nrf_memobj.c 0x00000000   Number         0  nrf_memobj.o ABSOLUTE
    ..\\..\\..\\..\\..\\..\\components\\libraries\\pwm\\app_pwm.c 0x00000000   Number         0  app_pwm.o ABSOLUTE
    ..\\..\\..\\..\\..\\..\\components\\libraries\\ringbuf\\nrf_ringbuf.c 0x00000000   Number         0  nrf_ringbuf.o ABSOLUTE
    ..\\..\\..\\..\\..\\..\\components\\libraries\\strerror\\nrf_strerror.c 0x00000000   Number         0  nrf_strerror.o ABSOLUTE
    ..\\..\\..\\..\\..\\..\\components\\libraries\\util\\app_error.c 0x00000000   Number         0  app_error.o ABSOLUTE
    ..\\..\\..\\..\\..\\..\\components\\libraries\\util\\app_error_handler_keil.c 0x00000000   Number         0  app_error_handler_keil.o ABSOLUTE
    ..\\..\\..\\..\\..\\..\\components\\libraries\\util\\app_error_weak.c 0x00000000   Number         0  app_error_weak.o ABSOLUTE
    ..\\..\\..\\..\\..\\..\\components\\libraries\\util\\app_util_platform.c 0x00000000   Number         0  app_util_platform.o ABSOLUTE
    ..\\..\\..\\..\\..\\..\\components\\libraries\\util\\nrf_assert.c 0x00000000   Number         0  nrf_assert.o ABSOLUTE
    ..\\..\\..\\..\\..\\..\\external\\fprintf\\nrf_fprintf.c 0x00000000   Number         0  nrf_fprintf.o ABSOLUTE
    ..\\..\\..\\..\\..\\..\\external\\fprintf\\nrf_fprintf_format.c 0x00000000   Number         0  nrf_fprintf_format.o ABSOLUTE
    ..\\..\\..\\..\\..\\..\\integration\\nrfx\\legacy\\nrf_drv_ppi.c 0x00000000   Number         0  nrf_drv_ppi.o ABSOLUTE
    ..\\..\\..\\..\\..\\..\\modules\\nrfx\\drivers\\src\\nrfx_gpiote.c 0x00000000   Number         0  nrfx_gpiote.o ABSOLUTE
    ..\\..\\..\\..\\..\\..\\modules\\nrfx\\drivers\\src\\nrfx_ppi.c 0x00000000   Number         0  nrfx_ppi.o ABSOLUTE
    ..\\..\\..\\..\\..\\..\\modules\\nrfx\\drivers\\src\\nrfx_timer.c 0x00000000   Number         0  nrfx_timer.o ABSOLUTE
    ..\\..\\..\\..\\..\\..\\modules\\nrfx\\soc\\nrfx_atomic.c 0x00000000   Number         0  nrfx_atomic.o ABSOLUTE
    ..\\..\\..\\main.c                       0x00000000   Number         0  main.o ABSOLUTE
    RTE\Device\nRF52832_xxAA\arm_startup_nrf52.s 0x00000000   Number         0  arm_startup_nrf52.o ABSOLUTE
    RTE\Device\nRF52832_xxAA\system_nrf52.c  0x00000000   Number         0  system_nrf52.o ABSOLUTE
    RTE\\Device\\nRF52832_xxAA\\system_nrf52.c 0x00000000   Number         0  system_nrf52.o ABSOLUTE
    dc.s                                     0x00000000   Number         0  dc.o ABSOLUTE
    handlers.s                               0x00000000   Number         0  handlers.o ABSOLUTE
    init.s                                   0x00000000   Number         0  init.o ABSOLUTE
    .ARM.Collect$$$$00000000                 0x00000200   Section        0  entry.o(.ARM.Collect$$$$00000000)
    .ARM.Collect$$$$00000001                 0x00000200   Section        4  entry2.o(.ARM.Collect$$$$00000001)
    .ARM.Collect$$$$00000004                 0x00000204   Section        4  entry5.o(.ARM.Collect$$$$00000004)
    .ARM.Collect$$$$00000008                 0x00000208   Section        0  entry7b.o(.ARM.Collect$$$$00000008)
    .ARM.Collect$$$$0000000A                 0x00000208   Section        0  entry8b.o(.ARM.Collect$$$$0000000A)
    .ARM.Collect$$$$0000000B                 0x00000208   Section        8  entry9a.o(.ARM.Collect$$$$0000000B)
    .ARM.Collect$$$$0000000D                 0x00000210   Section        0  entry10a.o(.ARM.Collect$$$$0000000D)
    .ARM.Collect$$$$0000000F                 0x00000210   Section        0  entry11a.o(.ARM.Collect$$$$0000000F)
    .ARM.Collect$$$$00002712                 0x00000210   Section        4  entry2.o(.ARM.Collect$$$$00002712)
    __lit__00000000                          0x00000210   Data           4  entry2.o(.ARM.Collect$$$$00002712)
    .text                                    0x00000214   Section       36  arm_startup_nrf52.o(.text)
    $v0                                      0x00000214   Number         0  arm_startup_nrf52.o(.text)
    .text                                    0x00000238   Section        0  llushr.o(.text)
    .text                                    0x00000258   Section        0  memcpya.o(.text)
    .text                                    0x0000027c   Section       36  init.o(.text)
    i.GPIOTE_IRQHandler                      0x000002a0   Section        0  nrfx_gpiote.o(i.GPIOTE_IRQHandler)
    i.SystemInit                             0x000003f4   Section        0  system_nrf52.o(i.SystemInit)
    i.TIMER0_IRQHandler                      0x00000710   Section        0  nrfx_timer.o(i.TIMER0_IRQHandler)
    i.TIMER1_IRQHandler                      0x00000724   Section        0  nrfx_timer.o(i.TIMER1_IRQHandler)
    i.__scatterload_copy                     0x00000738   Section       14  handlers.o(i.__scatterload_copy)
    i.__scatterload_null                     0x00000746   Section        2  handlers.o(i.__scatterload_null)
    i.__scatterload_zeroinit                 0x00000748   Section       14  handlers.o(i.__scatterload_zeroinit)
    i.app_error_fault_handler                0x00000758   Section        0  app_error_weak.o(i.app_error_fault_handler)
    i.app_error_handler_bare                 0x00000788   Section        0  app_error.o(i.app_error_handler_bare)
    i.app_pwm_busy_check                     0x000007a0   Section        0  app_pwm.o(i.app_pwm_busy_check)
    i.app_pwm_channel_duty_set               0x000007dc   Section        0  app_pwm.o(i.app_pwm_channel_duty_set)
    i.app_pwm_channel_duty_ticks_set         0x000007f0   Section        0  app_pwm.o(i.app_pwm_channel_duty_ticks_set)
    i.app_pwm_channel_init                   0x00000868   Section        0  app_pwm.o(i.app_pwm_channel_init)
    app_pwm_channel_init                     0x00000869   Thumb Code   238  app_pwm.o(i.app_pwm_channel_init)
    i.app_pwm_enable                         0x00000960   Section        0  app_pwm.o(i.app_pwm_enable)
    i.app_pwm_init                           0x000009d8   Section        0  app_pwm.o(i.app_pwm_init)
    i.app_util_critical_region_enter         0x00000b6c   Section        0  app_util_platform.o(i.app_util_critical_region_enter)
    i.app_util_critical_region_exit          0x00000b70   Section        0  app_util_platform.o(i.app_util_critical_region_exit)
    i.app_util_disable_irq                   0x00000b74   Section        0  app_util_platform.o(i.app_util_disable_irq)
    i.app_util_enable_irq                    0x00000b84   Section        0  app_util_platform.o(i.app_util_enable_irq)
    i.channel_free                           0x00000b98   Section        0  nrfx_gpiote.o(i.channel_free)
    channel_free                             0x00000b99   Thumb Code    22  nrfx_gpiote.o(i.channel_free)
    i.channel_port_alloc                     0x00000bb4   Section        0  nrfx_gpiote.o(i.channel_port_alloc)
    channel_port_alloc                       0x00000bb5   Thumb Code    66  nrfx_gpiote.o(i.channel_port_alloc)
    i.channel_port_get                       0x00000bfc   Section        0  nrfx_gpiote.o(i.channel_port_get)
    channel_port_get                         0x00000bfd   Thumb Code    10  nrfx_gpiote.o(i.channel_port_get)
    i.irq_handler                            0x00000c0c   Section        0  nrfx_timer.o(i.irq_handler)
    irq_handler                              0x00000c0d   Thumb Code    70  nrfx_timer.o(i.irq_handler)
    i.is_allocated_channel                   0x00000c54   Section        0  nrfx_ppi.o(i.is_allocated_channel)
    is_allocated_channel                     0x00000c55   Thumb Code    20  nrfx_ppi.o(i.is_allocated_channel)
    i.is_programmable_app_channel            0x00000c6c   Section        0  nrfx_ppi.o(i.is_programmable_app_channel)
    is_programmable_app_channel              0x00000c6d   Thumb Code    12  nrfx_ppi.o(i.is_programmable_app_channel)
    i.main                                   0x00000c78   Section        0  main.o(i.main)
    i.nrf_bitmask_bit_is_set                 0x00000d14   Section        0  nrfx_gpiote.o(i.nrf_bitmask_bit_is_set)
    nrf_bitmask_bit_is_set                   0x00000d15   Thumb Code    16  nrfx_gpiote.o(i.nrf_bitmask_bit_is_set)
    i.nrf_bitmask_bit_set                    0x00000d24   Section        0  nrfx_gpiote.o(i.nrf_bitmask_bit_set)
    nrf_bitmask_bit_set                      0x00000d25   Thumb Code    20  nrfx_gpiote.o(i.nrf_bitmask_bit_set)
    i.nrf_drv_ppi_init                       0x00000d38   Section        0  nrf_drv_ppi.o(i.nrf_drv_ppi_init)
    i.nrf_gpio_cfg                           0x00000d50   Section        0  nrfx_gpiote.o(i.nrf_gpio_cfg)
    nrf_gpio_cfg                             0x00000d51   Thumb Code    36  nrfx_gpiote.o(i.nrf_gpio_cfg)
    i.nrf_gpio_cfg_default                   0x00000d74   Section        0  nrfx_gpiote.o(i.nrf_gpio_cfg_default)
    nrf_gpio_cfg_default                     0x00000d75   Thumb Code    18  nrfx_gpiote.o(i.nrf_gpio_cfg_default)
    i.nrf_gpio_cfg_sense_set                 0x00000d86   Section        0  nrfx_gpiote.o(i.nrf_gpio_cfg_sense_set)
    nrf_gpio_cfg_sense_set                   0x00000d87   Thumb Code    34  nrfx_gpiote.o(i.nrf_gpio_cfg_sense_set)
    i.nrf_gpio_ports_read                    0x00000da8   Section        0  nrfx_gpiote.o(i.nrf_gpio_ports_read)
    nrf_gpio_ports_read                      0x00000da9   Thumb Code    34  nrfx_gpiote.o(i.nrf_gpio_ports_read)
    i.nrf_gpiote_event_clear                 0x00000dd0   Section        0  nrfx_gpiote.o(i.nrf_gpiote_event_clear)
    nrf_gpiote_event_clear                   0x00000dd1   Thumb Code    16  nrfx_gpiote.o(i.nrf_gpiote_event_clear)
    i.nrf_gpiote_event_is_set                0x00000de4   Section        0  nrfx_gpiote.o(i.nrf_gpiote_event_is_set)
    nrf_gpiote_event_is_set                  0x00000de5   Thumb Code    12  nrfx_gpiote.o(i.nrf_gpiote_event_is_set)
    i.nrf_timer_event_clear                  0x00000df4   Section        0  nrfx_timer.o(i.nrf_timer_event_clear)
    nrf_timer_event_clear                    0x00000df5   Thumb Code    12  nrfx_timer.o(i.nrf_timer_event_clear)
    i.nrfx_gpiote_clr_task_addr_get          0x00000e00   Section        0  nrfx_gpiote.o(i.nrfx_gpiote_clr_task_addr_get)
    i.nrfx_gpiote_init                       0x00000e18   Section        0  nrfx_gpiote.o(i.nrfx_gpiote_init)
    i.nrfx_gpiote_is_init                    0x00000e84   Section        0  nrfx_gpiote.o(i.nrfx_gpiote_is_init)
    i.nrfx_gpiote_out_init                   0x00000e98   Section        0  nrfx_gpiote.o(i.nrfx_gpiote_out_init)
    i.nrfx_gpiote_out_task_enable            0x00000f58   Section        0  nrfx_gpiote.o(i.nrfx_gpiote_out_task_enable)
    i.nrfx_gpiote_out_task_force             0x00000f7c   Section        0  nrfx_gpiote.o(i.nrfx_gpiote_out_task_force)
    i.nrfx_gpiote_out_uninit                 0x00000fa4   Section        0  nrfx_gpiote.o(i.nrfx_gpiote_out_uninit)
    i.nrfx_gpiote_set_task_addr_get          0x00000ffc   Section        0  nrfx_gpiote.o(i.nrfx_gpiote_set_task_addr_get)
    i.nrfx_ppi_channel_alloc                 0x00001014   Section        0  nrfx_ppi.o(i.nrfx_ppi_channel_alloc)
    i.nrfx_ppi_channel_assign                0x00001074   Section        0  nrfx_ppi.o(i.nrfx_ppi_channel_assign)
    i.nrfx_ppi_channel_disable               0x000010b8   Section        0  nrfx_ppi.o(i.nrfx_ppi_channel_disable)
    i.nrfx_ppi_channel_enable                0x000010e0   Section        0  nrfx_ppi.o(i.nrfx_ppi_channel_enable)
    i.nrfx_ppi_channel_free                  0x00001108   Section        0  nrfx_ppi.o(i.nrfx_ppi_channel_free)
    i.nrfx_timer_clear                       0x00001140   Section        0  nrfx_timer.o(i.nrfx_timer_clear)
    i.nrfx_timer_compare                     0x00001148   Section        0  nrfx_timer.o(i.nrfx_timer_compare)
    i.nrfx_timer_compare_event_address_get   0x00001182   Section        0  app_pwm.o(i.nrfx_timer_compare_event_address_get)
    nrfx_timer_compare_event_address_get     0x00001183   Thumb Code    16  app_pwm.o(i.nrfx_timer_compare_event_address_get)
    i.nrfx_timer_compare_int_disable         0x00001192   Section        0  nrfx_timer.o(i.nrfx_timer_compare_int_disable)
    i.nrfx_timer_compare_int_enable          0x000011a0   Section        0  nrfx_timer.o(i.nrfx_timer_compare_int_enable)
    i.nrfx_timer_disable                     0x000011c4   Section        0  nrfx_timer.o(i.nrfx_timer_disable)
    i.nrfx_timer_enable                      0x000011e0   Section        0  nrfx_timer.o(i.nrfx_timer_enable)
    i.nrfx_timer_extended_compare            0x000011fc   Section        0  nrfx_timer.o(i.nrfx_timer_extended_compare)
    i.nrfx_timer_init                        0x00001228   Section        0  nrfx_timer.o(i.nrfx_timer_init)
    i.nrfx_timer_uninit                      0x000012e4   Section        0  nrfx_timer.o(i.nrfx_timer_uninit)
    i.pin_configured_check                   0x00001334   Section        0  nrfx_gpiote.o(i.pin_configured_check)
    pin_configured_check                     0x00001335   Thumb Code    16  nrfx_gpiote.o(i.pin_configured_check)
    i.pin_configured_clear                   0x00001348   Section        0  nrfx_gpiote.o(i.pin_configured_clear)
    pin_configured_clear                     0x00001349   Thumb Code    22  nrfx_gpiote.o(i.pin_configured_clear)
    i.pin_in_use_by_te                       0x00001364   Section        0  nrfx_gpiote.o(i.pin_in_use_by_te)
    pin_in_use_by_te                         0x00001365   Thumb Code    20  nrfx_gpiote.o(i.pin_in_use_by_te)
    i.pwm_dealloc                            0x0000137c   Section        0  app_pwm.o(i.pwm_dealloc)
    pwm_dealloc                              0x0000137d   Thumb Code   104  app_pwm.o(i.pwm_dealloc)
    i.pwm_ready_callback                     0x000013e4   Section        0  main.o(i.pwm_ready_callback)
    i.pwm_ready_tick                         0x000013f0   Section        0  app_pwm.o(i.pwm_ready_tick)
    i.pwm_transition                         0x00001448   Section        0  app_pwm.o(i.pwm_transition)
    pwm_transition                           0x00001449   Thumb Code   206  app_pwm.o(i.pwm_transition)
    .constdata                               0x00001520   Section        8  main.o(.constdata)
    .constdata                               0x00001530   Section       36  main.o(.constdata)
    delay_machine_code                       0x00001530   Data           6  main.o(.constdata)
    .constdata                               0x00001554   Section        4  nrfx_gpiote.o(.constdata)
    .constdata                               0x00001558   Section       12  app_pwm.o(.constdata)
    .data                                    0x20000000   Section        1  main.o(.data)
    ready_flag                               0x20000000   Data           1  main.o(.data)
    .data                                    0x20000001   Section        1  nrf_drv_ppi.o(.data)
    m_drv_state                              0x20000001   Data           1  nrf_drv_ppi.o(.data)
    .data                                    0x20000004   Section        8  nrfx_ppi.o(.data)
    m_groups_allocated                       0x20000004   Data           1  nrfx_ppi.o(.data)
    m_channels_allocated                     0x20000008   Data           4  nrfx_ppi.o(.data)
    .data                                    0x2000000c   Section        6  app_pwm.o(.data)
    m_use_ppi_delay_workaround               0x2000000c   Data           1  app_pwm.o(.data)
    m_pwm_busy                               0x2000000d   Data           5  app_pwm.o(.data)
    .data                                    0x20000014   Section        4  app_util_platform.o(.data)
    m_in_critical_region                     0x20000014   Data           4  app_util_platform.o(.data)
    .data                                    0x20000018   Section        4  system_nrf52.o(.data)
    __tagsym$$used                           0x20000018   Number         0  system_nrf52.o(.data)
    .bss                                     0x2000001c   Section       36  main.o(.bss)
    .bss                                     0x20000040   Section       76  nrfx_gpiote.o(.bss)
    m_cb                                     0x20000040   Data          76  nrfx_gpiote.o(.bss)
    .bss                                     0x2000008c   Section       24  nrfx_timer.o(.bss)
    m_cb                                     0x2000008c   Data          24  nrfx_timer.o(.bss)
    .bss                                     0x200000a4   Section       52  app_pwm.o(.bss)
    m_pwm_target_value                       0x200000a4   Data          20  app_pwm.o(.bss)
    m_instances                              0x200000c4   Data          20  app_pwm.o(.bss)
    STACK                                    0x200000d8   Section     8192  arm_startup_nrf52.o(STACK)

    Global Symbols

    Symbol Name                              Value     Ov Type        Size  Object(Section)

    BuildAttributes$$THM_ISAv4$E$P$D$K$B$S$7EM$VFPi3$EXTD16$VFPS$VFMA$PE$A:L22UL41UL21$X:L11$S22US41US21$IEEE1$IW$USESV6$~STKCKD$USESV7$~SHL$OSPACE$EBA8$MICROLIB$REQ8$EABIv2 0x00000000   Number         0  anon$$obj.o ABSOLUTE
    __ARM_use_no_argv                        0x00000000   Number         0  main.o ABSOLUTE
    __Vectors                                0x00000000   Data           4  arm_startup_nrf52.o(RESET)
    __cpp_initialize__aeabi_                  - Undefined Weak Reference
    __cxa_finalize                            - Undefined Weak Reference
    __decompress                              - Undefined Weak Reference
    _clock_init                               - Undefined Weak Reference
    _microlib_exit                            - Undefined Weak Reference
    __Vectors_End                            0x00000200   Data           0  arm_startup_nrf52.o(RESET)
    __Vectors_Size                           0x00000200   Number         0  arm_startup_nrf52.o ABSOLUTE
    __main                                   0x00000201   Thumb Code     0  entry.o(.ARM.Collect$$$$00000000)
    _main_stk                                0x00000201   Thumb Code     0  entry2.o(.ARM.Collect$$$$00000001)
    _main_scatterload                        0x00000205   Thumb Code     0  entry5.o(.ARM.Collect$$$$00000004)
    __main_after_scatterload                 0x00000209   Thumb Code     0  entry5.o(.ARM.Collect$$$$00000004)
    _main_clock                              0x00000209   Thumb Code     0  entry7b.o(.ARM.Collect$$$$00000008)
    _main_cpp_init                           0x00000209   Thumb Code     0  entry8b.o(.ARM.Collect$$$$0000000A)
    _main_init                               0x00000209   Thumb Code     0  entry9a.o(.ARM.Collect$$$$0000000B)
    __rt_final_cpp                           0x00000211   Thumb Code     0  entry10a.o(.ARM.Collect$$$$0000000D)
    __rt_final_exit                          0x00000211   Thumb Code     0  entry11a.o(.ARM.Collect$$$$0000000F)
    Reset_Handler                            0x00000215   Thumb Code     8  arm_startup_nrf52.o(.text)
    NMI_Handler                              0x0000021d   Thumb Code     2  arm_startup_nrf52.o(.text)
    HardFault_Handler                        0x0000021f   Thumb Code     2  arm_startup_nrf52.o(.text)
    MemoryManagement_Handler                 0x00000221   Thumb Code     2  arm_startup_nrf52.o(.text)
    BusFault_Handler                         0x00000223   Thumb Code     2  arm_startup_nrf52.o(.text)
    UsageFault_Handler                       0x00000225   Thumb Code     2  arm_startup_nrf52.o(.text)
    SVC_Handler                              0x00000227   Thumb Code     2  arm_startup_nrf52.o(.text)
    DebugMon_Handler                         0x00000229   Thumb Code     2  arm_startup_nrf52.o(.text)
    PendSV_Handler                           0x0000022b   Thumb Code     2  arm_startup_nrf52.o(.text)
    SysTick_Handler                          0x0000022d   Thumb Code     2  arm_startup_nrf52.o(.text)
    CCM_AAR_IRQHandler                       0x0000022f   Thumb Code     0  arm_startup_nrf52.o(.text)
    COMP_LPCOMP_IRQHandler                   0x0000022f   Thumb Code     0  arm_startup_nrf52.o(.text)
    ECB_IRQHandler                           0x0000022f   Thumb Code     0  arm_startup_nrf52.o(.text)
    FPU_IRQHandler                           0x0000022f   Thumb Code     0  arm_startup_nrf52.o(.text)
    I2S_IRQHandler                           0x0000022f   Thumb Code     0  arm_startup_nrf52.o(.text)
    MWU_IRQHandler                           0x0000022f   Thumb Code     0  arm_startup_nrf52.o(.text)
    NFCT_IRQHandler                          0x0000022f   Thumb Code     0  arm_startup_nrf52.o(.text)
    PDM_IRQHandler                           0x0000022f   Thumb Code     0  arm_startup_nrf52.o(.text)
    POWER_CLOCK_IRQHandler                   0x0000022f   Thumb Code     0  arm_startup_nrf52.o(.text)
    PWM0_IRQHandler                          0x0000022f   Thumb Code     0  arm_startup_nrf52.o(.text)
    PWM1_IRQHandler                          0x0000022f   Thumb Code     0  arm_startup_nrf52.o(.text)
    PWM2_IRQHandler                          0x0000022f   Thumb Code     0  arm_startup_nrf52.o(.text)
    QDEC_IRQHandler                          0x0000022f   Thumb Code     0  arm_startup_nrf52.o(.text)
    RADIO_IRQHandler                         0x0000022f   Thumb Code     0  arm_startup_nrf52.o(.text)
    RNG_IRQHandler                           0x0000022f   Thumb Code     0  arm_startup_nrf52.o(.text)
    RTC0_IRQHandler                          0x0000022f   Thumb Code     0  arm_startup_nrf52.o(.text)
    RTC1_IRQHandler                          0x0000022f   Thumb Code     0  arm_startup_nrf52.o(.text)
    RTC2_IRQHandler                          0x0000022f   Thumb Code     0  arm_startup_nrf52.o(.text)
    SAADC_IRQHandler                         0x0000022f   Thumb Code     0  arm_startup_nrf52.o(.text)
    SPIM0_SPIS0_TWIM0_TWIS0_SPI0_TWI0_IRQHandler 0x0000022f   Thumb Code     0  arm_startup_nrf52.o(.text)
    SPIM1_SPIS1_TWIM1_TWIS1_SPI1_TWI1_IRQHandler 0x0000022f   Thumb Code     0  arm_startup_nrf52.o(.text)
    SPIM2_SPIS2_SPI2_IRQHandler              0x0000022f   Thumb Code     0  arm_startup_nrf52.o(.text)
    SWI0_EGU0_IRQHandler                     0x0000022f   Thumb Code     0  arm_startup_nrf52.o(.text)
    SWI1_EGU1_IRQHandler                     0x0000022f   Thumb Code     0  arm_startup_nrf52.o(.text)
    SWI2_EGU2_IRQHandler                     0x0000022f   Thumb Code     0  arm_startup_nrf52.o(.text)
    SWI3_EGU3_IRQHandler                     0x0000022f   Thumb Code     0  arm_startup_nrf52.o(.text)
    SWI4_EGU4_IRQHandler                     0x0000022f   Thumb Code     0  arm_startup_nrf52.o(.text)
    SWI5_EGU5_IRQHandler                     0x0000022f   Thumb Code     0  arm_startup_nrf52.o(.text)
    TEMP_IRQHandler                          0x0000022f   Thumb Code     0  arm_startup_nrf52.o(.text)
    TIMER2_IRQHandler                        0x0000022f   Thumb Code     0  arm_startup_nrf52.o(.text)
    TIMER3_IRQHandler                        0x0000022f   Thumb Code     0  arm_startup_nrf52.o(.text)
    TIMER4_IRQHandler                        0x0000022f   Thumb Code     0  arm_startup_nrf52.o(.text)
    UARTE0_UART0_IRQHandler                  0x0000022f   Thumb Code     0  arm_startup_nrf52.o(.text)
    WDT_IRQHandler                           0x0000022f   Thumb Code     0  arm_startup_nrf52.o(.text)
    __aeabi_llsr                             0x00000239   Thumb Code    32  llushr.o(.text)
    _ll_ushift_r                             0x00000239   Thumb Code     0  llushr.o(.text)
    __aeabi_memcpy                           0x00000259   Thumb Code    36  memcpya.o(.text)
    __aeabi_memcpy4                          0x00000259   Thumb Code     0  memcpya.o(.text)
    __aeabi_memcpy8                          0x00000259   Thumb Code     0  memcpya.o(.text)
    __scatterload                            0x0000027d   Thumb Code    28  init.o(.text)
    __scatterload_rt2                        0x0000027d   Thumb Code     0  init.o(.text)
    GPIOTE_IRQHandler                        0x000002a1   Thumb Code   332  nrfx_gpiote.o(i.GPIOTE_IRQHandler)
    SystemInit                               0x000003f5   Thumb Code   726  system_nrf52.o(i.SystemInit)
    TIMER0_IRQHandler                        0x00000711   Thumb Code    10  nrfx_timer.o(i.TIMER0_IRQHandler)
    TIMER1_IRQHandler                        0x00000725   Thumb Code    10  nrfx_timer.o(i.TIMER1_IRQHandler)
    __scatterload_copy                       0x00000739   Thumb Code    14  handlers.o(i.__scatterload_copy)
    __scatterload_null                       0x00000747   Thumb Code     2  handlers.o(i.__scatterload_null)
    __scatterload_zeroinit                   0x00000749   Thumb Code    14  handlers.o(i.__scatterload_zeroinit)
    app_error_fault_handler                  0x00000759   Thumb Code    40  app_error_weak.o(i.app_error_fault_handler)
    app_error_handler_bare                   0x00000789   Thumb Code    22  app_error.o(i.app_error_handler_bare)
    app_pwm_busy_check                       0x000007a1   Thumb Code    50  app_pwm.o(i.app_pwm_busy_check)
    app_pwm_channel_duty_set                 0x000007dd   Thumb Code    20  app_pwm.o(i.app_pwm_channel_duty_set)
    app_pwm_channel_duty_ticks_set           0x000007f1   Thumb Code   112  app_pwm.o(i.app_pwm_channel_duty_ticks_set)
    app_pwm_enable                           0x00000961   Thumb Code   112  app_pwm.o(i.app_pwm_enable)
    app_pwm_init                             0x000009d9   Thumb Code   382  app_pwm.o(i.app_pwm_init)
    app_util_critical_region_enter           0x00000b6d   Thumb Code     4  app_util_platform.o(i.app_util_critical_region_enter)
    app_util_critical_region_exit            0x00000b71   Thumb Code     4  app_util_platform.o(i.app_util_critical_region_exit)
    app_util_disable_irq                     0x00000b75   Thumb Code    12  app_util_platform.o(i.app_util_disable_irq)
    app_util_enable_irq                      0x00000b85   Thumb Code    14  app_util_platform.o(i.app_util_enable_irq)
    main                                     0x00000c79   Thumb Code   144  main.o(i.main)
    nrf_drv_ppi_init                         0x00000d39   Thumb Code    18  nrf_drv_ppi.o(i.nrf_drv_ppi_init)
    nrfx_gpiote_clr_task_addr_get            0x00000e01   Thumb Code    20  nrfx_gpiote.o(i.nrfx_gpiote_clr_task_addr_get)
    nrfx_gpiote_init                         0x00000e19   Thumb Code    94  nrfx_gpiote.o(i.nrfx_gpiote_init)
    nrfx_gpiote_is_init                      0x00000e85   Thumb Code    14  nrfx_gpiote.o(i.nrfx_gpiote_is_init)
    nrfx_gpiote_out_init                     0x00000e99   Thumb Code   180  nrfx_gpiote.o(i.nrfx_gpiote_out_init)
    nrfx_gpiote_out_task_enable              0x00000f59   Thumb Code    28  nrfx_gpiote.o(i.nrfx_gpiote_out_task_enable)
    nrfx_gpiote_out_task_force               0x00000f7d   Thumb Code    32  nrfx_gpiote.o(i.nrfx_gpiote_out_task_force)
    nrfx_gpiote_out_uninit                   0x00000fa5   Thumb Code    78  nrfx_gpiote.o(i.nrfx_gpiote_out_uninit)
    nrfx_gpiote_set_task_addr_get            0x00000ffd   Thumb Code    20  nrfx_gpiote.o(i.nrfx_gpiote_set_task_addr_get)
    nrfx_ppi_channel_alloc                   0x00001015   Thumb Code    88  nrfx_ppi.o(i.nrfx_ppi_channel_alloc)
    nrfx_ppi_channel_assign                  0x00001075   Thumb Code    62  nrfx_ppi.o(i.nrfx_ppi_channel_assign)
    nrfx_ppi_channel_disable                 0x000010b9   Thumb Code    36  nrfx_ppi.o(i.nrfx_ppi_channel_disable)
    nrfx_ppi_channel_enable                  0x000010e1   Thumb Code    36  nrfx_ppi.o(i.nrfx_ppi_channel_enable)
    nrfx_ppi_channel_free                    0x00001109   Thumb Code    48  nrfx_ppi.o(i.nrfx_ppi_channel_free)
    nrfx_timer_clear                         0x00001141   Thumb Code     8  nrfx_timer.o(i.nrfx_timer_clear)
    nrfx_timer_compare                       0x00001149   Thumb Code    58  nrfx_timer.o(i.nrfx_timer_compare)
    nrfx_timer_compare_int_disable           0x00001193   Thumb Code    14  nrfx_timer.o(i.nrfx_timer_compare_int_disable)
    nrfx_timer_compare_int_enable            0x000011a1   Thumb Code    36  nrfx_timer.o(i.nrfx_timer_compare_int_enable)
    nrfx_timer_disable                       0x000011c5   Thumb Code    22  nrfx_timer.o(i.nrfx_timer_disable)
    nrfx_timer_enable                        0x000011e1   Thumb Code    24  nrfx_timer.o(i.nrfx_timer_enable)
    nrfx_timer_extended_compare              0x000011fd   Thumb Code    42  nrfx_timer.o(i.nrfx_timer_extended_compare)
    nrfx_timer_init                          0x00001229   Thumb Code   184  nrfx_timer.o(i.nrfx_timer_init)
    nrfx_timer_uninit                        0x000012e5   Thumb Code    74  nrfx_timer.o(i.nrfx_timer_uninit)
    pwm_ready_callback                       0x000013e5   Thumb Code     8  main.o(i.pwm_ready_callback)
    pwm_ready_tick                           0x000013f1   Thumb Code    82  app_pwm.o(i.pwm_ready_tick)
    m_pwm_PWM1_timer                         0x00001520   Data           8  main.o(.constdata)
    PWM1                                     0x00001538   Data           8  main.o(.constdata)
    Region$$Table$$Base                      0x00001564   Number         0  anon$$obj.o(Region$$Table)
    Region$$Table$$Limit                     0x00001584   Number         0  anon$$obj.o(Region$$Table)
    SystemCoreClock                          0x20000018   Data           4  system_nrf52.o(.data)
    m_pwm_PWM1_cb                            0x2000001c   Data          36  main.o(.bss)
    m_pwm_ready_counter                      0x200000b8   Data          10  app_pwm.o(.bss)
    __initial_sp                             0x200020d8   Data           0  arm_startup_nrf52.o(STACK)



==============================================================================

Memory Map of the image

  Image Entry point : 0x00000201

  Load Region LR_IROM1 (Base: 0x00000000, Size: 0x000015a0, Max: 0x00080000, ABSOLUTE)

    Execution Region ER_IROM1 (Exec base: 0x00000000, Load base: 0x00000000, Size: 0x00001584, Max: 0x00080000, ABSOLUTE)

    Exec Addr    Load Addr    Size         Type   Attr      Idx    E Section Name        Object

    0x00000000   0x00000000   0x00000200   Data   RO         2015    RESET               arm_startup_nrf52.o
    0x00000200   0x00000200   0x00000000   Code   RO         2056  * .ARM.Collect$$$$00000000  mc_w.l(entry.o)
    0x00000200   0x00000200   0x00000004   Code   RO         2067    .ARM.Collect$$$$00000001  mc_w.l(entry2.o)
    0x00000204   0x00000204   0x00000004   Code   RO         2070    .ARM.Collect$$$$00000004  mc_w.l(entry5.o)
    0x00000208   0x00000208   0x00000000   Code   RO         2072    .ARM.Collect$$$$00000008  mc_w.l(entry7b.o)
    0x00000208   0x00000208   0x00000000   Code   RO         2074    .ARM.Collect$$$$0000000A  mc_w.l(entry8b.o)
    0x00000208   0x00000208   0x00000008   Code   RO         2075    .ARM.Collect$$$$0000000B  mc_w.l(entry9a.o)
    0x00000210   0x00000210   0x00000000   Code   RO         2077    .ARM.Collect$$$$0000000D  mc_w.l(entry10a.o)
    0x00000210   0x00000210   0x00000000   Code   RO         2079    .ARM.Collect$$$$0000000F  mc_w.l(entry11a.o)
    0x00000210   0x00000210   0x00000004   Code   RO         2068    .ARM.Collect$$$$00002712  mc_w.l(entry2.o)
    0x00000214   0x00000214   0x00000024   Code   RO         2016    .text               arm_startup_nrf52.o
    0x00000238   0x00000238   0x00000020   Code   RO         2059    .text               mc_w.l(llushr.o)
    0x00000258   0x00000258   0x00000024   Code   RO         2061    .text               mc_w.l(memcpya.o)
    0x0000027c   0x0000027c   0x00000024   Code   RO         2081    .text               mc_w.l(init.o)
    0x000002a0   0x000002a0   0x00000154   Code   RO          620    i.GPIOTE_IRQHandler  nrfx_gpiote.o
    0x000003f4   0x000003f4   0x0000031c   Code   RO         2024    i.SystemInit        system_nrf52.o
    0x00000710   0x00000710   0x00000014   Code   RO         1054    i.TIMER0_IRQHandler  nrfx_timer.o
    0x00000724   0x00000724   0x00000014   Code   RO         1055    i.TIMER1_IRQHandler  nrfx_timer.o
    0x00000738   0x00000738   0x0000000e   Code   RO         2085    i.__scatterload_copy  mc_w.l(handlers.o)
    0x00000746   0x00000746   0x00000002   Code   RO         2086    i.__scatterload_null  mc_w.l(handlers.o)
    0x00000748   0x00000748   0x0000000e   Code   RO         2087    i.__scatterload_zeroinit  mc_w.l(handlers.o)
    0x00000756   0x00000756   0x00000002   PAD
    0x00000758   0x00000758   0x00000030   Code   RO         1270    i.app_error_fault_handler  app_error_weak.o
    0x00000788   0x00000788   0x00000016   Code   RO         1201    i.app_error_handler_bare  app_error.o
    0x0000079e   0x0000079e   0x00000002   PAD
    0x000007a0   0x000007a0   0x0000003c   Code   RO         1321    i.app_pwm_busy_check  app_pwm.o
    0x000007dc   0x000007dc   0x00000014   Code   RO         1323    i.app_pwm_channel_duty_set  app_pwm.o
    0x000007f0   0x000007f0   0x00000078   Code   RO         1325    i.app_pwm_channel_duty_ticks_set  app_pwm.o
    0x00000868   0x00000868   0x000000f8   Code   RO         1326    i.app_pwm_channel_init  app_pwm.o
    0x00000960   0x00000960   0x00000078   Code   RO         1329    i.app_pwm_enable    app_pwm.o
    0x000009d8   0x000009d8   0x00000194   Code   RO         1330    i.app_pwm_init      app_pwm.o
    0x00000b6c   0x00000b6c   0x00000004   Code   RO         1459    i.app_util_critical_region_enter  app_util_platform.o
    0x00000b70   0x00000b70   0x00000004   Code   RO         1460    i.app_util_critical_region_exit  app_util_platform.o
    0x00000b74   0x00000b74   0x00000010   Code   RO         1461    i.app_util_disable_irq  app_util_platform.o
    0x00000b84   0x00000b84   0x00000014   Code   RO         1462    i.app_util_enable_irq  app_util_platform.o
    0x00000b98   0x00000b98   0x0000001c   Code   RO          621    i.channel_free      nrfx_gpiote.o
    0x00000bb4   0x00000bb4   0x00000048   Code   RO          622    i.channel_port_alloc  nrfx_gpiote.o
    0x00000bfc   0x00000bfc   0x00000010   Code   RO          623    i.channel_port_get  nrfx_gpiote.o
    0x00000c0c   0x00000c0c   0x00000046   Code   RO         1056    i.irq_handler       nrfx_timer.o
    0x00000c52   0x00000c52   0x00000002   PAD
    0x00000c54   0x00000c54   0x00000018   Code   RO          914    i.is_allocated_channel  nrfx_ppi.o
    0x00000c6c   0x00000c6c   0x0000000c   Code   RO          917    i.is_programmable_app_channel  nrfx_ppi.o
    0x00000c78   0x00000c78   0x0000009c   Code   RO            4    i.main              main.o
    0x00000d14   0x00000d14   0x00000010   Code   RO          624    i.nrf_bitmask_bit_is_set  nrfx_gpiote.o
    0x00000d24   0x00000d24   0x00000014   Code   RO          625    i.nrf_bitmask_bit_set  nrfx_gpiote.o
    0x00000d38   0x00000d38   0x00000018   Code   RO          332    i.nrf_drv_ppi_init  nrf_drv_ppi.o
    0x00000d50   0x00000d50   0x00000024   Code   RO          626    i.nrf_gpio_cfg      nrfx_gpiote.o
    0x00000d74   0x00000d74   0x00000012   Code   RO          627    i.nrf_gpio_cfg_default  nrfx_gpiote.o
    0x00000d86   0x00000d86   0x00000022   Code   RO          628    i.nrf_gpio_cfg_sense_set  nrfx_gpiote.o
    0x00000da8   0x00000da8   0x00000028   Code   RO          629    i.nrf_gpio_ports_read  nrfx_gpiote.o
    0x00000dd0   0x00000dd0   0x00000014   Code   RO          630    i.nrf_gpiote_event_clear  nrfx_gpiote.o
    0x00000de4   0x00000de4   0x00000010   Code   RO          631    i.nrf_gpiote_event_is_set  nrfx_gpiote.o
    0x00000df4   0x00000df4   0x0000000c   Code   RO         1057    i.nrf_timer_event_clear  nrfx_timer.o
    0x00000e00   0x00000e00   0x00000018   Code   RO          632    i.nrfx_gpiote_clr_task_addr_get  nrfx_gpiote.o
    0x00000e18   0x00000e18   0x0000006c   Code   RO          640    i.nrfx_gpiote_init  nrfx_gpiote.o
    0x00000e84   0x00000e84   0x00000014   Code   RO          641    i.nrfx_gpiote_is_init  nrfx_gpiote.o
    0x00000e98   0x00000e98   0x000000c0   Code   RO          643    i.nrfx_gpiote_out_init  nrfx_gpiote.o
    0x00000f58   0x00000f58   0x00000024   Code   RO          647    i.nrfx_gpiote_out_task_enable  nrfx_gpiote.o
    0x00000f7c   0x00000f7c   0x00000028   Code   RO          648    i.nrfx_gpiote_out_task_force  nrfx_gpiote.o
    0x00000fa4   0x00000fa4   0x00000058   Code   RO          651    i.nrfx_gpiote_out_uninit  nrfx_gpiote.o
    0x00000ffc   0x00000ffc   0x00000018   Code   RO          652    i.nrfx_gpiote_set_task_addr_get  nrfx_gpiote.o
    0x00001014   0x00001014   0x00000060   Code   RO          918    i.nrfx_ppi_channel_alloc  nrfx_ppi.o
    0x00001074   0x00001074   0x00000044   Code   RO          919    i.nrfx_ppi_channel_assign  nrfx_ppi.o
    0x000010b8   0x000010b8   0x00000028   Code   RO          920    i.nrfx_ppi_channel_disable  nrfx_ppi.o
    0x000010e0   0x000010e0   0x00000028   Code   RO          921    i.nrfx_ppi_channel_enable  nrfx_ppi.o
    0x00001108   0x00001108   0x00000038   Code   RO          923    i.nrfx_ppi_channel_free  nrfx_ppi.o
    0x00001140   0x00001140   0x00000008   Code   RO         1059    i.nrfx_timer_clear  nrfx_timer.o
    0x00001148   0x00001148   0x0000003a   Code   RO         1060    i.nrfx_timer_compare  nrfx_timer.o
    0x00001182   0x00001182   0x00000010   Code   RO         1332    i.nrfx_timer_compare_event_address_get  app_pwm.o
    0x00001192   0x00001192   0x0000000e   Code   RO         1061    i.nrfx_timer_compare_int_disable  nrfx_timer.o
    0x000011a0   0x000011a0   0x00000024   Code   RO         1062    i.nrfx_timer_compare_int_enable  nrfx_timer.o
    0x000011c4   0x000011c4   0x0000001c   Code   RO         1063    i.nrfx_timer_disable  nrfx_timer.o
    0x000011e0   0x000011e0   0x0000001c   Code   RO         1064    i.nrfx_timer_enable  nrfx_timer.o
    0x000011fc   0x000011fc   0x0000002a   Code   RO         1065    i.nrfx_timer_extended_compare  nrfx_timer.o
    0x00001226   0x00001226   0x00000002   PAD
    0x00001228   0x00001228   0x000000bc   Code   RO         1067    i.nrfx_timer_init   nrfx_timer.o
    0x000012e4   0x000012e4   0x00000050   Code   RO         1071    i.nrfx_timer_uninit  nrfx_timer.o
    0x00001334   0x00001334   0x00000014   Code   RO          655    i.pin_configured_check  nrfx_gpiote.o
    0x00001348   0x00001348   0x0000001c   Code   RO          656    i.pin_configured_clear  nrfx_gpiote.o
    0x00001364   0x00001364   0x00000018   Code   RO          658    i.pin_in_use_by_te  nrfx_gpiote.o
    0x0000137c   0x0000137c   0x00000068   Code   RO         1333    i.pwm_dealloc       app_pwm.o
    0x000013e4   0x000013e4   0x0000000c   Code   RO            5    i.pwm_ready_callback  main.o
    0x000013f0   0x000013f0   0x00000058   Code   RO         1334    i.pwm_ready_tick    app_pwm.o
    0x00001448   0x00001448   0x000000d8   Code   RO         1335    i.pwm_transition    app_pwm.o
    0x00001520   0x00001520   0x00000008   Data   RO            7    .constdata          main.o
    0x00001528   0x00001528   0x00000008   PAD
    0x00001530   0x00001530   0x00000024   Data   RO            8    .constdata          main.o
    0x00001554   0x00001554   0x00000004   Data   RO          660    .constdata          nrfx_gpiote.o
    0x00001558   0x00001558   0x0000000c   Data   RO         1337    .constdata          app_pwm.o
    0x00001564   0x00001564   0x00000020   Data   RO         2083    Region$$Table       anon$$obj.o


    Execution Region RW_IRAM1 (Exec base: 0x20000000, Load base: 0x00001584, Size: 0x000020d8, Max: 0x00010000, ABSOLUTE)

    Exec Addr    Load Addr    Size         Type   Attr      Idx    E Section Name        Object

    0x20000000   0x00001584   0x00000001   Data   RW            9    .data               main.o
    0x20000001   0x00001585   0x00000001   Data   RW          334    .data               nrf_drv_ppi.o
    0x20000002   0x00001586   0x00000002   PAD
    0x20000004   0x00001588   0x00000008   Data   RW          943    .data               nrfx_ppi.o
    0x2000000c   0x00001590   0x00000006   Data   RW         1338    .data               app_pwm.o
    0x20000012   0x00001596   0x00000002   PAD
    0x20000014   0x00001598   0x00000004   Data   RW         1465    .data               app_util_platform.o
    0x20000018   0x0000159c   0x00000004   Data   RW         2025    .data               system_nrf52.o
    0x2000001c        -       0x00000024   Zero   RW            6    .bss                main.o
    0x20000040        -       0x0000004c   Zero   RW          659    .bss                nrfx_gpiote.o
    0x2000008c        -       0x00000018   Zero   RW         1072    .bss                nrfx_timer.o
    0x200000a4        -       0x00000034   Zero   RW         1336    .bss                app_pwm.o
    0x200000d8        -       0x00002000   Zero   RW         2013    STACK               arm_startup_nrf52.o


==============================================================================

Image component sizes


      Code (inc. data)   RO Data    RW Data    ZI Data      Debug   Object Name

        22          0          0          0          0       2429   app_error.o
        48          8          0          0          0      27425   app_error_weak.o
      1396         74         12          6         52      36001   app_pwm.o
        44         10          0          4          0       3272   app_util_platform.o
        36          8        512          0       8192        916   arm_startup_nrf52.o
         0          0          0          0          0      34740   boards.o
       168         16         44          1         36      55830   main.o
        24          6          0          1          0        939   nrf_drv_ppi.o
      1260        120          4          0         76      62107   nrfx_gpiote.o
       336         34          0          8          0      12388   nrfx_ppi.o
       604         40          0          0         24      51569   nrfx_timer.o
       796         70          0          4          0       2927   system_nrf52.o

    ----------------------------------------------------------------------
      4740        386        612         28       8380     290543   Object Totals
         0          0         32          0          0          0   (incl. Generated)
         6          0          8          4          0          0   (incl. Padding)

    ----------------------------------------------------------------------

      Code (inc. data)   RO Data    RW Data    ZI Data      Debug   Library Member Name

         0          0          0          0          0          0   entry.o
         0          0          0          0          0          0   entry10a.o
         0          0          0          0          0          0   entry11a.o
         8          4          0          0          0          0   entry2.o
         4          0          0          0          0          0   entry5.o
         0          0          0          0          0          0   entry7b.o
         0          0          0          0          0          0   entry8b.o
         8          4          0          0          0          0   entry9a.o
        30          0          0          0          0          0   handlers.o
        36          8          0          0          0         68   init.o
        32          0          0          0          0         68   llushr.o
        36          0          0          0          0         68   memcpya.o

    ----------------------------------------------------------------------
       156         16          0          0          0        204   Library Totals
         2          0          0          0          0          0   (incl. Padding)

    ----------------------------------------------------------------------

      Code (inc. data)   RO Data    RW Data    ZI Data      Debug   Library Name

       154         16          0          0          0        204   mc_w.l

    ----------------------------------------------------------------------
       156         16          0          0          0        204   Library Totals

    ----------------------------------------------------------------------

==============================================================================


      Code (inc. data)   RO Data    RW Data    ZI Data      Debug   

      4896        402        612         28       8380     285299   Grand Totals
      4896        402        612         28       8380     285299   ELF Image Totals
      4896        402        612         28          0          0   ROM Totals

==============================================================================

    Total RO  Size (Code + RO Data)                 5508 (   5.38kB)
    Total RW  Size (RW Data + ZI Data)              8408 (   8.21kB)
    Total ROM Size (Code + RO Data + RW Data)       5536 (   5.41kB)

==============================================================================

