<!doctype html public "-//w3c//dtd html 4.0 transitional//en">
<html><head>
<title>Static Call Graph - [.\_build\nrf52832_xxaa.axf]</title></head>
<body><HR>
<H1>Static Call Graph for image .\_build\nrf52832_xxaa.axf</H1><HR>
<BR><P>#&#060CALLGRAPH&#062# ARM Linker, 5060750: Last Updated: Tue Jul 14 16:53:40 2020
<BR><P>
<H3>Maximum Stack Usage =        528 bytes + Unknown(Cycles, Untraceable Function Pointers)</H3><H3>
Call chain for Maximum Stack Depth:</H3>
main &rArr; nrf_cli_process &rArr; cli_state_collect &rArr; cli_tab_handle &rArr; option_print &rArr; nrf_cli_fprintf &rArr; vt100_color_set &rArr; nrf_fprintf &rArr; nrf_fprintf_fmt &rArr; int_print &rArr; unsigned_print &rArr; buffer_add &rArr;  buffer_add (Cycle)
<P>
<H3>
Mutually Recursive functions
</H3> <LI><a href="#[2]">NMI_Handler</a>&nbsp;&nbsp;&nbsp;&rArr;&nbsp;&nbsp;&nbsp;<a href="#[2]">NMI_Handler</a><BR>
 <LI><a href="#[3]">HardFault_Handler</a>&nbsp;&nbsp;&nbsp;&rArr;&nbsp;&nbsp;&nbsp;<a href="#[3]">HardFault_Handler</a><BR>
 <LI><a href="#[4]">MemoryManagement_Handler</a>&nbsp;&nbsp;&nbsp;&rArr;&nbsp;&nbsp;&nbsp;<a href="#[4]">MemoryManagement_Handler</a><BR>
 <LI><a href="#[5]">BusFault_Handler</a>&nbsp;&nbsp;&nbsp;&rArr;&nbsp;&nbsp;&nbsp;<a href="#[5]">BusFault_Handler</a><BR>
 <LI><a href="#[6]">UsageFault_Handler</a>&nbsp;&nbsp;&nbsp;&rArr;&nbsp;&nbsp;&nbsp;<a href="#[6]">UsageFault_Handler</a><BR>
 <LI><a href="#[7]">SVC_Handler</a>&nbsp;&nbsp;&nbsp;&rArr;&nbsp;&nbsp;&nbsp;<a href="#[7]">SVC_Handler</a><BR>
 <LI><a href="#[8]">DebugMon_Handler</a>&nbsp;&nbsp;&nbsp;&rArr;&nbsp;&nbsp;&nbsp;<a href="#[8]">DebugMon_Handler</a><BR>
 <LI><a href="#[9]">PendSV_Handler</a>&nbsp;&nbsp;&nbsp;&rArr;&nbsp;&nbsp;&nbsp;<a href="#[9]">PendSV_Handler</a><BR>
 <LI><a href="#[a]">SysTick_Handler</a>&nbsp;&nbsp;&nbsp;&rArr;&nbsp;&nbsp;&nbsp;<a href="#[a]">SysTick_Handler</a><BR>
 <LI><a href="#[1a]">CCM_AAR_IRQHandler</a>&nbsp;&nbsp;&nbsp;&rArr;&nbsp;&nbsp;&nbsp;<a href="#[1a]">CCM_AAR_IRQHandler</a><BR>
 <LI><a href="#[7f]">nrf_log_frontend_dequeue</a>&nbsp;&nbsp;&nbsp;&rArr;&nbsp;&nbsp;&nbsp;<a href="#[81]">nrf_log_frontend_std_0</a><BR>
 <LI><a href="#[9b]">buffer_add</a>&nbsp;&nbsp;&nbsp;&rArr;&nbsp;&nbsp;&nbsp;<a href="#[9b]">buffer_add</a><BR>
 <LI><a href="#[76]">qsort</a>&nbsp;&nbsp;&nbsp;&rArr;&nbsp;&nbsp;&nbsp;<a href="#[76]">qsort</a><BR>
 <LI><a href="#[75]">__asm___12_nrf_atfifo_c_51f461e1__nrf_atfifo_rspace_close</a>&nbsp;&nbsp;&nbsp;&rArr;&nbsp;&nbsp;&nbsp;<a href="#[75]">__asm___12_nrf_atfifo_c_51f461e1__nrf_atfifo_rspace_close</a><BR>
 <LI><a href="#[74]">__asm___12_nrf_atfifo_c_51f461e1__nrf_atfifo_wspace_close</a>&nbsp;&nbsp;&nbsp;&rArr;&nbsp;&nbsp;&nbsp;<a href="#[74]">__asm___12_nrf_atfifo_c_51f461e1__nrf_atfifo_wspace_close</a><BR>
</UL>
<P>
<H3>
Function Pointers
</H3><UL>
 <LI><a href="#[5]">BusFault_Handler</a> from arm_startup_nrf52.o(.text) referenced from arm_startup_nrf52.o(RESET)
 <LI><a href="#[1a]">CCM_AAR_IRQHandler</a> from arm_startup_nrf52.o(.text) referenced from arm_startup_nrf52.o(RESET)
 <LI><a href="#[1e]">COMP_LPCOMP_IRQHandler</a> from arm_startup_nrf52.o(.text) referenced from arm_startup_nrf52.o(RESET)
 <LI><a href="#[8]">DebugMon_Handler</a> from arm_startup_nrf52.o(.text) referenced from arm_startup_nrf52.o(RESET)
 <LI><a href="#[19]">ECB_IRQHandler</a> from arm_startup_nrf52.o(.text) referenced from arm_startup_nrf52.o(RESET)
 <LI><a href="#[2f]">FPU_IRQHandler</a> from arm_startup_nrf52.o(.text) referenced from arm_startup_nrf52.o(RESET)
 <LI><a href="#[11]">GPIOTE_IRQHandler</a> from arm_startup_nrf52.o(.text) referenced from arm_startup_nrf52.o(RESET)
 <LI><a href="#[3]">HardFault_Handler</a> from arm_startup_nrf52.o(.text) referenced from arm_startup_nrf52.o(RESET)
 <LI><a href="#[2e]">I2S_IRQHandler</a> from arm_startup_nrf52.o(.text) referenced from arm_startup_nrf52.o(RESET)
 <LI><a href="#[29]">MWU_IRQHandler</a> from arm_startup_nrf52.o(.text) referenced from arm_startup_nrf52.o(RESET)
 <LI><a href="#[4]">MemoryManagement_Handler</a> from arm_startup_nrf52.o(.text) referenced from arm_startup_nrf52.o(RESET)
 <LI><a href="#[10]">NFCT_IRQHandler</a> from arm_startup_nrf52.o(.text) referenced from arm_startup_nrf52.o(RESET)
 <LI><a href="#[2]">NMI_Handler</a> from arm_startup_nrf52.o(.text) referenced from arm_startup_nrf52.o(RESET)
 <LI><a href="#[28]">PDM_IRQHandler</a> from arm_startup_nrf52.o(.text) referenced from arm_startup_nrf52.o(RESET)
 <LI><a href="#[b]">POWER_CLOCK_IRQHandler</a> from nrfx_clock.o(i.POWER_CLOCK_IRQHandler) referenced from arm_startup_nrf52.o(RESET)
 <LI><a href="#[27]">PWM0_IRQHandler</a> from arm_startup_nrf52.o(.text) referenced from arm_startup_nrf52.o(RESET)
 <LI><a href="#[2a]">PWM1_IRQHandler</a> from arm_startup_nrf52.o(.text) referenced from arm_startup_nrf52.o(RESET)
 <LI><a href="#[2b]">PWM2_IRQHandler</a> from arm_startup_nrf52.o(.text) referenced from arm_startup_nrf52.o(RESET)
 <LI><a href="#[9]">PendSV_Handler</a> from arm_startup_nrf52.o(.text) referenced from arm_startup_nrf52.o(RESET)
 <LI><a href="#[1d]">QDEC_IRQHandler</a> from arm_startup_nrf52.o(.text) referenced from arm_startup_nrf52.o(RESET)
 <LI><a href="#[c]">RADIO_IRQHandler</a> from arm_startup_nrf52.o(.text) referenced from arm_startup_nrf52.o(RESET)
 <LI><a href="#[18]">RNG_IRQHandler</a> from arm_startup_nrf52.o(.text) referenced from arm_startup_nrf52.o(RESET)
 <LI><a href="#[16]">RTC0_IRQHandler</a> from arm_startup_nrf52.o(.text) referenced from arm_startup_nrf52.o(RESET)
 <LI><a href="#[1c]">RTC1_IRQHandler</a> from drv_rtc.o(i.RTC1_IRQHandler) referenced from arm_startup_nrf52.o(RESET)
 <LI><a href="#[2d]">RTC2_IRQHandler</a> from arm_startup_nrf52.o(.text) referenced from arm_startup_nrf52.o(RESET)
 <LI><a href="#[1]">Reset_Handler</a> from arm_startup_nrf52.o(.text) referenced from arm_startup_nrf52.o(RESET)
 <LI><a href="#[12]">SAADC_IRQHandler</a> from arm_startup_nrf52.o(.text) referenced from arm_startup_nrf52.o(RESET)
 <LI><a href="#[e]">SPIM0_SPIS0_TWIM0_TWIS0_SPI0_TWI0_IRQHandler</a> from arm_startup_nrf52.o(.text) referenced from arm_startup_nrf52.o(RESET)
 <LI><a href="#[f]">SPIM1_SPIS1_TWIM1_TWIS1_SPI1_TWI1_IRQHandler</a> from arm_startup_nrf52.o(.text) referenced from arm_startup_nrf52.o(RESET)
 <LI><a href="#[2c]">SPIM2_SPIS2_SPI2_IRQHandler</a> from arm_startup_nrf52.o(.text) referenced from arm_startup_nrf52.o(RESET)
 <LI><a href="#[7]">SVC_Handler</a> from arm_startup_nrf52.o(.text) referenced from arm_startup_nrf52.o(RESET)
 <LI><a href="#[1f]">SWI0_EGU0_IRQHandler</a> from arm_startup_nrf52.o(.text) referenced from arm_startup_nrf52.o(RESET)
 <LI><a href="#[20]">SWI1_EGU1_IRQHandler</a> from arm_startup_nrf52.o(.text) referenced from arm_startup_nrf52.o(RESET)
 <LI><a href="#[21]">SWI2_EGU2_IRQHandler</a> from arm_startup_nrf52.o(.text) referenced from arm_startup_nrf52.o(RESET)
 <LI><a href="#[22]">SWI3_EGU3_IRQHandler</a> from arm_startup_nrf52.o(.text) referenced from arm_startup_nrf52.o(RESET)
 <LI><a href="#[23]">SWI4_EGU4_IRQHandler</a> from arm_startup_nrf52.o(.text) referenced from arm_startup_nrf52.o(RESET)
 <LI><a href="#[24]">SWI5_EGU5_IRQHandler</a> from arm_startup_nrf52.o(.text) referenced from arm_startup_nrf52.o(RESET)
 <LI><a href="#[a]">SysTick_Handler</a> from arm_startup_nrf52.o(.text) referenced from arm_startup_nrf52.o(RESET)
 <LI><a href="#[31]">SystemInit</a> from system_nrf52.o(i.SystemInit) referenced from arm_startup_nrf52.o(.text)
 <LI><a href="#[17]">TEMP_IRQHandler</a> from arm_startup_nrf52.o(.text) referenced from arm_startup_nrf52.o(RESET)
 <LI><a href="#[13]">TIMER0_IRQHandler</a> from arm_startup_nrf52.o(.text) referenced from arm_startup_nrf52.o(RESET)
 <LI><a href="#[14]">TIMER1_IRQHandler</a> from arm_startup_nrf52.o(.text) referenced from arm_startup_nrf52.o(RESET)
 <LI><a href="#[15]">TIMER2_IRQHandler</a> from arm_startup_nrf52.o(.text) referenced from arm_startup_nrf52.o(RESET)
 <LI><a href="#[25]">TIMER3_IRQHandler</a> from arm_startup_nrf52.o(.text) referenced from arm_startup_nrf52.o(RESET)
 <LI><a href="#[26]">TIMER4_IRQHandler</a> from arm_startup_nrf52.o(.text) referenced from arm_startup_nrf52.o(RESET)
 <LI><a href="#[d]">UARTE0_UART0_IRQHandler</a> from nrfx_prs.o(i.UARTE0_UART0_IRQHandler) referenced from arm_startup_nrf52.o(RESET)
 <LI><a href="#[6]">UsageFault_Handler</a> from arm_startup_nrf52.o(.text) referenced from arm_startup_nrf52.o(RESET)
 <LI><a href="#[1b]">WDT_IRQHandler</a> from arm_startup_nrf52.o(.text) referenced from arm_startup_nrf52.o(RESET)
 <LI><a href="#[32]">__main</a> from entry.o(.ARM.Collect$$$$00000000) referenced from arm_startup_nrf52.o(.text)
 <LI><a href="#[69]">backend_name_get</a> from nrf_log_frontend.o(i.backend_name_get) referenced from nrf_log_frontend.o(.constdata)
 <LI><a href="#[3a]">cli_transport_evt_handler</a> from nrf_cli.o(i.cli_transport_evt_handler) referenced from nrf_cli.o(i.nrf_cli_instance_init)
 <LI><a href="#[5c]">cli_uart_enable</a> from nrf_cli_uart.o(i.cli_uart_enable) referenced from nrf_cli_uart.o(.constdata)
 <LI><a href="#[5a]">cli_uart_init</a> from nrf_cli_uart.o(i.cli_uart_init) referenced from nrf_cli_uart.o(.constdata)
 <LI><a href="#[5e]">cli_uart_read</a> from nrf_cli_uart.o(i.cli_uart_read) referenced from nrf_cli_uart.o(.constdata)
 <LI><a href="#[5b]">cli_uart_uninit</a> from nrf_cli_uart.o(i.cli_uart_uninit) referenced from nrf_cli_uart.o(.constdata)
 <LI><a href="#[5d]">cli_uart_write</a> from nrf_cli_uart.o(i.cli_uart_write) referenced from nrf_cli_uart.o(.constdata)
 <LI><a href="#[3c]">clock_irq_handler</a> from nrf_drv_clock.o(i.clock_irq_handler) referenced from nrf_drv_clock.o(i.nrf_drv_clock_init)
 <LI><a href="#[47]">compare_func</a> from app_timer2.o(i.compare_func) referenced from app_timer2.o(.constdata)
 <LI><a href="#[44]">flashwrite_cmd</a> from main.o(i.flashwrite_cmd) referenced from main.o(.constdata)
 <LI><a href="#[41]">flashwrite_erase_cmd</a> from main.o(i.flashwrite_erase_cmd) referenced from main.o(.constdata)
 <LI><a href="#[42]">flashwrite_read_cmd</a> from main.o(i.flashwrite_read_cmd) referenced from main.o(.constdata)
 <LI><a href="#[43]">flashwrite_write_cmd</a> from main.o(i.flashwrite_write_cmd) referenced from main.o(.constdata)
 <LI><a href="#[65]">log_backend_ctrl</a> from nrf_log_frontend.o(i.log_backend_ctrl) referenced 2 times from nrf_log_frontend.o(.constdata)
 <LI><a href="#[66]">log_backend_go</a> from nrf_log_frontend.o(i.log_backend_go) referenced from nrf_log_frontend.o(.constdata)
 <LI><a href="#[67]">log_backend_halt</a> from nrf_log_frontend.o(i.log_backend_halt) referenced from nrf_log_frontend.o(.constdata)
 <LI><a href="#[68]">log_backend_status</a> from nrf_log_frontend.o(i.log_backend_status) referenced from nrf_log_frontend.o(.constdata)
 <LI><a href="#[71]">log_cmd</a> from nrf_log_frontend.o(i.log_cmd) referenced from nrf_log_frontend.o(.constdata)
 <LI><a href="#[6f]">log_cmd_backends_list</a> from nrf_log_frontend.o(i.log_cmd_backends_list) referenced from nrf_log_frontend.o(.constdata)
 <LI><a href="#[6a]">log_config_load_cmd</a> from nrf_log_frontend.o(i.log_config_load_cmd) referenced from nrf_log_frontend.o(.constdata)
 <LI><a href="#[6b]">log_config_store_cmd</a> from nrf_log_frontend.o(i.log_config_store_cmd) referenced from nrf_log_frontend.o(.constdata)
 <LI><a href="#[36]">log_ctrl</a> from nrf_log_frontend.o(i.log_ctrl) referenced from nrf_log_frontend.o(i.log_backend_ctrl)
 <LI><a href="#[37]">log_go</a> from nrf_log_frontend.o(i.log_go) referenced from nrf_log_frontend.o(i.log_backend_go)
 <LI><a href="#[38]">log_halt</a> from nrf_log_frontend.o(i.log_halt) referenced from nrf_log_frontend.o(i.log_backend_halt)
 <LI><a href="#[6c]">log_self_ctrl</a> from nrf_log_frontend.o(i.log_self_ctrl) referenced 2 times from nrf_log_frontend.o(.constdata)
 <LI><a href="#[6d]">log_self_go</a> from nrf_log_frontend.o(i.log_self_go) referenced from nrf_log_frontend.o(.constdata)
 <LI><a href="#[6e]">log_self_halt</a> from nrf_log_frontend.o(i.log_self_halt) referenced from nrf_log_frontend.o(.constdata)
 <LI><a href="#[70]">log_self_status</a> from nrf_log_frontend.o(i.log_self_status) referenced from nrf_log_frontend.o(.constdata)
 <LI><a href="#[39]">log_status</a> from nrf_log_frontend.o(i.log_status) referenced from nrf_log_frontend.o(i.log_backend_status)
 <LI><a href="#[30]">main</a> from main.o(i.main) referenced from entry9a.o(.ARM.Collect$$$$0000000B)
 <LI><a href="#[63]">module_name_get</a> from nrf_log_frontend.o(i.module_name_get) referenced from nrf_log_frontend.o(.constdata)
 <LI><a href="#[48]">nrf_balloc_status</a> from nrf_balloc.o(i.nrf_balloc_status) referenced 2 times from nrf_balloc.o(.constdata)
 <LI><a href="#[56]">nrf_cli_cmd_clear</a> from nrf_cli.o(i.nrf_cli_cmd_clear) referenced from nrf_cli.o(.constdata)
 <LI><a href="#[57]">nrf_cli_cmd_cli</a> from nrf_cli.o(i.nrf_cli_cmd_cli) referenced from nrf_cli.o(.constdata)
 <LI><a href="#[54]">nrf_cli_cmd_cli_stats</a> from nrf_cli.o(i.nrf_cli_cmd_cli_stats) referenced from nrf_cli.o(.constdata)
 <LI><a href="#[50]">nrf_cli_cmd_cli_stats_reset</a> from nrf_cli.o(i.nrf_cli_cmd_cli_stats_reset) referenced from nrf_cli.o(.constdata)
 <LI><a href="#[51]">nrf_cli_cmd_cli_stats_show</a> from nrf_cli.o(i.nrf_cli_cmd_cli_stats_show) referenced from nrf_cli.o(.constdata)
 <LI><a href="#[52]">nrf_cli_cmd_colors</a> from nrf_cli.o(i.nrf_cli_cmd_colors) referenced from nrf_cli.o(.constdata)
 <LI><a href="#[4c]">nrf_cli_cmd_colors_off</a> from nrf_cli.o(i.nrf_cli_cmd_colors_off) referenced from nrf_cli.o(.constdata)
 <LI><a href="#[4d]">nrf_cli_cmd_colors_on</a> from nrf_cli.o(i.nrf_cli_cmd_colors_on) referenced from nrf_cli.o(.constdata)
 <LI><a href="#[53]">nrf_cli_cmd_echo</a> from nrf_cli.o(i.nrf_cli_cmd_echo) referenced from nrf_cli.o(.constdata)
 <LI><a href="#[4e]">nrf_cli_cmd_echo_off</a> from nrf_cli.o(i.nrf_cli_cmd_echo_off) referenced from nrf_cli.o(.constdata)
 <LI><a href="#[4f]">nrf_cli_cmd_echo_on</a> from nrf_cli.o(i.nrf_cli_cmd_echo_on) referenced from nrf_cli.o(.constdata)
 <LI><a href="#[58]">nrf_cli_cmd_history</a> from nrf_cli.o(i.nrf_cli_cmd_history) referenced from nrf_cli.o(.constdata)
 <LI><a href="#[59]">nrf_cli_cmd_resize</a> from nrf_cli.o(i.nrf_cli_cmd_resize) referenced from nrf_cli.o(.constdata)
 <LI><a href="#[55]">nrf_cli_cmd_resize_default</a> from nrf_cli.o(i.nrf_cli_cmd_resize_default) referenced from nrf_cli.o(.constdata)
 <LI><a href="#[0]">nrf_cli_print_stream</a> from nrf_cli.o(i.nrf_cli_print_stream) referenced 2 times from main.o(.data)
 <LI><a href="#[4b]">nrf_log_backend_cli_flush</a> from nrf_cli.o(i.nrf_log_backend_cli_flush) referenced from nrf_cli.o(.constdata)
 <LI><a href="#[4a]">nrf_log_backend_cli_panic_set</a> from nrf_cli.o(i.nrf_log_backend_cli_panic_set) referenced from nrf_cli.o(.constdata)
 <LI><a href="#[49]">nrf_log_backend_cli_put</a> from nrf_cli.o(i.nrf_log_backend_cli_put) referenced from nrf_cli.o(.constdata)
 <LI><a href="#[62]">nrf_log_backend_uart_flush</a> from nrf_log_backend_uart.o(i.nrf_log_backend_uart_flush) referenced from nrf_log_backend_uart.o(.constdata)
 <LI><a href="#[61]">nrf_log_backend_uart_panic_set</a> from nrf_log_backend_uart.o(i.nrf_log_backend_uart_panic_set) referenced from nrf_log_backend_uart.o(.constdata)
 <LI><a href="#[60]">nrf_log_backend_uart_put</a> from nrf_log_backend_uart.o(i.nrf_log_backend_uart_put) referenced from nrf_log_backend_uart.o(.constdata)
 <LI><a href="#[5f]">nrf_queue_status</a> from nrf_queue.o(i.nrf_queue_status) referenced 2 times from nrf_queue.o(.constdata)
 <LI><a href="#[45]">nrfx_uart_0_irq_handler</a> from nrfx_uart.o(i.nrfx_uart_0_irq_handler) referenced from nrfx_uart.o(.constdata)
 <LI><a href="#[46]">nrfx_uarte_0_irq_handler</a> from nrfx_uarte.o(i.nrfx_uarte_0_irq_handler) referenced from nrfx_uarte.o(.constdata)
 <LI><a href="#[33]">rtc_irq</a> from app_timer2.o(i.rtc_irq) referenced from app_timer2.o(i.app_timer_init)
 <LI><a href="#[3f]">serial_tx</a> from nrf_log_backend_uart.o(i.serial_tx) referenced from nrf_log_backend_uart.o(i.nrf_log_backend_uart_put)
 <LI><a href="#[64]">severity_lvl_get</a> from nrf_log_frontend.o(i.severity_lvl_get) referenced from nrf_log_frontend.o(.constdata)
 <LI><a href="#[3b]">string_cmp</a> from nrf_cli.o(i.string_cmp) referenced from nrf_cli.o(i.nrf_cli_instance_init)
 <LI><a href="#[34]">timer_handler</a> from nrf_cli_uart.o(i.timer_handler) referenced from nrf_cli_uart.o(i.cli_uart_enable)
 <LI><a href="#[35]">uart_event_handler</a> from nrf_cli_uart.o(i.uart_event_handler) referenced from nrf_cli_uart.o(i.cli_uart_init)
 <LI><a href="#[3e]">uart_evt_handler</a> from nrf_drv_uart.o(i.uart_evt_handler) referenced from nrf_drv_uart.o(i.nrf_drv_uart_init)
 <LI><a href="#[40]">uart_evt_handler</a> from nrf_log_backend_uart.o(i.uart_evt_handler) referenced from nrf_log_backend_uart.o(i.uart_init)
 <LI><a href="#[3d]">uarte_evt_handler</a> from nrf_drv_uart.o(i.uarte_evt_handler) referenced from nrf_drv_uart.o(i.nrf_drv_uart_init)
</UL>
<P>
<H3>
Global Symbols
</H3>
<P><STRONG><a name="[32]"></a>__main</STRONG> (Thumb, 0 bytes, Stack size unknown bytes, entry.o(.ARM.Collect$$$$00000000))
<BR>[Address Reference Count : 1]<UL><LI> arm_startup_nrf52.o(.text)
</UL>
<P><STRONG><a name="[166]"></a>_main_stk</STRONG> (Thumb, 0 bytes, Stack size unknown bytes, entry2.o(.ARM.Collect$$$$00000001))

<P><STRONG><a name="[72]"></a>_main_scatterload</STRONG> (Thumb, 0 bytes, Stack size unknown bytes, entry5.o(.ARM.Collect$$$$00000004))
<BR><BR>[Calls]<UL><LI><a href="#[73]">&gt;&gt;</a>&nbsp;&nbsp;&nbsp;__scatterload
</UL>

<P><STRONG><a name="[7a]"></a>__main_after_scatterload</STRONG> (Thumb, 0 bytes, Stack size unknown bytes, entry5.o(.ARM.Collect$$$$00000004))
<BR><BR>[Called By]<UL><LI><a href="#[73]">&gt;&gt;</a>&nbsp;&nbsp;&nbsp;__scatterload
</UL>

<P><STRONG><a name="[167]"></a>_main_clock</STRONG> (Thumb, 0 bytes, Stack size unknown bytes, entry7b.o(.ARM.Collect$$$$00000008))

<P><STRONG><a name="[168]"></a>_main_cpp_init</STRONG> (Thumb, 0 bytes, Stack size unknown bytes, entry8b.o(.ARM.Collect$$$$0000000A))

<P><STRONG><a name="[169]"></a>_main_init</STRONG> (Thumb, 0 bytes, Stack size unknown bytes, entry9a.o(.ARM.Collect$$$$0000000B))

<P><STRONG><a name="[16a]"></a>__rt_final_cpp</STRONG> (Thumb, 0 bytes, Stack size unknown bytes, entry10a.o(.ARM.Collect$$$$0000000D))

<P><STRONG><a name="[16b]"></a>__rt_final_exit</STRONG> (Thumb, 0 bytes, Stack size unknown bytes, entry11a.o(.ARM.Collect$$$$0000000F))

<P><STRONG><a name="[108]"></a>__asm___12_nrf_atfifo_c_51f461e1__nrf_atfifo_wspace_req</STRONG> (Thumb, 56 bytes, Stack size 0 bytes, nrf_atfifo.o(.emb_text))
<BR><BR>[Called By]<UL><LI><a href="#[107]">&gt;&gt;</a>&nbsp;&nbsp;&nbsp;nrf_atfifo_item_alloc
</UL>

<P><STRONG><a name="[74]"></a>__asm___12_nrf_atfifo_c_51f461e1__nrf_atfifo_wspace_close</STRONG> (Thumb, 18 bytes, Stack size 0 bytes, nrf_atfifo.o(.emb_text))
<BR><BR>[Calls]<UL><LI><a href="#[74]">&gt;&gt;</a>&nbsp;&nbsp;&nbsp;__asm___12_nrf_atfifo_c_51f461e1__nrf_atfifo_wspace_close
</UL>
<BR>[Called By]<UL><LI><a href="#[74]">&gt;&gt;</a>&nbsp;&nbsp;&nbsp;__asm___12_nrf_atfifo_c_51f461e1__nrf_atfifo_wspace_close
<LI><a href="#[10c]">&gt;&gt;</a>&nbsp;&nbsp;&nbsp;nrf_atfifo_item_put
</UL>

<P><STRONG><a name="[10b]"></a>__asm___12_nrf_atfifo_c_51f461e1__nrf_atfifo_rspace_req</STRONG> (Thumb, 58 bytes, Stack size 0 bytes, nrf_atfifo.o(.emb_text))
<BR><BR>[Called By]<UL><LI><a href="#[10a]">&gt;&gt;</a>&nbsp;&nbsp;&nbsp;nrf_atfifo_item_get
</UL>

<P><STRONG><a name="[75]"></a>__asm___12_nrf_atfifo_c_51f461e1__nrf_atfifo_rspace_close</STRONG> (Thumb, 18 bytes, Stack size 0 bytes, nrf_atfifo.o(.emb_text))
<BR><BR>[Calls]<UL><LI><a href="#[75]">&gt;&gt;</a>&nbsp;&nbsp;&nbsp;__asm___12_nrf_atfifo_c_51f461e1__nrf_atfifo_rspace_close
</UL>
<BR>[Called By]<UL><LI><a href="#[75]">&gt;&gt;</a>&nbsp;&nbsp;&nbsp;__asm___12_nrf_atfifo_c_51f461e1__nrf_atfifo_rspace_close
<LI><a href="#[109]">&gt;&gt;</a>&nbsp;&nbsp;&nbsp;nrf_atfifo_item_free
</UL>

<P><STRONG><a name="[16c]"></a>__asm___12_nrf_atfifo_c_51f461e1__nrf_atfifo_space_clear</STRONG> (Thumb, 50 bytes, Stack size 0 bytes, nrf_atfifo.o(.emb_text), UNUSED)

<P><STRONG><a name="[116]"></a>__asm___12_nrf_atomic_c_85ca2469__nrf_atomic_internal_mov</STRONG> (Thumb, 24 bytes, Stack size 0 bytes, nrf_atomic.o(.emb_text))
<BR><BR>[Called By]<UL><LI><a href="#[db]">&gt;&gt;</a>&nbsp;&nbsp;&nbsp;nrf_atomic_u32_fetch_store
</UL>

<P><STRONG><a name="[115]"></a>__asm___12_nrf_atomic_c_85ca2469__nrf_atomic_internal_orr</STRONG> (Thumb, 26 bytes, Stack size 0 bytes, nrf_atomic.o(.emb_text))
<BR><BR>[Called By]<UL><LI><a href="#[110]">&gt;&gt;</a>&nbsp;&nbsp;&nbsp;nrf_atomic_u32_or
<LI><a href="#[112]">&gt;&gt;</a>&nbsp;&nbsp;&nbsp;nrf_atomic_u32_fetch_or
</UL>

<P><STRONG><a name="[114]"></a>__asm___12_nrf_atomic_c_85ca2469__nrf_atomic_internal_and</STRONG> (Thumb, 26 bytes, Stack size 0 bytes, nrf_atomic.o(.emb_text))
<BR><BR>[Called By]<UL><LI><a href="#[10f]">&gt;&gt;</a>&nbsp;&nbsp;&nbsp;nrf_atomic_u32_fetch_and
<LI><a href="#[10e]">&gt;&gt;</a>&nbsp;&nbsp;&nbsp;nrf_atomic_u32_and
</UL>

<P><STRONG><a name="[16d]"></a>__asm___12_nrf_atomic_c_85ca2469__nrf_atomic_internal_eor</STRONG> (Thumb, 26 bytes, Stack size 0 bytes, nrf_atomic.o(.emb_text), UNUSED)

<P><STRONG><a name="[113]"></a>__asm___12_nrf_atomic_c_85ca2469__nrf_atomic_internal_add</STRONG> (Thumb, 26 bytes, Stack size 0 bytes, nrf_atomic.o(.emb_text))
<BR><BR>[Called By]<UL><LI><a href="#[99]">&gt;&gt;</a>&nbsp;&nbsp;&nbsp;nrf_atomic_u32_add
</UL>

<P><STRONG><a name="[118]"></a>__asm___12_nrf_atomic_c_85ca2469__nrf_atomic_internal_sub</STRONG> (Thumb, 26 bytes, Stack size 0 bytes, nrf_atomic.o(.emb_text))
<BR><BR>[Called By]<UL><LI><a href="#[117]">&gt;&gt;</a>&nbsp;&nbsp;&nbsp;nrf_atomic_u32_sub
</UL>

<P><STRONG><a name="[16e]"></a>__asm___12_nrf_atomic_c_85ca2469__nrf_atomic_internal_cmp_exch</STRONG> (Thumb, 42 bytes, Stack size 0 bytes, nrf_atomic.o(.emb_text), UNUSED)

<P><STRONG><a name="[16f]"></a>__asm___12_nrf_atomic_c_85ca2469__nrf_atomic_internal_sub_hs</STRONG> (Thumb, 30 bytes, Stack size 0 bytes, nrf_atomic.o(.emb_text), UNUSED)

<P><STRONG><a name="[1]"></a>Reset_Handler</STRONG> (Thumb, 8 bytes, Stack size 0 bytes, arm_startup_nrf52.o(.text))
<BR>[Address Reference Count : 1]<UL><LI> arm_startup_nrf52.o(RESET)
</UL>
<P><STRONG><a name="[2]"></a>NMI_Handler</STRONG> (Thumb, 2 bytes, Stack size 0 bytes, arm_startup_nrf52.o(.text))
<BR><BR>[Calls]<UL><LI><a href="#[2]">&gt;&gt;</a>&nbsp;&nbsp;&nbsp;NMI_Handler
</UL>
<BR>[Called By]<UL><LI><a href="#[2]">&gt;&gt;</a>&nbsp;&nbsp;&nbsp;NMI_Handler
</UL>
<BR>[Address Reference Count : 1]<UL><LI> arm_startup_nrf52.o(RESET)
</UL>
<P><STRONG><a name="[3]"></a>HardFault_Handler</STRONG> (Thumb, 2 bytes, Stack size 0 bytes, arm_startup_nrf52.o(.text))
<BR><BR>[Calls]<UL><LI><a href="#[3]">&gt;&gt;</a>&nbsp;&nbsp;&nbsp;HardFault_Handler
</UL>
<BR>[Called By]<UL><LI><a href="#[3]">&gt;&gt;</a>&nbsp;&nbsp;&nbsp;HardFault_Handler
</UL>
<BR>[Address Reference Count : 1]<UL><LI> arm_startup_nrf52.o(RESET)
</UL>
<P><STRONG><a name="[4]"></a>MemoryManagement_Handler</STRONG> (Thumb, 2 bytes, Stack size 0 bytes, arm_startup_nrf52.o(.text))
<BR><BR>[Calls]<UL><LI><a href="#[4]">&gt;&gt;</a>&nbsp;&nbsp;&nbsp;MemoryManagement_Handler
</UL>
<BR>[Called By]<UL><LI><a href="#[4]">&gt;&gt;</a>&nbsp;&nbsp;&nbsp;MemoryManagement_Handler
</UL>
<BR>[Address Reference Count : 1]<UL><LI> arm_startup_nrf52.o(RESET)
</UL>
<P><STRONG><a name="[5]"></a>BusFault_Handler</STRONG> (Thumb, 2 bytes, Stack size 0 bytes, arm_startup_nrf52.o(.text))
<BR><BR>[Calls]<UL><LI><a href="#[5]">&gt;&gt;</a>&nbsp;&nbsp;&nbsp;BusFault_Handler
</UL>
<BR>[Called By]<UL><LI><a href="#[5]">&gt;&gt;</a>&nbsp;&nbsp;&nbsp;BusFault_Handler
</UL>
<BR>[Address Reference Count : 1]<UL><LI> arm_startup_nrf52.o(RESET)
</UL>
<P><STRONG><a name="[6]"></a>UsageFault_Handler</STRONG> (Thumb, 2 bytes, Stack size 0 bytes, arm_startup_nrf52.o(.text))
<BR><BR>[Calls]<UL><LI><a href="#[6]">&gt;&gt;</a>&nbsp;&nbsp;&nbsp;UsageFault_Handler
</UL>
<BR>[Called By]<UL><LI><a href="#[6]">&gt;&gt;</a>&nbsp;&nbsp;&nbsp;UsageFault_Handler
</UL>
<BR>[Address Reference Count : 1]<UL><LI> arm_startup_nrf52.o(RESET)
</UL>
<P><STRONG><a name="[7]"></a>SVC_Handler</STRONG> (Thumb, 2 bytes, Stack size 0 bytes, arm_startup_nrf52.o(.text))
<BR><BR>[Calls]<UL><LI><a href="#[7]">&gt;&gt;</a>&nbsp;&nbsp;&nbsp;SVC_Handler
</UL>
<BR>[Called By]<UL><LI><a href="#[7]">&gt;&gt;</a>&nbsp;&nbsp;&nbsp;SVC_Handler
</UL>
<BR>[Address Reference Count : 1]<UL><LI> arm_startup_nrf52.o(RESET)
</UL>
<P><STRONG><a name="[8]"></a>DebugMon_Handler</STRONG> (Thumb, 2 bytes, Stack size 0 bytes, arm_startup_nrf52.o(.text))
<BR><BR>[Calls]<UL><LI><a href="#[8]">&gt;&gt;</a>&nbsp;&nbsp;&nbsp;DebugMon_Handler
</UL>
<BR>[Called By]<UL><LI><a href="#[8]">&gt;&gt;</a>&nbsp;&nbsp;&nbsp;DebugMon_Handler
</UL>
<BR>[Address Reference Count : 1]<UL><LI> arm_startup_nrf52.o(RESET)
</UL>
<P><STRONG><a name="[9]"></a>PendSV_Handler</STRONG> (Thumb, 2 bytes, Stack size 0 bytes, arm_startup_nrf52.o(.text))
<BR><BR>[Calls]<UL><LI><a href="#[9]">&gt;&gt;</a>&nbsp;&nbsp;&nbsp;PendSV_Handler
</UL>
<BR>[Called By]<UL><LI><a href="#[9]">&gt;&gt;</a>&nbsp;&nbsp;&nbsp;PendSV_Handler
</UL>
<BR>[Address Reference Count : 1]<UL><LI> arm_startup_nrf52.o(RESET)
</UL>
<P><STRONG><a name="[a]"></a>SysTick_Handler</STRONG> (Thumb, 2 bytes, Stack size 0 bytes, arm_startup_nrf52.o(.text))
<BR><BR>[Calls]<UL><LI><a href="#[a]">&gt;&gt;</a>&nbsp;&nbsp;&nbsp;SysTick_Handler
</UL>
<BR>[Called By]<UL><LI><a href="#[a]">&gt;&gt;</a>&nbsp;&nbsp;&nbsp;SysTick_Handler
</UL>
<BR>[Address Reference Count : 1]<UL><LI> arm_startup_nrf52.o(RESET)
</UL>
<P><STRONG><a name="[1a]"></a>CCM_AAR_IRQHandler</STRONG> (Thumb, 0 bytes, Stack size 0 bytes, arm_startup_nrf52.o(.text))
<BR><BR>[Calls]<UL><LI><a href="#[1a]">&gt;&gt;</a>&nbsp;&nbsp;&nbsp;CCM_AAR_IRQHandler
</UL>
<BR>[Called By]<UL><LI><a href="#[1a]">&gt;&gt;</a>&nbsp;&nbsp;&nbsp;CCM_AAR_IRQHandler
</UL>
<BR>[Address Reference Count : 1]<UL><LI> arm_startup_nrf52.o(RESET)
</UL>
<P><STRONG><a name="[1e]"></a>COMP_LPCOMP_IRQHandler</STRONG> (Thumb, 0 bytes, Stack size 0 bytes, arm_startup_nrf52.o(.text))
<BR>[Address Reference Count : 1]<UL><LI> arm_startup_nrf52.o(RESET)
</UL>
<P><STRONG><a name="[19]"></a>ECB_IRQHandler</STRONG> (Thumb, 0 bytes, Stack size 0 bytes, arm_startup_nrf52.o(.text))
<BR>[Address Reference Count : 1]<UL><LI> arm_startup_nrf52.o(RESET)
</UL>
<P><STRONG><a name="[2f]"></a>FPU_IRQHandler</STRONG> (Thumb, 0 bytes, Stack size 0 bytes, arm_startup_nrf52.o(.text))
<BR>[Address Reference Count : 1]<UL><LI> arm_startup_nrf52.o(RESET)
</UL>
<P><STRONG><a name="[11]"></a>GPIOTE_IRQHandler</STRONG> (Thumb, 0 bytes, Stack size 0 bytes, arm_startup_nrf52.o(.text))
<BR>[Address Reference Count : 1]<UL><LI> arm_startup_nrf52.o(RESET)
</UL>
<P><STRONG><a name="[2e]"></a>I2S_IRQHandler</STRONG> (Thumb, 0 bytes, Stack size 0 bytes, arm_startup_nrf52.o(.text))
<BR>[Address Reference Count : 1]<UL><LI> arm_startup_nrf52.o(RESET)
</UL>
<P><STRONG><a name="[29]"></a>MWU_IRQHandler</STRONG> (Thumb, 0 bytes, Stack size 0 bytes, arm_startup_nrf52.o(.text))
<BR>[Address Reference Count : 1]<UL><LI> arm_startup_nrf52.o(RESET)
</UL>
<P><STRONG><a name="[10]"></a>NFCT_IRQHandler</STRONG> (Thumb, 0 bytes, Stack size 0 bytes, arm_startup_nrf52.o(.text))
<BR>[Address Reference Count : 1]<UL><LI> arm_startup_nrf52.o(RESET)
</UL>
<P><STRONG><a name="[28]"></a>PDM_IRQHandler</STRONG> (Thumb, 0 bytes, Stack size 0 bytes, arm_startup_nrf52.o(.text))
<BR>[Address Reference Count : 1]<UL><LI> arm_startup_nrf52.o(RESET)
</UL>
<P><STRONG><a name="[27]"></a>PWM0_IRQHandler</STRONG> (Thumb, 0 bytes, Stack size 0 bytes, arm_startup_nrf52.o(.text))
<BR>[Address Reference Count : 1]<UL><LI> arm_startup_nrf52.o(RESET)
</UL>
<P><STRONG><a name="[2a]"></a>PWM1_IRQHandler</STRONG> (Thumb, 0 bytes, Stack size 0 bytes, arm_startup_nrf52.o(.text))
<BR>[Address Reference Count : 1]<UL><LI> arm_startup_nrf52.o(RESET)
</UL>
<P><STRONG><a name="[2b]"></a>PWM2_IRQHandler</STRONG> (Thumb, 0 bytes, Stack size 0 bytes, arm_startup_nrf52.o(.text))
<BR>[Address Reference Count : 1]<UL><LI> arm_startup_nrf52.o(RESET)
</UL>
<P><STRONG><a name="[1d]"></a>QDEC_IRQHandler</STRONG> (Thumb, 0 bytes, Stack size 0 bytes, arm_startup_nrf52.o(.text))
<BR>[Address Reference Count : 1]<UL><LI> arm_startup_nrf52.o(RESET)
</UL>
<P><STRONG><a name="[c]"></a>RADIO_IRQHandler</STRONG> (Thumb, 0 bytes, Stack size 0 bytes, arm_startup_nrf52.o(.text))
<BR>[Address Reference Count : 1]<UL><LI> arm_startup_nrf52.o(RESET)
</UL>
<P><STRONG><a name="[18]"></a>RNG_IRQHandler</STRONG> (Thumb, 0 bytes, Stack size 0 bytes, arm_startup_nrf52.o(.text))
<BR>[Address Reference Count : 1]<UL><LI> arm_startup_nrf52.o(RESET)
</UL>
<P><STRONG><a name="[16]"></a>RTC0_IRQHandler</STRONG> (Thumb, 0 bytes, Stack size 0 bytes, arm_startup_nrf52.o(.text))
<BR>[Address Reference Count : 1]<UL><LI> arm_startup_nrf52.o(RESET)
</UL>
<P><STRONG><a name="[2d]"></a>RTC2_IRQHandler</STRONG> (Thumb, 0 bytes, Stack size 0 bytes, arm_startup_nrf52.o(.text))
<BR>[Address Reference Count : 1]<UL><LI> arm_startup_nrf52.o(RESET)
</UL>
<P><STRONG><a name="[12]"></a>SAADC_IRQHandler</STRONG> (Thumb, 0 bytes, Stack size 0 bytes, arm_startup_nrf52.o(.text))
<BR>[Address Reference Count : 1]<UL><LI> arm_startup_nrf52.o(RESET)
</UL>
<P><STRONG><a name="[e]"></a>SPIM0_SPIS0_TWIM0_TWIS0_SPI0_TWI0_IRQHandler</STRONG> (Thumb, 0 bytes, Stack size 0 bytes, arm_startup_nrf52.o(.text))
<BR>[Address Reference Count : 1]<UL><LI> arm_startup_nrf52.o(RESET)
</UL>
<P><STRONG><a name="[f]"></a>SPIM1_SPIS1_TWIM1_TWIS1_SPI1_TWI1_IRQHandler</STRONG> (Thumb, 0 bytes, Stack size 0 bytes, arm_startup_nrf52.o(.text))
<BR>[Address Reference Count : 1]<UL><LI> arm_startup_nrf52.o(RESET)
</UL>
<P><STRONG><a name="[2c]"></a>SPIM2_SPIS2_SPI2_IRQHandler</STRONG> (Thumb, 0 bytes, Stack size 0 bytes, arm_startup_nrf52.o(.text))
<BR>[Address Reference Count : 1]<UL><LI> arm_startup_nrf52.o(RESET)
</UL>
<P><STRONG><a name="[1f]"></a>SWI0_EGU0_IRQHandler</STRONG> (Thumb, 0 bytes, Stack size 0 bytes, arm_startup_nrf52.o(.text))
<BR>[Address Reference Count : 1]<UL><LI> arm_startup_nrf52.o(RESET)
</UL>
<P><STRONG><a name="[20]"></a>SWI1_EGU1_IRQHandler</STRONG> (Thumb, 0 bytes, Stack size 0 bytes, arm_startup_nrf52.o(.text))
<BR>[Address Reference Count : 1]<UL><LI> arm_startup_nrf52.o(RESET)
</UL>
<P><STRONG><a name="[21]"></a>SWI2_EGU2_IRQHandler</STRONG> (Thumb, 0 bytes, Stack size 0 bytes, arm_startup_nrf52.o(.text))
<BR>[Address Reference Count : 1]<UL><LI> arm_startup_nrf52.o(RESET)
</UL>
<P><STRONG><a name="[22]"></a>SWI3_EGU3_IRQHandler</STRONG> (Thumb, 0 bytes, Stack size 0 bytes, arm_startup_nrf52.o(.text))
<BR>[Address Reference Count : 1]<UL><LI> arm_startup_nrf52.o(RESET)
</UL>
<P><STRONG><a name="[23]"></a>SWI4_EGU4_IRQHandler</STRONG> (Thumb, 0 bytes, Stack size 0 bytes, arm_startup_nrf52.o(.text))
<BR>[Address Reference Count : 1]<UL><LI> arm_startup_nrf52.o(RESET)
</UL>
<P><STRONG><a name="[24]"></a>SWI5_EGU5_IRQHandler</STRONG> (Thumb, 0 bytes, Stack size 0 bytes, arm_startup_nrf52.o(.text))
<BR>[Address Reference Count : 1]<UL><LI> arm_startup_nrf52.o(RESET)
</UL>
<P><STRONG><a name="[17]"></a>TEMP_IRQHandler</STRONG> (Thumb, 0 bytes, Stack size 0 bytes, arm_startup_nrf52.o(.text))
<BR>[Address Reference Count : 1]<UL><LI> arm_startup_nrf52.o(RESET)
</UL>
<P><STRONG><a name="[13]"></a>TIMER0_IRQHandler</STRONG> (Thumb, 0 bytes, Stack size 0 bytes, arm_startup_nrf52.o(.text))
<BR>[Address Reference Count : 1]<UL><LI> arm_startup_nrf52.o(RESET)
</UL>
<P><STRONG><a name="[14]"></a>TIMER1_IRQHandler</STRONG> (Thumb, 0 bytes, Stack size 0 bytes, arm_startup_nrf52.o(.text))
<BR>[Address Reference Count : 1]<UL><LI> arm_startup_nrf52.o(RESET)
</UL>
<P><STRONG><a name="[15]"></a>TIMER2_IRQHandler</STRONG> (Thumb, 0 bytes, Stack size 0 bytes, arm_startup_nrf52.o(.text))
<BR>[Address Reference Count : 1]<UL><LI> arm_startup_nrf52.o(RESET)
</UL>
<P><STRONG><a name="[25]"></a>TIMER3_IRQHandler</STRONG> (Thumb, 0 bytes, Stack size 0 bytes, arm_startup_nrf52.o(.text))
<BR>[Address Reference Count : 1]<UL><LI> arm_startup_nrf52.o(RESET)
</UL>
<P><STRONG><a name="[26]"></a>TIMER4_IRQHandler</STRONG> (Thumb, 0 bytes, Stack size 0 bytes, arm_startup_nrf52.o(.text))
<BR>[Address Reference Count : 1]<UL><LI> arm_startup_nrf52.o(RESET)
</UL>
<P><STRONG><a name="[1b]"></a>WDT_IRQHandler</STRONG> (Thumb, 0 bytes, Stack size 0 bytes, arm_startup_nrf52.o(.text))
<BR>[Address Reference Count : 1]<UL><LI> arm_startup_nrf52.o(RESET)
</UL>
<P><STRONG><a name="[bf]"></a>__rt_ctype_table</STRONG> (Thumb, 4 bytes, Stack size 0 bytes, ctype_o.o(.text))
<BR><BR>[Called By]<UL><LI><a href="#[ba]">&gt;&gt;</a>&nbsp;&nbsp;&nbsp;nrf_log_hexdump_entry_process
<LI><a href="#[b2]">&gt;&gt;</a>&nbsp;&nbsp;&nbsp;make_argv
<LI><a href="#[e7]">&gt;&gt;</a>&nbsp;&nbsp;&nbsp;format_offset_string_print
<LI><a href="#[af]">&gt;&gt;</a>&nbsp;&nbsp;&nbsp;cmd_trim
<LI><a href="#[c1]">&gt;&gt;</a>&nbsp;&nbsp;&nbsp;cli_tab_handle
<LI><a href="#[bb]">&gt;&gt;</a>&nbsp;&nbsp;&nbsp;cli_state_collect
</UL>

<P><STRONG><a name="[76]"></a>qsort</STRONG> (Thumb, 156 bytes, Stack size 40 bytes, qsort.o(.text))
<BR><BR>[Stack]<UL><LI>Max Depth = 40 + In Cycle
<LI>Call Chain = qsort &rArr;  qsort (Cycle)
</UL>
<BR>[Calls]<UL><LI><a href="#[76]">&gt;&gt;</a>&nbsp;&nbsp;&nbsp;qsort
</UL>
<BR>[Called By]<UL><LI><a href="#[122]">&gt;&gt;</a>&nbsp;&nbsp;&nbsp;nrf_cli_instance_init
<LI><a href="#[76]">&gt;&gt;</a>&nbsp;&nbsp;&nbsp;qsort
</UL>

<P><STRONG><a name="[170]"></a>___aeabi_memcpy8$move</STRONG> (Thumb, 0 bytes, Stack size 8 bytes, memmovea.o(.text), UNUSED)

<P><STRONG><a name="[104]"></a>__aeabi_memcpy</STRONG> (Thumb, 64 bytes, Stack size 8 bytes, memmovea.o(.text))
<BR><BR>[Stack]<UL><LI>Max Depth = 8<LI>Call Chain = __aeabi_memcpy
</UL>
<BR>[Called By]<UL><LI><a href="#[103]">&gt;&gt;</a>&nbsp;&nbsp;&nbsp;memobj_op
<LI><a href="#[d1]">&gt;&gt;</a>&nbsp;&nbsp;&nbsp;nrf_ringbuf_cpy_put
<LI><a href="#[d0]">&gt;&gt;</a>&nbsp;&nbsp;&nbsp;nrf_ringbuf_cpy_get
<LI><a href="#[133]">&gt;&gt;</a>&nbsp;&nbsp;&nbsp;nrf_queue_push
<LI><a href="#[b6]">&gt;&gt;</a>&nbsp;&nbsp;&nbsp;nrf_queue_generic_pop
</UL>

<P><STRONG><a name="[c6]"></a>__aeabi_memcpy4</STRONG> (Thumb, 0 bytes, Stack size 8 bytes, memmovea.o(.text))
<BR><BR>[Stack]<UL><LI>Max Depth = 8<LI>Call Chain = __aeabi_memcpy4
</UL>
<BR>[Called By]<UL><LI><a href="#[cc]">&gt;&gt;</a>&nbsp;&nbsp;&nbsp;nrf_drv_uart_init
<LI><a href="#[30]">&gt;&gt;</a>&nbsp;&nbsp;&nbsp;main
<LI><a href="#[5a]">&gt;&gt;</a>&nbsp;&nbsp;&nbsp;cli_uart_init
<LI><a href="#[c1]">&gt;&gt;</a>&nbsp;&nbsp;&nbsp;cli_tab_handle
<LI><a href="#[136]">&gt;&gt;</a>&nbsp;&nbsp;&nbsp;uart_init
</UL>

<P><STRONG><a name="[9e]"></a>__aeabi_memmove</STRONG> (Thumb, 0 bytes, Stack size 8 bytes, memmovea.o(.text))
<BR><BR>[Stack]<UL><LI>Max Depth = 8<LI>Call Chain = __aeabi_memmove
</UL>
<BR>[Called By]<UL><LI><a href="#[b2]">&gt;&gt;</a>&nbsp;&nbsp;&nbsp;make_argv
<LI><a href="#[ca]">&gt;&gt;</a>&nbsp;&nbsp;&nbsp;completion_insert
<LI><a href="#[af]">&gt;&gt;</a>&nbsp;&nbsp;&nbsp;cmd_trim
<LI><a href="#[a7]">&gt;&gt;</a>&nbsp;&nbsp;&nbsp;char_insert
<LI><a href="#[a6]">&gt;&gt;</a>&nbsp;&nbsp;&nbsp;char_delete
<LI><a href="#[9d]">&gt;&gt;</a>&nbsp;&nbsp;&nbsp;char_backspace
</UL>

<P><STRONG><a name="[171]"></a>__aeabi_memmove4</STRONG> (Thumb, 0 bytes, Stack size 8 bytes, memmovea.o(.text), UNUSED)

<P><STRONG><a name="[172]"></a>__aeabi_memmove8</STRONG> (Thumb, 0 bytes, Stack size 8 bytes, memmovea.o(.text), UNUSED)

<P><STRONG><a name="[78]"></a>__aeabi_memset</STRONG> (Thumb, 14 bytes, Stack size 0 bytes, memseta.o(.text), UNUSED)
<BR><BR>[Called By]<UL><LI><a href="#[79]">&gt;&gt;</a>&nbsp;&nbsp;&nbsp;_memset$wrapper
<LI><a href="#[77]">&gt;&gt;</a>&nbsp;&nbsp;&nbsp;__aeabi_memclr
</UL>

<P><STRONG><a name="[173]"></a>__aeabi_memset4</STRONG> (Thumb, 0 bytes, Stack size 0 bytes, memseta.o(.text), UNUSED)

<P><STRONG><a name="[174]"></a>__aeabi_memset8</STRONG> (Thumb, 0 bytes, Stack size 0 bytes, memseta.o(.text), UNUSED)

<P><STRONG><a name="[77]"></a>__aeabi_memclr</STRONG> (Thumb, 4 bytes, Stack size 0 bytes, memseta.o(.text), UNUSED)
<BR><BR>[Calls]<UL><LI><a href="#[78]">&gt;&gt;</a>&nbsp;&nbsp;&nbsp;__aeabi_memset
</UL>

<P><STRONG><a name="[d9]"></a>__aeabi_memclr4</STRONG> (Thumb, 0 bytes, Stack size 0 bytes, memseta.o(.text))
<BR><BR>[Called By]<UL><LI><a href="#[122]">&gt;&gt;</a>&nbsp;&nbsp;&nbsp;nrf_cli_instance_init
<LI><a href="#[d8]">&gt;&gt;</a>&nbsp;&nbsp;&nbsp;cursor_position_get
<LI><a href="#[135]">&gt;&gt;</a>&nbsp;&nbsp;&nbsp;nrf_log_backend_serial_put
</UL>

<P><STRONG><a name="[175]"></a>__aeabi_memclr8</STRONG> (Thumb, 0 bytes, Stack size 0 bytes, memseta.o(.text), UNUSED)

<P><STRONG><a name="[79]"></a>_memset$wrapper</STRONG> (Thumb, 18 bytes, Stack size 8 bytes, memseta.o(.text), UNUSED)
<BR><BR>[Calls]<UL><LI><a href="#[78]">&gt;&gt;</a>&nbsp;&nbsp;&nbsp;__aeabi_memset
</UL>

<P><STRONG><a name="[c5]"></a>strlen</STRONG> (Thumb, 14 bytes, Stack size 0 bytes, strlen.o(.text))
<BR><BR>[Called By]<UL><LI><a href="#[43]">&gt;&gt;</a>&nbsp;&nbsp;&nbsp;flashwrite_write_cmd
<LI><a href="#[120]">&gt;&gt;</a>&nbsp;&nbsp;&nbsp;nrf_fprintf_fmt
<LI><a href="#[c4]">&gt;&gt;</a>&nbsp;&nbsp;&nbsp;cli_strlen
</UL>

<P><STRONG><a name="[b3]"></a>strcmp</STRONG> (Thumb, 28 bytes, Stack size 8 bytes, strcmp.o(.text))
<BR><BR>[Stack]<UL><LI>Max Depth = 8<LI>Call Chain = strcmp
</UL>
<BR>[Called By]<UL><LI><a href="#[3b]">&gt;&gt;</a>&nbsp;&nbsp;&nbsp;string_cmp
<LI><a href="#[b0]">&gt;&gt;</a>&nbsp;&nbsp;&nbsp;history_save
<LI><a href="#[b4]">&gt;&gt;</a>&nbsp;&nbsp;&nbsp;cmd_get
<LI><a href="#[c1]">&gt;&gt;</a>&nbsp;&nbsp;&nbsp;cli_tab_handle
<LI><a href="#[ae]">&gt;&gt;</a>&nbsp;&nbsp;&nbsp;cli_execute
<LI><a href="#[f4]">&gt;&gt;</a>&nbsp;&nbsp;&nbsp;nrf_cli_backend_cmd_execute
</UL>

<P><STRONG><a name="[e9]"></a>strcpy</STRONG> (Thumb, 18 bytes, Stack size 0 bytes, strcpy.o(.text))
<BR><BR>[Called By]<UL><LI><a href="#[c2]">&gt;&gt;</a>&nbsp;&nbsp;&nbsp;history_handle
</UL>

<P><STRONG><a name="[f3]"></a>strncmp</STRONG> (Thumb, 30 bytes, Stack size 12 bytes, strncmp.o(.text))
<BR><BR>[Stack]<UL><LI>Max Depth = 12<LI>Call Chain = strncmp
</UL>
<BR>[Called By]<UL><LI><a href="#[fd]">&gt;&gt;</a>&nbsp;&nbsp;&nbsp;nrf_log_init
<LI><a href="#[c7]">&gt;&gt;</a>&nbsp;&nbsp;&nbsp;is_completion_candidate
<LI><a href="#[36]">&gt;&gt;</a>&nbsp;&nbsp;&nbsp;log_ctrl
</UL>

<P><STRONG><a name="[73]"></a>__scatterload</STRONG> (Thumb, 28 bytes, Stack size 0 bytes, init.o(.text))
<BR><BR>[Calls]<UL><LI><a href="#[7a]">&gt;&gt;</a>&nbsp;&nbsp;&nbsp;__main_after_scatterload
</UL>
<BR>[Called By]<UL><LI><a href="#[72]">&gt;&gt;</a>&nbsp;&nbsp;&nbsp;_main_scatterload
</UL>

<P><STRONG><a name="[176]"></a>__scatterload_rt2</STRONG> (Thumb, 0 bytes, Stack size 0 bytes, init.o(.text), UNUSED)

<P><STRONG><a name="[177]"></a>__decompress</STRONG> (Thumb, 0 bytes, Stack size unknown bytes, __dczerorl2.o(.text), UNUSED)

<P><STRONG><a name="[178]"></a>__decompress1</STRONG> (Thumb, 86 bytes, Stack size unknown bytes, __dczerorl2.o(.text), UNUSED)

<P><STRONG><a name="[b]"></a>POWER_CLOCK_IRQHandler</STRONG> (Thumb, 82 bytes, Stack size 16 bytes, nrfx_clock.o(i.POWER_CLOCK_IRQHandler))
<BR><BR>[Stack]<UL><LI>Max Depth = 24<LI>Call Chain = POWER_CLOCK_IRQHandler &rArr; nrf_clock_event_clear
</UL>
<BR>[Calls]<UL><LI><a href="#[7c]">&gt;&gt;</a>&nbsp;&nbsp;&nbsp;nrf_clock_event_clear
<LI><a href="#[7b]">&gt;&gt;</a>&nbsp;&nbsp;&nbsp;nrf_clock_event_check
</UL>
<BR>[Address Reference Count : 1]<UL><LI> arm_startup_nrf52.o(RESET)
</UL>
<P><STRONG><a name="[1c]"></a>RTC1_IRQHandler</STRONG> (Thumb, 12 bytes, Stack size 0 bytes, drv_rtc.o(i.RTC1_IRQHandler))
<BR>[Address Reference Count : 1]<UL><LI> arm_startup_nrf52.o(RESET)
</UL>
<P><STRONG><a name="[31]"></a>SystemInit</STRONG> (Thumb, 726 bytes, Stack size 20 bytes, system_nrf52.o(i.SystemInit))
<BR><BR>[Stack]<UL><LI>Max Depth = 20<LI>Call Chain = SystemInit
</UL>
<BR>[Address Reference Count : 1]<UL><LI> arm_startup_nrf52.o(.text)
</UL>
<P><STRONG><a name="[d]"></a>UARTE0_UART0_IRQHandler</STRONG> (Thumb, 6 bytes, Stack size 0 bytes, nrfx_prs.o(i.UARTE0_UART0_IRQHandler))
<BR>[Address Reference Count : 1]<UL><LI> arm_startup_nrf52.o(RESET)
</UL>
<P><STRONG><a name="[179]"></a>__scatterload_copy</STRONG> (Thumb, 14 bytes, Stack size unknown bytes, handlers.o(i.__scatterload_copy), UNUSED)

<P><STRONG><a name="[17a]"></a>__scatterload_null</STRONG> (Thumb, 2 bytes, Stack size unknown bytes, handlers.o(i.__scatterload_null), UNUSED)

<P><STRONG><a name="[17b]"></a>__scatterload_zeroinit</STRONG> (Thumb, 14 bytes, Stack size unknown bytes, handlers.o(i.__scatterload_zeroinit), UNUSED)

<P><STRONG><a name="[7d]"></a>app_error_fault_handler</STRONG> (Thumb, 100 bytes, Stack size 0 bytes, app_error_weak.o(i.app_error_fault_handler))
<BR><BR>[Stack]<UL><LI>Max Depth = 168<LI>Call Chain = app_error_fault_handler &rArr; nrf_log_frontend_std_1 &rArr; std_n &rArr; nrf_log_frontend_dequeue &rArr;  nrf_log_frontend_std_0 (Cycle)
</UL>
<BR>[Calls]<UL><LI><a href="#[81]">&gt;&gt;</a>&nbsp;&nbsp;&nbsp;nrf_log_frontend_std_0
<LI><a href="#[7f]">&gt;&gt;</a>&nbsp;&nbsp;&nbsp;nrf_log_frontend_dequeue
<LI><a href="#[7e]">&gt;&gt;</a>&nbsp;&nbsp;&nbsp;nrf_log_panic
<LI><a href="#[80]">&gt;&gt;</a>&nbsp;&nbsp;&nbsp;nrf_log_frontend_std_1
</UL>
<BR>[Called By]<UL><LI><a href="#[82]">&gt;&gt;</a>&nbsp;&nbsp;&nbsp;app_error_handler_bare
</UL>

<P><STRONG><a name="[82]"></a>app_error_handler_bare</STRONG> (Thumb, 22 bytes, Stack size 16 bytes, app_error.o(i.app_error_handler_bare))
<BR><BR>[Stack]<UL><LI>Max Depth = 184<LI>Call Chain = app_error_handler_bare &rArr; app_error_fault_handler &rArr; nrf_log_frontend_std_1 &rArr; std_n &rArr; nrf_log_frontend_dequeue &rArr;  nrf_log_frontend_std_0 (Cycle)
</UL>
<BR>[Calls]<UL><LI><a href="#[7d]">&gt;&gt;</a>&nbsp;&nbsp;&nbsp;app_error_fault_handler
</UL>
<BR>[Called By]<UL><LI><a href="#[30]">&gt;&gt;</a>&nbsp;&nbsp;&nbsp;main
<LI><a href="#[136]">&gt;&gt;</a>&nbsp;&nbsp;&nbsp;uart_init
<LI><a href="#[3f]">&gt;&gt;</a>&nbsp;&nbsp;&nbsp;serial_tx
</UL>

<P><STRONG><a name="[83]"></a>app_timer_cnt_get</STRONG> (Thumb, 6 bytes, Stack size 0 bytes, app_timer2.o(i.app_timer_cnt_get))
<BR><BR>[Calls]<UL><LI><a href="#[84]">&gt;&gt;</a>&nbsp;&nbsp;&nbsp;drv_rtc_counter_get
</UL>
<BR>[Called By]<UL><LI><a href="#[155]">&gt;&gt;</a>&nbsp;&nbsp;&nbsp;rtc_schedule
</UL>

<P><STRONG><a name="[cd]"></a>app_timer_create</STRONG> (Thumb, 22 bytes, Stack size 0 bytes, app_timer2.o(i.app_timer_create))
<BR><BR>[Called By]<UL><LI><a href="#[5c]">&gt;&gt;</a>&nbsp;&nbsp;&nbsp;cli_uart_enable
</UL>

<P><STRONG><a name="[85]"></a>app_timer_init</STRONG> (Thumb, 70 bytes, Stack size 16 bytes, app_timer2.o(i.app_timer_init))
<BR><BR>[Stack]<UL><LI>Max Depth = 192<LI>Call Chain = app_timer_init &rArr; drv_rtc_init &rArr; nrf_log_frontend_std_0 &rArr; std_n &rArr; nrf_log_frontend_dequeue &rArr;  nrf_log_frontend_std_0 (Cycle)
</UL>
<BR>[Calls]<UL><LI><a href="#[86]">&gt;&gt;</a>&nbsp;&nbsp;&nbsp;nrf_atfifo_init
<LI><a href="#[88]">&gt;&gt;</a>&nbsp;&nbsp;&nbsp;drv_rtc_overflow_enable
<LI><a href="#[87]">&gt;&gt;</a>&nbsp;&nbsp;&nbsp;drv_rtc_init
<LI><a href="#[89]">&gt;&gt;</a>&nbsp;&nbsp;&nbsp;drv_rtc_compare_set
</UL>
<BR>[Called By]<UL><LI><a href="#[30]">&gt;&gt;</a>&nbsp;&nbsp;&nbsp;main
</UL>

<P><STRONG><a name="[8a]"></a>app_timer_start</STRONG> (Thumb, 50 bytes, Stack size 16 bytes, app_timer2.o(i.app_timer_start))
<BR><BR>[Stack]<UL><LI>Max Depth = 56<LI>Call Chain = app_timer_start &rArr; timer_req_schedule &rArr; nrf_atfifo_item_alloc
</UL>
<BR>[Calls]<UL><LI><a href="#[8c]">&gt;&gt;</a>&nbsp;&nbsp;&nbsp;timer_req_schedule
<LI><a href="#[8b]">&gt;&gt;</a>&nbsp;&nbsp;&nbsp;get_now
</UL>
<BR>[Called By]<UL><LI><a href="#[ce]">&gt;&gt;</a>&nbsp;&nbsp;&nbsp;rx_try
</UL>

<P><STRONG><a name="[8d]"></a>app_timer_stop</STRONG> (Thumb, 14 bytes, Stack size 0 bytes, app_timer2.o(i.app_timer_stop))
<BR><BR>[Stack]<UL><LI>Max Depth = 40<LI>Call Chain = app_timer_stop &rArr; timer_req_schedule &rArr; nrf_atfifo_item_alloc
</UL>
<BR>[Calls]<UL><LI><a href="#[8c]">&gt;&gt;</a>&nbsp;&nbsp;&nbsp;timer_req_schedule
</UL>
<BR>[Called By]<UL><LI><a href="#[5b]">&gt;&gt;</a>&nbsp;&nbsp;&nbsp;cli_uart_uninit
<LI><a href="#[5c]">&gt;&gt;</a>&nbsp;&nbsp;&nbsp;cli_uart_enable
</UL>

<P><STRONG><a name="[8e]"></a>app_util_critical_region_enter</STRONG> (Thumb, 4 bytes, Stack size 0 bytes, app_util_platform.o(i.app_util_critical_region_enter))
<BR><BR>[Calls]<UL><LI><a href="#[8f]">&gt;&gt;</a>&nbsp;&nbsp;&nbsp;app_util_disable_irq
</UL>
<BR>[Called By]<UL><LI><a href="#[7f]">&gt;&gt;</a>&nbsp;&nbsp;&nbsp;nrf_log_frontend_dequeue
<LI><a href="#[ff]">&gt;&gt;</a>&nbsp;&nbsp;&nbsp;nrf_drv_clock_lfclk_request
<LI><a href="#[143]">&gt;&gt;</a>&nbsp;&nbsp;&nbsp;nrfx_prs_acquire
<LI><a href="#[133]">&gt;&gt;</a>&nbsp;&nbsp;&nbsp;nrf_queue_push
<LI><a href="#[b6]">&gt;&gt;</a>&nbsp;&nbsp;&nbsp;nrf_queue_generic_pop
<LI><a href="#[11a]">&gt;&gt;</a>&nbsp;&nbsp;&nbsp;nrf_balloc_free
<LI><a href="#[119]">&gt;&gt;</a>&nbsp;&nbsp;&nbsp;nrf_balloc_alloc
<LI><a href="#[98]">&gt;&gt;</a>&nbsp;&nbsp;&nbsp;buf_prealloc
<LI><a href="#[140]">&gt;&gt;</a>&nbsp;&nbsp;&nbsp;nrf_queue_utilization_get
</UL>

<P><STRONG><a name="[90]"></a>app_util_critical_region_exit</STRONG> (Thumb, 4 bytes, Stack size 0 bytes, app_util_platform.o(i.app_util_critical_region_exit))
<BR><BR>[Calls]<UL><LI><a href="#[91]">&gt;&gt;</a>&nbsp;&nbsp;&nbsp;app_util_enable_irq
</UL>
<BR>[Called By]<UL><LI><a href="#[7f]">&gt;&gt;</a>&nbsp;&nbsp;&nbsp;nrf_log_frontend_dequeue
<LI><a href="#[ff]">&gt;&gt;</a>&nbsp;&nbsp;&nbsp;nrf_drv_clock_lfclk_request
<LI><a href="#[143]">&gt;&gt;</a>&nbsp;&nbsp;&nbsp;nrfx_prs_acquire
<LI><a href="#[133]">&gt;&gt;</a>&nbsp;&nbsp;&nbsp;nrf_queue_push
<LI><a href="#[b6]">&gt;&gt;</a>&nbsp;&nbsp;&nbsp;nrf_queue_generic_pop
<LI><a href="#[11a]">&gt;&gt;</a>&nbsp;&nbsp;&nbsp;nrf_balloc_free
<LI><a href="#[119]">&gt;&gt;</a>&nbsp;&nbsp;&nbsp;nrf_balloc_alloc
<LI><a href="#[98]">&gt;&gt;</a>&nbsp;&nbsp;&nbsp;buf_prealloc
<LI><a href="#[140]">&gt;&gt;</a>&nbsp;&nbsp;&nbsp;nrf_queue_utilization_get
</UL>

<P><STRONG><a name="[8f]"></a>app_util_disable_irq</STRONG> (Thumb, 12 bytes, Stack size 0 bytes, app_util_platform.o(i.app_util_disable_irq))
<BR><BR>[Called By]<UL><LI><a href="#[8e]">&gt;&gt;</a>&nbsp;&nbsp;&nbsp;app_util_critical_region_enter
</UL>

<P><STRONG><a name="[91]"></a>app_util_enable_irq</STRONG> (Thumb, 14 bytes, Stack size 0 bytes, app_util_platform.o(i.app_util_enable_irq))
<BR><BR>[Called By]<UL><LI><a href="#[90]">&gt;&gt;</a>&nbsp;&nbsp;&nbsp;app_util_critical_region_exit
</UL>

<P><STRONG><a name="[137]"></a>buffer_is_empty</STRONG> (Thumb, 16 bytes, Stack size 0 bytes, nrf_log_frontend.o(i.buffer_is_empty))
<BR><BR>[Called By]<UL><LI><a href="#[7f]">&gt;&gt;</a>&nbsp;&nbsp;&nbsp;nrf_log_frontend_dequeue
</UL>

<P><STRONG><a name="[156]"></a>drv_rtc_compare_disable</STRONG> (Thumb, 20 bytes, Stack size 0 bytes, drv_rtc.o(i.drv_rtc_compare_disable))
<BR><BR>[Called By]<UL><LI><a href="#[155]">&gt;&gt;</a>&nbsp;&nbsp;&nbsp;rtc_schedule
</UL>

<P><STRONG><a name="[dc]"></a>drv_rtc_compare_pending</STRONG> (Thumb, 14 bytes, Stack size 0 bytes, drv_rtc.o(i.drv_rtc_compare_pending))
<BR><BR>[Stack]<UL><LI>Max Depth = 16<LI>Call Chain = drv_rtc_compare_pending &rArr; evt_pending &rArr; nrf_rtc_event_clear
</UL>
<BR>[Calls]<UL><LI><a href="#[dd]">&gt;&gt;</a>&nbsp;&nbsp;&nbsp;evt_pending
</UL>
<BR>[Called By]<UL><LI><a href="#[33]">&gt;&gt;</a>&nbsp;&nbsp;&nbsp;rtc_irq
</UL>

<P><STRONG><a name="[89]"></a>drv_rtc_compare_set</STRONG> (Thumb, 80 bytes, Stack size 24 bytes, drv_rtc.o(i.drv_rtc_compare_set))
<BR><BR>[Stack]<UL><LI>Max Depth = 32<LI>Call Chain = drv_rtc_compare_set &rArr; nrf_rtc_event_clear
</UL>
<BR>[Calls]<UL><LI><a href="#[de]">&gt;&gt;</a>&nbsp;&nbsp;&nbsp;nrf_rtc_event_clear
</UL>
<BR>[Called By]<UL><LI><a href="#[85]">&gt;&gt;</a>&nbsp;&nbsp;&nbsp;app_timer_init
</UL>

<P><STRONG><a name="[84]"></a>drv_rtc_counter_get</STRONG> (Thumb, 8 bytes, Stack size 0 bytes, drv_rtc.o(i.drv_rtc_counter_get))
<BR><BR>[Called By]<UL><LI><a href="#[83]">&gt;&gt;</a>&nbsp;&nbsp;&nbsp;app_timer_cnt_get
<LI><a href="#[8b]">&gt;&gt;</a>&nbsp;&nbsp;&nbsp;get_now
</UL>

<P><STRONG><a name="[87]"></a>drv_rtc_init</STRONG> (Thumb, 156 bytes, Stack size 16 bytes, drv_rtc.o(i.drv_rtc_init))
<BR><BR>[Stack]<UL><LI>Max Depth = 176<LI>Call Chain = drv_rtc_init &rArr; nrf_log_frontend_std_0 &rArr; std_n &rArr; nrf_log_frontend_dequeue &rArr;  nrf_log_frontend_std_0 (Cycle)
</UL>
<BR>[Calls]<UL><LI><a href="#[81]">&gt;&gt;</a>&nbsp;&nbsp;&nbsp;nrf_log_frontend_std_0
</UL>
<BR>[Called By]<UL><LI><a href="#[85]">&gt;&gt;</a>&nbsp;&nbsp;&nbsp;app_timer_init
</UL>

<P><STRONG><a name="[160]"></a>drv_rtc_irq_trigger</STRONG> (Thumb, 26 bytes, Stack size 0 bytes, drv_rtc.o(i.drv_rtc_irq_trigger))
<BR><BR>[Called By]<UL><LI><a href="#[8c]">&gt;&gt;</a>&nbsp;&nbsp;&nbsp;timer_req_schedule
</UL>

<P><STRONG><a name="[88]"></a>drv_rtc_overflow_enable</STRONG> (Thumb, 8 bytes, Stack size 0 bytes, drv_rtc.o(i.drv_rtc_overflow_enable))
<BR><BR>[Calls]<UL><LI><a href="#[df]">&gt;&gt;</a>&nbsp;&nbsp;&nbsp;evt_enable
</UL>
<BR>[Called By]<UL><LI><a href="#[85]">&gt;&gt;</a>&nbsp;&nbsp;&nbsp;app_timer_init
</UL>

<P><STRONG><a name="[e0]"></a>drv_rtc_overflow_pending</STRONG> (Thumb, 8 bytes, Stack size 0 bytes, drv_rtc.o(i.drv_rtc_overflow_pending))
<BR><BR>[Stack]<UL><LI>Max Depth = 16<LI>Call Chain = drv_rtc_overflow_pending &rArr; evt_pending &rArr; nrf_rtc_event_clear
</UL>
<BR>[Calls]<UL><LI><a href="#[dd]">&gt;&gt;</a>&nbsp;&nbsp;&nbsp;evt_pending
</UL>
<BR>[Called By]<UL><LI><a href="#[33]">&gt;&gt;</a>&nbsp;&nbsp;&nbsp;rtc_irq
</UL>

<P><STRONG><a name="[15b]"></a>drv_rtc_start</STRONG> (Thumb, 8 bytes, Stack size 0 bytes, drv_rtc.o(i.drv_rtc_start))
<BR><BR>[Called By]<UL><LI><a href="#[154]">&gt;&gt;</a>&nbsp;&nbsp;&nbsp;rtc_update
</UL>

<P><STRONG><a name="[15a]"></a>drv_rtc_stop</STRONG> (Thumb, 8 bytes, Stack size 0 bytes, drv_rtc.o(i.drv_rtc_stop))
<BR><BR>[Called By]<UL><LI><a href="#[154]">&gt;&gt;</a>&nbsp;&nbsp;&nbsp;rtc_update
</UL>

<P><STRONG><a name="[e1]"></a>drv_rtc_windowed_compare_set</STRONG> (Thumb, 222 bytes, Stack size 40 bytes, drv_rtc.o(i.drv_rtc_windowed_compare_set))
<BR><BR>[Stack]<UL><LI>Max Depth = 48<LI>Call Chain = drv_rtc_windowed_compare_set &rArr; nrf_rtc_event_clear
</UL>
<BR>[Calls]<UL><LI><a href="#[e2]">&gt;&gt;</a>&nbsp;&nbsp;&nbsp;nrfx_coredep_delay_us
<LI><a href="#[de]">&gt;&gt;</a>&nbsp;&nbsp;&nbsp;nrf_rtc_event_clear
<LI><a href="#[df]">&gt;&gt;</a>&nbsp;&nbsp;&nbsp;evt_enable
</UL>
<BR>[Called By]<UL><LI><a href="#[155]">&gt;&gt;</a>&nbsp;&nbsp;&nbsp;rtc_schedule
</UL>

<P><STRONG><a name="[30]"></a>main</STRONG> (Thumb, 174 bytes, Stack size 40 bytes, main.o(i.main))
<BR><BR>[Stack]<UL><LI>Max Depth = 528<LI>Call Chain = main &rArr; nrf_cli_process &rArr; cli_state_collect &rArr; cli_tab_handle &rArr; option_print &rArr; nrf_cli_fprintf &rArr; vt100_color_set &rArr; nrf_fprintf &rArr; nrf_fprintf_fmt &rArr; int_print &rArr; unsigned_print &rArr; buffer_add &rArr;  buffer_add (Cycle)
</UL>
<BR>[Calls]<UL><LI><a href="#[fd]">&gt;&gt;</a>&nbsp;&nbsp;&nbsp;nrf_log_init
<LI><a href="#[81]">&gt;&gt;</a>&nbsp;&nbsp;&nbsp;nrf_log_frontend_std_0
<LI><a href="#[7f]">&gt;&gt;</a>&nbsp;&nbsp;&nbsp;nrf_log_frontend_dequeue
<LI><a href="#[ff]">&gt;&gt;</a>&nbsp;&nbsp;&nbsp;nrf_drv_clock_lfclk_request
<LI><a href="#[fe]">&gt;&gt;</a>&nbsp;&nbsp;&nbsp;nrf_drv_clock_init
<LI><a href="#[101]">&gt;&gt;</a>&nbsp;&nbsp;&nbsp;nrf_cli_start
<LI><a href="#[102]">&gt;&gt;</a>&nbsp;&nbsp;&nbsp;nrf_cli_process
<LI><a href="#[100]">&gt;&gt;</a>&nbsp;&nbsp;&nbsp;nrf_cli_init
<LI><a href="#[85]">&gt;&gt;</a>&nbsp;&nbsp;&nbsp;app_timer_init
<LI><a href="#[82]">&gt;&gt;</a>&nbsp;&nbsp;&nbsp;app_error_handler_bare
<LI><a href="#[e3]">&gt;&gt;</a>&nbsp;&nbsp;&nbsp;flash_page_init
<LI><a href="#[c6]">&gt;&gt;</a>&nbsp;&nbsp;&nbsp;__aeabi_memcpy4
</UL>
<BR>[Address Reference Count : 1]<UL><LI> entry9a.o(.ARM.Collect$$$$0000000B)
</UL>
<P><STRONG><a name="[86]"></a>nrf_atfifo_init</STRONG> (Thumb, 38 bytes, Stack size 8 bytes, nrf_atfifo.o(i.nrf_atfifo_init))
<BR><BR>[Stack]<UL><LI>Max Depth = 8<LI>Call Chain = nrf_atfifo_init
</UL>
<BR>[Called By]<UL><LI><a href="#[85]">&gt;&gt;</a>&nbsp;&nbsp;&nbsp;app_timer_init
</UL>

<P><STRONG><a name="[107]"></a>nrf_atfifo_item_alloc</STRONG> (Thumb, 22 bytes, Stack size 16 bytes, nrf_atfifo.o(i.nrf_atfifo_item_alloc))
<BR><BR>[Stack]<UL><LI>Max Depth = 16<LI>Call Chain = nrf_atfifo_item_alloc
</UL>
<BR>[Calls]<UL><LI><a href="#[108]">&gt;&gt;</a>&nbsp;&nbsp;&nbsp;__asm___12_nrf_atfifo_c_51f461e1__nrf_atfifo_wspace_req
</UL>
<BR>[Called By]<UL><LI><a href="#[8c]">&gt;&gt;</a>&nbsp;&nbsp;&nbsp;timer_req_schedule
</UL>

<P><STRONG><a name="[109]"></a>nrf_atfifo_item_free</STRONG> (Thumb, 22 bytes, Stack size 8 bytes, nrf_atfifo.o(i.nrf_atfifo_item_free))
<BR><BR>[Stack]<UL><LI>Max Depth = 8<LI>Call Chain = nrf_atfifo_item_free
</UL>
<BR>[Calls]<UL><LI><a href="#[75]">&gt;&gt;</a>&nbsp;&nbsp;&nbsp;__asm___12_nrf_atfifo_c_51f461e1__nrf_atfifo_rspace_close
</UL>
<BR>[Called By]<UL><LI><a href="#[153]">&gt;&gt;</a>&nbsp;&nbsp;&nbsp;timer_req_process
</UL>

<P><STRONG><a name="[10a]"></a>nrf_atfifo_item_get</STRONG> (Thumb, 22 bytes, Stack size 16 bytes, nrf_atfifo.o(i.nrf_atfifo_item_get))
<BR><BR>[Stack]<UL><LI>Max Depth = 16<LI>Call Chain = nrf_atfifo_item_get
</UL>
<BR>[Calls]<UL><LI><a href="#[10b]">&gt;&gt;</a>&nbsp;&nbsp;&nbsp;__asm___12_nrf_atfifo_c_51f461e1__nrf_atfifo_rspace_req
</UL>
<BR>[Called By]<UL><LI><a href="#[153]">&gt;&gt;</a>&nbsp;&nbsp;&nbsp;timer_req_process
</UL>

<P><STRONG><a name="[10c]"></a>nrf_atfifo_item_put</STRONG> (Thumb, 22 bytes, Stack size 8 bytes, nrf_atfifo.o(i.nrf_atfifo_item_put))
<BR><BR>[Stack]<UL><LI>Max Depth = 8<LI>Call Chain = nrf_atfifo_item_put
</UL>
<BR>[Calls]<UL><LI><a href="#[74]">&gt;&gt;</a>&nbsp;&nbsp;&nbsp;__asm___12_nrf_atfifo_c_51f461e1__nrf_atfifo_wspace_close
</UL>
<BR>[Called By]<UL><LI><a href="#[8c]">&gt;&gt;</a>&nbsp;&nbsp;&nbsp;timer_req_schedule
</UL>

<P><STRONG><a name="[10d]"></a>nrf_atomic_flag_clear</STRONG> (Thumb, 6 bytes, Stack size 0 bytes, nrf_atomic.o(i.nrf_atomic_flag_clear))
<BR><BR>[Stack]<UL><LI>Max Depth = 8<LI>Call Chain = nrf_atomic_flag_clear &rArr; nrf_atomic_u32_and
</UL>
<BR>[Calls]<UL><LI><a href="#[10e]">&gt;&gt;</a>&nbsp;&nbsp;&nbsp;nrf_atomic_u32_and
</UL>
<BR>[Called By]<UL><LI><a href="#[d4]">&gt;&gt;</a>&nbsp;&nbsp;&nbsp;nrf_ringbuf_get
<LI><a href="#[d6]">&gt;&gt;</a>&nbsp;&nbsp;&nbsp;nrf_ringbuf_free
<LI><a href="#[d1]">&gt;&gt;</a>&nbsp;&nbsp;&nbsp;nrf_ringbuf_cpy_put
<LI><a href="#[d0]">&gt;&gt;</a>&nbsp;&nbsp;&nbsp;nrf_ringbuf_cpy_get
<LI><a href="#[141]">&gt;&gt;</a>&nbsp;&nbsp;&nbsp;nrf_ringbuf_alloc
</UL>

<P><STRONG><a name="[fb]"></a>nrf_atomic_flag_clear_fetch</STRONG> (Thumb, 6 bytes, Stack size 0 bytes, nrf_atomic.o(i.nrf_atomic_flag_clear_fetch))
<BR><BR>[Stack]<UL><LI>Max Depth = 8<LI>Call Chain = nrf_atomic_flag_clear_fetch &rArr; nrf_atomic_u32_fetch_and
</UL>
<BR>[Calls]<UL><LI><a href="#[10f]">&gt;&gt;</a>&nbsp;&nbsp;&nbsp;nrf_atomic_u32_fetch_and
</UL>
<BR>[Called By]<UL><LI><a href="#[142]">&gt;&gt;</a>&nbsp;&nbsp;&nbsp;nrf_ringbuf_put
<LI><a href="#[9a]">&gt;&gt;</a>&nbsp;&nbsp;&nbsp;log_skip
</UL>

<P><STRONG><a name="[f9]"></a>nrf_atomic_flag_set</STRONG> (Thumb, 6 bytes, Stack size 0 bytes, nrf_atomic.o(i.nrf_atomic_flag_set))
<BR><BR>[Stack]<UL><LI>Max Depth = 8<LI>Call Chain = nrf_atomic_flag_set &rArr; nrf_atomic_u32_or
</UL>
<BR>[Calls]<UL><LI><a href="#[110]">&gt;&gt;</a>&nbsp;&nbsp;&nbsp;nrf_atomic_u32_or
</UL>
<BR>[Called By]<UL><LI><a href="#[9a]">&gt;&gt;</a>&nbsp;&nbsp;&nbsp;log_skip
</UL>

<P><STRONG><a name="[111]"></a>nrf_atomic_flag_set_fetch</STRONG> (Thumb, 6 bytes, Stack size 0 bytes, nrf_atomic.o(i.nrf_atomic_flag_set_fetch))
<BR><BR>[Stack]<UL><LI>Max Depth = 8<LI>Call Chain = nrf_atomic_flag_set_fetch &rArr; nrf_atomic_u32_fetch_or
</UL>
<BR>[Calls]<UL><LI><a href="#[112]">&gt;&gt;</a>&nbsp;&nbsp;&nbsp;nrf_atomic_u32_fetch_or
</UL>
<BR>[Called By]<UL><LI><a href="#[d4]">&gt;&gt;</a>&nbsp;&nbsp;&nbsp;nrf_ringbuf_get
<LI><a href="#[d1]">&gt;&gt;</a>&nbsp;&nbsp;&nbsp;nrf_ringbuf_cpy_put
<LI><a href="#[d0]">&gt;&gt;</a>&nbsp;&nbsp;&nbsp;nrf_ringbuf_cpy_get
<LI><a href="#[141]">&gt;&gt;</a>&nbsp;&nbsp;&nbsp;nrf_ringbuf_alloc
</UL>

<P><STRONG><a name="[99]"></a>nrf_atomic_u32_add</STRONG> (Thumb, 12 bytes, Stack size 8 bytes, nrf_atomic.o(i.nrf_atomic_u32_add))
<BR><BR>[Stack]<UL><LI>Max Depth = 8<LI>Call Chain = nrf_atomic_u32_add
</UL>
<BR>[Calls]<UL><LI><a href="#[113]">&gt;&gt;</a>&nbsp;&nbsp;&nbsp;__asm___12_nrf_atomic_c_85ca2469__nrf_atomic_internal_add
</UL>
<BR>[Called By]<UL><LI><a href="#[134]">&gt;&gt;</a>&nbsp;&nbsp;&nbsp;nrf_memobj_get
<LI><a href="#[98]">&gt;&gt;</a>&nbsp;&nbsp;&nbsp;buf_prealloc
</UL>

<P><STRONG><a name="[10e]"></a>nrf_atomic_u32_and</STRONG> (Thumb, 12 bytes, Stack size 8 bytes, nrf_atomic.o(i.nrf_atomic_u32_and))
<BR><BR>[Stack]<UL><LI>Max Depth = 8<LI>Call Chain = nrf_atomic_u32_and
</UL>
<BR>[Calls]<UL><LI><a href="#[114]">&gt;&gt;</a>&nbsp;&nbsp;&nbsp;__asm___12_nrf_atomic_c_85ca2469__nrf_atomic_internal_and
</UL>
<BR>[Called By]<UL><LI><a href="#[102]">&gt;&gt;</a>&nbsp;&nbsp;&nbsp;nrf_cli_process
<LI><a href="#[10d]">&gt;&gt;</a>&nbsp;&nbsp;&nbsp;nrf_atomic_flag_clear
</UL>

<P><STRONG><a name="[10f]"></a>nrf_atomic_u32_fetch_and</STRONG> (Thumb, 10 bytes, Stack size 8 bytes, nrf_atomic.o(i.nrf_atomic_u32_fetch_and))
<BR><BR>[Stack]<UL><LI>Max Depth = 8<LI>Call Chain = nrf_atomic_u32_fetch_and
</UL>
<BR>[Calls]<UL><LI><a href="#[114]">&gt;&gt;</a>&nbsp;&nbsp;&nbsp;__asm___12_nrf_atomic_c_85ca2469__nrf_atomic_internal_and
</UL>
<BR>[Called By]<UL><LI><a href="#[fb]">&gt;&gt;</a>&nbsp;&nbsp;&nbsp;nrf_atomic_flag_clear_fetch
</UL>

<P><STRONG><a name="[112]"></a>nrf_atomic_u32_fetch_or</STRONG> (Thumb, 10 bytes, Stack size 8 bytes, nrf_atomic.o(i.nrf_atomic_u32_fetch_or))
<BR><BR>[Stack]<UL><LI>Max Depth = 8<LI>Call Chain = nrf_atomic_u32_fetch_or
</UL>
<BR>[Calls]<UL><LI><a href="#[115]">&gt;&gt;</a>&nbsp;&nbsp;&nbsp;__asm___12_nrf_atomic_c_85ca2469__nrf_atomic_internal_orr
</UL>
<BR>[Called By]<UL><LI><a href="#[111]">&gt;&gt;</a>&nbsp;&nbsp;&nbsp;nrf_atomic_flag_set_fetch
</UL>

<P><STRONG><a name="[db]"></a>nrf_atomic_u32_fetch_store</STRONG> (Thumb, 10 bytes, Stack size 8 bytes, nrf_atomic.o(i.nrf_atomic_u32_fetch_store))
<BR><BR>[Stack]<UL><LI>Max Depth = 8<LI>Call Chain = nrf_atomic_u32_fetch_store
</UL>
<BR>[Calls]<UL><LI><a href="#[116]">&gt;&gt;</a>&nbsp;&nbsp;&nbsp;__asm___12_nrf_atomic_c_85ca2469__nrf_atomic_internal_mov
</UL>
<BR>[Called By]<UL><LI><a href="#[da]">&gt;&gt;</a>&nbsp;&nbsp;&nbsp;dropped_sat16_get
</UL>

<P><STRONG><a name="[110]"></a>nrf_atomic_u32_or</STRONG> (Thumb, 12 bytes, Stack size 8 bytes, nrf_atomic.o(i.nrf_atomic_u32_or))
<BR><BR>[Stack]<UL><LI>Max Depth = 8<LI>Call Chain = nrf_atomic_u32_or
</UL>
<BR>[Calls]<UL><LI><a href="#[115]">&gt;&gt;</a>&nbsp;&nbsp;&nbsp;__asm___12_nrf_atomic_c_85ca2469__nrf_atomic_internal_orr
</UL>
<BR>[Called By]<UL><LI><a href="#[102]">&gt;&gt;</a>&nbsp;&nbsp;&nbsp;nrf_cli_process
<LI><a href="#[f9]">&gt;&gt;</a>&nbsp;&nbsp;&nbsp;nrf_atomic_flag_set
</UL>

<P><STRONG><a name="[117]"></a>nrf_atomic_u32_sub</STRONG> (Thumb, 12 bytes, Stack size 8 bytes, nrf_atomic.o(i.nrf_atomic_u32_sub))
<BR><BR>[Stack]<UL><LI>Max Depth = 8<LI>Call Chain = nrf_atomic_u32_sub
</UL>
<BR>[Calls]<UL><LI><a href="#[118]">&gt;&gt;</a>&nbsp;&nbsp;&nbsp;__asm___12_nrf_atomic_c_85ca2469__nrf_atomic_internal_sub
</UL>
<BR>[Called By]<UL><LI><a href="#[b7]">&gt;&gt;</a>&nbsp;&nbsp;&nbsp;nrf_memobj_put
</UL>

<P><STRONG><a name="[119]"></a>nrf_balloc_alloc</STRONG> (Thumb, 62 bytes, Stack size 16 bytes, nrf_balloc.o(i.nrf_balloc_alloc))
<BR><BR>[Stack]<UL><LI>Max Depth = 16<LI>Call Chain = nrf_balloc_alloc
</UL>
<BR>[Calls]<UL><LI><a href="#[90]">&gt;&gt;</a>&nbsp;&nbsp;&nbsp;app_util_critical_region_exit
<LI><a href="#[8e]">&gt;&gt;</a>&nbsp;&nbsp;&nbsp;app_util_critical_region_enter
</UL>
<BR>[Called By]<UL><LI><a href="#[ee]">&gt;&gt;</a>&nbsp;&nbsp;&nbsp;nrf_memobj_alloc
</UL>

<P><STRONG><a name="[11a]"></a>nrf_balloc_free</STRONG> (Thumb, 42 bytes, Stack size 16 bytes, nrf_balloc.o(i.nrf_balloc_free))
<BR><BR>[Stack]<UL><LI>Max Depth = 16<LI>Call Chain = nrf_balloc_free
</UL>
<BR>[Calls]<UL><LI><a href="#[90]">&gt;&gt;</a>&nbsp;&nbsp;&nbsp;app_util_critical_region_exit
<LI><a href="#[8e]">&gt;&gt;</a>&nbsp;&nbsp;&nbsp;app_util_critical_region_enter
</UL>
<BR>[Called By]<UL><LI><a href="#[ed]">&gt;&gt;</a>&nbsp;&nbsp;&nbsp;nrf_memobj_free
</UL>

<P><STRONG><a name="[13b]"></a>nrf_balloc_init</STRONG> (Thumb, 48 bytes, Stack size 8 bytes, nrf_balloc.o(i.nrf_balloc_init))
<BR><BR>[Stack]<UL><LI>Max Depth = 8<LI>Call Chain = nrf_balloc_init
</UL>
<BR>[Called By]<UL><LI><a href="#[124]">&gt;&gt;</a>&nbsp;&nbsp;&nbsp;nrf_memobj_pool_init
</UL>

<P><STRONG><a name="[54]"></a>nrf_cli_cmd_cli_stats</STRONG> (Thumb, 70 bytes, Stack size 16 bytes, nrf_cli.o(i.nrf_cli_cmd_cli_stats))
<BR><BR>[Stack]<UL><LI>Max Depth = 328<LI>Call Chain = nrf_cli_cmd_cli_stats &rArr; nrf_cli_build_in_cmd_common_executed &rArr; nrf_cli_help_print &rArr; nrf_cli_fprintf &rArr; vt100_color_set &rArr; nrf_fprintf &rArr; nrf_fprintf_fmt &rArr; int_print &rArr; unsigned_print &rArr; buffer_add &rArr;  buffer_add (Cycle)
</UL>
<BR>[Calls]<UL><LI><a href="#[e5]">&gt;&gt;</a>&nbsp;&nbsp;&nbsp;nrf_cli_help_print
<LI><a href="#[a1]">&gt;&gt;</a>&nbsp;&nbsp;&nbsp;nrf_cli_fprintf
<LI><a href="#[11b]">&gt;&gt;</a>&nbsp;&nbsp;&nbsp;nrf_cli_build_in_cmd_common_executed
</UL>
<BR>[Address Reference Count : 1]<UL><LI> nrf_cli.o(.constdata)
</UL>
<P><STRONG><a name="[50]"></a>nrf_cli_cmd_cli_stats_reset</STRONG> (Thumb, 48 bytes, Stack size 8 bytes, nrf_cli.o(i.nrf_cli_cmd_cli_stats_reset))
<BR><BR>[Stack]<UL><LI>Max Depth = 320<LI>Call Chain = nrf_cli_cmd_cli_stats_reset &rArr; nrf_cli_build_in_cmd_common_executed &rArr; nrf_cli_help_print &rArr; nrf_cli_fprintf &rArr; vt100_color_set &rArr; nrf_fprintf &rArr; nrf_fprintf_fmt &rArr; int_print &rArr; unsigned_print &rArr; buffer_add &rArr;  buffer_add (Cycle)
</UL>
<BR>[Calls]<UL><LI><a href="#[11c]">&gt;&gt;</a>&nbsp;&nbsp;&nbsp;nrf_queue_max_utilization_reset
<LI><a href="#[11b]">&gt;&gt;</a>&nbsp;&nbsp;&nbsp;nrf_cli_build_in_cmd_common_executed
</UL>
<BR>[Address Reference Count : 1]<UL><LI> nrf_cli.o(.constdata)
</UL>
<P><STRONG><a name="[51]"></a>nrf_cli_cmd_cli_stats_show</STRONG> (Thumb, 78 bytes, Stack size 24 bytes, nrf_cli.o(i.nrf_cli_cmd_cli_stats_show))
<BR><BR>[Stack]<UL><LI>Max Depth = 336<LI>Call Chain = nrf_cli_cmd_cli_stats_show &rArr; nrf_cli_build_in_cmd_common_executed &rArr; nrf_cli_help_print &rArr; nrf_cli_fprintf &rArr; vt100_color_set &rArr; nrf_fprintf &rArr; nrf_fprintf_fmt &rArr; int_print &rArr; unsigned_print &rArr; buffer_add &rArr;  buffer_add (Cycle)
</UL>
<BR>[Calls]<UL><LI><a href="#[a1]">&gt;&gt;</a>&nbsp;&nbsp;&nbsp;nrf_cli_fprintf
<LI><a href="#[11d]">&gt;&gt;</a>&nbsp;&nbsp;&nbsp;nrf_queue_max_utilization_get
<LI><a href="#[11b]">&gt;&gt;</a>&nbsp;&nbsp;&nbsp;nrf_cli_build_in_cmd_common_executed
</UL>
<BR>[Address Reference Count : 1]<UL><LI> nrf_cli.o(.constdata)
</UL>
<P><STRONG><a name="[a1]"></a>nrf_cli_fprintf</STRONG> (Thumb, 80 bytes, Stack size 32 bytes, nrf_cli.o(i.nrf_cli_fprintf))
<BR><BR>[Stack]<UL><LI>Max Depth = 224<LI>Call Chain = nrf_cli_fprintf &rArr; vt100_color_set &rArr; nrf_fprintf &rArr; nrf_fprintf_fmt &rArr; int_print &rArr; unsigned_print &rArr; buffer_add &rArr;  buffer_add (Cycle)
</UL>
<BR>[Calls]<UL><LI><a href="#[120]">&gt;&gt;</a>&nbsp;&nbsp;&nbsp;nrf_fprintf_fmt
<LI><a href="#[11f]">&gt;&gt;</a>&nbsp;&nbsp;&nbsp;vt100_color_set
<LI><a href="#[121]">&gt;&gt;</a>&nbsp;&nbsp;&nbsp;vt100_bgcolor_set
</UL>
<BR>[Called By]<UL><LI><a href="#[102]">&gt;&gt;</a>&nbsp;&nbsp;&nbsp;nrf_cli_process
<LI><a href="#[e5]">&gt;&gt;</a>&nbsp;&nbsp;&nbsp;nrf_cli_help_print
<LI><a href="#[43]">&gt;&gt;</a>&nbsp;&nbsp;&nbsp;flashwrite_write_cmd
<LI><a href="#[42]">&gt;&gt;</a>&nbsp;&nbsp;&nbsp;flashwrite_read_cmd
<LI><a href="#[44]">&gt;&gt;</a>&nbsp;&nbsp;&nbsp;flashwrite_cmd
<LI><a href="#[51]">&gt;&gt;</a>&nbsp;&nbsp;&nbsp;nrf_cli_cmd_cli_stats_show
<LI><a href="#[54]">&gt;&gt;</a>&nbsp;&nbsp;&nbsp;nrf_cli_cmd_cli_stats
<LI><a href="#[c8]">&gt;&gt;</a>&nbsp;&nbsp;&nbsp;option_print
<LI><a href="#[59]">&gt;&gt;</a>&nbsp;&nbsp;&nbsp;nrf_cli_cmd_resize
<LI><a href="#[58]">&gt;&gt;</a>&nbsp;&nbsp;&nbsp;nrf_cli_cmd_history
<LI><a href="#[53]">&gt;&gt;</a>&nbsp;&nbsp;&nbsp;nrf_cli_cmd_echo
<LI><a href="#[52]">&gt;&gt;</a>&nbsp;&nbsp;&nbsp;nrf_cli_cmd_colors
<LI><a href="#[57]">&gt;&gt;</a>&nbsp;&nbsp;&nbsp;nrf_cli_cmd_cli
<LI><a href="#[11b]">&gt;&gt;</a>&nbsp;&nbsp;&nbsp;nrf_cli_build_in_cmd_common_executed
<LI><a href="#[c2]">&gt;&gt;</a>&nbsp;&nbsp;&nbsp;history_handle
<LI><a href="#[ca]">&gt;&gt;</a>&nbsp;&nbsp;&nbsp;completion_insert
<LI><a href="#[c1]">&gt;&gt;</a>&nbsp;&nbsp;&nbsp;cli_tab_handle
<LI><a href="#[be]">&gt;&gt;</a>&nbsp;&nbsp;&nbsp;cli_state_set
<LI><a href="#[b5]">&gt;&gt;</a>&nbsp;&nbsp;&nbsp;cli_log_entry_process
<LI><a href="#[ae]">&gt;&gt;</a>&nbsp;&nbsp;&nbsp;cli_execute
<LI><a href="#[a7]">&gt;&gt;</a>&nbsp;&nbsp;&nbsp;char_insert
<LI><a href="#[a6]">&gt;&gt;</a>&nbsp;&nbsp;&nbsp;char_delete
<LI><a href="#[9d]">&gt;&gt;</a>&nbsp;&nbsp;&nbsp;char_backspace
<LI><a href="#[48]">&gt;&gt;</a>&nbsp;&nbsp;&nbsp;nrf_balloc_status
<LI><a href="#[f4]">&gt;&gt;</a>&nbsp;&nbsp;&nbsp;nrf_cli_backend_cmd_execute
<LI><a href="#[39]">&gt;&gt;</a>&nbsp;&nbsp;&nbsp;log_status
<LI><a href="#[36]">&gt;&gt;</a>&nbsp;&nbsp;&nbsp;log_ctrl
<LI><a href="#[6b]">&gt;&gt;</a>&nbsp;&nbsp;&nbsp;log_config_store_cmd
<LI><a href="#[6a]">&gt;&gt;</a>&nbsp;&nbsp;&nbsp;log_config_load_cmd
<LI><a href="#[6f]">&gt;&gt;</a>&nbsp;&nbsp;&nbsp;log_cmd_backends_list
<LI><a href="#[71]">&gt;&gt;</a>&nbsp;&nbsp;&nbsp;log_cmd
<LI><a href="#[5f]">&gt;&gt;</a>&nbsp;&nbsp;&nbsp;nrf_queue_status
</UL>

<P><STRONG><a name="[e5]"></a>nrf_cli_help_print</STRONG> (Thumb, 552 bytes, Stack size 72 bytes, nrf_cli.o(i.nrf_cli_help_print))
<BR><BR>[Stack]<UL><LI>Max Depth = 296<LI>Call Chain = nrf_cli_help_print &rArr; nrf_cli_fprintf &rArr; vt100_color_set &rArr; nrf_fprintf &rArr; nrf_fprintf_fmt &rArr; int_print &rArr; unsigned_print &rArr; buffer_add &rArr;  buffer_add (Cycle)
</UL>
<BR>[Calls]<UL><LI><a href="#[a1]">&gt;&gt;</a>&nbsp;&nbsp;&nbsp;nrf_cli_fprintf
<LI><a href="#[9f]">&gt;&gt;</a>&nbsp;&nbsp;&nbsp;nrf_fprintf
<LI><a href="#[e7]">&gt;&gt;</a>&nbsp;&nbsp;&nbsp;format_offset_string_print
<LI><a href="#[a8]">&gt;&gt;</a>&nbsp;&nbsp;&nbsp;cursor_right_move
<LI><a href="#[aa]">&gt;&gt;</a>&nbsp;&nbsp;&nbsp;cursor_next_line_move
<LI><a href="#[b4]">&gt;&gt;</a>&nbsp;&nbsp;&nbsp;cmd_get
<LI><a href="#[c4]">&gt;&gt;</a>&nbsp;&nbsp;&nbsp;cli_strlen
</UL>
<BR>[Called By]<UL><LI><a href="#[44]">&gt;&gt;</a>&nbsp;&nbsp;&nbsp;flashwrite_cmd
<LI><a href="#[54]">&gt;&gt;</a>&nbsp;&nbsp;&nbsp;nrf_cli_cmd_cli_stats
<LI><a href="#[52]">&gt;&gt;</a>&nbsp;&nbsp;&nbsp;nrf_cli_cmd_colors
<LI><a href="#[57]">&gt;&gt;</a>&nbsp;&nbsp;&nbsp;nrf_cli_cmd_cli
<LI><a href="#[56]">&gt;&gt;</a>&nbsp;&nbsp;&nbsp;nrf_cli_cmd_clear
<LI><a href="#[11b]">&gt;&gt;</a>&nbsp;&nbsp;&nbsp;nrf_cli_build_in_cmd_common_executed
<LI><a href="#[48]">&gt;&gt;</a>&nbsp;&nbsp;&nbsp;nrf_balloc_status
<LI><a href="#[6b]">&gt;&gt;</a>&nbsp;&nbsp;&nbsp;log_config_store_cmd
<LI><a href="#[6a]">&gt;&gt;</a>&nbsp;&nbsp;&nbsp;log_config_load_cmd
<LI><a href="#[6f]">&gt;&gt;</a>&nbsp;&nbsp;&nbsp;log_cmd_backends_list
<LI><a href="#[71]">&gt;&gt;</a>&nbsp;&nbsp;&nbsp;log_cmd
<LI><a href="#[5f]">&gt;&gt;</a>&nbsp;&nbsp;&nbsp;nrf_queue_status
</UL>

<P><STRONG><a name="[100]"></a>nrf_cli_init</STRONG> (Thumb, 50 bytes, Stack size 24 bytes, nrf_cli.o(i.nrf_cli_init))
<BR><BR>[Stack]<UL><LI>Max Depth = 80<LI>Call Chain = nrf_cli_init &rArr; nrf_cli_instance_init &rArr; qsort &rArr;  qsort (Cycle)
</UL>
<BR>[Calls]<UL><LI><a href="#[123]">&gt;&gt;</a>&nbsp;&nbsp;&nbsp;nrf_log_backend_add
<LI><a href="#[122]">&gt;&gt;</a>&nbsp;&nbsp;&nbsp;nrf_cli_instance_init
</UL>
<BR>[Called By]<UL><LI><a href="#[30]">&gt;&gt;</a>&nbsp;&nbsp;&nbsp;main
</UL>

<P><STRONG><a name="[0]"></a>nrf_cli_print_stream</STRONG> (Thumb, 6 bytes, Stack size 0 bytes, nrf_cli.o(i.nrf_cli_print_stream))
<BR><BR>[Stack]<UL><LI>Max Depth = 32<LI>Call Chain = nrf_cli_print_stream &rArr; cli_write
</UL>
<BR>[Calls]<UL><LI><a href="#[e8]">&gt;&gt;</a>&nbsp;&nbsp;&nbsp;cli_write
</UL>
<BR>[Address Reference Count : 1]<UL><LI> main.o(.data)
</UL>
<P><STRONG><a name="[102]"></a>nrf_cli_process</STRONG> (Thumb, 110 bytes, Stack size 8 bytes, nrf_cli.o(i.nrf_cli_process))
<BR><BR>[Stack]<UL><LI>Max Depth = 488<LI>Call Chain = nrf_cli_process &rArr; cli_state_collect &rArr; cli_tab_handle &rArr; option_print &rArr; nrf_cli_fprintf &rArr; vt100_color_set &rArr; nrf_fprintf &rArr; nrf_fprintf_fmt &rArr; int_print &rArr; unsigned_print &rArr; buffer_add &rArr;  buffer_add (Cycle)
</UL>
<BR>[Calls]<UL><LI><a href="#[a1]">&gt;&gt;</a>&nbsp;&nbsp;&nbsp;nrf_cli_fprintf
<LI><a href="#[9c]">&gt;&gt;</a>&nbsp;&nbsp;&nbsp;nrf_fprintf_buffer_flush
<LI><a href="#[c9]">&gt;&gt;</a>&nbsp;&nbsp;&nbsp;cursor_position_synchronize
<LI><a href="#[bb]">&gt;&gt;</a>&nbsp;&nbsp;&nbsp;cli_state_collect
<LI><a href="#[b5]">&gt;&gt;</a>&nbsp;&nbsp;&nbsp;cli_log_entry_process
<LI><a href="#[c0]">&gt;&gt;</a>&nbsp;&nbsp;&nbsp;cli_flag_echo_is_set
<LI><a href="#[110]">&gt;&gt;</a>&nbsp;&nbsp;&nbsp;nrf_atomic_u32_or
<LI><a href="#[10e]">&gt;&gt;</a>&nbsp;&nbsp;&nbsp;nrf_atomic_u32_and
</UL>
<BR>[Called By]<UL><LI><a href="#[30]">&gt;&gt;</a>&nbsp;&nbsp;&nbsp;main
</UL>

<P><STRONG><a name="[101]"></a>nrf_cli_start</STRONG> (Thumb, 66 bytes, Stack size 16 bytes, nrf_cli.o(i.nrf_cli_start))
<BR><BR>[Stack]<UL><LI>Max Depth = 240<LI>Call Chain = nrf_cli_start &rArr; cli_state_set &rArr; nrf_cli_fprintf &rArr; vt100_color_set &rArr; nrf_fprintf &rArr; nrf_fprintf_fmt &rArr; int_print &rArr; unsigned_print &rArr; buffer_add &rArr;  buffer_add (Cycle)
</UL>
<BR>[Calls]<UL><LI><a href="#[9f]">&gt;&gt;</a>&nbsp;&nbsp;&nbsp;nrf_fprintf
<LI><a href="#[11f]">&gt;&gt;</a>&nbsp;&nbsp;&nbsp;vt100_color_set
<LI><a href="#[121]">&gt;&gt;</a>&nbsp;&nbsp;&nbsp;vt100_bgcolor_set
<LI><a href="#[be]">&gt;&gt;</a>&nbsp;&nbsp;&nbsp;cli_state_set
</UL>
<BR>[Called By]<UL><LI><a href="#[30]">&gt;&gt;</a>&nbsp;&nbsp;&nbsp;main
</UL>

<P><STRONG><a name="[fe]"></a>nrf_drv_clock_init</STRONG> (Thumb, 42 bytes, Stack size 16 bytes, nrf_drv_clock.o(i.nrf_drv_clock_init))
<BR><BR>[Stack]<UL><LI>Max Depth = 16<LI>Call Chain = nrf_drv_clock_init
</UL>
<BR>[Calls]<UL><LI><a href="#[125]">&gt;&gt;</a>&nbsp;&nbsp;&nbsp;nrfx_clock_init
<LI><a href="#[126]">&gt;&gt;</a>&nbsp;&nbsp;&nbsp;nrfx_clock_enable
</UL>
<BR>[Called By]<UL><LI><a href="#[30]">&gt;&gt;</a>&nbsp;&nbsp;&nbsp;main
</UL>

<P><STRONG><a name="[ff]"></a>nrf_drv_clock_lfclk_request</STRONG> (Thumb, 68 bytes, Stack size 16 bytes, nrf_drv_clock.o(i.nrf_drv_clock_lfclk_request))
<BR><BR>[Stack]<UL><LI>Max Depth = 40<LI>Call Chain = nrf_drv_clock_lfclk_request &rArr; nrfx_clock_lfclk_start &rArr; nrf_clock_event_clear
</UL>
<BR>[Calls]<UL><LI><a href="#[128]">&gt;&gt;</a>&nbsp;&nbsp;&nbsp;nrfx_clock_lfclk_start
<LI><a href="#[90]">&gt;&gt;</a>&nbsp;&nbsp;&nbsp;app_util_critical_region_exit
<LI><a href="#[8e]">&gt;&gt;</a>&nbsp;&nbsp;&nbsp;app_util_critical_region_enter
<LI><a href="#[127]">&gt;&gt;</a>&nbsp;&nbsp;&nbsp;item_enqueue
</UL>
<BR>[Called By]<UL><LI><a href="#[30]">&gt;&gt;</a>&nbsp;&nbsp;&nbsp;main
</UL>

<P><STRONG><a name="[cc]"></a>nrf_drv_uart_init</STRONG> (Thumb, 90 bytes, Stack size 56 bytes, nrf_drv_uart.o(i.nrf_drv_uart_init))
<BR><BR>[Stack]<UL><LI>Max Depth = 136<LI>Call Chain = nrf_drv_uart_init &rArr; nrfx_uarte_init &rArr; apply_config &rArr; nrf_gpio_cfg_output &rArr; nrf_gpio_cfg
</UL>
<BR>[Calls]<UL><LI><a href="#[129]">&gt;&gt;</a>&nbsp;&nbsp;&nbsp;nrfx_uarte_init
<LI><a href="#[12a]">&gt;&gt;</a>&nbsp;&nbsp;&nbsp;nrfx_uart_init
<LI><a href="#[c6]">&gt;&gt;</a>&nbsp;&nbsp;&nbsp;__aeabi_memcpy4
</UL>
<BR>[Called By]<UL><LI><a href="#[5a]">&gt;&gt;</a>&nbsp;&nbsp;&nbsp;cli_uart_init
<LI><a href="#[5c]">&gt;&gt;</a>&nbsp;&nbsp;&nbsp;cli_uart_enable
<LI><a href="#[136]">&gt;&gt;</a>&nbsp;&nbsp;&nbsp;uart_init
</UL>

<P><STRONG><a name="[9f]"></a>nrf_fprintf</STRONG> (Thumb, 26 bytes, Stack size 24 bytes, nrf_fprintf.o(i.nrf_fprintf))
<BR><BR>[Stack]<UL><LI>Max Depth = 176<LI>Call Chain = nrf_fprintf &rArr; nrf_fprintf_fmt &rArr; int_print &rArr; unsigned_print &rArr; buffer_add &rArr;  buffer_add (Cycle)
</UL>
<BR>[Calls]<UL><LI><a href="#[120]">&gt;&gt;</a>&nbsp;&nbsp;&nbsp;nrf_fprintf_fmt
</UL>
<BR>[Called By]<UL><LI><a href="#[101]">&gt;&gt;</a>&nbsp;&nbsp;&nbsp;nrf_cli_start
<LI><a href="#[e5]">&gt;&gt;</a>&nbsp;&nbsp;&nbsp;nrf_cli_help_print
<LI><a href="#[b9]">&gt;&gt;</a>&nbsp;&nbsp;&nbsp;nrf_log_std_entry_process
<LI><a href="#[ba]">&gt;&gt;</a>&nbsp;&nbsp;&nbsp;nrf_log_hexdump_entry_process
<LI><a href="#[11f]">&gt;&gt;</a>&nbsp;&nbsp;&nbsp;vt100_color_set
<LI><a href="#[121]">&gt;&gt;</a>&nbsp;&nbsp;&nbsp;vt100_bgcolor_set
<LI><a href="#[55]">&gt;&gt;</a>&nbsp;&nbsp;&nbsp;nrf_cli_cmd_resize_default
<LI><a href="#[56]">&gt;&gt;</a>&nbsp;&nbsp;&nbsp;nrf_cli_cmd_clear
<LI><a href="#[e7]">&gt;&gt;</a>&nbsp;&nbsp;&nbsp;format_offset_string_print
<LI><a href="#[ad]">&gt;&gt;</a>&nbsp;&nbsp;&nbsp;cursor_up_move
<LI><a href="#[a8]">&gt;&gt;</a>&nbsp;&nbsp;&nbsp;cursor_right_move
<LI><a href="#[d8]">&gt;&gt;</a>&nbsp;&nbsp;&nbsp;cursor_position_get
<LI><a href="#[aa]">&gt;&gt;</a>&nbsp;&nbsp;&nbsp;cursor_next_line_move
<LI><a href="#[a3]">&gt;&gt;</a>&nbsp;&nbsp;&nbsp;cursor_left_move
<LI><a href="#[ac]">&gt;&gt;</a>&nbsp;&nbsp;&nbsp;cursor_down_move
<LI><a href="#[a4]">&gt;&gt;</a>&nbsp;&nbsp;&nbsp;cli_cursor_save
<LI><a href="#[a5]">&gt;&gt;</a>&nbsp;&nbsp;&nbsp;cli_cursor_restore
<LI><a href="#[a2]">&gt;&gt;</a>&nbsp;&nbsp;&nbsp;cli_clear_eos
<LI><a href="#[a7]">&gt;&gt;</a>&nbsp;&nbsp;&nbsp;char_insert
<LI><a href="#[a6]">&gt;&gt;</a>&nbsp;&nbsp;&nbsp;char_delete
<LI><a href="#[9d]">&gt;&gt;</a>&nbsp;&nbsp;&nbsp;char_backspace
<LI><a href="#[139]">&gt;&gt;</a>&nbsp;&nbsp;&nbsp;prefix_process
<LI><a href="#[13a]">&gt;&gt;</a>&nbsp;&nbsp;&nbsp;postfix_process
</UL>

<P><STRONG><a name="[9c]"></a>nrf_fprintf_buffer_flush</STRONG> (Thumb, 24 bytes, Stack size 8 bytes, nrf_fprintf.o(i.nrf_fprintf_buffer_flush))
<BR><BR>[Stack]<UL><LI>Max Depth = 8<LI>Call Chain = nrf_fprintf_buffer_flush
</UL>
<BR>[Called By]<UL><LI><a href="#[102]">&gt;&gt;</a>&nbsp;&nbsp;&nbsp;nrf_cli_process
<LI><a href="#[9b]">&gt;&gt;</a>&nbsp;&nbsp;&nbsp;buffer_add
<LI><a href="#[120]">&gt;&gt;</a>&nbsp;&nbsp;&nbsp;nrf_fprintf_fmt
<LI><a href="#[e7]">&gt;&gt;</a>&nbsp;&nbsp;&nbsp;format_offset_string_print
<LI><a href="#[d8]">&gt;&gt;</a>&nbsp;&nbsp;&nbsp;cursor_position_get
<LI><a href="#[13a]">&gt;&gt;</a>&nbsp;&nbsp;&nbsp;postfix_process
</UL>

<P><STRONG><a name="[120]"></a>nrf_fprintf_fmt</STRONG> (Thumb, 474 bytes, Stack size 40 bytes, nrf_fprintf_format.o(i.nrf_fprintf_fmt))
<BR><BR>[Stack]<UL><LI>Max Depth = 152<LI>Call Chain = nrf_fprintf_fmt &rArr; int_print &rArr; unsigned_print &rArr; buffer_add &rArr;  buffer_add (Cycle)
</UL>
<BR>[Calls]<UL><LI><a href="#[f0]">&gt;&gt;</a>&nbsp;&nbsp;&nbsp;unsigned_print
<LI><a href="#[ef]">&gt;&gt;</a>&nbsp;&nbsp;&nbsp;int_print
<LI><a href="#[9b]">&gt;&gt;</a>&nbsp;&nbsp;&nbsp;buffer_add
<LI><a href="#[9c]">&gt;&gt;</a>&nbsp;&nbsp;&nbsp;nrf_fprintf_buffer_flush
<LI><a href="#[c5]">&gt;&gt;</a>&nbsp;&nbsp;&nbsp;strlen
</UL>
<BR>[Called By]<UL><LI><a href="#[a1]">&gt;&gt;</a>&nbsp;&nbsp;&nbsp;nrf_cli_fprintf
<LI><a href="#[9f]">&gt;&gt;</a>&nbsp;&nbsp;&nbsp;nrf_fprintf
</UL>

<P><STRONG><a name="[123]"></a>nrf_log_backend_add</STRONG> (Thumb, 134 bytes, Stack size 24 bytes, nrf_log_frontend.o(i.nrf_log_backend_add))
<BR><BR>[Stack]<UL><LI>Max Depth = 40<LI>Call Chain = nrf_log_backend_add &rArr; nrf_log_module_filter_set
</UL>
<BR>[Calls]<UL><LI><a href="#[105]">&gt;&gt;</a>&nbsp;&nbsp;&nbsp;nrf_log_module_filter_set
<LI><a href="#[f8]">&gt;&gt;</a>&nbsp;&nbsp;&nbsp;nrf_log_module_cnt_get
</UL>
<BR>[Called By]<UL><LI><a href="#[100]">&gt;&gt;</a>&nbsp;&nbsp;&nbsp;nrf_cli_init
</UL>

<P><STRONG><a name="[135]"></a>nrf_log_backend_serial_put</STRONG> (Thumb, 200 bytes, Stack size 104 bytes, nrf_log_backend_serial.o(i.nrf_log_backend_serial_put))
<BR><BR>[Stack]<UL><LI>Max Depth = 344<LI>Call Chain = nrf_log_backend_serial_put &rArr; nrf_log_std_entry_process &rArr; prefix_process &rArr; nrf_fprintf &rArr; nrf_fprintf_fmt &rArr; int_print &rArr; unsigned_print &rArr; buffer_add &rArr;  buffer_add (Cycle)
</UL>
<BR>[Calls]<UL><LI><a href="#[b8]">&gt;&gt;</a>&nbsp;&nbsp;&nbsp;nrf_memobj_read
<LI><a href="#[b7]">&gt;&gt;</a>&nbsp;&nbsp;&nbsp;nrf_memobj_put
<LI><a href="#[134]">&gt;&gt;</a>&nbsp;&nbsp;&nbsp;nrf_memobj_get
<LI><a href="#[b9]">&gt;&gt;</a>&nbsp;&nbsp;&nbsp;nrf_log_std_entry_process
<LI><a href="#[ba]">&gt;&gt;</a>&nbsp;&nbsp;&nbsp;nrf_log_hexdump_entry_process
<LI><a href="#[d9]">&gt;&gt;</a>&nbsp;&nbsp;&nbsp;__aeabi_memclr4
</UL>
<BR>[Called By]<UL><LI><a href="#[60]">&gt;&gt;</a>&nbsp;&nbsp;&nbsp;nrf_log_backend_uart_put
</UL>

<P><STRONG><a name="[151]"></a>nrf_log_color_id_get</STRONG> (Thumb, 42 bytes, Stack size 0 bytes, nrf_log_frontend.o(i.nrf_log_color_id_get))
<BR><BR>[Called By]<UL><LI><a href="#[139]">&gt;&gt;</a>&nbsp;&nbsp;&nbsp;prefix_process
</UL>

<P><STRONG><a name="[7f]"></a>nrf_log_frontend_dequeue</STRONG> (Thumb, 574 bytes, Stack size 56 bytes, nrf_log_frontend.o(i.nrf_log_frontend_dequeue))
<BR><BR>[Stack]<UL><LI>Max Depth = 120 + In Cycle
<LI>Call Chain = nrf_log_frontend_dequeue &rArr;  nrf_log_frontend_std_0 (Cycle)
</UL>
<BR>[Calls]<UL><LI><a href="#[90]">&gt;&gt;</a>&nbsp;&nbsp;&nbsp;app_util_critical_region_exit
<LI><a href="#[8e]">&gt;&gt;</a>&nbsp;&nbsp;&nbsp;app_util_critical_region_enter
<LI><a href="#[81]">&gt;&gt;</a>&nbsp;&nbsp;&nbsp;nrf_log_frontend_std_0
<LI><a href="#[eb]">&gt;&gt;</a>&nbsp;&nbsp;&nbsp;nrf_memobj_write
<LI><a href="#[b7]">&gt;&gt;</a>&nbsp;&nbsp;&nbsp;nrf_memobj_put
<LI><a href="#[134]">&gt;&gt;</a>&nbsp;&nbsp;&nbsp;nrf_memobj_get
<LI><a href="#[ee]">&gt;&gt;</a>&nbsp;&nbsp;&nbsp;nrf_memobj_alloc
<LI><a href="#[fa]">&gt;&gt;</a>&nbsp;&nbsp;&nbsp;invalid_packets_omit
<LI><a href="#[137]">&gt;&gt;</a>&nbsp;&nbsp;&nbsp;buffer_is_empty
</UL>
<BR>[Called By]<UL><LI><a href="#[30]">&gt;&gt;</a>&nbsp;&nbsp;&nbsp;main
<LI><a href="#[7d]">&gt;&gt;</a>&nbsp;&nbsp;&nbsp;app_error_fault_handler
<LI><a href="#[138]">&gt;&gt;</a>&nbsp;&nbsp;&nbsp;std_n
</UL>

<P><STRONG><a name="[81]"></a>nrf_log_frontend_std_0</STRONG> (Thumb, 8 bytes, Stack size 0 bytes, nrf_log_frontend.o(i.nrf_log_frontend_std_0))
<BR><BR>[Stack]<UL><LI>Max Depth = 160<LI>Call Chain = nrf_log_frontend_std_0 &rArr; std_n &rArr; nrf_log_frontend_dequeue &rArr;  nrf_log_frontend_std_0 (Cycle)
</UL>
<BR>[Calls]<UL><LI><a href="#[138]">&gt;&gt;</a>&nbsp;&nbsp;&nbsp;std_n
</UL>
<BR>[Called By]<UL><LI><a href="#[7f]">&gt;&gt;</a>&nbsp;&nbsp;&nbsp;nrf_log_frontend_dequeue
<LI><a href="#[30]">&gt;&gt;</a>&nbsp;&nbsp;&nbsp;main
<LI><a href="#[87]">&gt;&gt;</a>&nbsp;&nbsp;&nbsp;drv_rtc_init
<LI><a href="#[7d]">&gt;&gt;</a>&nbsp;&nbsp;&nbsp;app_error_fault_handler
</UL>

<P><STRONG><a name="[80]"></a>nrf_log_frontend_std_1</STRONG> (Thumb, 14 bytes, Stack size 8 bytes, nrf_log_frontend.o(i.nrf_log_frontend_std_1))
[...]
</UL>
<BR>[Address Reference Count : 2]<UL><LI> nrf_queue.o(.constdata)
<LI> nrf_queue.o(.constdata)
</UL>
<P><STRONG><a name="[13f]"></a>queue_utilization_get</STRONG> (Thumb, 24 bytes, Stack size 0 bytes, nrf_queue.o(i.queue_utilization_get))
<BR><BR>[Called By]<UL><LI><a href="#[133]">&gt;&gt;</a>&nbsp;&nbsp;&nbsp;nrf_queue_push
<LI><a href="#[140]">&gt;&gt;</a>&nbsp;&nbsp;&nbsp;nrf_queue_utilization_get
</UL>

<P><STRONG><a name="[62]"></a>nrf_log_backend_uart_flush</STRONG> (Thumb, 2 bytes, Stack size 0 bytes, nrf_log_backend_uart.o(i.nrf_log_backend_uart_flush))
<BR>[Address Reference Count : 1]<UL><LI> nrf_log_backend_uart.o(.constdata)
</UL>
<P><STRONG><a name="[61]"></a>nrf_log_backend_uart_panic_set</STRONG> (Thumb, 36 bytes, Stack size 8 bytes, nrf_log_backend_uart.o(i.nrf_log_backend_uart_panic_set))
<BR><BR>[Stack]<UL><LI>Max Depth = 232<LI>Call Chain = nrf_log_backend_uart_panic_set &rArr; uart_init &rArr; app_error_handler_bare &rArr; app_error_fault_handler &rArr; nrf_log_frontend_std_1 &rArr; std_n &rArr; nrf_log_frontend_dequeue &rArr;  nrf_log_frontend_std_0 (Cycle)
</UL>
<BR>[Calls]<UL><LI><a href="#[12e]">&gt;&gt;</a>&nbsp;&nbsp;&nbsp;nrfx_uart_uninit
<LI><a href="#[12d]">&gt;&gt;</a>&nbsp;&nbsp;&nbsp;nrfx_uarte_uninit
<LI><a href="#[136]">&gt;&gt;</a>&nbsp;&nbsp;&nbsp;uart_init
</UL>
<BR>[Address Reference Count : 1]<UL><LI> nrf_log_backend_uart.o(.constdata)
</UL>
<P><STRONG><a name="[60]"></a>nrf_log_backend_uart_put</STRONG> (Thumb, 16 bytes, Stack size 8 bytes, nrf_log_backend_uart.o(i.nrf_log_backend_uart_put))
<BR><BR>[Stack]<UL><LI>Max Depth = 352<LI>Call Chain = nrf_log_backend_uart_put &rArr; nrf_log_backend_serial_put &rArr; nrf_log_std_entry_process &rArr; prefix_process &rArr; nrf_fprintf &rArr; nrf_fprintf_fmt &rArr; int_print &rArr; unsigned_print &rArr; buffer_add &rArr;  buffer_add (Cycle)
</UL>
<BR>[Calls]<UL><LI><a href="#[135]">&gt;&gt;</a>&nbsp;&nbsp;&nbsp;nrf_log_backend_serial_put
</UL>
<BR>[Address Reference Count : 1]<UL><LI> nrf_log_backend_uart.o(.constdata)
</UL>
<P><STRONG><a name="[3f]"></a>serial_tx</STRONG> (Thumb, 54 bytes, Stack size 16 bytes, nrf_log_backend_uart.o(i.serial_tx))
<BR><BR>[Stack]<UL><LI>Max Depth = 200<LI>Call Chain = serial_tx &rArr; app_error_handler_bare &rArr; app_error_fault_handler &rArr; nrf_log_frontend_std_1 &rArr; std_n &rArr; nrf_log_frontend_dequeue &rArr;  nrf_log_frontend_std_0 (Cycle)
</UL>
<BR>[Calls]<UL><LI><a href="#[82]">&gt;&gt;</a>&nbsp;&nbsp;&nbsp;app_error_handler_bare
<LI><a href="#[12c]">&gt;&gt;</a>&nbsp;&nbsp;&nbsp;nrfx_uart_tx
<LI><a href="#[12b]">&gt;&gt;</a>&nbsp;&nbsp;&nbsp;nrfx_uarte_tx
</UL>
<BR>[Address Reference Count : 1]<UL><LI> nrf_log_backend_uart.o(i.nrf_log_backend_uart_put)
</UL>
<P><STRONG><a name="[40]"></a>uart_evt_handler</STRONG> (Thumb, 8 bytes, Stack size 0 bytes, nrf_log_backend_uart.o(i.uart_evt_handler))
<BR>[Address Reference Count : 1]<UL><LI> nrf_log_backend_uart.o(i.uart_init)
</UL>
<P><STRONG><a name="[136]"></a>uart_init</STRONG> (Thumb, 66 bytes, Stack size 40 bytes, nrf_log_backend_uart.o(i.uart_init))
<BR><BR>[Stack]<UL><LI>Max Depth = 224<LI>Call Chain = uart_init &rArr; app_error_handler_bare &rArr; app_error_fault_handler &rArr; nrf_log_frontend_std_1 &rArr; std_n &rArr; nrf_log_frontend_dequeue &rArr;  nrf_log_frontend_std_0 (Cycle)
</UL>
<BR>[Calls]<UL><LI><a href="#[cc]">&gt;&gt;</a>&nbsp;&nbsp;&nbsp;nrf_drv_uart_init
<LI><a href="#[82]">&gt;&gt;</a>&nbsp;&nbsp;&nbsp;app_error_handler_bare
<LI><a href="#[c6]">&gt;&gt;</a>&nbsp;&nbsp;&nbsp;__aeabi_memcpy4
</UL>
<BR>[Called By]<UL><LI><a href="#[61]">&gt;&gt;</a>&nbsp;&nbsp;&nbsp;nrf_log_backend_uart_panic_set
</UL>

<P><STRONG><a name="[69]"></a>backend_name_get</STRONG> (Thumb, 58 bytes, Stack size 20 bytes, nrf_log_frontend.o(i.backend_name_get))
<BR><BR>[Stack]<UL><LI>Max Depth = 20<LI>Call Chain = backend_name_get
</UL>
<BR>[Address Reference Count : 1]<UL><LI> nrf_log_frontend.o(.constdata)
</UL>
<P><STRONG><a name="[98]"></a>buf_prealloc</STRONG> (Thumb, 130 bytes, Stack size 32 bytes, nrf_log_frontend.o(i.buf_prealloc))
<BR><BR>[Stack]<UL><LI>Max Depth = 80<LI>Call Chain = buf_prealloc &rArr; log_skip &rArr; nrf_atomic_flag_set &rArr; nrf_atomic_u32_or
</UL>
<BR>[Calls]<UL><LI><a href="#[90]">&gt;&gt;</a>&nbsp;&nbsp;&nbsp;app_util_critical_region_exit
<LI><a href="#[8e]">&gt;&gt;</a>&nbsp;&nbsp;&nbsp;app_util_critical_region_enter
<LI><a href="#[99]">&gt;&gt;</a>&nbsp;&nbsp;&nbsp;nrf_atomic_u32_add
<LI><a href="#[9a]">&gt;&gt;</a>&nbsp;&nbsp;&nbsp;log_skip
</UL>
<BR>[Called By]<UL><LI><a href="#[138]">&gt;&gt;</a>&nbsp;&nbsp;&nbsp;std_n
</UL>

<P><STRONG><a name="[da]"></a>dropped_sat16_get</STRONG> (Thumb, 16 bytes, Stack size 8 bytes, nrf_log_frontend.o(i.dropped_sat16_get))
<BR><BR>[Stack]<UL><LI>Max Depth = 16<LI>Call Chain = dropped_sat16_get &rArr; nrf_atomic_u32_fetch_store
</UL>
<BR>[Calls]<UL><LI><a href="#[db]">&gt;&gt;</a>&nbsp;&nbsp;&nbsp;nrf_atomic_u32_fetch_store
</UL>
<BR>[Called By]<UL><LI><a href="#[138]">&gt;&gt;</a>&nbsp;&nbsp;&nbsp;std_n
</UL>

<P><STRONG><a name="[fa]"></a>invalid_packets_omit</STRONG> (Thumb, 52 bytes, Stack size 0 bytes, nrf_log_frontend.o(i.invalid_packets_omit))
<BR><BR>[Called By]<UL><LI><a href="#[7f]">&gt;&gt;</a>&nbsp;&nbsp;&nbsp;nrf_log_frontend_dequeue
<LI><a href="#[9a]">&gt;&gt;</a>&nbsp;&nbsp;&nbsp;log_skip
</UL>

<P><STRONG><a name="[65]"></a>log_backend_ctrl</STRONG> (Thumb, 6 bytes, Stack size 0 bytes, nrf_log_frontend.o(i.log_backend_ctrl))
<BR><BR>[Stack]<UL><LI>Max Depth = 280<LI>Call Chain = log_backend_ctrl &rArr; nrf_cli_backend_cmd_execute &rArr; nrf_cli_fprintf &rArr; vt100_color_set &rArr; nrf_fprintf &rArr; nrf_fprintf_fmt &rArr; int_print &rArr; unsigned_print &rArr; buffer_add &rArr;  buffer_add (Cycle)
</UL>
<BR>[Calls]<UL><LI><a href="#[f4]">&gt;&gt;</a>&nbsp;&nbsp;&nbsp;nrf_cli_backend_cmd_execute
</UL>
<BR>[Address Reference Count : 1]<UL><LI> nrf_log_frontend.o(.constdata)
</UL>
<P><STRONG><a name="[66]"></a>log_backend_go</STRONG> (Thumb, 6 bytes, Stack size 0 bytes, nrf_log_frontend.o(i.log_backend_go))
<BR><BR>[Stack]<UL><LI>Max Depth = 280<LI>Call Chain = log_backend_go &rArr; nrf_cli_backend_cmd_execute &rArr; nrf_cli_fprintf &rArr; vt100_color_set &rArr; nrf_fprintf &rArr; nrf_fprintf_fmt &rArr; int_print &rArr; unsigned_print &rArr; buffer_add &rArr;  buffer_add (Cycle)
</UL>
<BR>[Calls]<UL><LI><a href="#[f4]">&gt;&gt;</a>&nbsp;&nbsp;&nbsp;nrf_cli_backend_cmd_execute
</UL>
<BR>[Address Reference Count : 1]<UL><LI> nrf_log_frontend.o(.constdata)
</UL>
<P><STRONG><a name="[67]"></a>log_backend_halt</STRONG> (Thumb, 6 bytes, Stack size 0 bytes, nrf_log_frontend.o(i.log_backend_halt))
<BR><BR>[Stack]<UL><LI>Max Depth = 280<LI>Call Chain = log_backend_halt &rArr; nrf_cli_backend_cmd_execute &rArr; nrf_cli_fprintf &rArr; vt100_color_set &rArr; nrf_fprintf &rArr; nrf_fprintf_fmt &rArr; int_print &rArr; unsigned_print &rArr; buffer_add &rArr;  buffer_add (Cycle)
</UL>
<BR>[Calls]<UL><LI><a href="#[f4]">&gt;&gt;</a>&nbsp;&nbsp;&nbsp;nrf_cli_backend_cmd_execute
</UL>
<BR>[Address Reference Count : 1]<UL><LI> nrf_log_frontend.o(.constdata)
</UL>
<P><STRONG><a name="[68]"></a>log_backend_status</STRONG> (Thumb, 6 bytes, Stack size 0 bytes, nrf_log_frontend.o(i.log_backend_status))
<BR><BR>[Stack]<UL><LI>Max Depth = 280<LI>Call Chain = log_backend_status &rArr; nrf_cli_backend_cmd_execute &rArr; nrf_cli_fprintf &rArr; vt100_color_set &rArr; nrf_fprintf &rArr; nrf_fprintf_fmt &rArr; int_print &rArr; unsigned_print &rArr; buffer_add &rArr;  buffer_add (Cycle)
</UL>
<BR>[Calls]<UL><LI><a href="#[f4]">&gt;&gt;</a>&nbsp;&nbsp;&nbsp;nrf_cli_backend_cmd_execute
</UL>
<BR>[Address Reference Count : 1]<UL><LI> nrf_log_frontend.o(.constdata)
</UL>
<P><STRONG><a name="[71]"></a>log_cmd</STRONG> (Thumb, 54 bytes, Stack size 24 bytes, nrf_log_frontend.o(i.log_cmd))
<BR><BR>[Stack]<UL><LI>Max Depth = 320<LI>Call Chain = log_cmd &rArr; nrf_cli_help_print &rArr; nrf_cli_fprintf &rArr; vt100_color_set &rArr; nrf_fprintf &rArr; nrf_fprintf_fmt &rArr; int_print &rArr; unsigned_print &rArr; buffer_add &rArr;  buffer_add (Cycle)
</UL>
<BR>[Calls]<UL><LI><a href="#[e5]">&gt;&gt;</a>&nbsp;&nbsp;&nbsp;nrf_cli_help_print
<LI><a href="#[a1]">&gt;&gt;</a>&nbsp;&nbsp;&nbsp;nrf_cli_fprintf
<LI><a href="#[f5]">&gt;&gt;</a>&nbsp;&nbsp;&nbsp;nrf_cli_help_requested
</UL>
<BR>[Address Reference Count : 1]<UL><LI> nrf_log_frontend.o(.constdata)
</UL>
<P><STRONG><a name="[6f]"></a>log_cmd_backends_list</STRONG> (Thumb, 102 bytes, Stack size 32 bytes, nrf_log_frontend.o(i.log_cmd_backends_list))
<BR><BR>[Stack]<UL><LI>Max Depth = 328<LI>Call Chain = log_cmd_backends_list &rArr; nrf_cli_help_print &rArr; nrf_cli_fprintf &rArr; vt100_color_set &rArr; nrf_fprintf &rArr; nrf_fprintf_fmt &rArr; int_print &rArr; unsigned_print &rArr; buffer_add &rArr;  buffer_add (Cycle)
</UL>
<BR>[Calls]<UL><LI><a href="#[e5]">&gt;&gt;</a>&nbsp;&nbsp;&nbsp;nrf_cli_help_print
<LI><a href="#[a1]">&gt;&gt;</a>&nbsp;&nbsp;&nbsp;nrf_cli_fprintf
<LI><a href="#[f5]">&gt;&gt;</a>&nbsp;&nbsp;&nbsp;nrf_cli_help_requested
</UL>
<BR>[Address Reference Count : 1]<UL><LI> nrf_log_frontend.o(.constdata)
</UL>
<P><STRONG><a name="[6a]"></a>log_config_load_cmd</STRONG> (Thumb, 38 bytes, Stack size 8 bytes, nrf_log_frontend.o(i.log_config_load_cmd))
<BR><BR>[Stack]<UL><LI>Max Depth = 304<LI>Call Chain = log_config_load_cmd &rArr; nrf_cli_help_print &rArr; nrf_cli_fprintf &rArr; vt100_color_set &rArr; nrf_fprintf &rArr; nrf_fprintf_fmt &rArr; int_print &rArr; unsigned_print &rArr; buffer_add &rArr;  buffer_add (Cycle)
</UL>
<BR>[Calls]<UL><LI><a href="#[e5]">&gt;&gt;</a>&nbsp;&nbsp;&nbsp;nrf_cli_help_print
<LI><a href="#[a1]">&gt;&gt;</a>&nbsp;&nbsp;&nbsp;nrf_cli_fprintf
<LI><a href="#[f5]">&gt;&gt;</a>&nbsp;&nbsp;&nbsp;nrf_cli_help_requested
</UL>
<BR>[Address Reference Count : 1]<UL><LI> nrf_log_frontend.o(.constdata)
</UL>
<P><STRONG><a name="[6b]"></a>log_config_store_cmd</STRONG> (Thumb, 38 bytes, Stack size 8 bytes, nrf_log_frontend.o(i.log_config_store_cmd))
<BR><BR>[Stack]<UL><LI>Max Depth = 304<LI>Call Chain = log_config_store_cmd &rArr; nrf_cli_help_print &rArr; nrf_cli_fprintf &rArr; vt100_color_set &rArr; nrf_fprintf &rArr; nrf_fprintf_fmt &rArr; int_print &rArr; unsigned_print &rArr; buffer_add &rArr;  buffer_add (Cycle)
</UL>
<BR>[Calls]<UL><LI><a href="#[e5]">&gt;&gt;</a>&nbsp;&nbsp;&nbsp;nrf_cli_help_print
<LI><a href="#[a1]">&gt;&gt;</a>&nbsp;&nbsp;&nbsp;nrf_cli_fprintf
<LI><a href="#[f5]">&gt;&gt;</a>&nbsp;&nbsp;&nbsp;nrf_cli_help_requested
</UL>
<BR>[Address Reference Count : 1]<UL><LI> nrf_log_frontend.o(.constdata)
</UL>
<P><STRONG><a name="[36]"></a>log_ctrl</STRONG> (Thumb, 304 bytes, Stack size 56 bytes, nrf_log_frontend.o(i.log_ctrl))
<BR><BR>[Stack]<UL><LI>Max Depth = 280<LI>Call Chain = log_ctrl &rArr; nrf_cli_fprintf &rArr; vt100_color_set &rArr; nrf_fprintf &rArr; nrf_fprintf_fmt &rArr; int_print &rArr; unsigned_print &rArr; buffer_add &rArr;  buffer_add (Cycle)
</UL>
<BR>[Calls]<UL><LI><a href="#[a1]">&gt;&gt;</a>&nbsp;&nbsp;&nbsp;nrf_cli_fprintf
<LI><a href="#[f6]">&gt;&gt;</a>&nbsp;&nbsp;&nbsp;module_id_filter_set
<LI><a href="#[f3]">&gt;&gt;</a>&nbsp;&nbsp;&nbsp;strncmp
<LI><a href="#[f7]">&gt;&gt;</a>&nbsp;&nbsp;&nbsp;nrf_log_module_name_get
<LI><a href="#[f8]">&gt;&gt;</a>&nbsp;&nbsp;&nbsp;nrf_log_module_cnt_get
</UL>
<BR>[Called By]<UL><LI><a href="#[6c]">&gt;&gt;</a>&nbsp;&nbsp;&nbsp;log_self_ctrl
</UL>
<BR>[Address Reference Count : 1]<UL><LI> nrf_log_frontend.o(i.log_backend_ctrl)
</UL>
<P><STRONG><a name="[37]"></a>log_go</STRONG> (Thumb, 8 bytes, Stack size 0 bytes, nrf_log_frontend.o(i.log_go))
<BR>[Address Reference Count : 1]<UL><LI> nrf_log_frontend.o(i.log_backend_go)
</UL>
<P><STRONG><a name="[38]"></a>log_halt</STRONG> (Thumb, 8 bytes, Stack size 0 bytes, nrf_log_frontend.o(i.log_halt))
<BR>[Address Reference Count : 1]<UL><LI> nrf_log_frontend.o(i.log_backend_halt)
</UL>
<P><STRONG><a name="[6c]"></a>log_self_ctrl</STRONG> (Thumb, 16 bytes, Stack size 8 bytes, nrf_log_frontend.o(i.log_self_ctrl))
<BR><BR>[Stack]<UL><LI>Max Depth = 288<LI>Call Chain = log_self_ctrl &rArr; log_ctrl &rArr; nrf_cli_fprintf &rArr; vt100_color_set &rArr; nrf_fprintf &rArr; nrf_fprintf_fmt &rArr; int_print &rArr; unsigned_print &rArr; buffer_add &rArr;  buffer_add (Cycle)
</UL>
<BR>[Calls]<UL><LI><a href="#[36]">&gt;&gt;</a>&nbsp;&nbsp;&nbsp;log_ctrl
</UL>
<BR>[Address Reference Count : 1]<UL><LI> nrf_log_frontend.o(.constdata)
</UL>
<P><STRONG><a name="[6d]"></a>log_self_go</STRONG> (Thumb, 10 bytes, Stack size 0 bytes, nrf_log_frontend.o(i.log_self_go))
<BR>[Address Reference Count : 1]<UL><LI> nrf_log_frontend.o(.constdata)
</UL>
<P><STRONG><a name="[6e]"></a>log_self_halt</STRONG> (Thumb, 10 bytes, Stack size 0 bytes, nrf_log_frontend.o(i.log_self_halt))
<BR>[Address Reference Count : 1]<UL><LI> nrf_log_frontend.o(.constdata)
</UL>
<P><STRONG><a name="[70]"></a>log_self_status</STRONG> (Thumb, 16 bytes, Stack size 8 bytes, nrf_log_frontend.o(i.log_self_status))
<BR><BR>[Stack]<UL><LI>Max Depth = 280<LI>Call Chain = log_self_status &rArr; log_status &rArr; nrf_cli_fprintf &rArr; vt100_color_set &rArr; nrf_fprintf &rArr; nrf_fprintf_fmt &rArr; int_print &rArr; unsigned_print &rArr; buffer_add &rArr;  buffer_add (Cycle)
</UL>
<BR>[Calls]<UL><LI><a href="#[39]">&gt;&gt;</a>&nbsp;&nbsp;&nbsp;log_status
</UL>
<BR>[Address Reference Count : 1]<UL><LI> nrf_log_frontend.o(.constdata)
</UL>
<P><STRONG><a name="[9a]"></a>log_skip</STRONG> (Thumb, 148 bytes, Stack size 40 bytes, nrf_log_frontend.o(i.log_skip))
<BR><BR>[Stack]<UL><LI>Max Depth = 48<LI>Call Chain = log_skip &rArr; nrf_atomic_flag_set &rArr; nrf_atomic_u32_or
</UL>
<BR>[Calls]<UL><LI><a href="#[f9]">&gt;&gt;</a>&nbsp;&nbsp;&nbsp;nrf_atomic_flag_set
<LI><a href="#[fb]">&gt;&gt;</a>&nbsp;&nbsp;&nbsp;nrf_atomic_flag_clear_fetch
<LI><a href="#[fa]">&gt;&gt;</a>&nbsp;&nbsp;&nbsp;invalid_packets_omit
</UL>
<BR>[Called By]<UL><LI><a href="#[98]">&gt;&gt;</a>&nbsp;&nbsp;&nbsp;buf_prealloc
</UL>

<P><STRONG><a name="[39]"></a>log_status</STRONG> (Thumb, 158 bytes, Stack size 48 bytes, nrf_log_frontend.o(i.log_status))
<BR><BR>[Stack]<UL><LI>Max Depth = 272<LI>Call Chain = log_status &rArr; nrf_cli_fprintf &rArr; vt100_color_set &rArr; nrf_fprintf &rArr; nrf_fprintf_fmt &rArr; int_print &rArr; unsigned_print &rArr; buffer_add &rArr;  buffer_add (Cycle)
</UL>
<BR>[Calls]<UL><LI><a href="#[a1]">&gt;&gt;</a>&nbsp;&nbsp;&nbsp;nrf_cli_fprintf
<LI><a href="#[f7]">&gt;&gt;</a>&nbsp;&nbsp;&nbsp;nrf_log_module_name_get
<LI><a href="#[fc]">&gt;&gt;</a>&nbsp;&nbsp;&nbsp;nrf_log_module_filter_get
<LI><a href="#[f8]">&gt;&gt;</a>&nbsp;&nbsp;&nbsp;nrf_log_module_cnt_get
</UL>
<BR>[Called By]<UL><LI><a href="#[70]">&gt;&gt;</a>&nbsp;&nbsp;&nbsp;log_self_status
</UL>
<BR>[Address Reference Count : 1]<UL><LI> nrf_log_frontend.o(i.log_backend_status)
</UL>
<P><STRONG><a name="[f6]"></a>module_id_filter_set</STRONG> (Thumb, 38 bytes, Stack size 16 bytes, nrf_log_frontend.o(i.module_id_filter_set))
<BR><BR>[Stack]<UL><LI>Max Depth = 60<LI>Call Chain = module_id_filter_set &rArr; nrf_log_module_filter_get &rArr; module_idx_get
</UL>
<BR>[Calls]<UL><LI><a href="#[105]">&gt;&gt;</a>&nbsp;&nbsp;&nbsp;nrf_log_module_filter_set
<LI><a href="#[fc]">&gt;&gt;</a>&nbsp;&nbsp;&nbsp;nrf_log_module_filter_get
</UL>
<BR>[Called By]<UL><LI><a href="#[36]">&gt;&gt;</a>&nbsp;&nbsp;&nbsp;log_ctrl
</UL>

<P><STRONG><a name="[106]"></a>module_idx_get</STRONG> (Thumb, 42 bytes, Stack size 12 bytes, nrf_log_frontend.o(i.module_idx_get))
<BR><BR>[Stack]<UL><LI>Max Depth = 12<LI>Call Chain = module_idx_get
</UL>
<BR>[Calls]<UL><LI><a href="#[f8]">&gt;&gt;</a>&nbsp;&nbsp;&nbsp;nrf_log_module_cnt_get
</UL>
<BR>[Called By]<UL><LI><a href="#[f7]">&gt;&gt;</a>&nbsp;&nbsp;&nbsp;nrf_log_module_name_get
<LI><a href="#[fc]">&gt;&gt;</a>&nbsp;&nbsp;&nbsp;nrf_log_module_filter_get
</UL>

<P><STRONG><a name="[63]"></a>module_name_get</STRONG> (Thumb, 24 bytes, Stack size 8 bytes, nrf_log_frontend.o(i.module_name_get))
<BR><BR>[Stack]<UL><LI>Max Depth = 36<LI>Call Chain = module_name_get &rArr; nrf_log_module_name_get &rArr; module_idx_get
</UL>
<BR>[Calls]<UL><LI><a href="#[f7]">&gt;&gt;</a>&nbsp;&nbsp;&nbsp;nrf_log_module_name_get
</UL>
<BR>[Address Reference Count : 1]<UL><LI> nrf_log_frontend.o(.constdata)
</UL>
<P><STRONG><a name="[f4]"></a>nrf_cli_backend_cmd_execute</STRONG> (Thumb, 92 bytes, Stack size 56 bytes, nrf_log_frontend.o(i.nrf_cli_backend_cmd_execute))
<BR><BR>[Stack]<UL><LI>Max Depth = 280<LI>Call Chain = nrf_cli_backend_cmd_execute &rArr; nrf_cli_fprintf &rArr; vt100_color_set &rArr; nrf_fprintf &rArr; nrf_fprintf_fmt &rArr; int_print &rArr; unsigned_print &rArr; buffer_add &rArr;  buffer_add (Cycle)
</UL>
<BR>[Calls]<UL><LI><a href="#[a1]">&gt;&gt;</a>&nbsp;&nbsp;&nbsp;nrf_cli_fprintf
<LI><a href="#[b3]">&gt;&gt;</a>&nbsp;&nbsp;&nbsp;strcmp
</UL>
<BR>[Called By]<UL><LI><a href="#[68]">&gt;&gt;</a>&nbsp;&nbsp;&nbsp;log_backend_status
<LI><a href="#[67]">&gt;&gt;</a>&nbsp;&nbsp;&nbsp;log_backend_halt
<LI><a href="#[66]">&gt;&gt;</a>&nbsp;&nbsp;&nbsp;log_backend_go
<LI><a href="#[65]">&gt;&gt;</a>&nbsp;&nbsp;&nbsp;log_backend_ctrl
</UL>

<P><STRONG><a name="[f5]"></a>nrf_cli_help_requested</STRONG> (Thumb, 12 bytes, Stack size 0 bytes, nrf_log_frontend.o(i.nrf_cli_help_requested))
<BR><BR>[Called By]<UL><LI><a href="#[6b]">&gt;&gt;</a>&nbsp;&nbsp;&nbsp;log_config_store_cmd
<LI><a href="#[6a]">&gt;&gt;</a>&nbsp;&nbsp;&nbsp;log_config_load_cmd
<LI><a href="#[6f]">&gt;&gt;</a>&nbsp;&nbsp;&nbsp;log_cmd_backends_list
<LI><a href="#[71]">&gt;&gt;</a>&nbsp;&nbsp;&nbsp;log_cmd
</UL>

<P><STRONG><a name="[64]"></a>severity_lvl_get</STRONG> (Thumb, 28 bytes, Stack size 0 bytes, nrf_log_frontend.o(i.severity_lvl_get))
<BR>[Address Reference Count : 1]<UL><LI> nrf_log_frontend.o(.constdata)
</UL>
<P><STRONG><a name="[138]"></a>std_n</STRONG> (Thumb, 136 bytes, Stack size 40 bytes, nrf_log_frontend.o(i.std_n))
<BR><BR>[Stack]<UL><LI>Max Depth = 160<LI>Call Chain = std_n &rArr; nrf_log_frontend_dequeue &rArr;  nrf_log_frontend_std_0 (Cycle)
</UL>
<BR>[Calls]<UL><LI><a href="#[7f]">&gt;&gt;</a>&nbsp;&nbsp;&nbsp;nrf_log_frontend_dequeue
<LI><a href="#[da]">&gt;&gt;</a>&nbsp;&nbsp;&nbsp;dropped_sat16_get
<LI><a href="#[98]">&gt;&gt;</a>&nbsp;&nbsp;&nbsp;buf_prealloc
</UL>
<BR>[Called By]<UL><LI><a href="#[81]">&gt;&gt;</a>&nbsp;&nbsp;&nbsp;nrf_log_frontend_std_0
<LI><a href="#[80]">&gt;&gt;</a>&nbsp;&nbsp;&nbsp;nrf_log_frontend_std_1
</UL>

<P><STRONG><a name="[13a]"></a>postfix_process</STRONG> (Thumb, 48 bytes, Stack size 8 bytes, nrf_log_str_formatter.o(i.postfix_process))
<BR><BR>[Stack]<UL><LI>Max Depth = 184<LI>Call Chain = postfix_process &rArr; nrf_fprintf &rArr; nrf_fprintf_fmt &rArr; int_print &rArr; unsigned_print &rArr; buffer_add &rArr;  buffer_add (Cycle)
</UL>
<BR>[Calls]<UL><LI><a href="#[9c]">&gt;&gt;</a>&nbsp;&nbsp;&nbsp;nrf_fprintf_buffer_flush
<LI><a href="#[9f]">&gt;&gt;</a>&nbsp;&nbsp;&nbsp;nrf_fprintf
</UL>
<BR>[Called By]<UL><LI><a href="#[b9]">&gt;&gt;</a>&nbsp;&nbsp;&nbsp;nrf_log_std_entry_process
<LI><a href="#[ba]">&gt;&gt;</a>&nbsp;&nbsp;&nbsp;nrf_log_hexdump_entry_process
</UL>

<P><STRONG><a name="[139]"></a>prefix_process</STRONG> (Thumb, 90 bytes, Stack size 16 bytes, nrf_log_str_formatter.o(i.prefix_process))
<BR><BR>[Stack]<UL><LI>Max Depth = 192<LI>Call Chain = prefix_process &rArr; nrf_fprintf &rArr; nrf_fprintf_fmt &rArr; int_print &rArr; unsigned_print &rArr; buffer_add &rArr;  buffer_add (Cycle)
</UL>
<BR>[Calls]<UL><LI><a href="#[9f]">&gt;&gt;</a>&nbsp;&nbsp;&nbsp;nrf_fprintf
<LI><a href="#[f7]">&gt;&gt;</a>&nbsp;&nbsp;&nbsp;nrf_log_module_name_get
<LI><a href="#[151]">&gt;&gt;</a>&nbsp;&nbsp;&nbsp;nrf_log_color_id_get
</UL>
<BR>[Called By]<UL><LI><a href="#[b9]">&gt;&gt;</a>&nbsp;&nbsp;&nbsp;nrf_log_std_entry_process
<LI><a href="#[ba]">&gt;&gt;</a>&nbsp;&nbsp;&nbsp;nrf_log_hexdump_entry_process
</UL>
<P>
<H3>
Undefined Global Symbols
</H3><HR></body></html>
