<html>
<body>
<pre>
<h1>µVision Build Log</h1>
<h2>Tool Versions:</h2>
IDE-Version: •ÏVision V5.29.0.0
Copyright (C) 2019 ARM Ltd and ARM Germany GmbH. All rights reserved.
License Information: seo k, k, LIC=TA3Z9-4SXA1-22WL4-FANB8-LV2Y4-121S0
 
Tool Versions:
Toolchain:       MDK-ARM Professional  Version: 5.29.0.0
Toolchain Path:  C:\Keil_v5\ARM\ARMCC\Bin
C Compiler:      Armcc.exe V5.06 update 6 (build 750)
Assembler:       Armasm.exe V5.06 update 6 (build 750)
Linker/Locator:  ArmLink.exe V5.06 update 6 (build 750)
Library Manager: ArmAr.exe V5.06 update 6 (build 750)
Hex Converter:   FromElf.exe V5.06 update 6 (build 750)
CPU DLL:         
Dialog DLL:      
Target DLL:      Segger\JL2CM3.dll V2.99.36.0
Dialog DLL:      TCM.DLL V1.36.5.0
 
<h2>Project:</h2>
C:\work\project\nordic\nRF5SDK160098a08e2\examples\peripheral\flashwrite\pca10040\blank\arm5_no_packs\flashwrite_pca10040.uvprojx
Project File Date:  07/14/2020

<h2>Output:</h2>
*** Using Compiler 'V5.06 update 6 (build 750)', folder: 'C:\Keil_v5\ARM\ARMCC\Bin'
Build target 'nrf52832_xxaa'
compiling nrf_soc.c...
compiling nrf_nvic.c...
compiling nrf_nvmc.c...
compiling nrf_drv_uart.c...
compiling boards.c...
compiling nrf_drv_clock.c...
compiling main.c...
compiling nrfx_atomic.c...
compiling app_error.c...
compiling nrfx_clock.c...
compiling nrfx_prs.c...
compiling nrfx_uarte.c...
compiling nrfx_uart.c...
compiling fnmatch.c...
compiling app_error_handler_keil.c...
compiling app_error_weak.c...
compiling app_util_platform.c...
compiling app_scheduler.c...
compiling nrf_assert.c...
compiling app_timer2.c...
compiling nrf_atfifo.c...
compiling drv_rtc.c...
compiling nrf_atomic.c...
compiling nrf_fprintf.c...
compiling nrf_fprintf_format.c...
compiling nrf_balloc.c...
compiling nrf_memobj.c...
compiling nrf_cli_uart.c...
compiling nrf_cli.c...
compiling nrf_section_iter.c...
compiling nrf_ringbuf.c...
compiling nrf_sortlist.c...
compiling nrf_pwr_mgmt.c...
compiling nrf_strerror.c...
compiling nrf_queue.c...
compiling nrf_log_backend_rtt.c...
compiling SEGGER_RTT.c...
compiling nrf_log_default_backends.c...
compiling nrf_log_backend_serial.c...
compiling nrf_log_str_formatter.c...
assembling arm_startup_nrf52.s...
compiling nrf_log_backend_uart.c...
compiling nrf_log_frontend.c...
compiling SEGGER_RTT_Syscalls_KEIL.c...
compiling system_nrf52.c...
compiling SEGGER_RTT_printf.c...
linking...
Program Size: Code=25600 RO-data=4692 RW-data=512 ZI-data=10784  
FromELF: creating hex file...
".\_build\nrf52832_xxaa.axf" - 0 Error(s), 0 Warning(s).

<h2>Software Packages used:</h2>

Package Vendor: ARM
                http://www.keil.com/pack/ARM.CMSIS.4.5.0.pack
                ARM.CMSIS.4.5.0
                CMSIS (Cortex Microcontroller Software Interface Standard)
   * Component: CORE Version: 4.3.0

Package Vendor: NordicSemiconductor
                http://developer.nordicsemi.com/nRF5_SDK/pieces/nRF_DeviceFamilyPack/NordicSemiconductor.nRF_DeviceFamilyPack.8.27.1.pack
                NordicSemiconductor.nRF_DeviceFamilyPack.8.27.1
                Nordic Semiconductor nRF ARM devices Device Family Pack with BSD license.
   * Component: Startup Version: 8.27.1
   * Component: StartupConfig Version: 8.27.1

<h2>Collection of Component include folders:</h2>
  .\RTE\Device\nRF52832_xxAA
  .\RTE\_nrf52832_xxaa
  C:\Users\atose\AppData\Local\Arm\Packs\ARM\CMSIS\4.5.0\CMSIS\Include
  C:\Users\atose\AppData\Local\Arm\Packs\NordicSemiconductor\nRF_DeviceFamilyPack\8.27.1\Device\Include

<h2>Collection of Component Files used:</h2>

   * Component: ARM::CMSIS:CORE:4.3.0

   * Component: NordicSemiconductor::Device:Startup:8.27.1
      Source file:   Device\Source\system_nrf52.c
      Include file:  Device\Include\system_nrf52.h
      Include file:  Device\Include\system_nrf.h
      Source file:   Device\Source\arm\arm_startup_nrf52.s

   * Component: NordicSemiconductor::Device:StartupConfig:8.27.1
      Include file:  Device\Source\startup_config.h
Build Time Elapsed:  00:00:10
</pre>
</body>
</html>
