<html>
<body>
<pre>
<h1>µVision Build Log</h1>
<h2>Tool Versions:</h2>
IDE-Version: •ÏVision V5.29.0.0
Copyright (C) 2019 ARM Ltd and ARM Germany GmbH. All rights reserved.
License Information: seo k, k, LIC=585FJ-UBS8K-BSIYX-H0YWW-IAFND-ITDKG
 
Tool Versions:
Toolchain:       MDK-ARM Plus  Version: 5.29.0.0
Toolchain Path:  C:\Keil_v5\ARM\ARMCC\Bin
C Compiler:      Armcc.exe V5.06 update 6 (build 750)
Assembler:       Armasm.exe V5.06 update 6 (build 750)
Linker/Locator:  ArmLink.exe V5.06 update 6 (build 750)
Library Manager: ArmAr.exe V5.06 update 6 (build 750)
Hex Converter:   FromElf.exe V5.06 update 6 (build 750)
CPU DLL:         
Dialog DLL:      
Target DLL:      Segger\JL2CM3.dll V2.99.36.0
Dialog DLL:      TCM.DLL V1.36.5.0
 
<h2>Project:</h2>
C:\work\project\git\work\work_nrf52_bt_speed_change\examples\ble_peripheral\ble_app_uart\pca10040\s132\arm5_no_packs\ble_app_uart_pca10040_s132.uvprojx
Project File Date:  07/02/2021

<h2>Output:</h2>
*** Using Compiler 'V5.06 update 6 (build 750)', folder: 'C:\Keil_v5\ARM\ARMCC\Bin'
Build target 'nrf52832_xxaa'
compiling main.c...
..\..\..\main.c(165): warning:  #177-D: variable "addr_name"  was declared but never referenced
  		uint8_t addr_name = ((*(uint32_t *)0x76000) >> 0) &0x000000FF ;
..\..\..\main.c(692): warning:  #177-D: variable "err_code"  was declared but never referenced
  		uint32_t               err_code;
..\..\..\main.c(693): warning:  #177-D: variable "major_value"  was declared but never referenced
  		uint16_t major_value  = ((*(uint32_t *)UICR_ADDRESS) & 0xFFFF0000) >> 16;
..\..\..\main.c(694): warning:  #177-D: variable "minor_value"  was declared but never referenced
  		uint16_t minor_value  = ((*(uint32_t *)UICR_ADDRESS) & 0x0000FFFF);
..\..\..\main.c(695): warning:  #177-D: variable "add_value"  was declared but never referenced
  		uint16_t add_value = ((*(uint32_t *)(UICR_ADDRESS+4)) & 0x0000FFFF);
..\..\..\main.c(702): warning:  #177-D: variable "addr_name"  was declared but never referenced
  		uint8_t addr_name = ((*(uint32_t *)0x76000) >> 0) &0x000000FF ;
..\..\..\main.c(690): warning:  #177-D: function "ble_addr_make"  was declared but never referenced
  static void ble_addr_make(void)
..\..\..\main.c: 7 warnings, 0 errors
linking...
Program Size: Code=30100 RO-data=4128 RW-data=360 ZI-data=13144  
FromELF: creating hex file...
".\_build\nrf52832_xxaa.axf" - 0 Error(s), 7 Warning(s).

<h2>Software Packages used:</h2>

Package Vendor: ARM
                http://www.keil.com/pack/ARM.CMSIS.4.5.0.pack
                ARM.CMSIS.4.5.0
                CMSIS (Cortex Microcontroller Software Interface Standard)
   * Component: CORE Version: 4.3.0

Package Vendor: NordicSemiconductor
                http://developer.nordicsemi.com/nRF5_SDK/pieces/nRF_DeviceFamilyPack/NordicSemiconductor.nRF_DeviceFamilyPack.8.27.1.pack
                NordicSemiconductor.nRF_DeviceFamilyPack.8.27.1
                Nordic Semiconductor nRF ARM devices Device Family Pack with BSD license.
   * Component: Startup Version: 8.27.1
   * Component: StartupConfig Version: 8.27.1

<h2>Collection of Component include folders:</h2>
  .\RTE\Device\nRF52832_xxAA
  .\RTE\_nrf52832_xxaa
  C:\Users\atose\AppData\Local\Arm\Packs\ARM\CMSIS\4.5.0\CMSIS\Include
  C:\Users\atose\AppData\Local\Arm\Packs\NordicSemiconductor\nRF_DeviceFamilyPack\8.27.1\Device\Include

<h2>Collection of Component Files used:</h2>

   * Component: ARM::CMSIS:CORE:4.3.0

   * Component: NordicSemiconductor::Device:Startup:8.27.1
      Source file:   Device\Source\system_nrf52.c
      Include file:  Device\Include\system_nrf.h
      Source file:   Device\Source\arm\arm_startup_nrf52.s
      Include file:  Device\Include\system_nrf52.h

   * Component: NordicSemiconductor::Device:StartupConfig:8.27.1
      Include file:  Device\Source\startup_config.h
Build Time Elapsed:  00:00:04
</pre>
</body>
</html>
