Component: ARM Compiler 5.06 update 6 (build 750) Tool: armlink [4d35ed]

==============================================================================

Section Cross References

    main.o(i.main) refers to nrf_log_frontend.o(i.nrf_log_init) for nrf_log_init
    main.o(i.main) refers to app_error.o(i.app_error_handler_bare) for app_error_handler_bare
    main.o(i.main) refers to nrf_log_default_backends.o(i.nrf_log_default_backends_init) for nrf_log_default_backends_init
    main.o(i.main) refers to boards.o(i.bsp_board_init) for bsp_board_init
    main.o(i.main) refers to app_scheduler.o(i.app_sched_init) for app_sched_init
    main.o(i.main) refers to ndef_file_m.o(i.ndef_file_setup) for ndef_file_setup
    main.o(i.main) refers to ndef_file_m.o(i.ndef_file_load) for ndef_file_load
    main.o(i.main) refers to boards.o(i.bsp_board_button_state_get) for bsp_board_button_state_get
    main.o(i.main) refers to ndef_file_m.o(i.ndef_file_default_message) for ndef_file_default_message
    main.o(i.main) refers to ndef_file_m.o(i.ndef_file_update) for ndef_file_update
    main.o(i.main) refers to nfc_t4t_lib.o(i.nfc_t4t_setup) for nfc_t4t_setup
    main.o(i.main) refers to nfc_t4t_lib.o(i.nfc_t4t_ndef_rwpayload_set) for nfc_t4t_ndef_rwpayload_set
    main.o(i.main) refers to nrf_log_frontend.o(i.nrf_log_frontend_std_0) for nrf_log_frontend_std_0
    main.o(i.main) refers to nfc_t4t_lib.o(i.nfc_t4t_emulation_start) for nfc_t4t_emulation_start
    main.o(i.main) refers to app_scheduler.o(i.app_sched_execute) for app_sched_execute
    main.o(i.main) refers to nrf_log_frontend.o(i.nrf_log_frontend_dequeue) for nrf_log_frontend_dequeue
    main.o(i.main) refers to main.o(.bss) for .bss
    main.o(i.main) refers to main.o(i.nfc_callback) for nfc_callback
    main.o(i.main) refers to nrf_log_frontend.o(log_const_data) for m_nrf_log_app_logs_data_const
    main.o(i.nfc_callback) refers to boards.o(i.bsp_board_led_on) for bsp_board_led_on
    main.o(i.nfc_callback) refers to app_scheduler.o(i.app_sched_event_put) for app_sched_event_put
    main.o(i.nfc_callback) refers to app_error.o(i.app_error_handler_bare) for app_error_handler_bare
    main.o(i.nfc_callback) refers to boards.o(i.bsp_board_leds_off) for bsp_board_leds_off
    main.o(i.nfc_callback) refers to main.o(.data) for .data
    main.o(i.nfc_callback) refers to main.o(i.scheduler_ndef_file_update) for scheduler_ndef_file_update
    main.o(i.scheduler_ndef_file_update) refers to ndef_file_m.o(i.ndef_file_update) for ndef_file_update
    main.o(i.scheduler_ndef_file_update) refers to app_error.o(i.app_error_handler_bare) for app_error_handler_bare
    main.o(i.scheduler_ndef_file_update) refers to nrf_log_frontend.o(i.nrf_log_frontend_std_0) for nrf_log_frontend_std_0
    main.o(i.scheduler_ndef_file_update) refers to main.o(.data) for .data
    main.o(i.scheduler_ndef_file_update) refers to main.o(.bss) for .bss
    main.o(i.scheduler_ndef_file_update) refers to nrf_log_frontend.o(log_const_data) for m_nrf_log_app_logs_data_const
    ndef_file_m.o(i.fds_evt_handler) refers to app_error.o(i.app_error_handler_bare) for app_error_handler_bare
    ndef_file_m.o(i.fds_evt_handler) refers to nrf_log_frontend.o(i.nrf_log_frontend_std_0) for nrf_log_frontend_std_0
    ndef_file_m.o(i.fds_evt_handler) refers to ndef_file_m.o(i.ndef_file_create) for ndef_file_create
    ndef_file_m.o(i.fds_evt_handler) refers to ndef_file_m.o(i.ndef_file_update) for ndef_file_update
    ndef_file_m.o(i.fds_evt_handler) refers to ndef_file_m.o(.data) for .data
    ndef_file_m.o(i.fds_evt_handler) refers to ndef_file_m.o(log_const_data) for log_const_data
    ndef_file_m.o(i.ndef_file_create) refers to ndef_file_m.o(i.ndef_file_prepare_record) for ndef_file_prepare_record
    ndef_file_m.o(i.ndef_file_create) refers to fds.o(i.fds_record_write) for fds_record_write
    ndef_file_m.o(i.ndef_file_create) refers to nrf_log_frontend.o(i.nrf_log_frontend_std_0) for nrf_log_frontend_std_0
    ndef_file_m.o(i.ndef_file_create) refers to fds.o(i.fds_gc) for fds_gc
    ndef_file_m.o(i.ndef_file_create) refers to ndef_file_m.o(.bss) for .bss
    ndef_file_m.o(i.ndef_file_create) refers to ndef_file_m.o(.data) for .data
    ndef_file_m.o(i.ndef_file_create) refers to ndef_file_m.o(log_const_data) for log_const_data
    ndef_file_m.o(i.ndef_file_default_message) refers to nfc_uri_msg.o(i.nfc_uri_msg_encode) for nfc_uri_msg_encode
    ndef_file_m.o(i.ndef_file_default_message) refers to ndef_file_m.o(.constdata) for .constdata
    ndef_file_m.o(i.ndef_file_load) refers to fds.o(i.fds_record_find) for fds_record_find
    ndef_file_m.o(i.ndef_file_load) refers to nrf_log_frontend.o(i.nrf_log_frontend_std_1) for nrf_log_frontend_std_1
    ndef_file_m.o(i.ndef_file_load) refers to ndef_file_m.o(i.ndef_file_default_message) for ndef_file_default_message
    ndef_file_m.o(i.ndef_file_load) refers to ndef_file_m.o(i.ndef_file_create) for ndef_file_create
[...]
    .data                                    0x20000164   Section        8  nfc_platform.o(.data)
    m_clock_handler_item                     0x20000164   Data           8  nfc_platform.o(.data)
    .data                                    0x2000016c   Section        4  system_nrf52.o(.data)
    __tagsym$$used                           0x2000016c   Number         0  system_nrf52.o(.data)
    .data                                    0x20000170   Section       15  nfc_t4t_lib.o(.data)
    statemachine                             0x20000170   Data          15  nfc_t4t_lib.o(.data)
    .data                                    0x20000180   Section       16  nfc_t4t_lib_al.o(.data)
    m_slp_req_received                       0x20000180   Data           1  nfc_t4t_lib_al.o(.data)
    m_fwi                                    0x20000181   Data           1  nfc_t4t_lib_al.o(.data)
    m_deselect                               0x20000182   Data           1  nfc_t4t_lib_al.o(.data)
    m_t4t_selres                             0x20000183   Data           1  nfc_t4t_lib_al.o(.data)
    m_nfcid1_length                          0x20000184   Data           1  nfc_t4t_lib_al.o(.data)
    m_t4t_active                             0x20000185   Data           1  nfc_t4t_lib_al.o(.data)
    m_nfc_lib_callback                       0x20000188   Data           4  nfc_t4t_lib_al.o(.data)
    m_nfc_lib_context                        0x2000018c   Data           4  nfc_t4t_lib_al.o(.data)
    fs_data                                  0x20000190   Section       20  fds.o(fs_data)
    __tagsym$$used                           0x20000190   Number         0  fds.o(fs_data)
    .bss                                     0x200001a4   Section     1064  main.o(.bss)
    APP_SCHED_BUF                            0x200001a4   Data          40  main.o(.bss)
    m_ndef_msg_buf                           0x200001cc   Data        1024  main.o(.bss)
    .bss                                     0x200005cc   Section       24  ndef_file_m.o(.bss)
    m_record_desc                            0x200005cc   Data          12  ndef_file_m.o(.bss)
    m_record                                 0x200005d8   Data          12  ndef_file_m.o(.bss)
    .bss                                     0x200005e4   Section       20  nrf_drv_clock.o(.bss)
    m_clock_cb                               0x200005e4   Data          20  nrf_drv_clock.o(.bss)
    .bss                                     0x200005f8   Section       16  nrfx_nfct.o(.bss)
    m_nfct_cb                                0x200005f8   Data          16  nrfx_nfct.o(.bss)
    .bss                                     0x20000608   Section       12  nrfx_timer.o(.bss)
    m_cb                                     0x20000608   Data          12  nrfx_timer.o(.bss)
    .bss                                     0x20000614   Section       44  nrfx_uart.o(.bss)
    m_cb                                     0x20000614   Data          44  nrfx_uart.o(.bss)
    .bss                                     0x20000640   Section       36  nrfx_uarte.o(.bss)
    m_cb                                     0x20000640   Data          36  nrfx_uarte.o(.bss)
    .bss                                     0x20000664   Section       16  fds.o(.bss)
    m_queue_inst                             0x20000664   Data          16  fds.o(.bss)
    .bss                                     0x20000674   Section      224  fds.o(.bss)
    desc                                     0x20000674   Data          12  fds.o(.bss)
    m_cb_table                               0x20000680   Data          16  fds.o(.bss)
    m_queue_data                             0x20000690   Data         140  fds.o(.bss)
    m_pages                                  0x2000071c   Data          40  fds.o(.bss)
    m_gc                                     0x20000744   Data          16  fds.o(.bss)
    .bss                                     0x20000754   Section       64  nrf_log_backend_rtt.o(.bss)
    m_string_buff                            0x20000754   Data          64  nrf_log_backend_rtt.o(.bss)
    .bss                                     0x20000794   Section       64  nrf_log_backend_uart.o(.bss)
    m_string_buff                            0x20000794   Data          64  nrf_log_backend_uart.o(.bss)
    .bss                                     0x200007d4   Section      192  nrf_log_frontend.o(.bss)
    log_mempool_nrf_balloc_pool_mem          0x200007d4   Data         192  nrf_log_frontend.o(.bss)
    .bss                                     0x20000894   Section      128  nrf_log_frontend.o(.bss)
    m_log_push_ringbuf_buf                   0x20000894   Data         128  nrf_log_frontend.o(.bss)
    .bss                                     0x20000914   Section       24  nrf_log_frontend.o(.bss)
    m_log_push_ringbuf_cb                    0x20000914   Data          24  nrf_log_frontend.o(.bss)
    .bss                                     0x2000092c   Section     1060  nrf_log_frontend.o(.bss)
    m_log_data                               0x2000092c   Data        1060  nrf_log_frontend.o(.bss)
    .bss                                     0x20000d50   Section      648  segger_rtt.o(.bss)
    _acUpBuffer                              0x20000dc8   Data         512  segger_rtt.o(.bss)
    _acDownBuffer                            0x20000fc8   Data          16  segger_rtt.o(.bss)
    .bss                                     0x20000fd8   Section       91  nfc_t4t_lib.o(.bss)
    nfclib                                   0x20000fd8   Data          60  nfc_t4t_lib.o(.bss)
    nfcchain                                 0x20001014   Data          16  nfc_t4t_lib.o(.bss)
    .bss                                     0x20001034   Section      328  isodepmsg.o(.bss)
    .bss                                     0x2000117c   Section      266  nfc_t4t_lib_al.o(.bss)
    m_nfc_rx_buffer                          0x2000117c   Data         256  nfc_t4t_lib_al.o(.bss)
    m_nfcid1_data                            0x2000127c   Data          10  nfc_t4t_lib_al.o(.bss)
    STACK                                    0x20001288   Section     8192  arm_startup_nrf52.o(STACK)

    Global Symbols

    Symbol Name                              Value     Ov Type        Size  Object(Section)

    BuildAttributes$$THM_ISAv4$E$P$D$K$B$S$7EM$VFPi3$EXTD16$VFPS$VFMA$PE$A:L22UL41UL21$X:L11$S22US41US21$IEEE1$IW$USESV6$~STKCKD$USESV7$~SHL$OSPACE$EBA8$MICROLIB$REQ8$EABIv2 0x00000000   Number         0  anon$$obj.o ABSOLUTE
    __ARM_use_no_argv                        0x00000000   Number         0  main.o ABSOLUTE
    __Vectors                                0x00000000   Data           4  arm_startup_nrf52.o(RESET)
    __use_no_errno                           0x00000000   Number         0  useno.o ABSOLUTE
    __use_no_exception_handling              0x00000000   Number         0  useno.o ABSOLUTE
    __use_no_fp                              0x00000000   Number         0  useno.o ABSOLUTE
    __use_no_heap                            0x00000000   Number         0  useno.o ABSOLUTE
    __use_no_heap_region                     0x00000000   Number         0  useno.o ABSOLUTE
    __use_no_semihosting                     0x00000000   Number         0  useno.o ABSOLUTE
    __use_no_semihosting_swi                 0x00000000   Number         0  useno.o ABSOLUTE
    __use_no_signal_handling                 0x00000000   Number         0  useno.o ABSOLUTE
    __cpp_initialize__aeabi_                  - Undefined Weak Reference
    __cxa_finalize                            - Undefined Weak Reference
    _clock_init                               - Undefined Weak Reference
    _microlib_exit                            - Undefined Weak Reference
    log_dynamic_data$$Base                    - Undefined Reference
    __Vectors_End                            0x00000200   Data           0  arm_startup_nrf52.o(RESET)
    __Vectors_Size                           0x00000200   Number         0  arm_startup_nrf52.o ABSOLUTE
    __main                                   0x00000201   Thumb Code     0  entry.o(.ARM.Collect$$$$00000000)
    _main_stk                                0x00000201   Thumb Code     0  entry2.o(.ARM.Collect$$$$00000001)
    _main_scatterload                        0x00000205   Thumb Code     0  entry5.o(.ARM.Collect$$$$00000004)
    __main_after_scatterload                 0x00000209   Thumb Code     0  entry5.o(.ARM.Collect$$$$00000004)
    _main_clock                              0x00000209   Thumb Code     0  entry7b.o(.ARM.Collect$$$$00000008)
    _main_cpp_init                           0x00000209   Thumb Code     0  entry8b.o(.ARM.Collect$$$$0000000A)
    _main_init                               0x00000209   Thumb Code     0  entry9a.o(.ARM.Collect$$$$0000000B)
    __rt_final_cpp                           0x00000211   Thumb Code     0  entry10a.o(.ARM.Collect$$$$0000000D)
    __rt_final_exit                          0x00000211   Thumb Code     0  entry11a.o(.ARM.Collect$$$$0000000F)
    HardFault_Handler                        0x00000215   Thumb Code    40  hardfault_handler_keil.o(.emb_text)
    __asm___12_nrf_atfifo_c_51f461e1__nrf_atfifo_wspace_req 0x00000249   Thumb Code    56  nrf_atfifo.o(.emb_text)
    __asm___12_nrf_atfifo_c_51f461e1__nrf_atfifo_wspace_close 0x00000281   Thumb Code    18  nrf_atfifo.o(.emb_text)
    __asm___12_nrf_atfifo_c_51f461e1__nrf_atfifo_rspace_req 0x00000293   Thumb Code    58  nrf_atfifo.o(.emb_text)
    __asm___12_nrf_atfifo_c_51f461e1__nrf_atfifo_rspace_close 0x000002cd   Thumb Code    18  nrf_atfifo.o(.emb_text)
    __asm___12_nrf_atfifo_c_51f461e1__nrf_atfifo_space_clear 0x000002df   Thumb Code    50  nrf_atfifo.o(.emb_text)
    __asm___12_nrf_atomic_c_85ca2469__nrf_atomic_internal_mov 0x00000311   Thumb Code    24  nrf_atomic.o(.emb_text)
    __asm___12_nrf_atomic_c_85ca2469__nrf_atomic_internal_orr 0x00000329   Thumb Code    26  nrf_atomic.o(.emb_text)
    __asm___12_nrf_atomic_c_85ca2469__nrf_atomic_internal_and 0x00000343   Thumb Code    26  nrf_atomic.o(.emb_text)
    __asm___12_nrf_atomic_c_85ca2469__nrf_atomic_internal_eor 0x0000035d   Thumb Code    26  nrf_atomic.o(.emb_text)
    __asm___12_nrf_atomic_c_85ca2469__nrf_atomic_internal_add 0x00000377   Thumb Code    26  nrf_atomic.o(.emb_text)
    __asm___12_nrf_atomic_c_85ca2469__nrf_atomic_internal_sub 0x00000391   Thumb Code    26  nrf_atomic.o(.emb_text)
    __asm___12_nrf_atomic_c_85ca2469__nrf_atomic_internal_cmp_exch 0x000003ab   Thumb Code    42  nrf_atomic.o(.emb_text)
    __asm___12_nrf_atomic_c_85ca2469__nrf_atomic_internal_sub_hs 0x000003d5   Thumb Code    30  nrf_atomic.o(.emb_text)
    Reset_Handler                            0x000003f5   Thumb Code     8  arm_startup_nrf52.o(.text)
    NMI_Handler                              0x000003fd   Thumb Code     2  arm_startup_nrf52.o(.text)
    MemoryManagement_Handler                 0x00000401   Thumb Code     2  arm_startup_nrf52.o(.text)
    BusFault_Handler                         0x00000403   Thumb Code     2  arm_startup_nrf52.o(.text)
    UsageFault_Handler                       0x00000405   Thumb Code     2  arm_startup_nrf52.o(.text)
    SVC_Handler                              0x00000407   Thumb Code     2  arm_startup_nrf52.o(.text)
    DebugMon_Handler                         0x00000409   Thumb Code     2  arm_startup_nrf52.o(.text)
    PendSV_Handler                           0x0000040b   Thumb Code     2  arm_startup_nrf52.o(.text)
    SysTick_Handler                          0x0000040d   Thumb Code     2  arm_startup_nrf52.o(.text)
    CCM_AAR_IRQHandler                       0x0000040f   Thumb Code     0  arm_startup_nrf52.o(.text)
    COMP_LPCOMP_IRQHandler                   0x0000040f   Thumb Code     0  arm_startup_nrf52.o(.text)
    ECB_IRQHandler                           0x0000040f   Thumb Code     0  arm_startup_nrf52.o(.text)
    FPU_IRQHandler                           0x0000040f   Thumb Code     0  arm_startup_nrf52.o(.text)
    GPIOTE_IRQHandler                        0x0000040f   Thumb Code     0  arm_startup_nrf52.o(.text)
    I2S_IRQHandler                           0x0000040f   Thumb Code     0  arm_startup_nrf52.o(.text)
    MWU_IRQHandler                           0x0000040f   Thumb Code     0  arm_startup_nrf52.o(.text)
    PDM_IRQHandler                           0x0000040f   Thumb Code     0  arm_startup_nrf52.o(.text)
    PWM0_IRQHandler                          0x0000040f   Thumb Code     0  arm_startup_nrf52.o(.text)
    PWM1_IRQHandler                          0x0000040f   Thumb Code     0  arm_startup_nrf52.o(.text)
    PWM2_IRQHandler                          0x0000040f   Thumb Code     0  arm_startup_nrf52.o(.text)
    QDEC_IRQHandler                          0x0000040f   Thumb Code     0  arm_startup_nrf52.o(.text)
    RADIO_IRQHandler                         0x0000040f   Thumb Code     0  arm_startup_nrf52.o(.text)
    RNG_IRQHandler                           0x0000040f   Thumb Code     0  arm_startup_nrf52.o(.text)
    RTC0_IRQHandler                          0x0000040f   Thumb Code     0  arm_startup_nrf52.o(.text)
    RTC1_IRQHandler                          0x0000040f   Thumb Code     0  arm_startup_nrf52.o(.text)
    RTC2_IRQHandler                          0x0000040f   Thumb Code     0  arm_startup_nrf52.o(.text)
    SAADC_IRQHandler                         0x0000040f   Thumb Code     0  arm_startup_nrf52.o(.text)
    SPIM0_SPIS0_TWIM0_TWIS0_SPI0_TWI0_IRQHandler 0x0000040f   Thumb Code     0  arm_startup_nrf52.o(.text)
    SPIM1_SPIS1_TWIM1_TWIS1_SPI1_TWI1_IRQHandler 0x0000040f   Thumb Code     0  arm_startup_nrf52.o(.text)
    SPIM2_SPIS2_SPI2_IRQHandler              0x0000040f   Thumb Code     0  arm_startup_nrf52.o(.text)
    SWI0_EGU0_IRQHandler                     0x0000040f   Thumb Code     0  arm_startup_nrf52.o(.text)
    SWI1_EGU1_IRQHandler                     0x0000040f   Thumb Code     0  arm_startup_nrf52.o(.text)
    SWI2_EGU2_IRQHandler                     0x0000040f   Thumb Code     0  arm_startup_nrf52.o(.text)
    SWI3_EGU3_IRQHandler                     0x0000040f   Thumb Code     0  arm_startup_nrf52.o(.text)
    SWI4_EGU4_IRQHandler                     0x0000040f   Thumb Code     0  arm_startup_nrf52.o(.text)
    SWI5_EGU5_IRQHandler                     0x0000040f   Thumb Code     0  arm_startup_nrf52.o(.text)
    TEMP_IRQHandler                          0x0000040f   Thumb Code     0  arm_startup_nrf52.o(.text)
    TIMER0_IRQHandler                        0x0000040f   Thumb Code     0  arm_startup_nrf52.o(.text)
    TIMER1_IRQHandler                        0x0000040f   Thumb Code     0  arm_startup_nrf52.o(.text)
    TIMER2_IRQHandler                        0x0000040f   Thumb Code     0  arm_startup_nrf52.o(.text)
    TIMER3_IRQHandler                        0x0000040f   Thumb Code     0  arm_startup_nrf52.o(.text)
    WDT_IRQHandler                           0x0000040f   Thumb Code     0  arm_startup_nrf52.o(.text)
    __aeabi_llsr                             0x00000419   Thumb Code    32  llushr.o(.text)
    _ll_ushift_r                             0x00000419   Thumb Code     0  llushr.o(.text)
    __rt_ctype_table                         0x00000439   Thumb Code     4  ctype_o.o(.text)
    __aeabi_memcpy                           0x00000441   Thumb Code    36  memcpya.o(.text)
    __aeabi_memcpy4                          0x00000441   Thumb Code     0  memcpya.o(.text)
    __aeabi_memcpy8                          0x00000441   Thumb Code     0  memcpya.o(.text)
    __aeabi_memset                           0x00000465   Thumb Code    14  memseta.o(.text)
    __aeabi_memset4                          0x00000465   Thumb Code     0  memseta.o(.text)
    __aeabi_memset8                          0x00000465   Thumb Code     0  memseta.o(.text)
    __aeabi_memclr                           0x00000473   Thumb Code     4  memseta.o(.text)
    __aeabi_memclr4                          0x00000473   Thumb Code     0  memseta.o(.text)
    __aeabi_memclr8                          0x00000473   Thumb Code     0  memseta.o(.text)
    _memset$wrapper                          0x00000477   Thumb Code    18  memseta.o(.text)
    strlen                                   0x00000489   Thumb Code    14  strlen.o(.text)
    memcmp                                   0x00000497   Thumb Code    26  memcmp.o(.text)
    strcpy                                   0x000004b1   Thumb Code    18  strcpy.o(.text)
    __scatterload                            0x000004c5   Thumb Code    28  init.o(.text)
    __scatterload_rt2                        0x000004c5   Thumb Code     0  init.o(.text)
    __decompress                             0x000004e9   Thumb Code     0  __dczerorl.o(.text)
    __decompress0                            0x000004e9   Thumb Code    58  __dczerorl.o(.text)
    HardFault_c_handler                      0x00000525   Thumb Code   198  hardfault_implementation.o(i.HardFault_c_handler)
    HardFault_process                        0x000006f5   Thumb Code    26  hardfault_implementation.o(i.HardFault_process)
    NFCT_IRQHandler                          0x00000719   Thumb Code   436  nrfx_nfct.o(i.NFCT_IRQHandler)
    POWER_CLOCK_IRQHandler                   0x000008e1   Thumb Code    82  nrfx_clock.o(i.POWER_CLOCK_IRQHandler)
    SEGGER_RTT_Init                          0x00000939   Thumb Code     4  segger_rtt.o(i.SEGGER_RTT_Init)
    SEGGER_RTT_WriteNoLock                   0x0000093d   Thumb Code    86  segger_rtt.o(i.SEGGER_RTT_WriteNoLock)
    SystemInit                               0x00000999   Thumb Code   726  system_nrf52.o(i.SystemInit)
    TIMER4_IRQHandler                        0x00000cb5   Thumb Code    70  nrfx_timer.o(i.TIMER4_IRQHandler)
    UARTE0_UART0_IRQHandler                  0x00000d05   Thumb Code     6  nrfx_prs.o(i.UARTE0_UART0_IRQHandler)
    __scatterload_copy                       0x00000e41   Thumb Code    14  handlers.o(i.__scatterload_copy)
    __scatterload_null                       0x00000e4f   Thumb Code     2  handlers.o(i.__scatterload_null)
    __scatterload_zeroinit                   0x00000e51   Thumb Code    14  handlers.o(i.__scatterload_zeroinit)
    alNfcCallback                            0x00000e85   Thumb Code   156  isodepmsg.o(i.alNfcCallback)
    app_error_fault_handler                  0x00000f25   Thumb Code    88  app_error_weak.o(i.app_error_fault_handler)
    app_error_handler_bare                   0x00000fb1   Thumb Code    22  app_error.o(i.app_error_handler_bare)
    app_sched_event_put                      0x00000fc9   Thumb Code   150  app_scheduler.o(i.app_sched_event_put)
    app_sched_execute                        0x00001065   Thumb Code    58  app_scheduler.o(i.app_sched_execute)
    app_sched_init                           0x000010a5   Thumb Code    40  app_scheduler.o(i.app_sched_init)
    app_util_critical_region_enter           0x000010d1   Thumb Code     4  app_util_platform.o(i.app_util_critical_region_enter)
    app_util_critical_region_exit            0x000010d5   Thumb Code     4  app_util_platform.o(i.app_util_critical_region_exit)
    app_util_disable_irq                     0x000010d9   Thumb Code    12  app_util_platform.o(i.app_util_disable_irq)
    app_util_enable_irq                      0x000010e9   Thumb Code    14  app_util_platform.o(i.app_util_enable_irq)
    bsp_board_button_state_get               0x0000120d   Thumb Code    28  boards.o(i.bsp_board_button_state_get)
    bsp_board_init                           0x0000122d   Thumb Code    80  boards.o(i.bsp_board_init)
    bsp_board_led_off                        0x00001281   Thumb Code    10  boards.o(i.bsp_board_led_off)
    bsp_board_led_on                         0x00001291   Thumb Code    10  boards.o(i.bsp_board_led_on)
    bsp_board_leds_off                       0x000012a1   Thumb Code    18  boards.o(i.bsp_board_leds_off)
    buffer_is_empty                          0x0000136d   Thumb Code    16  nrf_log_frontend.o(i.buffer_is_empty)
    fds_gc                                   0x00001671   Thumb Code    56  fds.o(i.fds_gc)
    fds_init                                 0x000016b1   Thumb Code   192  fds.o(i.fds_init)
    fds_record_close                         0x00001785   Thumb Code    66  fds.o(i.fds_record_close)
    fds_record_find                          0x000017cd   Thumb Code    14  fds.o(i.fds_record_find)
    fds_record_open                          0x000017dd   Thumb Code    70  fds.o(i.fds_record_open)
    fds_record_update                        0x00001829   Thumb Code    16  fds.o(i.fds_record_update)
    fds_record_write                         0x00001839   Thumb Code     8  fds.o(i.fds_record_write)
    fds_register                             0x00001841   Thumb Code    38  fds.o(i.fds_register)
    isodepCallback                           0x00001cf5   Thumb Code   104  nfc_t4t_lib.o(i.isodepCallback)
    isodepClearConnection                    0x00001d61   Thumb Code    44  isodepmsg.o(i.isodepClearConnection)
    isodepHandleDataTransmitted              0x00001db3   Thumb Code    52  isodepmsg.o(i.isodepHandleDataTransmitted)
    isodepHandleDeselect                     0x00001de7   Thumb Code    44  isodepmsg.o(i.isodepHandleDeselect)
    isodepMapFsdLength                       0x00002039   Thumb Code    34  isodepmsg.o(i.isodepMapFsdLength)
    isodepSendATS                            0x00002061   Thumb Code    64  isodepmsg.o(i.isodepSendATS)
    isodepSendAck                            0x000020a1   Thumb Code    42  isodepmsg.o(i.isodepSendAck)
    isodepSendChunk                          0x000020cb   Thumb Code   250  isodepmsg.o(i.isodepSendChunk)
    isodepSendDeselect                       0x000021c5   Thumb Code    32  isodepmsg.o(i.isodepSendDeselect)
    isodepSetWtx                             0x000021e5   Thumb Code    66  isodepmsg.o(i.isodepSetWtx)
    isodepSetup                              0x00002229   Thumb Code    96  isodepmsg.o(i.isodepSetup)
    isodepTransmit                           0x00002291   Thumb Code    74  isodepmsg.o(i.isodepTransmit)
    main                                     0x00002395   Thumb Code   192  main.o(i.main)
    ndef_file_default_message                0x000025cd   Thumb Code    18  ndef_file_m.o(i.ndef_file_default_message)
    ndef_file_load                           0x000025e5   Thumb Code   126  ndef_file_m.o(i.ndef_file_load)
    ndef_file_setup                          0x000026dd   Thumb Code    30  ndef_file_m.o(i.ndef_file_setup)
    ndef_file_update                         0x00002705   Thumb Code    68  ndef_file_m.o(i.ndef_file_update)
    nfc4CCUpdate                             0x0000278d   Thumb Code    36  nfc_t4t_lib.o(i.nfc4CCUpdate)
    nfc4_internal_init                       0x000027b5   Thumb Code    44  nfc_t4t_lib.o(i.nfc4_internal_init)
    nfcHandle7816ChainUpdate                 0x00002829   Thumb Code   110  nfc_t4t_lib.o(i.nfcHandle7816ChainUpdate)
    nfcHandle7816Read                        0x000028a1   Thumb Code    98  nfc_t4t_lib.o(i.nfcHandle7816Read)
    nfcHandle7816Select                      0x0000290d   Thumb Code   116  nfc_t4t_lib.o(i.nfcHandle7816Select)
    nfcHandle7816Update                      0x00002989   Thumb Code   154  nfc_t4t_lib.o(i.nfcHandle7816Update)
    nfcHandleEvDataIndication                0x00002a2d   Thumb Code   124  nfc_t4t_lib.o(i.nfcHandleEvDataIndication)
    nfc_ndef_msg_encode                      0x00002b4d   Thumb Code   156  nfc_ndef_msg.o(i.nfc_ndef_msg_encode)
    nfc_ndef_msg_record_add                  0x00002be9   Thumb Code    28  nfc_ndef_msg.o(i.nfc_ndef_msg_record_add)
    nfc_ndef_record_encode                   0x00002c05   Thumb Code   172  nfc_ndef_record.o(i.nfc_ndef_record_encode)
    nfc_platform_event_handler               0x00002cb1   Thumb Code    22  nfc_platform.o(i.nfc_platform_event_handler)
    nfc_platform_setup                       0x00002ccd   Thumb Code    32  nfc_platform.o(i.nfc_platform_setup)
    nfc_t4t_emulation_start                  0x00002cf5   Thumb Code    22  nfc_t4t_lib.o(i.nfc_t4t_emulation_start)
    nfc_t4t_lib_al_parameter_set             0x00002d0d   Thumb Code   172  nfc_t4t_lib_al.o(i.nfc_t4t_lib_al_parameter_set)
    nfc_t4t_lib_al_send                      0x00002dc1   Thumb Code    22  nfc_t4t_lib_al.o(i.nfc_t4t_lib_al_send)
    nfc_t4t_lib_al_setup                     0x00002dd9   Thumb Code    66  nfc_t4t_lib_al.o(i.nfc_t4t_lib_al_setup)
    nfc_t4t_lib_al_start                     0x00002e25   Thumb Code     4  nfc_t4t_lib_al.o(i.nfc_t4t_lib_al_start)
    nfc_t4t_ndef_rwpayload_set               0x00002e29   Thumb Code    56  nfc_t4t_lib.o(i.nfc_t4t_ndef_rwpayload_set)
    nfc_t4t_setup                            0x00002e65   Thumb Code    48  nfc_t4t_lib.o(i.nfc_t4t_setup)
    nfc_uri_msg_encode                       0x00002e9d   Thumb Code    82  nfc_uri_msg.o(i.nfc_uri_msg_encode)
    nfc_uri_payload_constructor              0x00002ef5   Thumb Code    44  nfc_uri_rec.o(i.nfc_uri_payload_constructor)
    nrf_atfifo_init                          0x00002f21   Thumb Code    38  nrf_atfifo.o(i.nrf_atfifo_init)
    nrf_atfifo_item_alloc                    0x00002f47   Thumb Code    22  nrf_atfifo.o(i.nrf_atfifo_item_alloc)
    nrf_atfifo_item_free                     0x00002f5d   Thumb Code    22  nrf_atfifo.o(i.nrf_atfifo_item_free)
    nrf_atfifo_item_get                      0x00002f73   Thumb Code    22  nrf_atfifo.o(i.nrf_atfifo_item_get)
    nrf_atfifo_item_put                      0x00002f89   Thumb Code    22  nrf_atfifo.o(i.nrf_atfifo_item_put)
    nrf_atomic_flag_clear                    0x00002f9f   Thumb Code     6  nrf_atomic.o(i.nrf_atomic_flag_clear)
    nrf_atomic_flag_clear_fetch              0x00002fa5   Thumb Code     6  nrf_atomic.o(i.nrf_atomic_flag_clear_fetch)
    nrf_atomic_flag_set                      0x00002fab   Thumb Code     6  nrf_atomic.o(i.nrf_atomic_flag_set)
    nrf_atomic_flag_set_fetch                0x00002fb1   Thumb Code     6  nrf_atomic.o(i.nrf_atomic_flag_set_fetch)
    nrf_atomic_u32_add                       0x00002fb7   Thumb Code    12  nrf_atomic.o(i.nrf_atomic_u32_add)
    nrf_atomic_u32_and                       0x00002fc3   Thumb Code    12  nrf_atomic.o(i.nrf_atomic_u32_and)
    nrf_atomic_u32_fetch_add                 0x00002fcf   Thumb Code    10  nrf_atomic.o(i.nrf_atomic_u32_fetch_add)
    nrf_atomic_u32_fetch_and                 0x00002fd9   Thumb Code    10  nrf_atomic.o(i.nrf_atomic_u32_fetch_and)
    nrf_atomic_u32_fetch_or                  0x00002fe3   Thumb Code    10  nrf_atomic.o(i.nrf_atomic_u32_fetch_or)
    nrf_atomic_u32_fetch_store               0x00002fed   Thumb Code    10  nrf_atomic.o(i.nrf_atomic_u32_fetch_store)
    nrf_atomic_u32_or                        0x00002ff7   Thumb Code    12  nrf_atomic.o(i.nrf_atomic_u32_or)
    nrf_atomic_u32_sub                       0x00003003   Thumb Code    12  nrf_atomic.o(i.nrf_atomic_u32_sub)
    nrf_balloc_alloc                         0x0000300f   Thumb Code    62  nrf_balloc.o(i.nrf_balloc_alloc)
    nrf_balloc_free                          0x0000304d   Thumb Code    42  nrf_balloc.o(i.nrf_balloc_free)
    nrf_balloc_init                          0x00003077   Thumb Code    48  nrf_balloc.o(i.nrf_balloc_init)
    nrf_drv_clock_hfclk_release              0x000030c5   Thumb Code    38  nrf_drv_clock.o(i.nrf_drv_clock_hfclk_release)
    nrf_drv_clock_hfclk_request              0x000030f1   Thumb Code    68  nrf_drv_clock.o(i.nrf_drv_clock_hfclk_request)
    nrf_drv_clock_init                       0x00003139   Thumb Code    42  nrf_drv_clock.o(i.nrf_drv_clock_init)
    nrf_drv_uart_init                        0x0000316d   Thumb Code    90  nrf_drv_uart.o(i.nrf_drv_uart_init)
    nrf_fprintf                              0x000031d5   Thumb Code    26  nrf_fprintf.o(i.nrf_fprintf)
    nrf_fprintf_buffer_flush                 0x000031ef   Thumb Code    24  nrf_fprintf.o(i.nrf_fprintf_buffer_flush)
    nrf_fprintf_fmt                          0x00003207   Thumb Code   474  nrf_fprintf_format.o(i.nrf_fprintf_fmt)
    nrf_fstorage_erase                       0x000033e1   Thumb Code   188  nrf_fstorage.o(i.nrf_fstorage_erase)
    nrf_fstorage_init                        0x00003519   Thumb Code    74  nrf_fstorage.o(i.nrf_fstorage_init)
    nrf_fstorage_write                       0x000035ad   Thumb Code   242  nrf_fstorage.o(i.nrf_fstorage_write)
    nrf_log_backend_add                      0x0000387d   Thumb Code    86  nrf_log_frontend.o(i.nrf_log_backend_add)
    nrf_log_backend_rtt_init                 0x000038db   Thumb Code     4  nrf_log_backend_rtt.o(i.nrf_log_backend_rtt_init)
    nrf_log_backend_serial_put               0x000038f9   Thumb Code   200  nrf_log_backend_serial.o(i.nrf_log_backend_serial_put)
    nrf_log_backend_uart_init                0x000039c3   Thumb Code     6  nrf_log_backend_uart.o(i.nrf_log_backend_uart_init)
    nrf_log_color_id_get                     0x00003a0d   Thumb Code    42  nrf_log_frontend.o(i.nrf_log_color_id_get)
    nrf_log_default_backends_init            0x00003a3d   Thumb Code    46  nrf_log_default_backends.o(i.nrf_log_default_backends_init)
    nrf_log_frontend_dequeue                 0x00003a71   Thumb Code   522  nrf_log_frontend.o(i.nrf_log_frontend_dequeue)
    nrf_log_frontend_std_0                   0x00003ca1   Thumb Code     8  nrf_log_frontend.o(i.nrf_log_frontend_std_0)
    nrf_log_frontend_std_1                   0x00003ca9   Thumb Code    14  nrf_log_frontend.o(i.nrf_log_frontend_std_1)
    nrf_log_frontend_std_3                   0x00003cb7   Thumb Code    18  nrf_log_frontend.o(i.nrf_log_frontend_std_3)
    nrf_log_frontend_std_4                   0x00003cc9   Thumb Code    20  nrf_log_frontend.o(i.nrf_log_frontend_std_4)
    nrf_log_hexdump_entry_process            0x00003cdd   Thumb Code   150  nrf_log_str_formatter.o(i.nrf_log_hexdump_entry_process)
    nrf_log_init                             0x00003d8d   Thumb Code    48  nrf_log_frontend.o(i.nrf_log_init)
    nrf_log_module_cnt_get                   0x00003dc9   Thumb Code    10  nrf_log_frontend.o(i.nrf_log_module_cnt_get)
    nrf_log_module_name_get                  0x00003ddd   Thumb Code    24  nrf_log_frontend.o(i.nrf_log_module_name_get)
    nrf_log_panic                            0x00003df9   Thumb Code    38  nrf_log_frontend.o(i.nrf_log_panic)
    nrf_log_std_entry_process                0x00003e25   Thumb Code   182  nrf_log_str_formatter.o(i.nrf_log_std_entry_process)
    nrf_memobj_alloc                         0x00003edb   Thumb Code    96  nrf_memobj.o(i.nrf_memobj_alloc)
    nrf_memobj_free                          0x00003f3b   Thumb Code    50  nrf_memobj.o(i.nrf_memobj_free)
    nrf_memobj_get                           0x00003f6d   Thumb Code     8  nrf_memobj.o(i.nrf_memobj_get)
    nrf_memobj_pool_init                     0x00003f75   Thumb Code     4  nrf_memobj.o(i.nrf_memobj_pool_init)
    nrf_memobj_put                           0x00003f79   Thumb Code    30  nrf_memobj.o(i.nrf_memobj_put)
    nrf_memobj_read                          0x00003f97   Thumb Code    16  nrf_memobj.o(i.nrf_memobj_read)
    nrf_memobj_write                         0x00003fa7   Thumb Code    16  nrf_memobj.o(i.nrf_memobj_write)
    nrf_nvmc_page_erase                      0x000040ed   Thumb Code    40  nrf_nvmc.o(i.nrf_nvmc_page_erase)
    nrf_nvmc_write_words                     0x0000411d   Thumb Code    58  nrf_nvmc.o(i.nrf_nvmc_write_words)
    nrf_ringbuf_init                         0x00004161   Thumb Code    28  nrf_ringbuf.o(i.nrf_ringbuf_init)
    nrfx_clock_enable                        0x000041c1   Thumb Code    34  nrfx_clock.o(i.nrfx_clock_enable)
    nrfx_clock_hfclk_start                   0x000041ed   Thumb Code    22  nrfx_clock.o(i.nrfx_clock_hfclk_start)
    nrfx_clock_hfclk_stop                    0x00004205   Thumb Code    30  nrfx_clock.o(i.nrfx_clock_hfclk_stop)
    nrfx_clock_init                          0x00004231   Thumb Code    26  nrfx_clock.o(i.nrfx_clock_init)
    nrfx_nfct_autocolres_disable             0x00004261   Thumb Code    12  nrfx_nfct.o(i.nrfx_nfct_autocolres_disable)
    nrfx_nfct_autocolres_enable              0x00004271   Thumb Code    12  nrfx_nfct.o(i.nrfx_nfct_autocolres_enable)
    nrfx_nfct_enable                         0x00004281   Thumb Code    24  nrfx_nfct.o(i.nrfx_nfct_enable)
    nrfx_nfct_field_check                    0x00004379   Thumb Code    12  nrfx_nfct.o(i.nrfx_nfct_field_check)
    nrfx_nfct_init                           0x000044a1   Thumb Code   134  nrfx_nfct.o(i.nrfx_nfct_init)
    nrfx_nfct_init_substate_force            0x0000453d   Thumb Code    50  nrfx_nfct.o(i.nrfx_nfct_init_substate_force)
    nrfx_nfct_nfcid1_default_bytes_get       0x00004579   Thumb Code    92  nrfx_nfct.o(i.nrfx_nfct_nfcid1_default_bytes_get)
    nrfx_nfct_parameter_set                  0x000045d9   Thumb Code    90  nrfx_nfct.o(i.nrfx_nfct_parameter_set)
    nrfx_nfct_rx                             0x000046e1   Thumb Code    40  nrfx_nfct.o(i.nrfx_nfct_rx)
    nrfx_nfct_state_force                    0x00004715   Thumb Code     8  nrfx_nfct.o(i.nrfx_nfct_state_force)
    nrfx_nfct_tx                             0x00004721   Thumb Code    74  nrfx_nfct.o(i.nrfx_nfct_tx)
    nrfx_prs_acquire                         0x00004779   Thumb Code    48  nrfx_prs.o(i.nrfx_prs_acquire)
    nrfx_prs_release                         0x000047a9   Thumb Code    18  nrfx_prs.o(i.nrfx_prs_release)
    nrfx_timer_clear                         0x000047bb   Thumb Code     8  nrfx_timer.o(i.nrfx_timer_clear)
    nrfx_timer_compare                       0x000047c3   Thumb Code    58  nrfx_timer.o(i.nrfx_timer_compare)
    nrfx_timer_disable                       0x000047fd   Thumb Code    22  nrfx_timer.o(i.nrfx_timer_disable)
    nrfx_timer_enable                        0x00004819   Thumb Code    24  nrfx_timer.o(i.nrfx_timer_enable)
    nrfx_timer_extended_compare              0x00004835   Thumb Code    42  nrfx_timer.o(i.nrfx_timer_extended_compare)
    nrfx_timer_init                          0x00004861   Thumb Code   184  nrfx_timer.o(i.nrfx_timer_init)
    nrfx_uart_0_irq_handler                  0x0000491d   Thumb Code     8  nrfx_uart.o(i.nrfx_uart_0_irq_handler)
    nrfx_uart_init                           0x0000492d   Thumb Code   196  nrfx_uart.o(i.nrfx_uart_init)
    nrfx_uart_tx                             0x000049fd   Thumb Code   162  nrfx_uart.o(i.nrfx_uart_tx)
    nrfx_uart_tx_in_progress                 0x00004aa5   Thumb Code    26  nrfx_uart.o(i.nrfx_uart_tx_in_progress)
    nrfx_uart_uninit                         0x00004ac5   Thumb Code   170  nrfx_uart.o(i.nrfx_uart_uninit)
    nrfx_uarte_0_irq_handler                 0x00004b79   Thumb Code     8  nrfx_uarte.o(i.nrfx_uarte_0_irq_handler)
    nrfx_uarte_init                          0x00004b89   Thumb Code   100  nrfx_uarte.o(i.nrfx_uarte_init)
    nrfx_uarte_tx                            0x00004bf5   Thumb Code   166  nrfx_uarte.o(i.nrfx_uarte_tx)
    nrfx_uarte_tx_in_progress                0x00004ca1   Thumb Code    22  nrfx_uarte.o(i.nrfx_uarte_tx_in_progress)
    nrfx_uarte_uninit                        0x00004cbd   Thumb Code   214  nrfx_uarte.o(i.nrfx_uarte_uninit)
    nrf_fstorage_nvmc                        0x00005d08   Data          32  nrf_fstorage_nvmc.o(.constdata)
    nrf_log_backend_rtt_api                  0x00005d28   Data          12  nrf_log_backend_rtt.o(.constdata)
    nrf_log_backend_uart_api                 0x00005d48   Data          12  nrf_log_backend_uart.o(.constdata)
    ndef_uri_record_type                     0x00005da4   Data           1  nfc_uri_rec.o(.constdata)
    cDummyByte                               0x00005da5   Data           1  nfc_t4t_lib.o(.constdata)
    c7816OK                                  0x00005da6   Data           2  nfc_t4t_lib.o(.constdata)
    c7816AppNotFound                         0x00005da8   Data           2  nfc_t4t_lib.o(.constdata)
    c7816WrongParams                         0x00005daa   Data           2  nfc_t4t_lib.o(.constdata)
    cSelectCcFile                            0x00005dac   Data           7  nfc_t4t_lib.o(.constdata)
    cSelectNdefFile                          0x00005db3   Data           7  nfc_t4t_lib.o(.constdata)
    cSelectAppNdefApp                        0x00005dba   Data          13  nfc_t4t_lib.o(.constdata)
    cDefaultCC                               0x00005dc7   Data          15  nfc_t4t_lib.o(.constdata)
    cFsdiValueMap                            0x00005dd8   Data          64  isodepmsg.o(.constdata)
    __ctype_table                            0x00005e28   Data         129  ctype_o.o(.constdata)
    Region$$Table$$Base                      0x000064fc   Number         0  anon$$obj.o(Region$$Table)
    Region$$Table$$Limit                     0x0000651c   Number         0  anon$$obj.o(Region$$Table)
    log_const_data$$Base                     0x0000653c   Number         0  ndef_file_m.o(log_const_data)
    m_nrf_log_ndef_file_m_logs_data_const    0x0000653c   Data           8  ndef_file_m.o(log_const_data)
    m_nrf_log_clock_logs_data_const          0x00006544   Data           8  nrf_drv_clock.o(log_const_data)
    m_nrf_log_CLOCK_logs_data_const          0x0000654c   Data           8  nrfx_clock.o(log_const_data)
    m_nrf_log_NFCT_logs_data_const           0x00006554   Data           8  nrfx_nfct.o(log_const_data)
    m_nrf_log_PRS_logs_data_const            0x0000655c   Data           8  nrfx_prs.o(log_const_data)
    m_nrf_log_TIMER_logs_data_const          0x00006564   Data           8  nrfx_timer.o(log_const_data)
    m_nrf_log_UART_logs_data_const           0x0000656c   Data           8  nrfx_uart.o(log_const_data)
    m_nrf_log_UARTE_logs_data_const          0x00006574   Data           8  nrfx_uarte.o(log_const_data)
    m_nrf_log_hardfault_logs_data_const      0x0000657c   Data           8  hardfault_implementation.o(log_const_data)
    m_nrf_log_nrf_fstorage_logs_data_const   0x00006584   Data           8  nrf_fstorage.o(log_const_data)
    m_nrf_log_app_logs_data_const            0x0000658c   Data           8  nrf_log_frontend.o(log_const_data)
    log_const_data$$Limit                    0x00006594   Number         0  nrf_log_frontend.o(log_const_data)
    log_mempool                              0x00006594   Data          20  nrf_log_frontend.o(nrf_balloc)
    nrf_drv_uart_use_easy_dma                0x20000010   Data           1  nrf_drv_uart.o(.data)
    m_uart                                   0x200000f0   Data          20  nrf_log_backend_uart.o(.data)
    SystemCoreClock                          0x2000016c   Data           4  system_nrf52.o(.data)
    fs_data$$Base                            0x20000190   Number         0  fds.o(fs_data)
    m_fs                                     0x20000190   Data          20  fds.o(fs_data)
    fs_data$$Limit                           0x200001a4   Number         0  fds.o(fs_data)
    _SEGGER_RTT                              0x20000d50   Data         120  segger_rtt.o(.bss)
    gCCArea                                  0x20001024   Data          15  nfc_t4t_lib.o(.bss)
    isoCB                                    0x20001034   Data         328  isodepmsg.o(.bss)
    STACK$$Base                              0x20001288   Number         0  arm_startup_nrf52.o(STACK)
    STACK$$Limit                             0x20003288   Number         0  arm_startup_nrf52.o(STACK)
    __initial_sp                             0x20003288   Data           0  arm_startup_nrf52.o(STACK)



==============================================================================

Memory Map of the image

  Image Entry point : 0x00000201

  Load Region LR_IROM1 (Base: 0x00000000, Size: 0x0000674c, Max: 0x00080000, ABSOLUTE, COMPRESSED[0x00006634])

    Execution Region ER_IROM1 (Exec base: 0x00000000, Load base: 0x00000000, Size: 0x000065a8, Max: 0x00080000, ABSOLUTE)

    Exec Addr    Load Addr    Size         Type   Attr      Idx    E Section Name        Object

    0x00000000   0x00000000   0x00000200   Data   RO         4343    RESET               arm_startup_nrf52.o
    0x00000200   0x00000200   0x00000000   Code   RO         4513  * .ARM.Collect$$$$00000000  mc_w.l(entry.o)
    0x00000200   0x00000200   0x00000004   Code   RO         4565    .ARM.Collect$$$$00000001  mc_w.l(entry2.o)
    0x00000204   0x00000204   0x00000004   Code   RO         4568    .ARM.Collect$$$$00000004  mc_w.l(entry5.o)
    0x00000208   0x00000208   0x00000000   Code   RO         4570    .ARM.Collect$$$$00000008  mc_w.l(entry7b.o)
    0x00000208   0x00000208   0x00000000   Code   RO         4572    .ARM.Collect$$$$0000000A  mc_w.l(entry8b.o)
    0x00000208   0x00000208   0x00000008   Code   RO         4573    .ARM.Collect$$$$0000000B  mc_w.l(entry9a.o)
    0x00000210   0x00000210   0x00000000   Code   RO         4575    .ARM.Collect$$$$0000000D  mc_w.l(entry10a.o)
    0x00000210   0x00000210   0x00000000   Code   RO         4577    .ARM.Collect$$$$0000000F  mc_w.l(entry11a.o)
    0x00000210   0x00000210   0x00000004   Code   RO         4566    .ARM.Collect$$$$00002712  mc_w.l(entry2.o)
    0x00000214   0x00000214   0x00000034   Code   RO         2588    .emb_text           hardfault_handler_keil.o
    0x00000248   0x00000248   0x000000c8   Code   RO         2680    .emb_text           nrf_atfifo.o
    0x00000310   0x00000310   0x000000e2   Code   RO         2750    .emb_text           nrf_atomic.o
    0x000003f2   0x000003f2   0x00000002   PAD
    0x000003f4   0x000003f4   0x00000024   Code   RO         4344    .text               arm_startup_nrf52.o
    0x00000418   0x00000418   0x00000020   Code   RO         4521    .text               mc_w.l(llushr.o)
    0x00000438   0x00000438   0x00000008   Code   RO         4523    .text               mc_w.l(ctype_o.o)
    0x00000440   0x00000440   0x00000024   Code   RO         4551    .text               mc_w.l(memcpya.o)
    0x00000464   0x00000464   0x00000024   Code   RO         4553    .text               mc_w.l(memseta.o)
    0x00000488   0x00000488   0x0000000e   Code   RO         4555    .text               mc_w.l(strlen.o)
    0x00000496   0x00000496   0x0000001a   Code   RO         4559    .text               mc_w.l(memcmp.o)
    0x000004b0   0x000004b0   0x00000012   Code   RO         4561    .text               mc_w.l(strcpy.o)
    0x000004c2   0x000004c2   0x00000002   PAD
    0x000004c4   0x000004c4   0x00000024   Code   RO         4581    .text               mc_w.l(init.o)
    0x000004e8   0x000004e8   0x0000003a   Code   RO         4591    .text               mc_w.l(__dczerorl.o)
    0x00000522   0x00000522   0x00000002   PAD
    0x00000524   0x00000524   0x000001d0   Code   RO         2610    i.HardFault_c_handler  hardfault_implementation.o
    0x000006f4   0x000006f4   0x00000024   Code   RO         2611    i.HardFault_process  hardfault_implementation.o
    0x00000718   0x00000718   0x000001c8   Code   RO         1118    i.NFCT_IRQHandler   nrfx_nfct.o
    0x000008e0   0x000008e0   0x00000058   Code   RO          980    i.POWER_CLOCK_IRQHandler  nrfx_clock.o
    0x00000938   0x00000938   0x00000004   Code   RO         3997    i.SEGGER_RTT_Init   segger_rtt.o
    0x0000093c   0x0000093c   0x0000005c   Code   RO         4011    i.SEGGER_RTT_WriteNoLock  segger_rtt.o
    0x00000998   0x00000998   0x0000031c   Code   RO         4352    i.SystemInit        system_nrf52.o
    0x00000cb4   0x00000cb4   0x00000050   Code   RO         1362    i.TIMER4_IRQHandler  nrfx_timer.o
    0x00000d04   0x00000d04   0x0000000c   Code   RO         1308    i.UARTE0_UART0_IRQHandler  nrfx_prs.o
    0x00000d10   0x00000d10   0x00000068   Code   RO         4015    i._DoInit           segger_rtt.o
    0x00000d78   0x00000d78   0x00000016   Code   RO         4016    i._GetAvailWriteSpace  segger_rtt.o
    0x00000d8e   0x00000d8e   0x00000016   Code   RO         1119    i._NRFX_IRQ_PENDING_CLEAR  nrfx_nfct.o
    0x00000da4   0x00000da4   0x0000005a   Code   RO         4018    i._WriteBlocking    segger_rtt.o
    0x00000dfe   0x00000dfe   0x00000042   Code   RO         4019    i._WriteNoCheck     segger_rtt.o
    0x00000e40   0x00000e40   0x0000000e   Code   RO         4585    i.__scatterload_copy  mc_w.l(handlers.o)
    0x00000e4e   0x00000e4e   0x00000002   Code   RO         4586    i.__scatterload_null  mc_w.l(handlers.o)
    0x00000e50   0x00000e50   0x0000000e   Code   RO         4587    i.__scatterload_zeroinit  mc_w.l(handlers.o)
    0x00000e5e   0x00000e5e   0x0000000c   Code   RO         3002    i.addr_is_aligned32  nrf_fstorage.o
    0x00000e6a   0x00000e6a   0x00000018   Code   RO         3003    i.addr_is_within_bounds  nrf_fstorage.o
    0x00000e82   0x00000e82   0x00000002   PAD
    0x00000e84   0x00000e84   0x000000a0   Code   RO         4442    i.alNfcCallback     nfc_t4t_lib_keil.lib(isodepmsg.o)
    0x00000f24   0x00000f24   0x0000008c   Code   RO         1905    i.app_error_fault_handler  app_error_weak.o
    0x00000fb0   0x00000fb0   0x00000016   Code   RO         1839    i.app_error_handler_bare  app_error.o
    0x00000fc6   0x00000fc6   0x00000002   PAD
    0x00000fc8   0x00000fc8   0x0000009c   Code   RO         2026    i.app_sched_event_put  app_scheduler.o
    0x00001064   0x00001064   0x00000040   Code   RO         2027    i.app_sched_execute  app_scheduler.o
    0x000010a4   0x000010a4   0x0000002c   Code   RO         2028    i.app_sched_init    app_scheduler.o
    0x000010d0   0x000010d0   0x00000004   Code   RO         2176    i.app_util_critical_region_enter  app_util_platform.o
    0x000010d4   0x000010d4   0x00000004   Code   RO         2177    i.app_util_critical_region_exit  app_util_platform.o
    0x000010d8   0x000010d8   0x00000010   Code   RO         2178    i.app_util_disable_irq  app_util_platform.o
    0x000010e8   0x000010e8   0x00000014   Code   RO         2179    i.app_util_enable_irq  app_util_platform.o
    0x000010fc   0x000010fc   0x00000088   Code   RO         1494    i.apply_config      nrfx_uart.o
    0x00001184   0x00001184   0x00000088   Code   RO         1679    i.apply_config      nrfx_uarte.o
    0x0000120c   0x0000120c   0x00000020   Code   RO          361    i.bsp_board_button_state_get  boards.o
    0x0000122c   0x0000122c   0x00000054   Code   RO          362    i.bsp_board_init    boards.o
    0x00001280   0x00001280   0x00000010   Code   RO          365    i.bsp_board_led_off  boards.o
    0x00001290   0x00001290   0x00000010   Code   RO          366    i.bsp_board_led_on  boards.o
    0x000012a0   0x000012a0   0x00000012   Code   RO          368    i.bsp_board_leds_off  boards.o
    0x000012b2   0x000012b2   0x00000002   PAD
    0x000012b4   0x000012b4   0x00000088   Code   RO         3554    i.buf_prealloc      nrf_log_frontend.o
    0x0000133c   0x0000133c   0x0000002e   Code   RO         2962    i.buffer_add        nrf_fprintf_format.o
    0x0000136a   0x0000136a   0x00000002   PAD
    0x0000136c   0x0000136c   0x00000014   Code   RO         3555    i.buffer_is_empty   nrf_log_frontend.o
    0x00001380   0x00001380   0x00000028   Code   RO          488    i.clock_clk_started_notify  nrf_drv_clock.o
    0x000013a8   0x000013a8   0x0000000a   Code   RO         3866    i.clock_event_handler  nfc_platform.o
    0x000013b2   0x000013b2   0x00000002   PAD
    0x000013b4   0x000013b4   0x0000001c   Code   RO          489    i.clock_irq_handler  nrf_drv_clock.o
    0x000013d0   0x000013d0   0x0000008c   Code   RO         2265    i.delete_execute    fds.o
    0x0000145c   0x0000145c   0x00000014   Code   RO         3556    i.dropped_sat16_get  nrf_log_frontend.o
    0x00001470   0x00001470   0x00000048   Code   RO         3089    i.erase             nrf_fstorage_nvmc.o
    0x000014b8   0x000014b8   0x00000074   Code   RO         2266    i.event_prepare     fds.o
    0x0000152c   0x0000152c   0x00000020   Code   RO         2267    i.event_send        fds.o
    0x0000154c   0x0000154c   0x00000036   Code   RO         3090    i.event_send        nrf_fstorage_nvmc.o
    0x00001582   0x00001582   0x00000002   PAD
    0x00001584   0x00001584   0x000000ec   Code   RO          243    i.fds_evt_handler   ndef_file_m.o
    0x00001670   0x00001670   0x00000040   Code   RO         2270    i.fds_gc            fds.o
    0x000016b0   0x000016b0   0x000000d4   Code   RO         2271    i.fds_init          fds.o
    0x00001784   0x00001784   0x00000048   Code   RO         2272    i.fds_record_close  fds.o
    0x000017cc   0x000017cc   0x0000000e   Code   RO         2274    i.fds_record_find   fds.o
    0x000017da   0x000017da   0x00000002   PAD
    0x000017dc   0x000017dc   0x0000004c   Code   RO         2279    i.fds_record_open   fds.o
    0x00001828   0x00001828   0x00000010   Code   RO         2280    i.fds_record_update  fds.o
    0x00001838   0x00001838   0x00000008   Code   RO         2281    i.fds_record_write  fds.o
    0x00001840   0x00001840   0x00000030   Code   RO         2283    i.fds_register      fds.o
    0x00001870   0x00001870   0x00000006   Code   RO         2287    i.fs_event_handler  fds.o
    0x00001876   0x00001876   0x00000002   PAD
    0x00001878   0x00001878   0x00000080   Code   RO         2288    i.gc_execute        fds.o
    0x000018f8   0x000018f8   0x0000004c   Code   RO         2289    i.gc_next_page      fds.o
    0x00001944   0x00001944   0x00000040   Code   RO         2290    i.gc_page_erase     fds.o
    0x00001984   0x00001984   0x00000034   Code   RO         2291    i.gc_record_copy    fds.o
    0x000019b8   0x000019b8   0x00000024   Code   RO         2292    i.gc_record_find_next  fds.o
    0x000019dc   0x000019dc   0x00000088   Code   RO         2293    i.gc_state_advance  fds.o
    0x00001a64   0x00001a64   0x0000002c   Code   RO         2294    i.header_check      fds.o
    0x00001a90   0x00001a90   0x00000012   Code   RO         2295    i.header_has_next   fds.o
    0x00001aa2   0x00001aa2   0x00000002   PAD
    0x00001aa4   0x00001aa4   0x0000000c   Code   RO         3091    i.init              nrf_fstorage_nvmc.o
    0x00001ab0   0x00001ab0   0x000000c8   Code   RO         2296    i.init_execute      fds.o
    0x00001b78   0x00001b78   0x000000a6   Code   RO         2963    i.int_print         nrf_fprintf_format.o
    0x00001c1e   0x00001c1e   0x00000002   PAD
    0x00001c20   0x00001c20   0x00000084   Code   RO         1680    i.interrupts_enable  nrfx_uarte.o
    0x00001ca4   0x00001ca4   0x00000034   Code   RO         3557    i.invalid_packets_omit  nrf_log_frontend.o
    0x00001cd8   0x00001cd8   0x00000010   Code   RO         3092    i.is_busy           nrf_fstorage_nvmc.o
    0x00001ce8   0x00001ce8   0x0000000c   Code   RO         2297    i.is_word_aligned   fds.o
    0x00001cf4   0x00001cf4   0x0000006c   Code   RO         4387    i.isodepCallback    nfc_t4t_lib_keil.lib(nfc_t4t_lib.o)
    0x00001d60   0x00001d60   0x0000002c   Code   RO         4443    i.isodepClearConnection  nfc_t4t_lib_keil.lib(isodepmsg.o)
    0x00001d8c   0x00001d8c   0x00000026   Code   RO         4444    i.isodepHandleCID   nfc_t4t_lib_keil.lib(isodepmsg.o)
    0x00001db2   0x00001db2   0x00000034   Code   RO         4445    i.isodepHandleDataTransmitted  nfc_t4t_lib_keil.lib(isodepmsg.o)
    0x00001de6   0x00001de6   0x0000002c   Code   RO         4446    i.isodepHandleDeselect  nfc_t4t_lib_keil.lib(isodepmsg.o)
    0x00001e12   0x00001e12   0x00000098   Code   RO         4447    i.isodepHandleIFrame  nfc_t4t_lib_keil.lib(isodepmsg.o)
    0x00001eaa   0x00001eaa   0x00000082   Code   RO         4448    i.isodepHandleRFrame  nfc_t4t_lib_keil.lib(isodepmsg.o)
    0x00001f2c   0x00001f2c   0x0000010c   Code   RO         4449    i.isodepHandleReceivedData  nfc_t4t_lib_keil.lib(isodepmsg.o)
    0x00002038   0x00002038   0x00000028   Code   RO         4450    i.isodepMapFsdLength  nfc_t4t_lib_keil.lib(isodepmsg.o)
    0x00002060   0x00002060   0x00000040   Code   RO         4453    i.isodepSendATS     nfc_t4t_lib_keil.lib(isodepmsg.o)
    0x000020a0   0x000020a0   0x0000002a   Code   RO         4454    i.isodepSendAck     nfc_t4t_lib_keil.lib(isodepmsg.o)
    0x000020ca   0x000020ca   0x000000fa   Code   RO         4455    i.isodepSendChunk   nfc_t4t_lib_keil.lib(isodepmsg.o)
    0x000021c4   0x000021c4   0x00000020   Code   RO         4457    i.isodepSendDeselect  nfc_t4t_lib_keil.lib(isodepmsg.o)
    0x000021e4   0x000021e4   0x00000042   Code   RO         4458    i.isodepSetWtx      nfc_t4t_lib_keil.lib(isodepmsg.o)
    0x00002226   0x00002226   0x00000002   PAD
    0x00002228   0x00002228   0x00000068   Code   RO         4459    i.isodepSetup       nfc_t4t_lib_keil.lib(isodepmsg.o)
    0x00002290   0x00002290   0x00000050   Code   RO         4460    i.isodepTransmit    nfc_t4t_lib_keil.lib(isodepmsg.o)
    0x000022e0   0x000022e0   0x00000016   Code   RO          490    i.item_enqueue      nrf_drv_clock.o
    0x000022f6   0x000022f6   0x00000002   PAD
    0x000022f8   0x000022f8   0x0000009c   Code   RO         3558    i.log_skip          nrf_log_frontend.o
    0x00002394   0x00002394   0x000000f8   Code   RO            4    i.main              main.o
    0x0000248c   0x0000248c   0x0000007e   Code   RO         3166    i.memobj_op         nrf_memobj.o
    0x0000250a   0x0000250a   0x00000002   PAD
    0x0000250c   0x0000250c   0x00000030   Code   RO         3559    i.module_idx_get    nrf_log_frontend.o
    0x0000253c   0x0000253c   0x00000090   Code   RO          244    i.ndef_file_create  ndef_file_m.o
    0x000025cc   0x000025cc   0x00000018   Code   RO          245    i.ndef_file_default_message  ndef_file_m.o
    0x000025e4   0x000025e4   0x000000dc   Code   RO          246    i.ndef_file_load    ndef_file_m.o
    0x000026c0   0x000026c0   0x0000001c   Code   RO          247    i.ndef_file_prepare_record  ndef_file_m.o
    0x000026dc   0x000026dc   0x00000028   Code   RO          248    i.ndef_file_setup   ndef_file_m.o
    0x00002704   0x00002704   0x00000088   Code   RO          249    i.ndef_file_update  ndef_file_m.o
    0x0000278c   0x0000278c   0x00000028   Code   RO         4388    i.nfc4CCUpdate      nfc_t4t_lib_keil.lib(nfc_t4t_lib.o)
    0x000027b4   0x000027b4   0x00000034   Code   RO         4389    i.nfc4_internal_init  nfc_t4t_lib_keil.lib(nfc_t4t_lib.o)
    0x000027e8   0x000027e8   0x00000040   Code   RO         4390    i.nfcChangeState    nfc_t4t_lib_keil.lib(nfc_t4t_lib.o)
    0x00002828   0x00002828   0x00000078   Code   RO         4391    i.nfcHandle7816ChainUpdate  nfc_t4t_lib_keil.lib(nfc_t4t_lib.o)
    0x000028a0   0x000028a0   0x0000006c   Code   RO         4392    i.nfcHandle7816Read  nfc_t4t_lib_keil.lib(nfc_t4t_lib.o)
    0x0000290c   0x0000290c   0x0000007c   Code   RO         4393    i.nfcHandle7816Select  nfc_t4t_lib_keil.lib(nfc_t4t_lib.o)
    0x00002988   0x00002988   0x000000a4   Code   RO         4394    i.nfcHandle7816Update  nfc_t4t_lib_keil.lib(nfc_t4t_lib.o)
    0x00002a2c   0x00002a2c   0x00000084   Code   RO         4395    i.nfcHandleEvDataIndication  nfc_t4t_lib_keil.lib(nfc_t4t_lib.o)
    0x00002ab0   0x00002ab0   0x00000040   Code   RO         4396    i.nfcHandleEvDataTransmitted  nfc_t4t_lib_keil.lib(nfc_t4t_lib.o)
    0x00002af0   0x00002af0   0x0000005c   Code   RO            5    i.nfc_callback      main.o
    0x00002b4c   0x00002b4c   0x0000009c   Code   RO         3793    i.nfc_ndef_msg_encode  nfc_ndef_msg.o
    0x00002be8   0x00002be8   0x0000001c   Code   RO         3794    i.nfc_ndef_msg_record_add  nfc_ndef_msg.o
    0x00002c04   0x00002c04   0x000000ac   Code   RO         3833    i.nfc_ndef_record_encode  nfc_ndef_record.o
    0x00002cb0   0x00002cb0   0x0000001c   Code   RO         3867    i.nfc_platform_event_handler  nfc_platform.o
    0x00002ccc   0x00002ccc   0x00000028   Code   RO         3868    i.nfc_platform_setup  nfc_platform.o
    0x00002cf4   0x00002cf4   0x00000016   Code   RO         4398    i.nfc_t4t_emulation_start  nfc_t4t_lib_keil.lib(nfc_t4t_lib.o)
    0x00002d0a   0x00002d0a   0x00000002   PAD
    0x00002d0c   0x00002d0c   0x000000b4   Code   RO         4491    i.nfc_t4t_lib_al_parameter_set  nfc_t4t_lib_keil.lib(nfc_t4t_lib_al.o)
    0x00002dc0   0x00002dc0   0x00000016   Code   RO         4492    i.nfc_t4t_lib_al_send  nfc_t4t_lib_keil.lib(nfc_t4t_lib_al.o)
    0x00002dd6   0x00002dd6   0x00000002   PAD
    0x00002dd8   0x00002dd8   0x0000004c   Code   RO         4493    i.nfc_t4t_lib_al_setup  nfc_t4t_lib_keil.lib(nfc_t4t_lib_al.o)
    0x00002e24   0x00002e24   0x00000004   Code   RO         4494    i.nfc_t4t_lib_al_start  nfc_t4t_lib_keil.lib(nfc_t4t_lib_al.o)
    0x00002e28   0x00002e28   0x0000003c   Code   RO         4400    i.nfc_t4t_ndef_rwpayload_set  nfc_t4t_lib_keil.lib(nfc_t4t_lib.o)
    0x00002e64   0x00002e64   0x00000038   Code   RO         4405    i.nfc_t4t_setup     nfc_t4t_lib_keil.lib(nfc_t4t_lib.o)
    0x00002e9c   0x00002e9c   0x00000058   Code   RO         3925    i.nfc_uri_msg_encode  nfc_uri_msg.o
    0x00002ef4   0x00002ef4   0x0000002c   Code   RO         3960    i.nfc_uri_payload_constructor  nfc_uri_rec.o
    0x00002f20   0x00002f20   0x00000026   Code   RO         2684    i.nrf_atfifo_init   nrf_atfifo.o
    0x00002f46   0x00002f46   0x00000016   Code   RO         2685    i.nrf_atfifo_item_alloc  nrf_atfifo.o
    0x00002f5c   0x00002f5c   0x00000016   Code   RO         2686    i.nrf_atfifo_item_free  nrf_atfifo.o
    0x00002f72   0x00002f72   0x00000016   Code   RO         2687    i.nrf_atfifo_item_get  nrf_atfifo.o
    0x00002f88   0x00002f88   0x00000016   Code   RO         2688    i.nrf_atfifo_item_put  nrf_atfifo.o
    0x00002f9e   0x00002f9e   0x00000006   Code   RO         2751    i.nrf_atomic_flag_clear  nrf_atomic.o
    0x00002fa4   0x00002fa4   0x00000006   Code   RO         2752    i.nrf_atomic_flag_clear_fetch  nrf_atomic.o
    0x00002faa   0x00002faa   0x00000006   Code   RO         2753    i.nrf_atomic_flag_set  nrf_atomic.o
    0x00002fb0   0x00002fb0   0x00000006   Code   RO         2754    i.nrf_atomic_flag_set_fetch  nrf_atomic.o
    0x00002fb6   0x00002fb6   0x0000000c   Code   RO         2755    i.nrf_atomic_u32_add  nrf_atomic.o
    0x00002fc2   0x00002fc2   0x0000000c   Code   RO         2756    i.nrf_atomic_u32_and  nrf_atomic.o
    0x00002fce   0x00002fce   0x0000000a   Code   RO         2758    i.nrf_atomic_u32_fetch_add  nrf_atomic.o
    0x00002fd8   0x00002fd8   0x0000000a   Code   RO         2759    i.nrf_atomic_u32_fetch_and  nrf_atomic.o
    0x00002fe2   0x00002fe2   0x0000000a   Code   RO         2760    i.nrf_atomic_u32_fetch_or  nrf_atomic.o
    0x00002fec   0x00002fec   0x0000000a   Code   RO         2761    i.nrf_atomic_u32_fetch_store  nrf_atomic.o
    0x00002ff6   0x00002ff6   0x0000000c   Code   RO         2765    i.nrf_atomic_u32_or  nrf_atomic.o
    0x00003002   0x00003002   0x0000000c   Code   RO         2767    i.nrf_atomic_u32_sub  nrf_atomic.o
    0x0000300e   0x0000300e   0x0000003e   Code   RO         2886    i.nrf_balloc_alloc  nrf_balloc.o
    0x0000304c   0x0000304c   0x0000002a   Code   RO         2887    i.nrf_balloc_free   nrf_balloc.o
    0x00003076   0x00003076   0x00000030   Code   RO         2888    i.nrf_balloc_init   nrf_balloc.o
    0x000030a6   0x000030a6   0x0000000e   Code   RO          981    i.nrf_clock_event_check  nrfx_clock.o
    0x000030b4   0x000030b4   0x00000010   Code   RO          982    i.nrf_clock_event_clear  nrfx_clock.o
    0x000030c4   0x000030c4   0x0000002c   Code   RO          494    i.nrf_drv_clock_hfclk_release  nrf_drv_clock.o
    0x000030f0   0x000030f0   0x00000048   Code   RO          495    i.nrf_drv_clock_hfclk_request  nrf_drv_clock.o
    0x00003138   0x00003138   0x00000034   Code   RO          496    i.nrf_drv_clock_init  nrf_drv_clock.o
    0x0000316c   0x0000316c   0x00000068   Code   RO          624    i.nrf_drv_uart_init  nrf_drv_uart.o
    0x000031d4   0x000031d4   0x0000001a   Code   RO         2923    i.nrf_fprintf       nrf_fprintf.o
    0x000031ee   0x000031ee   0x00000018   Code   RO         2924    i.nrf_fprintf_buffer_flush  nrf_fprintf.o
    0x00003206   0x00003206   0x000001da   Code   RO         2964    i.nrf_fprintf_fmt   nrf_fprintf_format.o
    0x000033e0   0x000033e0   0x00000138   Code   RO         3004    i.nrf_fstorage_erase  nrf_fstorage.o
    0x00003518   0x00003518   0x00000094   Code   RO         3005    i.nrf_fstorage_init  nrf_fstorage.o
    0x000035ac   0x000035ac   0x000001dc   Code   RO         3011    i.nrf_fstorage_write  nrf_fstorage.o
    0x00003788   0x00003788   0x00000024   Code   RO          372    i.nrf_gpio_cfg      boards.o
    0x000037ac   0x000037ac   0x00000024   Code   RO         1495    i.nrf_gpio_cfg      nrfx_uart.o
    0x000037d0   0x000037d0   0x00000024   Code   RO         1681    i.nrf_gpio_cfg      nrfx_uarte.o
    0x000037f4   0x000037f4   0x00000012   Code   RO         1496    i.nrf_gpio_cfg_default  nrfx_uart.o
    0x00003806   0x00003806   0x00000012   Code   RO         1682    i.nrf_gpio_cfg_default  nrfx_uarte.o
    0x00003818   0x00003818   0x00000012   Code   RO         1497    i.nrf_gpio_cfg_input  nrfx_uart.o
    0x0000382a   0x0000382a   0x00000012   Code   RO         1683    i.nrf_gpio_cfg_input  nrfx_uarte.o
    0x0000383c   0x0000383c   0x00000014   Code   RO         1498    i.nrf_gpio_cfg_output  nrfx_uart.o
    0x00003850   0x00003850   0x00000014   Code   RO         1684    i.nrf_gpio_cfg_output  nrfx_uarte.o
    0x00003864   0x00003864   0x00000016   Code   RO          373    i.nrf_gpio_pin_write  boards.o
    0x0000387a   0x0000387a   0x00000002   PAD
    0x0000387c   0x0000387c   0x0000005c   Code   RO         3560    i.nrf_log_backend_add  nrf_log_frontend.o
    0x000038d8   0x000038d8   0x00000002   Code   RO         3337    i.nrf_log_backend_rtt_flush  nrf_log_backend_rtt.o
    0x000038da   0x000038da   0x00000004   Code   RO         3338    i.nrf_log_backend_rtt_init  nrf_log_backend_rtt.o
    0x000038de   0x000038de   0x00000002   Code   RO         3339    i.nrf_log_backend_rtt_panic_set  nrf_log_backend_rtt.o
    0x000038e0   0x000038e0   0x00000018   Code   RO         3340    i.nrf_log_backend_rtt_put  nrf_log_backend_rtt.o
    0x000038f8   0x000038f8   0x000000c8   Code   RO         3409    i.nrf_log_backend_serial_put  nrf_log_backend_serial.o
    0x000039c0   0x000039c0   0x00000002   Code   RO         3443    i.nrf_log_backend_uart_flush  nrf_log_backend_uart.o
    0x000039c2   0x000039c2   0x00000006   Code   RO         3444    i.nrf_log_backend_uart_init  nrf_log_backend_uart.o
    0x000039c8   0x000039c8   0x0000002c   Code   RO         3445    i.nrf_log_backend_uart_panic_set  nrf_log_backend_uart.o
    0x000039f4   0x000039f4   0x00000018   Code   RO         3446    i.nrf_log_backend_uart_put  nrf_log_backend_uart.o
    0x00003a0c   0x00003a0c   0x00000030   Code   RO         3562    i.nrf_log_color_id_get  nrf_log_frontend.o
    0x00003a3c   0x00003a3c   0x00000034   Code   RO         3510    i.nrf_log_default_backends_init  nrf_log_default_backends.o
    0x00003a70   0x00003a70   0x00000230   Code   RO         3563    i.nrf_log_frontend_dequeue  nrf_log_frontend.o
    0x00003ca0   0x00003ca0   0x00000008   Code   RO         3565    i.nrf_log_frontend_std_0  nrf_log_frontend.o
    0x00003ca8   0x00003ca8   0x0000000e   Code   RO         3566    i.nrf_log_frontend_std_1  nrf_log_frontend.o
    0x00003cb6   0x00003cb6   0x00000012   Code   RO         3568    i.nrf_log_frontend_std_3  nrf_log_frontend.o
    0x00003cc8   0x00003cc8   0x00000014   Code   RO         3569    i.nrf_log_frontend_std_4  nrf_log_frontend.o
    0x00003cdc   0x00003cdc   0x000000b0   Code   RO         3740    i.nrf_log_hexdump_entry_process  nrf_log_str_formatter.o
    0x00003d8c   0x00003d8c   0x0000003c   Code   RO         3572    i.nrf_log_init      nrf_log_frontend.o
    0x00003dc8   0x00003dc8   0x00000014   Code   RO         3573    i.nrf_log_module_cnt_get  nrf_log_frontend.o
    0x00003ddc   0x00003ddc   0x0000001c   Code   RO         3576    i.nrf_log_module_name_get  nrf_log_frontend.o
    0x00003df8   0x00003df8   0x0000002c   Code   RO         3577    i.nrf_log_panic     nrf_log_frontend.o
    0x00003e24   0x00003e24   0x000000b6   Code   RO         3741    i.nrf_log_std_entry_process  nrf_log_str_formatter.o
    0x00003eda   0x00003eda   0x00000060   Code   RO         3167    i.nrf_memobj_alloc  nrf_memobj.o
    0x00003f3a   0x00003f3a   0x00000032   Code   RO         3168    i.nrf_memobj_free   nrf_memobj.o
    0x00003f6c   0x00003f6c   0x00000008   Code   RO         3169    i.nrf_memobj_get    nrf_memobj.o
    0x00003f74   0x00003f74   0x00000004   Code   RO         3170    i.nrf_memobj_pool_init  nrf_memobj.o
    0x00003f78   0x00003f78   0x0000001e   Code   RO         3171    i.nrf_memobj_put    nrf_memobj.o
    0x00003f96   0x00003f96   0x00000010   Code   RO         3172    i.nrf_memobj_read   nrf_memobj.o
    0x00003fa6   0x00003fa6   0x00000010   Code   RO         3173    i.nrf_memobj_write  nrf_memobj.o
    0x00003fb6   0x00003fb6   0x00000002   PAD
    0x00003fb8   0x00003fb8   0x00000010   Code   RO         1120    i.nrf_nfct_event_check  nrfx_nfct.o
    0x00003fc8   0x00003fc8   0x00000010   Code   RO         1121    i.nrf_nfct_event_clear  nrfx_nfct.o
    0x00003fd8   0x00003fd8   0x00000018   Code   RO         1122    i.nrf_nfct_int_enable_check  nrfx_nfct.o
    0x00003ff0   0x00003ff0   0x00000068   Code   RO         1123    i.nrf_nfct_nfcid1_set  nrfx_nfct.o
    0x00004058   0x00004058   0x00000080   Code   RO         4496    i.nrf_nfct_rx_frameend_handle  nfc_t4t_lib_keil.lib(nfc_t4t_lib_al.o)
    0x000040d8   0x000040d8   0x00000014   Code   RO         1124    i.nrf_nfct_selres_protocol_set  nrfx_nfct.o
    0x000040ec   0x000040ec   0x00000030   Code   RO          766    i.nrf_nvmc_page_erase  nrf_nvmc.o
    0x0000411c   0x0000411c   0x00000044   Code   RO          770    i.nrf_nvmc_write_words  nrf_nvmc.o
    0x00004160   0x00004160   0x0000001c   Code   RO         3246    i.nrf_ringbuf_init  nrf_ringbuf.o
    0x0000417c   0x0000417c   0x0000000c   Code   RO         1363    i.nrf_timer_event_clear  nrfx_timer.o
    0x00004188   0x00004188   0x0000000a   Code   RO         1499    i.nrf_uart_event_check  nrfx_uart.o
    0x00004192   0x00004192   0x0000000c   Code   RO         1500    i.nrf_uart_event_clear  nrfx_uart.o
    0x0000419e   0x0000419e   0x0000000c   Code   RO         1501    i.nrf_uart_int_enable_check  nrfx_uart.o
    0x000041aa   0x000041aa   0x0000000a   Code   RO         1685    i.nrf_uarte_event_check  nrfx_uarte.o
    0x000041b4   0x000041b4   0x0000000c   Code   RO         1686    i.nrf_uarte_event_clear  nrfx_uarte.o
    0x000041c0   0x000041c0   0x0000002c   Code   RO          987    i.nrfx_clock_enable  nrfx_clock.o
    0x000041ec   0x000041ec   0x00000016   Code   RO          988    i.nrfx_clock_hfclk_start  nrfx_clock.o
    0x00004202   0x00004202   0x00000002   PAD
    0x00004204   0x00004204   0x0000002c   Code   RO          989    i.nrfx_clock_hfclk_stop  nrfx_clock.o
    0x00004230   0x00004230   0x00000020   Code   RO          990    i.nrfx_clock_init   nrfx_clock.o
    0x00004250   0x00004250   0x00000010   Code   RO         1687    i.nrfx_is_in_ram    nrfx_uarte.o
    0x00004260   0x00004260   0x00000010   Code   RO         1125    i.nrfx_nfct_autocolres_disable  nrfx_nfct.o
    0x00004270   0x00004270   0x00000010   Code   RO         1126    i.nrfx_nfct_autocolres_enable  nrfx_nfct.o
    0x00004280   0x00004280   0x00000024   Code   RO         1128    i.nrfx_nfct_enable  nrfx_nfct.o
    0x000042a4   0x000042a4   0x000000d4   Code   RO         4497    i.nrfx_nfct_evt_handler  nfc_t4t_lib_keil.lib(nfc_t4t_lib_al.o)
    0x00004378   0x00004378   0x00000010   Code   RO         1129    i.nrfx_nfct_field_check  nrfx_nfct.o
    0x00004388   0x00004388   0x00000084   Code   RO         1130    i.nrfx_nfct_field_event_handler  nrfx_nfct.o
    0x0000440c   0x0000440c   0x00000050   Code   RO         1131    i.nrfx_nfct_field_poll  nrfx_nfct.o
    0x0000445c   0x0000445c   0x0000000c   Code   RO         1132    i.nrfx_nfct_field_timer_handler  nrfx_nfct.o
    0x00004468   0x00004468   0x0000001c   Code   RO         1133    i.nrfx_nfct_frame_delay_max_set  nrfx_nfct.o
    0x00004484   0x00004484   0x0000001c   Code   RO         1134    i.nrfx_nfct_hw_init_setup  nrfx_nfct.o
    0x000044a0   0x000044a0   0x0000009c   Code   RO         1135    i.nrfx_nfct_init    nrfx_nfct.o
    0x0000453c   0x0000453c   0x0000003c   Code   RO         1136    i.nrfx_nfct_init_substate_force  nrfx_nfct.o
    0x00004578   0x00004578   0x00000060   Code   RO         1137    i.nrfx_nfct_nfcid1_default_bytes_get  nrfx_nfct.o
    0x000045d8   0x000045d8   0x00000060   Code   RO         1138    i.nrfx_nfct_parameter_set  nrfx_nfct.o
    0x00004638   0x00004638   0x000000a8   Code   RO         1139    i.nrfx_nfct_reset   nrfx_nfct.o
    0x000046e0   0x000046e0   0x00000034   Code   RO         1140    i.nrfx_nfct_rx      nrfx_nfct.o
    0x00004714   0x00004714   0x0000000c   Code   RO         1141    i.nrfx_nfct_state_force  nrfx_nfct.o
    0x00004720   0x00004720   0x00000058   Code   RO         1142    i.nrfx_nfct_tx      nrfx_nfct.o
    0x00004778   0x00004778   0x00000030   Code   RO         1309    i.nrfx_prs_acquire  nrfx_prs.o
    0x000047a8   0x000047a8   0x00000012   Code   RO         1310    i.nrfx_prs_release  nrfx_prs.o
    0x000047ba   0x000047ba   0x00000008   Code   RO         1365    i.nrfx_timer_clear  nrfx_timer.o
    0x000047c2   0x000047c2   0x0000003a   Code   RO         1366    i.nrfx_timer_compare  nrfx_timer.o
    0x000047fc   0x000047fc   0x0000001c   Code   RO         1369    i.nrfx_timer_disable  nrfx_timer.o
    0x00004818   0x00004818   0x0000001c   Code   RO         1370    i.nrfx_timer_enable  nrfx_timer.o
    0x00004834   0x00004834   0x0000002a   Code   RO         1371    i.nrfx_timer_extended_compare  nrfx_timer.o
    0x0000485e   0x0000485e   0x00000002   PAD
    0x00004860   0x00004860   0x000000bc   Code   RO         1373    i.nrfx_timer_init   nrfx_timer.o
    0x0000491c   0x0000491c   0x00000010   Code   RO         1502    i.nrfx_uart_0_irq_handler  nrfx_uart.o
    0x0000492c   0x0000492c   0x000000d0   Code   RO         1504    i.nrfx_uart_init    nrfx_uart.o
    0x000049fc   0x000049fc   0x000000a8   Code   RO         1510    i.nrfx_uart_tx      nrfx_uart.o
    0x00004aa4   0x00004aa4   0x00000020   Code   RO         1512    i.nrfx_uart_tx_in_progress  nrfx_uart.o
    0x00004ac4   0x00004ac4   0x000000b4   Code   RO         1513    i.nrfx_uart_uninit  nrfx_uart.o
    0x00004b78   0x00004b78   0x00000010   Code   RO         1688    i.nrfx_uarte_0_irq_handler  nrfx_uarte.o
    0x00004b88   0x00004b88   0x0000006c   Code   RO         1690    i.nrfx_uarte_init   nrfx_uarte.o
    0x00004bf4   0x00004bf4   0x000000ac   Code   RO         1694    i.nrfx_uarte_tx     nrfx_uarte.o
    0x00004ca0   0x00004ca0   0x0000001c   Code   RO         1696    i.nrfx_uarte_tx_in_progress  nrfx_uarte.o
    0x00004cbc   0x00004cbc   0x000000e0   Code   RO         1697    i.nrfx_uarte_uninit  nrfx_uarte.o
    0x00004d9c   0x00004d9c   0x00000024   Code   RO         2298    i.page_identify     fds.o
    0x00004dc0   0x00004dc0   0x0000001c   Code   RO         2299    i.page_offsets_update  fds.o
    0x00004ddc   0x00004ddc   0x0000006c   Code   RO         2300    i.page_scan         fds.o
    0x00004e48   0x00004e48   0x0000001c   Code   RO         2301    i.page_tag_write_data  fds.o
    0x00004e64   0x00004e64   0x00000024   Code   RO         2302    i.page_tag_write_swap  fds.o
    0x00004e88   0x00004e88   0x00000130   Code   RO         2303    i.pages_init        fds.o
    0x00004fb8   0x00004fb8   0x0000003c   Code   RO         3743    i.postfix_process   nrf_log_str_formatter.o
    0x00004ff4   0x00004ff4   0x00000098   Code   RO         3744    i.prefix_process    nrf_log_str_formatter.o
    0x0000508c   0x0000508c   0x00000018   Code   RO         1311    i.prs_box_get       nrfx_prs.o
    0x000050a4   0x000050a4   0x0000001c   Code   RO         2304    i.queue_buf_get     fds.o
    0x000050c0   0x000050c0   0x00000010   Code   RO         2305    i.queue_buf_store   fds.o
    0x000050d0   0x000050d0   0x000000a4   Code   RO         2306    i.queue_process     fds.o
    0x00005174   0x00005174   0x0000001c   Code   RO         2307    i.queue_start       fds.o
    0x00005190   0x00005190   0x0000000e   Code   RO         3093    i.read              nrf_fstorage_nvmc.o
    0x0000519e   0x0000519e   0x00000002   PAD
    0x000051a0   0x000051a0   0x00000090   Code   RO         2308    i.record_find       fds.o
    0x00005230   0x00005230   0x000000a0   Code   RO         2309    i.record_find_by_desc  fds.o
    0x000052d0   0x000052d0   0x0000005c   Code   RO         2310    i.record_find_next  fds.o
    0x0000532c   0x0000532c   0x0000003c   Code   RO         2311    i.record_header_flag_dirty  fds.o
    0x00005368   0x00005368   0x00000004   Code   RO         3094    i.rmap              nrf_fstorage_nvmc.o
    0x0000536c   0x0000536c   0x00000032   Code   RO         1514    i.rx_byte           nrfx_uart.o
    0x0000539e   0x0000539e   0x00000016   Code   RO         1515    i.rx_done_event     nrfx_uart.o
    0x000053b4   0x000053b4   0x00000016   Code   RO         1698    i.rx_done_event     nrfx_uarte.o
    0x000053ca   0x000053ca   0x00000002   PAD
    0x000053cc   0x000053cc   0x00000054   Code   RO            6    i.scheduler_ndef_file_update  main.o
    0x00005420   0x00005420   0x00000050   Code   RO         3341    i.serial_tx         nrf_log_backend_rtt.o
    0x00005470   0x00005470   0x00000040   Code   RO         3447    i.serial_tx         nrf_log_backend_uart.o
    0x000054b0   0x000054b0   0x0000008c   Code   RO         3579    i.std_n             nrf_log_frontend.o
    0x0000553c   0x0000553c   0x00000020   Code   RO         1517    i.tx_byte           nrfx_uart.o
    0x0000555c   0x0000555c   0x0000001a   Code   RO         1518    i.tx_done_event     nrfx_uart.o
    0x00005576   0x00005576   0x0000001a   Code   RO         1699    i.tx_done_event     nrfx_uarte.o
    0x00005590   0x00005590   0x00000030   Code   RO          625    i.uart_evt_handler  nrf_drv_uart.o
    0x000055c0   0x000055c0   0x0000000c   Code   RO         3448    i.uart_evt_handler  nrf_log_backend_uart.o
    0x000055cc   0x000055cc   0x00000050   Code   RO         3449    i.uart_init         nrf_log_backend_uart.o
    0x0000561c   0x0000561c   0x0000012a   Code   RO         1519    i.uart_irq_handler  nrfx_uart.o
    0x00005746   0x00005746   0x00000002   PAD
    0x00005748   0x00005748   0x00000030   Code   RO          626    i.uarte_evt_handler  nrf_drv_uart.o
    0x00005778   0x00005778   0x00000112   Code   RO         1700    i.uarte_irq_handler  nrfx_uarte.o
    0x0000588a   0x0000588a   0x00000002   PAD
    0x0000588c   0x0000588c   0x00000010   Code   RO         3095    i.uninit            nrf_fstorage_nvmc.o
    0x0000589c   0x0000589c   0x000000b4   Code   RO         2965    i.unsigned_print    nrf_fprintf_format.o
    0x00005950   0x00005950   0x00000004   Code   RO         3096    i.wmap              nrf_fstorage_nvmc.o
    0x00005954   0x00005954   0x00000044   Code   RO         3097    i.write             nrf_fstorage_nvmc.o
    0x00005998   0x00005998   0x000000f4   Code   RO         2313    i.write_enqueue     fds.o
    0x00005a8c   0x00005a8c   0x000000f8   Code   RO         2314    i.write_execute     fds.o
    0x00005b84   0x00005b84   0x00000018   Code   RO         2315    i.write_space_free  fds.o
    0x00005b9c   0x00005b9c   0x00000060   Code   RO         2316    i.write_space_reserve  fds.o
    0x00005bfc   0x00005bfc   0x0000000e   Data   RO          251    .constdata          ndef_file_m.o
    0x00005c0a   0x00005c0a   0x00000008   Data   RO          374    .constdata          boards.o
    0x00005c12   0x00005c12   0x00000002   PAD
    0x00005c14   0x00005c14   0x00000058   Data   RO         1145    .constdata          nrfx_nfct.o
    0x00005c6c   0x00005c6c   0x00000004   Data   RO         1522    .constdata          nrfx_uart.o
    0x00005c70   0x00005c70   0x00000004   Data   RO         1703    .constdata          nrfx_uarte.o
    0x00005c74   0x00005c74   0x00000018   Data   RO         2319    .constdata          fds.o
    0x00005c8c   0x00005c8c   0x00000010   Data   RO         2966    .constdata          nrf_fprintf_format.o
    0x00005c9c   0x00005c9c   0x0000005e   Data   RO         3012    .constdata          nrf_fstorage.o
    0x00005cfa   0x00005cfa   0x00000002   PAD
    0x00005cfc   0x00005cfc   0x0000000c   Data   RO         3098    .constdata          nrf_fstorage_nvmc.o
    0x00005d08   0x00005d08   0x00000020   Data   RO         3099    .constdata          nrf_fstorage_nvmc.o
    0x00005d28   0x00005d28   0x0000000c   Data   RO         3343    .constdata          nrf_log_backend_rtt.o
    0x00005d34   0x00005d34   0x0000000c   PAD
    0x00005d40   0x00005d40   0x00000006   Data   RO         3344    .constdata          nrf_log_backend_rtt.o
    0x00005d46   0x00005d46   0x00000002   PAD
    0x00005d48   0x00005d48   0x0000000c   Data   RO         3451    .constdata          nrf_log_backend_uart.o
    0x00005d54   0x00005d54   0x00000020   Data   RO         3452    .constdata          nrf_log_backend_uart.o
    0x00005d74   0x00005d74   0x0000000c   Data   RO         3584    .constdata          nrf_log_frontend.o
    0x00005d80   0x00005d80   0x00000024   Data   RO         3926    .constdata          nfc_uri_msg.o
    0x00005da4   0x00005da4   0x00000001   Data   RO         3961    .constdata          nfc_uri_rec.o
    0x00005da5   0x00005da5   0x00000031   Data   RO         4407    .constdata          nfc_t4t_lib_keil.lib(nfc_t4t_lib.o)
    0x00005dd6   0x00005dd6   0x00000002   PAD
    0x00005dd8   0x00005dd8   0x00000040   Data   RO         4462    .constdata          nfc_t4t_lib_keil.lib(isodepmsg.o)
    0x00005e18   0x00005e18   0x00000010   Data   RO         4499    .constdata          nfc_t4t_lib_keil.lib(nfc_t4t_lib_al.o)
    0x00005e28   0x00005e28   0x00000081   Data   RO         4524    .constdata          mc_w.l(ctype_o.o)
    0x00005ea9   0x00005ea9   0x00000003   PAD
    0x00005eac   0x00005eac   0x00000004   Data   RO         4525    .constdata          mc_w.l(ctype_o.o)
    0x00005eb0   0x00005eb0   0x00000515   Data   RO         2612    .conststring        hardfault_implementation.o
    0x000063c5   0x000063c5   0x00000003   PAD
    0x000063c8   0x000063c8   0x0000004f   Data   RO         3013    .conststring        nrf_fstorage.o
    0x00006417   0x00006417   0x00000001   PAD
    0x00006418   0x00006418   0x0000005d   Data   RO         3745    .conststring        nrf_log_str_formatter.o
    0x00006475   0x00006475   0x00000003   PAD
    0x00006478   0x00006478   0x0000000c   Data   RO          252    .conststrlit        ndef_file_m.o
    0x00006484   0x00006484   0x00000006   Data   RO          508    .conststrlit        nrf_drv_clock.o
    0x0000648a   0x0000648a   0x00000002   PAD
    0x0000648c   0x0000648c   0x00000006   Data   RO          997    .conststrlit        nrfx_clock.o
    0x00006492   0x00006492   0x00000002   PAD
    0x00006494   0x00006494   0x00000005   Data   RO         1146    .conststrlit        nrfx_nfct.o
    0x00006499   0x00006499   0x00000003   PAD
    0x0000649c   0x0000649c   0x00000004   Data   RO         1313    .conststrlit        nrfx_prs.o
    0x000064a0   0x000064a0   0x00000006   Data   RO         1380    .conststrlit        nrfx_timer.o
    0x000064a6   0x000064a6   0x00000002   PAD
    0x000064a8   0x000064a8   0x00000005   Data   RO         1525    .conststrlit        nrfx_uart.o
    0x000064ad   0x000064ad   0x00000003   PAD
    0x000064b0   0x000064b0   0x00000006   Data   RO         1706    .conststrlit        nrfx_uarte.o
    0x000064b6   0x000064b6   0x00000002   PAD
    0x000064b8   0x000064b8   0x0000000a   Data   RO         2613    .conststrlit        hardfault_implementation.o
    0x000064c2   0x000064c2   0x00000002   PAD
    0x000064c4   0x000064c4   0x0000000d   Data   RO         3014    .conststrlit        nrf_fstorage.o
    0x000064d1   0x000064d1   0x00000003   PAD
    0x000064d4   0x000064d4   0x00000021   Data   RO         3511    .conststrlit        nrf_log_default_backends.o
    0x000064f5   0x000064f5   0x00000003   PAD
    0x000064f8   0x000064f8   0x00000004   Data   RO         3585    .conststrlit        nrf_log_frontend.o
    0x000064fc   0x000064fc   0x00000020   Data   RO         4583    Region$$Table       anon$$obj.o
    0x0000651c   0x0000651c   0x00000020   Data   RO         3514    log_backends        nrf_log_default_backends.o
    0x0000653c   0x0000653c   0x00000008   Data   RO          254    log_const_data      ndef_file_m.o
    0x00006544   0x00006544   0x00000008   Data   RO          509    log_const_data      nrf_drv_clock.o
    0x0000654c   0x0000654c   0x00000008   Data   RO          999    log_const_data      nrfx_clock.o
    0x00006554   0x00006554   0x00000008   Data   RO         1148    log_const_data      nrfx_nfct.o
    0x0000655c   0x0000655c   0x00000008   Data   RO         1315    log_const_data      nrfx_prs.o
    0x00006564   0x00006564   0x00000008   Data   RO         1381    log_const_data      nrfx_timer.o
    0x0000656c   0x0000656c   0x00000008   Data   RO         1526    log_const_data      nrfx_uart.o
    0x00006574   0x00006574   0x00000008   Data   RO         1707    log_const_data      nrfx_uarte.o
    0x0000657c   0x0000657c   0x00000008   Data   RO         2615    log_const_data      hardfault_implementation.o
    0x00006584   0x00006584   0x00000008   Data   RO         3015    log_const_data      nrf_fstorage.o
    0x0000658c   0x0000658c   0x00000008   Data   RO         3588    log_const_data      nrf_log_frontend.o
    0x00006594   0x00006594   0x00000014   Data   RO         3589    nrf_balloc          nrf_log_frontend.o


    Execution Region RW_IRAM1 (Exec base: 0x20000000, Load base: 0x000065a8, Size: 0x00003288, Max: 0x00010000, ABSOLUTE, COMPRESSED[0x0000008c])

    Exec Addr    Load Addr    Size         Type   Attr      Idx    E Section Name        Object

    0x20000000   COMPRESSED   0x00000001   Data   RW            8    .data               main.o
    0x20000001   COMPRESSED   0x00000003   PAD
    0x20000004   COMPRESSED   0x0000000c   Data   RW          253    .data               ndef_file_m.o
    0x20000010   COMPRESSED   0x0000000c   Data   RW          627    .data               nrf_drv_uart.o
    0x2000001c   COMPRESSED   0x00000008   Data   RW          998    .data               nrfx_clock.o
    0x20000024   COMPRESSED   0x0000000c   Data   RW         1147    .data               nrfx_nfct.o
    0x20000030   COMPRESSED   0x00000008   Data   RW         1314    .data               nrfx_prs.o
    0x20000038   COMPRESSED   0x00000010   Data   RW         2030    .data               app_scheduler.o
    0x20000048   COMPRESSED   0x00000004   Data   RW         2182    .data               app_util_platform.o
    0x2000004c   COMPRESSED   0x00000030   Data   RW         2320    .data               fds.o
    0x2000007c   COMPRESSED   0x00000068   Data   RW         2614    .data               hardfault_implementation.o
    0x200000e4   COMPRESSED   0x00000004   Data   RW         3100    .data               nrf_fstorage_nvmc.o
    0x200000e8   COMPRESSED   0x00000001   Data   RW         3345    .data               nrf_log_backend_rtt.o
    0x200000e9   COMPRESSED   0x00000003   PAD
    0x200000ec   COMPRESSED   0x00000018   Data   RW         3453    .data               nrf_log_backend_uart.o
    0x20000104   COMPRESSED   0x00000008   Data   RW         3512    .data               nrf_log_default_backends.o
    0x2000010c   COMPRESSED   0x00000008   Data   RW         3513    .data               nrf_log_default_backends.o
    0x20000114   COMPRESSED   0x00000008   Data   RW         3586    .data               nrf_log_frontend.o
    0x2000011c   COMPRESSED   0x00000008   Data   RW         3587    .data               nrf_log_frontend.o
    0x20000124   COMPRESSED   0x00000040   Data   RW         3746    .data               nrf_log_str_formatter.o
    0x20000164   COMPRESSED   0x00000008   Data   RW         3869    .data               nfc_platform.o
    0x2000016c   COMPRESSED   0x00000004   Data   RW         4353    .data               system_nrf52.o
    0x20000170   COMPRESSED   0x0000000f   Data   RW         4416    .data               nfc_t4t_lib_keil.lib(nfc_t4t_lib.o)
    0x2000017f   COMPRESSED   0x00000001   PAD
    0x20000180   COMPRESSED   0x00000010   Data   RW         4500    .data               nfc_t4t_lib_keil.lib(nfc_t4t_lib_al.o)
    0x20000190   COMPRESSED   0x00000014   Data   RW         2321    fs_data             fds.o
    0x200001a4        -       0x00000428   Zero   RW            7    .bss                main.o
    0x200005cc        -       0x00000018   Zero   RW          250    .bss                ndef_file_m.o
    0x200005e4        -       0x00000014   Zero   RW          503    .bss                nrf_drv_clock.o
    0x200005f8        -       0x00000010   Zero   RW         1144    .bss                nrfx_nfct.o
    0x20000608        -       0x0000000c   Zero   RW         1378    .bss                nrfx_timer.o
    0x20000614        -       0x0000002c   Zero   RW         1520    .bss                nrfx_uart.o
    0x20000640        -       0x00000024   Zero   RW         1701    .bss                nrfx_uarte.o
    0x20000664        -       0x00000010   Zero   RW         2317    .bss                fds.o
    0x20000674        -       0x000000e0   Zero   RW         2318    .bss                fds.o
    0x20000754        -       0x00000040   Zero   RW         3342    .bss                nrf_log_backend_rtt.o
    0x20000794        -       0x00000040   Zero   RW         3450    .bss                nrf_log_backend_uart.o
    0x200007d4        -       0x000000c0   Zero   RW         3580    .bss                nrf_log_frontend.o
    0x20000894        -       0x00000080   Zero   RW         3581    .bss                nrf_log_frontend.o
    0x20000914        -       0x00000018   Zero   RW         3582    .bss                nrf_log_frontend.o
    0x2000092c        -       0x00000424   Zero   RW         3583    .bss                nrf_log_frontend.o
    0x20000d50        -       0x00000288   Zero   RW         4020    .bss                segger_rtt.o
    0x20000fd8        -       0x0000005b   Zero   RW         4406    .bss                nfc_t4t_lib_keil.lib(nfc_t4t_lib.o)
    0x20001033   COMPRESSED   0x00000001   PAD
    0x20001034        -       0x00000148   Zero   RW         4461    .bss                nfc_t4t_lib_keil.lib(isodepmsg.o)
    0x2000117c        -       0x0000010a   Zero   RW         4498    .bss                nfc_t4t_lib_keil.lib(nfc_t4t_lib_al.o)
    0x20001286   COMPRESSED   0x00000002   PAD
    0x20001288        -       0x00002000   Zero   RW         4341    STACK               arm_startup_nrf52.o


==============================================================================

Image component sizes


      Code (inc. data)   RO Data    RW Data    ZI Data      Debug   Object Name

        22          0          0          0          0       2429   app_error.o
         0          0          0          0          0        392   app_error_handler_keil.o
       140         52          0          0          0      35834   app_error_weak.o
       264         16          0         16          0      42521   app_scheduler.o
         0          0          0          0          0      43700   app_uart_fifo.o
        44         10          0          4          0       3268   app_util_platform.o
        36          8        512          0       8192        916   arm_startup_nrf52.o
       224         20          8          0          0      15670   boards.o
      3414        324         24         68        240      47028   fds.o
        52         14          0          0          0        608   hardfault_handler_keil.o
       500        276       1319        104          0       3612   hardfault_implementation.o
       424        104          0          1       1064      13331   main.o
       828        352         34         12         24      45234   ndef_file_m.o
       184          0          0          0          0      40018   nfc_ndef_msg.o
       172          0          0          0          0      39183   nfc_ndef_record.o
        78         14          0          8          0       7530   nfc_platform.o
        88          6         36          0          0       7880   nfc_uri_msg.o
        44          0          1          0          0       3509   nfc_uri_rec.o
       326          0          0          0          0       5851   nrf_atfifo.o
       338          0          0          0          0      10630   nrf_atomic.o
       152          0          0          0          0       3516   nrf_balloc.o
       258         30         14          0         20      10719   nrf_drv_clock.o
       200         26          0         12          0      17692   nrf_drv_uart.o
        50          0          0          0          0       3477   nrf_fprintf.o
       866          4         16          0          0       6490   nrf_fprintf_format.o
       972        432        194          0          0       7908   nrf_fstorage.o
       260         20         44          4          0       9684   nrf_fstorage_nvmc.o
       112         18         18          1         64       6625   nrf_log_backend_rtt.o
       200          0          0          0          0      10805   nrf_log_backend_serial.o
       232         44         44         24         64       9854   nrf_log_backend_uart.o
        52          6         65         16          0       3421   nrf_log_default_backends.o
      1484        114         44         16       1404      30175   nrf_log_frontend.o
       570        108         93         64          0       5580   nrf_log_str_formatter.o
       346          0          0          0          0       7983   nrf_memobj.o
         0          0          0          0          0       1472   nrf_nvic.o
       116         18          0          0          0       1977   nrf_nvmc.o
        28          0          0          0          0       2327   nrf_ringbuf.o
       260         36         14          8          0      44131   nrfx_clock.o
      1750        190        101         12         16      67424   nrfx_nfct.o
       102         16         12          8          0       4380   nrfx_prs.o
       444         24         14          0         12      19055   nrfx_timer.o
      1294         42         17          0         44      26525   nrfx_uart.o
      1268         42         18          0         36      25559   nrfx_uarte.o
       378         34          0          0        648       8978   segger_rtt.o
       796         70          0          4          0       2923   system_nrf52.o

    ----------------------------------------------------------------------
     19410       2470       2721        388      11828     707824   Object Totals
         0          0         32          0          0          0   (incl. Generated)
        42          0         47          6          0          0   (incl. Padding)

    ----------------------------------------------------------------------

      Code (inc. data)   RO Data    RW Data    ZI Data      Debug   Library Member Name

        58          0          0          0          0          0   __dczerorl.o
         8          4        133          0          0         68   ctype_o.o
         0          0          0          0          0          0   entry.o
         0          0          0          0          0          0   entry10a.o
         0          0          0          0          0          0   entry11a.o
         8          4          0          0          0          0   entry2.o
         4          0          0          0          0          0   entry5.o
         0          0          0          0          0          0   entry7b.o
         0          0          0          0          0          0   entry8b.o
         8          4          0          0          0          0   entry9a.o
        30          0          0          0          0          0   handlers.o
        36          8          0          0          0         68   init.o
        32          0          0          0          0         68   llushr.o
        26          0          0          0          0         80   memcmp.o
        36          0          0          0          0         68   memcpya.o
        36          0          0          0          0        108   memseta.o
        18          0          0          0          0         68   strcpy.o
        14          0          0          0          0         68   strlen.o
      1566         36         64          0        328       1368   isodepmsg.o
      1114         88         49         15         91       1144   nfc_t4t_lib.o
       622         42         16         16        266        524   nfc_t4t_lib_al.o

    ----------------------------------------------------------------------
      3626        186        267         32        688       3632   Library Totals
        10          0          5          1          3          0   (incl. Padding)

    ----------------------------------------------------------------------

      Code (inc. data)   RO Data    RW Data    ZI Data      Debug   Library Name

       314         20        133          0          0        596   mc_w.l
      3302        166        129         31        685       3036   nfc_t4t_lib_keil.lib

    ----------------------------------------------------------------------
      3626        186        267         32        688       3632   Library Totals

    ----------------------------------------------------------------------

==============================================================================


      Code (inc. data)   RO Data    RW Data    ZI Data      Debug   

     23036       2656       2988        420      12516     684416   Grand Totals
     23036       2656       2988        140      12516     684416   ELF Image Totals (compressed)
     23036       2656       2988        140          0          0   ROM Totals

==============================================================================

    Total RO  Size (Code + RO Data)                26024 (  25.41kB)
    Total RW  Size (RW Data + ZI Data)             12936 (  12.63kB)
    Total ROM Size (Code + RO Data + RW Data)      26164 (  25.55kB)

==============================================================================

