Archive member included to satisfy reference by file (symbol)

../../../../../../../components/nfc/t4t_lib/nfc_t4t_lib_gcc.a(nfc_t4t_lib.c.o)
                              Output/nfc_uart_tag_pca10040 Release/Obj/main.o (nfc_t4t_setup)
../../../../../../../components/nfc/t4t_lib/nfc_t4t_lib_gcc.a(nfc_t4t_lib_al.c.o)
                              ../../../../../../../components/nfc/t4t_lib/nfc_t4t_lib_gcc.a(nfc_t4t_lib.c.o) (nfc_t4t_lib_al_parameter_set)
../../../../../../../components/nfc/t4t_lib/nfc_t4t_lib_gcc.a(isodepmsg.c.o)
                              ../../../../../../../components/nfc/t4t_lib/nfc_t4t_lib_gcc.a(nfc_t4t_lib.c.o) (isodepTransmit)
C:/Program Files/SEGGER/SEGGER Embedded Studio for ARM 4.52c/lib/libc_v7em_fpv4_sp_d16_hard_t_le_eabi.a(libc2.o)
                              Output/nfc_uart_tag_pca10040 Release/Obj/nrf_log_str_formatter.o (isprint)
C:/Program Files/SEGGER/SEGGER Embedded Studio for ARM 4.52c/lib/libc_v7em_fpv4_sp_d16_hard_t_le_eabi.a(libc2_asm.o)
                              Output/nfc_uart_tag_pca10040 Release/Obj/nrf_log_frontend.o (memcpy)
C:/Program Files/SEGGER/SEGGER Embedded Studio for ARM 4.52c/lib/libc_v7em_fpv4_sp_d16_hard_t_le_eabi.a(libc.o)
                              C:/Program Files/SEGGER/SEGGER Embedded Studio for ARM 4.52c/lib/libc_v7em_fpv4_sp_d16_hard_t_le_eabi.a(libc2.o) (__heap_lock)
C:/Program Files/SEGGER/SEGGER Embedded Studio for ARM 4.52c/lib/libc_v7em_fpv4_sp_d16_hard_t_le_eabi.a(libc_asm.o)
                              C:/Program Files/SEGGER/SEGGER Embedded Studio for ARM 4.52c/lib/libc_v7em_fpv4_sp_d16_hard_t_le_eabi.a(libc2.o) (__aeabi_uldivmod)
C:/Program Files/SEGGER/SEGGER Embedded Studio for ARM 4.52c/lib/libdebugio_v7em_fpv4_sp_d16_hard_t_le_eabi.a(libdebugio.o)
                              Output/nfc_uart_tag_pca10040 Release/Obj/thumb_crt0.o (debug_fopen)
C:/Program Files/SEGGER/SEGGER Embedded Studio for ARM 4.52c/lib/libdebugio_mempoll_v7em_fpv4_sp_d16_hard_t_le_eabi.a(mempoll_debug_operations.o)
                              C:/Program Files/SEGGER/SEGGER Embedded Studio for ARM 4.52c/lib/libdebugio_v7em_fpv4_sp_d16_hard_t_le_eabi.a(libdebugio.o) (__do_debug_operation)
C:/Program Files/SEGGER/SEGGER Embedded Studio for ARM 4.52c/lib/libdebugio_mempoll_v7em_fpv4_sp_d16_hard_t_le_eabi.a(do_nv_debug_operation.o)
                              C:/Program Files/SEGGER/SEGGER Embedded Studio for ARM 4.52c/lib/libdebugio_v7em_fpv4_sp_d16_hard_t_le_eabi.a(libdebugio.o) (__do_nvdebug_operation)
C:/Program Files/SEGGER/SEGGER Embedded Studio for ARM 4.52c/lib/libm_v7em_fpv4_sp_d16_hard_t_le_eabi.a(libm_asm.o)
                              C:/Program Files/SEGGER/SEGGER Embedded Studio for ARM 4.52c/lib/libc_v7em_fpv4_sp_d16_hard_t_le_eabi.a(libc2.o) (__aeabi_dadd)
C:/Program Files/SEGGER/SEGGER Embedded Studio for ARM 4.52c/lib/libm_v7em_fpv4_sp_d16_hard_t_le_eabi.a(libm2.o)
                              C:/Program Files/SEGGER/SEGGER Embedded Studio for ARM 4.52c/lib/libvfprintf_v7em_fpv4_sp_d16_hard_t_le_eabi.o (frexp)

Allocating common symbols
Common symbol       size              file

gCCArea             0xf               ../../../../../../../components/nfc/t4t_lib/nfc_t4t_lib_gcc.a(nfc_t4t_lib.c.o)
isoCB               0x148             ../../../../../../../components/nfc/t4t_lib/nfc_t4t_lib_gcc.a(isodepmsg.c.o)

Discarded input sections

 .text          0x0000000000000000        0x0 Output/nfc_uart_tag_pca10040 Release/Obj/thumb_crt0.o
 .data          0x0000000000000000        0x0 Output/nfc_uart_tag_pca10040 Release/Obj/thumb_crt0.o
 .bss           0x0000000000000000        0x0 Output/nfc_uart_tag_pca10040 Release/Obj/thumb_crt0.o
 .text.__aeabi_read_tp
                0x0000000000000000        0x8 Output/nfc_uart_tag_pca10040 Release/Obj/thumb_crt0.o
 .text.abort    0x0000000000000000        0x2 Output/nfc_uart_tag_pca10040 Release/Obj/thumb_crt0.o
 .text.__assert
                0x0000000000000000        0x2 Output/nfc_uart_tag_pca10040 Release/Obj/thumb_crt0.o
 .text.__assert_func
                0x0000000000000000        0x2 Output/nfc_uart_tag_pca10040 Release/Obj/thumb_crt0.o
 .text.__aeabi_assert
                0x0000000000000000        0x2 Output/nfc_uart_tag_pca10040 Release/Obj/thumb_crt0.o
 .text.__sync_synchronize
                0x0000000000000000        0x2 Output/nfc_uart_tag_pca10040 Release/Obj/thumb_crt0.o
 .text.__getchar
                0x0000000000000000        0x4 Output/nfc_uart_tag_pca10040 Release/Obj/thumb_crt0.o
 .text.__putchar
                0x0000000000000000        0x4 Output/nfc_uart_tag_pca10040 Release/Obj/thumb_crt0.o
 .text.__open   0x0000000000000000        0x4 Output/nfc_uart_tag_pca10040 Release/Obj/thumb_crt0.o
 .text.__close  0x0000000000000000        0x4 Output/nfc_uart_tag_pca10040 Release/Obj/thumb_crt0.o
 .text.__write  0x0000000000000000        0xa Output/nfc_uart_tag_pca10040 Release/Obj/thumb_crt0.o
[...]
Memory Configuration

Name             Origin             Length             Attributes
UNPLACED_SECTIONS 0x0000000100000000 0x0000000000000000 xw
RAM              0x0000000020000000 0x0000000000010000 xw
FLASH            0x0000000000000000 0x0000000000080000 xw
*default*        0x0000000000000000 0xffffffffffffffff

Linker script and memory map

                0x0000000000000000                __vfprintf = __vfprintf_long
                0x0000000000000000                __vfscanf = __vfscanf_long
                0x0000000020000000                __RAM_segment_start__ = 0x20000000
                0x0000000020010000                __RAM_segment_end__ = 0x20010000
                0x0000000000010000                __RAM_segment_size__ = 0x10000
                0x0000000000000000                __FLASH_segment_start__ = 0x0
                0x0000000000080000                __FLASH_segment_end__ = 0x80000
                0x0000000000080000                __FLASH_segment_size__ = 0x80000
                0x0000000000002000                __HEAPSIZE__ = 0x2000
                0x0000000000000000                __STACKSIZE_PROCESS__ = 0x0
                0x0000000000002000                __STACKSIZE__ = 0x2000
                0x0000000020000000                __vectors_ram_load_start__ = 0x20000000

.vectors_ram    0x0000000020000000        0x0
                0x0000000020000000                __vectors_ram_start__ = .
                0x0000000020000000                __app_ram_start__ = __vectors_ram_start__
 *(.vectors_ram .vectors_ram.*)
                0x0000000020000000                __vectors_ram_end__ = (__vectors_ram_start__ + SIZEOF (.vectors_ram))
                0x0000000000000000                __vectors_ram_size__ = SIZEOF (.vectors_ram)
                0x0000000020000000                __vectors_ram_load_end__ = __vectors_ram_end__
                0x0000000000000001                . = ASSERT (((__vectors_ram_start__ == __vectors_ram_end__) || ((__vectors_ram_end__ - __RAM_segment_start__) <= __RAM_segment_size__)), error: .vectors_ram is too large to fit in RAM memory segment)
                0x0000000020000000                __nrf_sections_run_load_start__ = ALIGN (__vectors_ram_end__, 0x4)

.nrf_sections_run
                0x0000000020000000        0x0
                0x0000000020000000                __nrf_sections_run_start__ = .
                0x0000000020000000                __start_nrf_sections_run = __nrf_sections_run_start__
 *(.nrf_sections_run .nrf_sections_run.*)
                0x0000000020000000                __nrf_sections_run_end__ = (__nrf_sections_run_start__ + SIZEOF (.nrf_sections_run))
                0x0000000000000000                __nrf_sections_run_size__ = SIZEOF (.nrf_sections_run)
                0x0000000020000000                __nrf_sections_run_load_end__ = __nrf_sections_run_end__
                0x0000000000000001                . = ASSERT (((__nrf_sections_run_start__ == __nrf_sections_run_end__) || ((__nrf_sections_run_end__ - __RAM_segment_start__) <= __RAM_segment_size__)), error: .nrf_sections_run is too large to fit in RAM memory segment)
                0x0000000000000000                __vectors_load_start__ = 0x0

.vectors        0x0000000000000000      0x200
                0x0000000000000000                __vectors_start__ = .
 *(.vectors .vectors.*)
 .vectors       0x0000000000000000      0x200 Output/nfc_uart_tag_pca10040 Release/Obj/ses_startup_nrf52.o
                0x0000000000000000                _vectors
                0x0000000000000200                __vectors_end__ = (__vectors_start__ + SIZEOF (.vectors))
                0x0000000000000200                __vectors_size__ = SIZEOF (.vectors)
                0x0000000000000200                __vectors_load_end__ = __vectors_end__
                0x0000000000000001                . = ASSERT (((__vectors_start__ == __vectors_end__) || ((__vectors_end__ - __FLASH_segment_start__) <= __FLASH_segment_size__)), error: .vectors is too large to fit in FLASH memory segment)
                0x0000000000000200                __init_load_start__ = ALIGN (__vectors_end__, 0x4)

.init           0x0000000000000200      0x1d0
                0x0000000000000200                __init_start__ = .
 *(.init .init.*)
 .init          0x0000000000000200      0x15c Output/nfc_uart_tag_pca10040 Release/Obj/thumb_crt0.o
                0x0000000000000200                _start
                0x00000000000002b4                exit
 .init          0x000000000000035c       0x18 Output/nfc_uart_tag_pca10040 Release/Obj/ses_startup_nrf52.o
                0x000000000000035c                NMI_Handler
                0x0000000000000360                MemoryManagement_Handler
                0x0000000000000362                BusFault_Handler
                0x0000000000000364                UsageFault_Handler
                0x0000000000000366                SVC_Handler
                0x0000000000000368                DebugMon_Handler
                0x000000000000036a                PendSV_Handler
                0x000000000000036c                SysTick_Handler
                0x000000000000036e                PWM1_IRQHandler
                0x000000000000036e                GPIOTE_IRQHandler
                0x000000000000036e                SWI0_EGU0_IRQHandler
                0x000000000000036e                RADIO_IRQHandler
                0x000000000000036e                PDM_IRQHandler
                0x000000000000036e                TEMP_IRQHandler
                0x000000000000036e                QDEC_IRQHandler
                0x000000000000036e                RTC0_IRQHandler
                0x000000000000036e                FPU_IRQHandler
                0x000000000000036e                SPIM0_SPIS0_TWIM0_TWIS0_SPI0_TWI0_IRQHandler
                0x000000000000036e                SWI2_EGU2_IRQHandler
                0x000000000000036e                I2S_IRQHandler
                0x000000000000036e                SWI4_EGU4_IRQHandler
                0x000000000000036e                TIMER0_IRQHandler
                0x000000000000036e                Dummy_Handler
                0x000000000000036e                TIMER1_IRQHandler
                0x000000000000036e                PWM2_IRQHandler
                0x000000000000036e                ECB_IRQHandler
                0x000000000000036e                SPIM1_SPIS1_TWIM1_TWIS1_SPI1_TWI1_IRQHandler
                0x000000000000036e                SAADC_IRQHandler
                0x000000000000036e                CCM_AAR_IRQHandler
                0x000000000000036e                WDT_IRQHandler
                0x000000000000036e                TIMER3_IRQHandler
                0x000000000000036e                SWI5_EGU5_IRQHandler
                0x000000000000036e                RNG_IRQHandler
                0x000000000000036e                RTC2_IRQHandler
                0x000000000000036e                PWM0_IRQHandler
                0x000000000000036e                SWI3_EGU3_IRQHandler
                0x000000000000036e                RTC1_IRQHandler
                0x000000000000036e                SWI1_EGU1_IRQHandler
                0x000000000000036e                SPIM2_SPIS2_SPI2_IRQHandler
                0x000000000000036e                TIMER2_IRQHandler
                0x000000000000036e                MWU_IRQHandler
                0x000000000000036e                COMP_LPCOMP_IRQHandler
                0x0000000000000370                nRFInitialize
 .init          0x0000000000000374       0x5c Output/nfc_uart_tag_pca10040 Release/Obj/ses_startup_nrf_common.o
                0x0000000000000374                Reset_Handler
                0x0000000000000378                afterInitialize
                0x000000000000039c                InitializeUserMemorySections
                0x00000000000003d0                __init_end__ = (__init_start__ + SIZEOF (.init))
                0x00000000000001d0                __init_size__ = SIZEOF (.init)
                0x00000000000003d0                __init_load_end__ = __init_end__
                0x0000000000000001                . = ASSERT (((__init_start__ == __init_end__) || ((__init_end__ - __FLASH_segment_start__) <= __FLASH_segment_size__)), error: .init is too large to fit in FLASH memory segment)
                0x00000000000003d0                __init_rodata_load_start__ = ALIGN (__init_end__, 0x4)

.init_rodata    0x00000000000003d0        0x0
                0x00000000000003d0                __init_rodata_start__ = .
 *(.init_rodata .init_rodata.*)
                0x00000000000003d0                __init_rodata_end__ = (__init_rodata_start__ + SIZEOF (.init_rodata))
                0x0000000000000000                __init_rodata_size__ = SIZEOF (.init_rodata)
                0x00000000000003d0                __init_rodata_load_end__ = __init_rodata_end__
                0x0000000000000001                . = ASSERT (((__init_rodata_start__ == __init_rodata_end__) || ((__init_rodata_end__ - __FLASH_segment_start__) <= __FLASH_segment_size__)), error: .init_rodata is too large to fit in FLASH memory segment)
                0x00000000000003d0                __text_load_start__ = ALIGN (__init_rodata_end__, 0x4)

.text           0x00000000000003d0     0x4148
                0x00000000000003d0                __text_start__ = .
 *(.text .text.* .glue_7t .glue_7 .gnu.linkonce.t.* .gcc_except_table .ARM.extab* .gnu.linkonce.armextab.*)
 .glue_7        0x00000000000003d0        0x0 linker stubs
 .glue_7t       0x00000000000003d0        0x0 linker stubs
 .text.nrf_log_backend_rtt_flush
                0x00000000000003d0        0x2 Output/nfc_uart_tag_pca10040 Release/Obj/nrf_log_backend_rtt.o
 *fill*         0x00000000000003d2        0x2 
 .text.nrf_log_backend_rtt_put
                0x00000000000003d4       0x1c Output/nfc_uart_tag_pca10040 Release/Obj/nrf_log_backend_rtt.o
 .text.serial_tx
                0x00000000000003f0       0x50 Output/nfc_uart_tag_pca10040 Release/Obj/nrf_log_backend_rtt.o
 .text.nrf_log_backend_rtt_panic_set
                0x0000000000000440        0x2 Output/nfc_uart_tag_pca10040 Release/Obj/nrf_log_backend_rtt.o
 .text.nrf_log_backend_rtt_init
                0x0000000000000442        0x4 Output/nfc_uart_tag_pca10040 Release/Obj/nrf_log_backend_rtt.o
                0x0000000000000442                nrf_log_backend_rtt_init
 .text.nrf_log_backend_serial_put
                0x0000000000000446       0xc2 Output/nfc_uart_tag_pca10040 Release/Obj/nrf_log_backend_serial.o
                0x0000000000000446                nrf_log_backend_serial_put
 .text.nrf_log_default_backends_init
                0x0000000000000508       0x20 Output/nfc_uart_tag_pca10040 Release/Obj/nrf_log_default_backends.o
                0x0000000000000508                nrf_log_default_backends_init
 .text.invalid_packets_omit
                0x0000000000000528       0x3a Output/nfc_uart_tag_pca10040 Release/Obj/nrf_log_frontend.o
 *fill*         0x0000000000000562        0x2 
 .text.buf_prealloc
                0x0000000000000564      0x130 Output/nfc_uart_tag_pca10040 Release/Obj/nrf_log_frontend.o
 .text.nrf_log_init
                0x0000000000000694       0x3c Output/nfc_uart_tag_pca10040 Release/Obj/nrf_log_frontend.o
                0x0000000000000694                nrf_log_init
 .text.nrf_log_module_name_get
                0x00000000000006d0       0x38 Output/nfc_uart_tag_pca10040 Release/Obj/nrf_log_frontend.o
                0x00000000000006d0                nrf_log_module_name_get
 .text.nrf_log_color_id_get
                0x0000000000000708       0x2c Output/nfc_uart_tag_pca10040 Release/Obj/nrf_log_frontend.o
                0x0000000000000708                nrf_log_color_id_get
 .text.buffer_is_empty
                0x0000000000000734       0x14 Output/nfc_uart_tag_pca10040 Release/Obj/nrf_log_frontend.o
                0x0000000000000734                buffer_is_empty
 .text.nrf_log_frontend_dequeue
                0x0000000000000748      0x218 Output/nfc_uart_tag_pca10040 Release/Obj/nrf_log_frontend.o
                0x0000000000000748                nrf_log_frontend_dequeue
 .text.std_n    0x0000000000000960       0x98 Output/nfc_uart_tag_pca10040 Release/Obj/nrf_log_frontend.o
 .text.nrf_log_frontend_std_0
                0x00000000000009f8        0x8 Output/nfc_uart_tag_pca10040 Release/Obj/nrf_log_frontend.o
                0x00000000000009f8                nrf_log_frontend_std_0
 .text.nrf_log_frontend_std_1
                0x0000000000000a00       0x12 Output/nfc_uart_tag_pca10040 Release/Obj/nrf_log_frontend.o
                0x0000000000000a00                nrf_log_frontend_std_1
 .text.nrf_log_frontend_std_3
                0x0000000000000a12       0x18 Output/nfc_uart_tag_pca10040 Release/Obj/nrf_log_frontend.o
                0x0000000000000a12                nrf_log_frontend_std_3
 .text.nrf_log_frontend_std_4
                0x0000000000000a2a       0x1c Output/nfc_uart_tag_pca10040 Release/Obj/nrf_log_frontend.o
                0x0000000000000a2a                nrf_log_frontend_std_4
 *fill*         0x0000000000000a46        0x2 
 .text.nrf_log_backend_add
                0x0000000000000a48       0x44 Output/nfc_uart_tag_pca10040 Release/Obj/nrf_log_frontend.o
                0x0000000000000a48                nrf_log_backend_add
 .text.nrf_log_panic
                0x0000000000000a8c       0x2c Output/nfc_uart_tag_pca10040 Release/Obj/nrf_log_frontend.o
                0x0000000000000a8c                nrf_log_panic
 .text.postfix_process
                0x0000000000000ab8       0x44 Output/nfc_uart_tag_pca10040 Release/Obj/nrf_log_str_formatter.o
 .text.prefix_process
                0x0000000000000afc       0x7c Output/nfc_uart_tag_pca10040 Release/Obj/nrf_log_str_formatter.o
 .text.nrf_log_std_entry_process
                0x0000000000000b78       0xc8 Output/nfc_uart_tag_pca10040 Release/Obj/nrf_log_str_formatter.o
                0x0000000000000b78                nrf_log_std_entry_process
 .text.nrf_log_hexdump_entry_process
                0x0000000000000c40       0xb8 Output/nfc_uart_tag_pca10040 Release/Obj/nrf_log_str_formatter.o
                0x0000000000000c40                nrf_log_hexdump_entry_process
 .text.bsp_board_led_on
                0x0000000000000cf8       0x18 Output/nfc_uart_tag_pca10040 Release/Obj/boards.o
                0x0000000000000cf8                bsp_board_led_on
 .text.bsp_board_led_off
                0x0000000000000d10       0x18 Output/nfc_uart_tag_pca10040 Release/Obj/boards.o
                0x0000000000000d10                bsp_board_led_off
 .text.bsp_board_leds_off
                0x0000000000000d28       0x1e Output/nfc_uart_tag_pca10040 Release/Obj/boards.o
                0x0000000000000d28                bsp_board_leds_off
 .text.bsp_board_init
                0x0000000000000d46       0x3e Output/nfc_uart_tag_pca10040 Release/Obj/boards.o
                0x0000000000000d46                bsp_board_init
 .text.app_error_handler_bare
                0x0000000000000d84       0x1a Output/nfc_uart_tag_pca10040 Release/Obj/app_error.o
                0x0000000000000d84                app_error_handler_bare
 *fill*         0x0000000000000d9e        0x2 
 .text.app_error_fault_handler
                0x0000000000000da0       0x74 Output/nfc_uart_tag_pca10040 Release/Obj/app_error_weak.o
                0x0000000000000da0                app_error_fault_handler
 .text.app_fifo_init
                0x0000000000000e14       0x1e Output/nfc_uart_tag_pca10040 Release/Obj/app_fifo.o
                0x0000000000000e14                app_fifo_init
 .text.app_fifo_put
                0x0000000000000e32       0x24 Output/nfc_uart_tag_pca10040 Release/Obj/app_fifo.o
                0x0000000000000e32                app_fifo_put
 .text.app_fifo_get
                0x0000000000000e56       0x22 Output/nfc_uart_tag_pca10040 Release/Obj/app_fifo.o
                0x0000000000000e56                app_fifo_get
 .text.app_fifo_flush
                0x0000000000000e78        0x8 Output/nfc_uart_tag_pca10040 Release/Obj/app_fifo.o
                0x0000000000000e78                app_fifo_flush
 .text.app_fifo_read
                0x0000000000000e80       0x48 Output/nfc_uart_tag_pca10040 Release/Obj/app_fifo.o
                0x0000000000000e80                app_fifo_read
 .text.app_fifo_write
                0x0000000000000ec8       0x4e Output/nfc_uart_tag_pca10040 Release/Obj/app_fifo.o
                0x0000000000000ec8                app_fifo_write
 *fill*         0x0000000000000f16        0x2 
 .text.nrf_drv_uart_rx.constprop.0
                0x0000000000000f18       0x28 Output/nfc_uart_tag_pca10040 Release/Obj/app_uart_fifo.o
 .text.nrf_drv_uart_tx.constprop.0
                0x0000000000000f40       0x28 Output/nfc_uart_tag_pca10040 Release/Obj/app_uart_fifo.o
 .text.uart_event_handler
                0x0000000000000f68       0x9c Output/nfc_uart_tag_pca10040 Release/Obj/app_uart_fifo.o
 .text.app_uart_init
                0x0000000000001004       0xb0 Output/nfc_uart_tag_pca10040 Release/Obj/app_uart_fifo.o
                0x0000000000001004                app_uart_init
 .text.app_uart_flush
                0x00000000000010b4       0x20 Output/nfc_uart_tag_pca10040 Release/Obj/app_uart_fifo.o
                0x00000000000010b4                app_uart_flush
 .text.app_uart_get
                0x00000000000010d4       0x2c Output/nfc_uart_tag_pca10040 Release/Obj/app_uart_fifo.o
                0x00000000000010d4                app_uart_get
 .text.app_uart_put
                0x0000000000001100       0x50 Output/nfc_uart_tag_pca10040 Release/Obj/app_uart_fifo.o
                0x0000000000001100                app_uart_put
 .text.app_util_disable_irq
                0x0000000000001150       0x10 Output/nfc_uart_tag_pca10040 Release/Obj/app_util_platform.o
                0x0000000000001150                app_util_disable_irq
 .text.app_util_enable_irq
                0x0000000000001160       0x14 Output/nfc_uart_tag_pca10040 Release/Obj/app_util_platform.o
                0x0000000000001160                app_util_enable_irq
 .text.app_util_critical_region_enter
                0x0000000000001174        0x4 Output/nfc_uart_tag_pca10040 Release/Obj/app_util_platform.o
                0x0000000000001174                app_util_critical_region_enter
 .text.app_util_critical_region_exit
                0x0000000000001178        0x4 Output/nfc_uart_tag_pca10040 Release/Obj/app_util_platform.o
                0x0000000000001178                app_util_critical_region_exit
 .text.HardFault_Handler
                0x000000000000117c       0x34 Output/nfc_uart_tag_pca10040 Release/Obj/hardfault_handler_gcc.o
                0x000000000000117c                HardFault_Handler
 .text.HardFault_process
                0x00000000000011b0       0x24 Output/nfc_uart_tag_pca10040 Release/Obj/hardfault_implementation.o
                0x00000000000011b0                HardFault_process
 .text.HardFault_c_handler
                0x00000000000011d4       0xf8 Output/nfc_uart_tag_pca10040 Release/Obj/hardfault_implementation.o
                0x00000000000011d4                HardFault_c_handler
 .text.nrf_atomic_u32_fetch_store
                0x00000000000012cc       0x16 Output/nfc_uart_tag_pca10040 Release/Obj/nrf_atomic.o
                0x00000000000012cc                nrf_atomic_u32_fetch_store
 .text.nrf_atomic_u32_or
                0x00000000000012e2       0x18 Output/nfc_uart_tag_pca10040 Release/Obj/nrf_atomic.o
                0x00000000000012e2                nrf_atomic_u32_or
 .text.nrf_atomic_u32_fetch_and
                0x00000000000012fa       0x18 Output/nfc_uart_tag_pca10040 Release/Obj/nrf_atomic.o
                0x00000000000012fa                nrf_atomic_u32_fetch_and
 .text.nrf_atomic_u32_add
                0x0000000000001312       0x18 Output/nfc_uart_tag_pca10040 Release/Obj/nrf_atomic.o
                0x0000000000001312                nrf_atomic_u32_add
 .text.nrf_atomic_u32_sub
                0x000000000000132a       0x18 Output/nfc_uart_tag_pca10040 Release/Obj/nrf_atomic.o
                0x000000000000132a                nrf_atomic_u32_sub
 .text.nrf_atomic_flag_set
                0x0000000000001342        0x6 Output/nfc_uart_tag_pca10040 Release/Obj/nrf_atomic.o
                0x0000000000001342                nrf_atomic_flag_set
 .text.nrf_atomic_flag_clear_fetch
                0x0000000000001348        0x6 Output/nfc_uart_tag_pca10040 Release/Obj/nrf_atomic.o
                0x0000000000001348                nrf_atomic_flag_clear_fetch
 .text.nrf_balloc_init
                0x000000000000134e       0x2e Output/nfc_uart_tag_pca10040 Release/Obj/nrf_balloc.o
                0x000000000000134e                nrf_balloc_init
 .text.nrf_balloc_alloc
                0x000000000000137c       0x40 Output/nfc_uart_tag_pca10040 Release/Obj/nrf_balloc.o
                0x000000000000137c                nrf_balloc_alloc
 .text.nrf_balloc_free
                0x00000000000013bc       0x2a Output/nfc_uart_tag_pca10040 Release/Obj/nrf_balloc.o
                0x00000000000013bc                nrf_balloc_free
 .text.nrf_fprintf_buffer_flush
                0x00000000000013e6       0x16 Output/nfc_uart_tag_pca10040 Release/Obj/nrf_fprintf.o
                0x00000000000013e6                nrf_fprintf_buffer_flush
 .text.nrf_fprintf
                0x00000000000013fc       0x1c Output/nfc_uart_tag_pca10040 Release/Obj/nrf_fprintf.o
                0x00000000000013fc                nrf_fprintf
 .text.buffer_add
                0x0000000000001418       0x2e Output/nfc_uart_tag_pca10040 Release/Obj/nrf_fprintf_format.o
 *fill*         0x0000000000001446        0x2 
 .text.unsigned_print
                0x0000000000001448       0xb4 Output/nfc_uart_tag_pca10040 Release/Obj/nrf_fprintf_format.o
 .text.nrf_fprintf_fmt
                0x00000000000014fc      0x29c Output/nfc_uart_tag_pca10040 Release/Obj/nrf_fprintf_format.o
                0x00000000000014fc                nrf_fprintf_fmt
 .text.memobj_op
                0x0000000000001798       0x86 Output/nfc_uart_tag_pca10040 Release/Obj/nrf_memobj.o
 .text.nrf_memobj_pool_init
                0x000000000000181e        0x4 Output/nfc_uart_tag_pca10040 Release/Obj/nrf_memobj.o
                0x000000000000181e                nrf_memobj_pool_init
 .text.nrf_memobj_free
                0x0000000000001822       0x2c Output/nfc_uart_tag_pca10040 Release/Obj/nrf_memobj.o
                0x0000000000001822                nrf_memobj_free
 .text.nrf_memobj_alloc
                0x000000000000184e       0x5e Output/nfc_uart_tag_pca10040 Release/Obj/nrf_memobj.o
                0x000000000000184e                nrf_memobj_alloc
 .text.nrf_memobj_get
                0x00000000000018ac        0x8 Output/nfc_uart_tag_pca10040 Release/Obj/nrf_memobj.o
                0x00000000000018ac                nrf_memobj_get
 .text.nrf_memobj_put
                0x00000000000018b4       0x1e Output/nfc_uart_tag_pca10040 Release/Obj/nrf_memobj.o
                0x00000000000018b4                nrf_memobj_put
 .text.nrf_memobj_write
                0x00000000000018d2       0x14 Output/nfc_uart_tag_pca10040 Release/Obj/nrf_memobj.o
                0x00000000000018d2                nrf_memobj_write
 .text.nrf_memobj_read
                0x00000000000018e6       0x14 Output/nfc_uart_tag_pca10040 Release/Obj/nrf_memobj.o
                0x00000000000018e6                nrf_memobj_read
 .text.nrf_ringbuf_init
                0x00000000000018fa       0x12 Output/nfc_uart_tag_pca10040 Release/Obj/nrf_ringbuf.o
                0x00000000000018fa                nrf_ringbuf_init
 .text.clock_clk_started_notify
                0x000000000000190c       0x24 Output/nfc_uart_tag_pca10040 Release/Obj/nrf_drv_clock.o
 .text.clock_irq_handler
                0x0000000000001930       0x1c Output/nfc_uart_tag_pca10040 Release/Obj/nrf_drv_clock.o
 .text.nrf_drv_clock_init
                0x000000000000194c       0x30 Output/nfc_uart_tag_pca10040 Release/Obj/nrf_drv_clock.o
                0x000000000000194c                nrf_drv_clock_init
 .text.nrf_drv_clock_hfclk_request
                0x000000000000197c       0x54 Output/nfc_uart_tag_pca10040 Release/Obj/nrf_drv_clock.o
                0x000000000000197c                nrf_drv_clock_hfclk_request
 .text.nrf_drv_clock_hfclk_release
                0x00000000000019d0       0x28 Output/nfc_uart_tag_pca10040 Release/Obj/nrf_drv_clock.o
                0x00000000000019d0                nrf_drv_clock_hfclk_release
 .text.uarte_evt_handler
                0x00000000000019f8       0x34 Output/nfc_uart_tag_pca10040 Release/Obj/nrf_drv_uart.o
 .text.uart_evt_handler
                0x0000000000001a2c       0x34 Output/nfc_uart_tag_pca10040 Release/Obj/nrf_drv_uart.o
 .text.nrf_drv_uart_init
                0x0000000000001a60       0x7c Output/nfc_uart_tag_pca10040 Release/Obj/nrf_drv_uart.o
                0x0000000000001a60                nrf_drv_uart_init
 .text.nrfx_clock_init
                0x0000000000001adc       0x18 Output/nfc_uart_tag_pca10040 Release/Obj/nrfx_clock.o
                0x0000000000001adc                nrfx_clock_init
 .text.nrfx_clock_enable
                0x0000000000001af4       0x24 Output/nfc_uart_tag_pca10040 Release/Obj/nrfx_clock.o
                0x0000000000001af4                nrfx_clock_enable
 .text.nrfx_clock_hfclk_start
                0x0000000000001b18       0x24 Output/nfc_uart_tag_pca10040 Release/Obj/nrfx_clock.o
                0x0000000000001b18                nrfx_clock_hfclk_start
 .text.nrfx_clock_hfclk_stop
                0x0000000000001b3c       0x28 Output/nfc_uart_tag_pca10040 Release/Obj/nrfx_clock.o
                0x0000000000001b3c                nrfx_clock_hfclk_stop
 .text.POWER_CLOCK_IRQHandler
                0x0000000000001b64       0x64 Output/nfc_uart_tag_pca10040 Release/Obj/nrfx_clock.o
                0x0000000000001b64                POWER_CLOCK_IRQHandler
 .text.nrf_nfct_nfcid1_set
                0x0000000000001bc8       0x5c Output/nfc_uart_tag_pca10040 Release/Obj/nrfx_nfct.o
 .text.nrfx_nfct_enable
                0x0000000000001c24       0x24 Output/nfc_uart_tag_pca10040 Release/Obj/nrfx_nfct.o
                0x0000000000001c24                nrfx_nfct_enable
 .text.nrfx_nfct_field_check
                0x0000000000001c48       0x14 Output/nfc_uart_tag_pca10040 Release/Obj/nrfx_nfct.o
                0x0000000000001c48                nrfx_nfct_field_check
 .text.nrfx_nfct_field_timer_handler
                0x0000000000001c5c      0x10c Output/nfc_uart_tag_pca10040 Release/Obj/nrfx_nfct.o
 .text.nrfx_nfct_rx
                0x0000000000001d68       0x2c Output/nfc_uart_tag_pca10040 Release/Obj/nrfx_nfct.o
                0x0000000000001d68                nrfx_nfct_rx
 .text.nrfx_nfct_tx
                0x0000000000001d94       0x44 Output/nfc_uart_tag_pca10040 Release/Obj/nrfx_nfct.o
                0x0000000000001d94                nrfx_nfct_tx
 .text.nrfx_nfct_state_force
                0x0000000000001dd8        0xe Output/nfc_uart_tag_pca10040 Release/Obj/nrfx_nfct.o
                0x0000000000001dd8                nrfx_nfct_state_force
 *fill*         0x0000000000001de6        0x2 
 .text.nrfx_nfct_init_substate_force
                0x0000000000001de8       0x48 Output/nfc_uart_tag_pca10040 Release/Obj/nrfx_nfct.o
                0x0000000000001de8                nrfx_nfct_init_substate_force
 .text.nrfx_nfct_parameter_set
                0x0000000000001e30       0x6c Output/nfc_uart_tag_pca10040 Release/Obj/nrfx_nfct.o
                0x0000000000001e30                nrfx_nfct_parameter_set
 .text.nrfx_nfct_nfcid1_default_bytes_get
                0x0000000000001e9c       0x6e Output/nfc_uart_tag_pca10040 Release/Obj/nrfx_nfct.o
                0x0000000000001e9c                nrfx_nfct_nfcid1_default_bytes_get
 *fill*         0x0000000000001f0a        0x2 
 .text.nrfx_nfct_init
                0x0000000000001f0c       0xb4 Output/nfc_uart_tag_pca10040 Release/Obj/nrfx_nfct.o
                0x0000000000001f0c                nrfx_nfct_init
 .text.nrfx_nfct_autocolres_enable
                0x0000000000001fc0       0x10 Output/nfc_uart_tag_pca10040 Release/Obj/nrfx_nfct.o
                0x0000000000001fc0                nrfx_nfct_autocolres_enable
 .text.nrfx_nfct_autocolres_disable
                0x0000000000001fd0       0x10 Output/nfc_uart_tag_pca10040 Release/Obj/nrfx_nfct.o
                0x0000000000001fd0                nrfx_nfct_autocolres_disable
 .text.NFCT_IRQHandler
                0x0000000000001fe0      0x1e0 Output/nfc_uart_tag_pca10040 Release/Obj/nrfx_nfct.o
                0x0000000000001fe0                NFCT_IRQHandler
 .text.UARTE0_UART0_IRQHandler
                0x00000000000021c0        0xc Output/nfc_uart_tag_pca10040 Release/Obj/nrfx_prs.o
                0x00000000000021c0                UARTE0_UART0_IRQHandler
 .text.nrfx_prs_acquire
                0x00000000000021cc       0x38 Output/nfc_uart_tag_pca10040 Release/Obj/nrfx_prs.o
                0x00000000000021cc                nrfx_prs_acquire
 .text.nrfx_timer_init
                0x0000000000002204       0xd0 Output/nfc_uart_tag_pca10040 Release/Obj/nrfx_timer.o
                0x0000000000002204                nrfx_timer_init
 .text.nrfx_timer_enable
                0x00000000000022d4       0x1c Output/nfc_uart_tag_pca10040 Release/Obj/nrfx_timer.o
                0x00000000000022d4                nrfx_timer_enable
 .text.nrfx_timer_disable
                0x00000000000022f0       0x18 Output/nfc_uart_tag_pca10040 Release/Obj/nrfx_timer.o
                0x00000000000022f0                nrfx_timer_disable
 .text.nrfx_timer_clear
                0x0000000000002308        0x8 Output/nfc_uart_tag_pca10040 Release/Obj/nrfx_timer.o
                0x0000000000002308                nrfx_timer_clear
 .text.nrfx_timer_compare
                0x0000000000002310       0x32 Output/nfc_uart_tag_pca10040 Release/Obj/nrfx_timer.o
                0x0000000000002310                nrfx_timer_compare
 .text.nrfx_timer_extended_compare
                0x0000000000002342       0x2a Output/nfc_uart_tag_pca10040 Release/Obj/nrfx_timer.o
                0x0000000000002342                nrfx_timer_extended_compare
 .text.TIMER4_IRQHandler
                0x000000000000236c       0x54 Output/nfc_uart_tag_pca10040 Release/Obj/nrfx_timer.o
                0x000000000000236c                TIMER4_IRQHandler
 .text.nrf_uart_event_clear
                0x00000000000023c0       0x10 Output/nfc_uart_tag_pca10040 Release/Obj/nrfx_uart.o
 .text.tx_byte  0x00000000000023d0       0x1e Output/nfc_uart_tag_pca10040 Release/Obj/nrfx_uart.o
 .text.rx_enable.isra.0
                0x00000000000023ee       0x20 Output/nfc_uart_tag_pca10040 Release/Obj/nrfx_uart.o
 .text.rx_byte  0x000000000000240e       0x2c Output/nfc_uart_tag_pca10040 Release/Obj/nrfx_uart.o
 *fill*         0x000000000000243a        0x2 
 .text.rx_done_event.constprop.0
                0x000000000000243c       0x20 Output/nfc_uart_tag_pca10040 Release/Obj/nrfx_uart.o
 .text.nrfx_uart_0_irq_handler
                0x000000000000245c      0x13c Output/nfc_uart_tag_pca10040 Release/Obj/nrfx_uart.o
                0x000000000000245c                nrfx_uart_0_irq_handler
 .text.nrfx_uart_init
                0x0000000000002598      0x178 Output/nfc_uart_tag_pca10040 Release/Obj/nrfx_uart.o
                0x0000000000002598                nrfx_uart_init
 .text.nrfx_uart_tx
                0x0000000000002710       0x8c Output/nfc_uart_tag_pca10040 Release/Obj/nrfx_uart.o
                0x0000000000002710                nrfx_uart_tx
 .text.nrfx_uart_tx_in_progress
                0x000000000000279c       0x18 Output/nfc_uart_tag_pca10040 Release/Obj/nrfx_uart.o
                0x000000000000279c                nrfx_uart_tx_in_progress
 .text.nrfx_uart_rx
                0x00000000000027b4       0xf0 Output/nfc_uart_tag_pca10040 Release/Obj/nrfx_uart.o
                0x00000000000027b4                nrfx_uart_rx
 .text.nrf_uarte_event_clear
                0x00000000000028a4       0x10 Output/nfc_uart_tag_pca10040 Release/Obj/nrfx_uarte.o
 .text.rx_done_event.constprop.0
                0x00000000000028b4       0x20 Output/nfc_uart_tag_pca10040 Release/Obj/nrfx_uarte.o
 .text.nrfx_uarte_0_irq_handler
                0x00000000000028d4      0x118 Output/nfc_uart_tag_pca10040 Release/Obj/nrfx_uarte.o
                0x00000000000028d4                nrfx_uarte_0_irq_handler
 .text.nrfx_uarte_init
                0x00000000000029ec      0x190 Output/nfc_uart_tag_pca10040 Release/Obj/nrfx_uarte.o
                0x00000000000029ec                nrfx_uarte_init
 .text.nrfx_uarte_tx
                0x0000000000002b7c       0x90 Output/nfc_uart_tag_pca10040 Release/Obj/nrfx_uarte.o
                0x0000000000002b7c                nrfx_uarte_tx
 .text.nrfx_uarte_tx_in_progress
                0x0000000000002c0c       0x18 Output/nfc_uart_tag_pca10040 Release/Obj/nrfx_uarte.o
                0x0000000000002c0c                nrfx_uarte_tx_in_progress
 .text.nrfx_uarte_rx
                0x0000000000002c24       0xd8 Output/nfc_uart_tag_pca10040 Release/Obj/nrfx_uarte.o
                0x0000000000002c24                nrfx_uarte_rx
 .text.uart_error_handle
                0x0000000000002cfc       0x12 Output/nfc_uart_tag_pca10040 Release/Obj/main.o
                0x0000000000002cfc                uart_error_handle
 *fill*         0x0000000000002d0e        0x2 
 .text.nfc_callback
                0x0000000000002d10      0x120 Output/nfc_uart_tag_pca10040 Release/Obj/main.o
 .text.startup.main
                0x0000000000002e30      0x11c Output/nfc_uart_tag_pca10040 Release/Obj/main.o
                0x0000000000002e30                main
 .text._GetAvailWriteSpace
                0x0000000000002f4c       0x1c Output/nfc_uart_tag_pca10040 Release/Obj/SEGGER_RTT.o
 .text._WriteNoCheck
                0x0000000000002f68       0x38 Output/nfc_uart_tag_pca10040 Release/Obj/SEGGER_RTT.o
 .text._WriteBlocking
                0x0000000000002fa0       0x52 Output/nfc_uart_tag_pca10040 Release/Obj/SEGGER_RTT.o
 *fill*         0x0000000000002ff2        0x2 
 .text._DoInit  0x0000000000002ff4       0x60 Output/nfc_uart_tag_pca10040 Release/Obj/SEGGER_RTT.o
 .text.SEGGER_RTT_WriteNoLock
                0x0000000000003054       0x68 Output/nfc_uart_tag_pca10040 Release/Obj/SEGGER_RTT.o
                0x0000000000003054                SEGGER_RTT_WriteNoLock
 .text.SEGGER_RTT_Init
                0x00000000000030bc        0x4 Output/nfc_uart_tag_pca10040 Release/Obj/SEGGER_RTT.o
                0x00000000000030bc                SEGGER_RTT_Init
 .text.errata_12
                0x00000000000030c0       0x40 Output/nfc_uart_tag_pca10040 Release/Obj/system_nrf52.o
 .text.errata_16
                0x0000000000003100       0x34 Output/nfc_uart_tag_pca10040 Release/Obj/system_nrf52.o
 .text.SystemInit
                0x0000000000003134      0x25c Output/nfc_uart_tag_pca10040 Release/Obj/system_nrf52.o
                0x0000000000003134                SystemInit
 .text.clock_event_handler
                0x0000000000003390        0x8 Output/nfc_uart_tag_pca10040 Release/Obj/nfc_platform.o
 .text.nfc_platform_setup
                0x0000000000003398       0x28 Output/nfc_uart_tag_pca10040 Release/Obj/nfc_platform.o
                0x0000000000003398                nfc_platform_setup
 .text.nfc_platform_event_handler
                0x00000000000033c0       0x1c Output/nfc_uart_tag_pca10040 Release/Obj/nfc_platform.o
                0x00000000000033c0                nfc_platform_event_handler
 .text.nfcHandle7816Select
                0x00000000000033dc       0x8c ../../../../../../../components/nfc/t4t_lib/nfc_t4t_lib_gcc.a(nfc_t4t_lib.c.o)
                0x00000000000033dc                nfcHandle7816Select
 .text.nfcHandle7816Update
                0x0000000000003468       0xac ../../../../../../../components/nfc/t4t_lib/nfc_t4t_lib_gcc.a(nfc_t4t_lib.c.o)
                0x0000000000003468                nfcHandle7816Update
 .text.nfcHandle7816ChainUpdate
                0x0000000000003514       0x88 ../../../../../../../components/nfc/t4t_lib/nfc_t4t_lib_gcc.a(nfc_t4t_lib.c.o)
                0x0000000000003514                nfcHandle7816ChainUpdate
 .text.nfcHandleEvDataIndication
                0x000000000000359c       0xf4 ../../../../../../../components/nfc/t4t_lib/nfc_t4t_lib_gcc.a(nfc_t4t_lib.c.o)
                0x000000000000359c                nfcHandleEvDataIndication
 .text.isodepCallback
                0x0000000000003690       0xc4 ../../../../../../../components/nfc/t4t_lib/nfc_t4t_lib_gcc.a(nfc_t4t_lib.c.o)
                0x0000000000003690                isodepCallback
 .text.nfc_t4t_setup
                0x0000000000003754       0x74 ../../../../../../../components/nfc/t4t_lib/nfc_t4t_lib_gcc.a(nfc_t4t_lib.c.o)
                0x0000000000003754                nfc_t4t_setup
 .text.nfc_t4t_response_pdu_send
                0x00000000000037c8       0x30 ../../../../../../../components/nfc/t4t_lib/nfc_t4t_lib_gcc.a(nfc_t4t_lib.c.o)
                0x00000000000037c8                nfc_t4t_response_pdu_send
 .text.nfc_t4t_emulation_start
                0x00000000000037f8       0x24 ../../../../../../../components/nfc/t4t_lib/nfc_t4t_lib_gcc.a(nfc_t4t_lib.c.o)
                0x00000000000037f8                nfc_t4t_emulation_start
 .text.nrfx_nfct_evt_handler
                0x000000000000381c      0x184 ../../../../../../../components/nfc/t4t_lib/nfc_t4t_lib_gcc.a(nfc_t4t_lib_al.c.o)
 .text.nfc_t4t_lib_al_setup
                0x00000000000039a0       0x7c ../../../../../../../components/nfc/t4t_lib/nfc_t4t_lib_gcc.a(nfc_t4t_lib_al.c.o)
                0x00000000000039a0                nfc_t4t_lib_al_setup
 .text.nfc_t4t_lib_al_parameter_set
                0x0000000000003a1c       0xcc ../../../../../../../components/nfc/t4t_lib/nfc_t4t_lib_gcc.a(nfc_t4t_lib_al.c.o)
                0x0000000000003a1c                nfc_t4t_lib_al_parameter_set
 .text.nfc_t4t_lib_al_start
                0x0000000000003ae8        0x4 ../../../../../../../components/nfc/t4t_lib/nfc_t4t_lib_gcc.a(nfc_t4t_lib_al.c.o)
                0x0000000000003ae8                nfc_t4t_lib_al_start
 .text.nfc_t4t_lib_al_send
                0x0000000000003aec       0x1c ../../../../../../../components/nfc/t4t_lib/nfc_t4t_lib_gcc.a(nfc_t4t_lib_al.c.o)
                0x0000000000003aec                nfc_t4t_lib_al_send
 .text.isodepTransmit
                0x0000000000003b08      0x12c ../../../../../../../components/nfc/t4t_lib/nfc_t4t_lib_gcc.a(isodepmsg.c.o)
                0x0000000000003b08                isodepTransmit
 .text.isodepSetup
                0x0000000000003c34       0x70 ../../../../../../../components/nfc/t4t_lib/nfc_t4t_lib_gcc.a(isodepmsg.c.o)
                0x0000000000003c34                isodepSetup
 .text.isodepSendChunk
                0x0000000000003ca4      0x108 ../../../../../../../components/nfc/t4t_lib/nfc_t4t_lib_gcc.a(isodepmsg.c.o)
                0x0000000000003ca4                isodepSendChunk
 .text.isodepSendATS
                0x0000000000003dac       0x80 ../../../../../../../components/nfc/t4t_lib/nfc_t4t_lib_gcc.a(isodepmsg.c.o)
                0x0000000000003dac                isodepSendATS
 .text.isodepSetWtx
                0x0000000000003e2c       0x4c ../../../../../../../components/nfc/t4t_lib/nfc_t4t_lib_gcc.a(isodepmsg.c.o)
                0x0000000000003e2c                isodepSetWtx
 .text.isodepSendAck
                0x0000000000003e78       0x34 ../../../../../../../components/nfc/t4t_lib/nfc_t4t_lib_gcc.a(isodepmsg.c.o)
                0x0000000000003e78                isodepSendAck
 .text.isodepHandleDeselect
                0x0000000000003eac       0x74 ../../../../../../../components/nfc/t4t_lib/nfc_t4t_lib_gcc.a(isodepmsg.c.o)
                0x0000000000003eac                isodepHandleDeselect
 .text.alNfcCallback
                0x0000000000003f20      0x37c ../../../../../../../components/nfc/t4t_lib/nfc_t4t_lib_gcc.a(isodepmsg.c.o)
                0x0000000000003f20                alNfcCallback
 .text.libc.__RAL_ascii_isctype
                0x000000000000429c       0x1c C:/Program Files/SEGGER/SEGGER Embedded Studio for ARM 4.52c/lib/libc_v7em_fpv4_sp_d16_hard_t_le_eabi.a(libc2.o)
 .text.libc.__RAL_ascii_toupper
                0x00000000000042b8        0xc C:/Program Files/SEGGER/SEGGER Embedded Studio for ARM 4.52c/lib/libc_v7em_fpv4_sp_d16_hard_t_le_eabi.a(libc2.o)
 .text.libc.__RAL_ascii_tolower
                0x00000000000042c4        0xc C:/Program Files/SEGGER/SEGGER Embedded Studio for ARM 4.52c/lib/libc_v7em_fpv4_sp_d16_hard_t_le_eabi.a(libc2.o)
 .text.libc.__RAL_ascii_iswctype
                0x00000000000042d0       0x1c C:/Program Files/SEGGER/SEGGER Embedded Studio for ARM 4.52c/lib/libc_v7em_fpv4_sp_d16_hard_t_le_eabi.a(libc2.o)
 .text.libc.__RAL_ascii_towupper
                0x00000000000042ec        0xc C:/Program Files/SEGGER/SEGGER Embedded Studio for ARM 4.52c/lib/libc_v7em_fpv4_sp_d16_hard_t_le_eabi.a(libc2.o)
 .text.libc.__RAL_ascii_towlower
                0x00000000000042f8        0xc C:/Program Files/SEGGER/SEGGER Embedded Studio for ARM 4.52c/lib/libc_v7em_fpv4_sp_d16_hard_t_le_eabi.a(libc2.o)
 .text.libc.__RAL_ascii_wctomb
                0x0000000000004304        0xe C:/Program Files/SEGGER/SEGGER Embedded Studio for ARM 4.52c/lib/libc_v7em_fpv4_sp_d16_hard_t_le_eabi.a(libc2.o)
                0x0000000000004304                __RAL_ascii_wctomb
 .text.libc.__RAL_ascii_mbtowc
                0x0000000000004312       0x24 C:/Program Files/SEGGER/SEGGER Embedded Studio for ARM 4.52c/lib/libc_v7em_fpv4_sp_d16_hard_t_le_eabi.a(libc2.o)
                0x0000000000004312                __RAL_ascii_mbtowc
 *fill*         0x0000000000004336        0x2 
 .text.libc.__RAL_isctype
                0x0000000000004338       0x14 C:/Program Files/SEGGER/SEGGER Embedded Studio for ARM 4.52c/lib/libc_v7em_fpv4_sp_d16_hard_t_le_eabi.a(libc2.o)
                0x0000000000004338                __RAL_isctype
 .text.libc.isprint
                0x000000000000434c        0xa C:/Program Files/SEGGER/SEGGER Embedded Studio for ARM 4.52c/lib/libc_v7em_fpv4_sp_d16_hard_t_le_eabi.a(libc2.o)
                0x000000000000434c                isprint
 .text.libc.memcmp
                0x0000000000004356       0x66 C:/Program Files/SEGGER/SEGGER Embedded Studio for ARM 4.52c/lib/libc_v7em_fpv4_sp_d16_hard_t_le_eabi.a(libc2.o)
                0x0000000000004356                memcmp
 .text.libc.memcpy
                0x00000000000043bc       0x52 C:/Program Files/SEGGER/SEGGER Embedded Studio for ARM 4.52c/lib/libc_v7em_fpv4_sp_d16_hard_t_le_eabi.a(libc2_asm.o)
                0x00000000000043bc                __aeabi_memcpy
                0x00000000000043bc                memcpy
                0x00000000000043c8                __aeabi_memcpy8
                0x00000000000043c8                __aeabi_memcpy4
 .text.libc.memset
                0x000000000000440e       0x66 C:/Program Files/SEGGER/SEGGER Embedded Studio for ARM 4.52c/lib/libc_v7em_fpv4_sp_d16_hard_t_le_eabi.a(libc2_asm.o)
                0x000000000000440e                memset
 .text.libc.strcpy
                0x0000000000004474       0x44 C:/Program Files/SEGGER/SEGGER Embedded Studio for ARM 4.52c/lib/libc_v7em_fpv4_sp_d16_hard_t_le_eabi.a(libc2_asm.o)
                0x0000000000004474                strcpy
 .text.libc.strlen
                0x00000000000044b8       0x60 C:/Program Files/SEGGER/SEGGER Embedded Studio for ARM 4.52c/lib/libc_v7em_fpv4_sp_d16_hard_t_le_eabi.a(libc2_asm.o)
                0x00000000000044b8                strlen
                0x0000000000004518                __text_end__ = (__text_start__ + SIZEOF (.text))
                0x0000000000004148                __text_size__ = SIZEOF (.text)
                0x0000000000004518                __text_load_end__ = __text_end__

.vfp11_veneer   0x0000000100000000        0x0
 .vfp11_veneer  0x0000000100000000        0x0 linker stubs

.v4_bx          0x0000000100000000        0x0
 .v4_bx         0x0000000100000000        0x0 linker stubs

.iplt           0x0000000100000000        0x0
 .iplt          0x0000000100000000        0x0 Output/nfc_uart_tag_pca10040 Release/Obj/thumb_crt0.o
                0x0000000000000001                . = ASSERT (((__text_start__ == __text_end__) || ((__text_end__ - __FLASH_segment_start__) <= __FLASH_segment_size__)), error: .text is too large to fit in FLASH memory segment)
                0x0000000000004518                __log_const_data_load_start__ = ALIGN (__text_end__, 0x4)

.log_const_data
                0x0000000000004518       0x48
                0x0000000000004518                __log_const_data_start__ = .
                0x0000000000004518                __start_log_const_data = __log_const_data_start__
 *(SORT_BY_NAME(.log_const_data*))
 .log_const_data_CLOCK
                0x0000000000004518        0x8 Output/nfc_uart_tag_pca10040 Release/Obj/nrfx_clock.o
                0x0000000000004518                m_nrf_log_CLOCK_logs_data_const
 .log_const_data_NFCT
                0x0000000000004520        0x8 Output/nfc_uart_tag_pca10040 Release/Obj/nrfx_nfct.o
                0x0000000000004520                m_nrf_log_NFCT_logs_data_const
 .log_const_data_PRS
                0x0000000000004528        0x8 Output/nfc_uart_tag_pca10040 Release/Obj/nrfx_prs.o
                0x0000000000004528                m_nrf_log_PRS_logs_data_const
 .log_const_data_TIMER
                0x0000000000004530        0x8 Output/nfc_uart_tag_pca10040 Release/Obj/nrfx_timer.o
                0x0000000000004530                m_nrf_log_TIMER_logs_data_const
 .log_const_data_UART
                0x0000000000004538        0x8 Output/nfc_uart_tag_pca10040 Release/Obj/nrfx_uart.o
                0x0000000000004538                m_nrf_log_UART_logs_data_const
 .log_const_data_UARTE
                0x0000000000004540        0x8 Output/nfc_uart_tag_pca10040 Release/Obj/nrfx_uarte.o
                0x0000000000004540                m_nrf_log_UARTE_logs_data_const
 .log_const_data_app
                0x0000000000004548        0x8 Output/nfc_uart_tag_pca10040 Release/Obj/nrf_log_frontend.o
                0x0000000000004548                m_nrf_log_app_logs_data_const
 .log_const_data_clock
                0x0000000000004550        0x8 Output/nfc_uart_tag_pca10040 Release/Obj/nrf_drv_clock.o
                0x0000000000004550                m_nrf_log_clock_logs_data_const
 .log_const_data_hardfault
                0x0000000000004558        0x8 Output/nfc_uart_tag_pca10040 Release/Obj/hardfault_implementation.o
                0x0000000000004558                m_nrf_log_hardfault_logs_data_const
                0x0000000000004560                __log_const_data_end__ = (__log_const_data_start__ + SIZEOF (.log_const_data))
                0x0000000000000048                __log_const_data_size__ = SIZEOF (.log_const_data)
                0x0000000000004560                __stop_log_const_data = __log_const_data_end__
                0x0000000000004560                __log_const_data_load_end__ = __log_const_data_end__
                0x0000000000000001                . = ASSERT (((__log_const_data_start__ == __log_const_data_end__) || ((__log_const_data_end__ - __FLASH_segment_start__) <= __FLASH_segment_size__)), error: .log_const_data is too large to fit in FLASH memory segment)
                0x0000000000004560                __log_backends_load_start__ = ALIGN (__log_const_data_end__, 0x4)

.log_backends   0x0000000000004560       0x10
                0x0000000000004560                __log_backends_start__ = .
                0x0000000000004560                __start_log_backends = __log_backends_start__
 *(SORT_BY_NAME(.log_backends*))
 .log_backends  0x0000000000004560       0x10 Output/nfc_uart_tag_pca10040 Release/Obj/nrf_log_default_backends.o
                0x0000000000004570                __log_backends_end__ = (__log_backends_start__ + SIZEOF (.log_backends))
                0x0000000000000010                __log_backends_size__ = SIZEOF (.log_backends)
                0x0000000000004570                __stop_log_backends = __log_backends_end__
                0x0000000000004570                __log_backends_load_end__ = __log_backends_end__
                0x0000000000000001                . = ASSERT (((__log_backends_start__ == __log_backends_end__) || ((__log_backends_end__ - __FLASH_segment_start__) <= __FLASH_segment_size__)), error: .log_backends is too large to fit in FLASH memory segment)
                0x0000000000004570                __nrf_balloc_load_start__ = ALIGN (__log_backends_end__, 0x4)

.nrf_balloc     0x0000000000004570       0x14
                0x0000000000004570                __nrf_balloc_start__ = .
                0x0000000000004570                __start_nrf_balloc = __nrf_balloc_start__
 *(.nrf_balloc*)
 .nrf_balloc    0x0000000000004570       0x14 Output/nfc_uart_tag_pca10040 Release/Obj/nrf_log_frontend.o
                0x0000000000004570                log_mempool
                0x0000000000004584                __nrf_balloc_end__ = (__nrf_balloc_start__ + SIZEOF (.nrf_balloc))
                0x0000000000000014                __nrf_balloc_size__ = SIZEOF (.nrf_balloc)
                0x0000000000004584                __stop_nrf_balloc = __nrf_balloc_end__
                0x0000000000004584                __nrf_balloc_load_end__ = __nrf_balloc_end__
                0x0000000000000001                . = ASSERT (((__nrf_balloc_start__ == __nrf_balloc_end__) || ((__nrf_balloc_end__ - __FLASH_segment_start__) <= __FLASH_segment_size__)), error: .nrf_balloc is too large to fit in FLASH memory segment)
                0x0000000000004584                __nrf_sections_load_start__ = ALIGN (__nrf_balloc_end__, 0x4)

.nrf_sections   0x0000000000004584        0x0
                0x0000000000004584                __nrf_sections_start__ = .
                0x0000000000004584                __start_nrf_sections = __nrf_sections_start__
 *(.nrf_sections .nrf_sections.*)
                0x0000000000004584                __nrf_sections_end__ = (__nrf_sections_start__ + SIZEOF (.nrf_sections))
                0x0000000000000000                __nrf_sections_size__ = SIZEOF (.nrf_sections)
                0x0000000000004584                __nrf_sections_load_end__ = __nrf_sections_end__
                0x0000000000000001                . = ASSERT (((__nrf_sections_start__ == __nrf_sections_end__) || ((__nrf_sections_end__ - __FLASH_segment_start__) <= __FLASH_segment_size__)), error: .nrf_sections is too large to fit in FLASH memory segment)
                0x0000000000004584                __log_dynamic_data_load_start__ = ALIGN (__nrf_sections_end__, 0x4)

.log_dynamic_data
                0x0000000020000000        0x0 load address 0x0000000000004584
                0x0000000020000000                __log_dynamic_data_start__ = .
 *(SORT_BY_NAME(.log_dynamic_data*))
                0x0000000020000000                __log_dynamic_data_end__ = (__log_dynamic_data_start__ + SIZEOF (.log_dynamic_data))
                0x0000000000000000                __log_dynamic_data_size__ = SIZEOF (.log_dynamic_data)
                0x0000000000004584                __log_dynamic_data_load_end__ = (__log_dynamic_data_load_start__ + SIZEOF (.log_dynamic_data))
                0x0000000000000001                . = ASSERT (((__log_dynamic_data_load_start__ == __log_dynamic_data_load_end__) || ((__log_dynamic_data_load_end__ - __FLASH_segment_start__) <= __FLASH_segment_size__)), error: .log_dynamic_data is too large to fit in FLASH memory segment)

.log_dynamic_data_run
                0x0000000020000000        0x0
                0x0000000020000000                __log_dynamic_data_run_start__ = .
                0x0000000020000000                __start_log_dynamic_data = __log_dynamic_data_run_start__
                0x0000000020000000                . = MAX ((__log_dynamic_data_run_start__ + SIZEOF (.log_dynamic_data)), .)
                0x0000000020000000                __log_dynamic_data_run_end__ = (__log_dynamic_data_run_start__ + SIZEOF (.log_dynamic_data_run))
                0x0000000000000000                __log_dynamic_data_run_size__ = SIZEOF (.log_dynamic_data_run)
                0x0000000020000000                __stop_log_dynamic_data = __log_dynamic_data_run_end__
                0x0000000020000000                __log_dynamic_data_run_load_end__ = __log_dynamic_data_run_end__
                0x0000000000000001                . = ASSERT (((__log_dynamic_data_run_start__ == __log_dynamic_data_run_end__) || ((__log_dynamic_data_run_end__ - __RAM_segment_start__) <= __RAM_segment_size__)), error: .log_dynamic_data_run is too large to fit in RAM memory segment)
                0x0000000000004584                __log_filter_data_load_start__ = ALIGN ((__log_dynamic_data_load_start__ + SIZEOF (.log_dynamic_data)), 0x4)

.log_filter_data
                0x0000000020000000        0x0 load address 0x0000000000004584
                0x0000000020000000                __log_filter_data_start__ = .
 *(SORT_BY_NAME(.log_filter_data*))
                0x0000000020000000                __log_filter_data_end__ = (__log_filter_data_start__ + SIZEOF (.log_filter_data))
                0x0000000000000000                __log_filter_data_size__ = SIZEOF (.log_filter_data)
                0x0000000000004584                __log_filter_data_load_end__ = (__log_filter_data_load_start__ + SIZEOF (.log_filter_data))
                0x0000000000000001                . = ASSERT (((__log_filter_data_load_start__ == __log_filter_data_load_end__) || ((__log_filter_data_load_end__ - __FLASH_segment_start__) <= __FLASH_segment_size__)), error: .log_filter_data is too large to fit in FLASH memory segment)

.log_filter_data_run
                0x0000000020000000        0x0
                0x0000000020000000                __log_filter_data_run_start__ = .
                0x0000000020000000                __start_log_filter_data = __log_filter_data_run_start__
                0x0000000020000000                . = MAX ((__log_filter_data_run_start__ + SIZEOF (.log_filter_data)), .)
                0x0000000020000000                __log_filter_data_run_end__ = (__log_filter_data_run_start__ + SIZEOF (.log_filter_data_run))
                0x0000000000000000                __log_filter_data_run_size__ = SIZEOF (.log_filter_data_run)
                0x0000000020000000                __stop_log_filter_data = __log_filter_data_run_end__
                0x0000000020000000                __log_filter_data_run_load_end__ = __log_filter_data_run_end__
                0x0000000000000001                . = ASSERT (((__log_filter_data_run_start__ == __log_filter_data_run_end__) || ((__log_filter_data_run_end__ - __RAM_segment_start__) <= __RAM_segment_size__)), error: .log_filter_data_run is too large to fit in RAM memory segment)
                0x0000000020000000                __nrf_sections_run_end_load_start__ = ALIGN (__log_filter_data_run_end__, 0x4)

.nrf_sections_run_end
                0x0000000020000000        0x0
                0x0000000020000000                __nrf_sections_run_end_start__ = .
                0x0000000020000000                __end_nrf_sections_run = __nrf_sections_run_end_start__
 *(.nrf_sections_run_end .nrf_sections_run_end.*)
                0x0000000020000000                __nrf_sections_run_end_end__ = (__nrf_sections_run_end_start__ + SIZEOF (.nrf_sections_run_end))
                0x0000000000000000                __nrf_sections_run_end_size__ = SIZEOF (.nrf_sections_run_end)
                0x0000000020000000                __nrf_sections_run_end_load_end__ = __nrf_sections_run_end_end__
                0x0000000000000001                . = ASSERT (((__nrf_sections_run_end_start__ == __nrf_sections_run_end_end__) || ((__nrf_sections_run_end_end__ - __RAM_segment_start__) <= __RAM_segment_size__)), error: .nrf_sections_run_end is too large to fit in RAM memory segment)
                0x0000000000004584                __dtors_load_start__ = ALIGN ((__log_filter_data_load_start__ + SIZEOF (.log_filter_data)), 0x4)

.dtors          0x0000000000004584        0x0
                0x0000000000004584                __dtors_start__ = .
 *(SORT_BY_NAME(.dtors.*))
 *(.dtors)
 *(.fini_array)
 *(SORT_BY_NAME(.fini_array.*))
                0x0000000000004584                __dtors_end__ = (__dtors_start__ + SIZEOF (.dtors))
                0x0000000000000000                __dtors_size__ = SIZEOF (.dtors)
                0x0000000000004584                __dtors_load_end__ = __dtors_end__
                0x0000000000000001                . = ASSERT (((__dtors_start__ == __dtors_end__) || ((__dtors_end__ - __FLASH_segment_start__) <= __FLASH_segment_size__)), error: .dtors is too large to fit in FLASH memory segment)
                0x0000000000004584                __ctors_load_start__ = ALIGN (__dtors_end__, 0x4)

.ctors          0x0000000000004584        0x0
                0x0000000000004584                __ctors_start__ = .
 *(SORT_BY_NAME(.ctors.*))
 *(.ctors)
 *(.init_array)
 *(SORT_BY_NAME(.init_array.*))
                0x0000000000004584                __ctors_end__ = (__ctors_start__ + SIZEOF (.ctors))
                0x0000000000000000                __ctors_size__ = SIZEOF (.ctors)
                0x0000000000004584                __ctors_load_end__ = __ctors_end__
                0x0000000000000001                . = ASSERT (((__ctors_start__ == __ctors_end__) || ((__ctors_end__ - __FLASH_segment_start__) <= __FLASH_segment_size__)), error: .ctors is too large to fit in FLASH memory segment)
                0x0000000000004584                __rodata_load_start__ = ALIGN (__ctors_end__, 0x4)

.rodata         0x0000000000004584      0xbb2
                0x0000000000004584                __rodata_start__ = .
 *(.rodata .rodata.* .gnu.linkonce.r.*)
 *fill*         0x0000000000004584        0xc 
 .rodata.delay_machine_code.8217
                0x0000000000004590        0x6 Output/nfc_uart_tag_pca10040 Release/Obj/nrf_log_backend_rtt.o
 *fill*         0x0000000000004596        0x2 
 .rodata.nrf_log_backend_rtt_api
                0x0000000000004598        0xc Output/nfc_uart_tag_pca10040 Release/Obj/nrf_log_backend_rtt.o
                0x0000000000004598                nrf_log_backend_rtt_api
 .rodata.str1.1
                0x00000000000045a4       0x10 Output/nfc_uart_tag_pca10040 Release/Obj/nrf_log_default_backends.o
 .rodata.nrf_log_frontend_dequeue.str1.1
                0x00000000000045b4       0x11 Output/nfc_uart_tag_pca10040 Release/Obj/nrf_log_frontend.o
 .rodata.str1.1
                0x00000000000045c5        0x4 Output/nfc_uart_tag_pca10040 Release/Obj/nrf_log_frontend.o
 *fill*         0x00000000000045c9        0x3 
 .rodata.m_log_push_ringbuf
                0x00000000000045cc        0xc Output/nfc_uart_tag_pca10040 Release/Obj/nrf_log_frontend.o
 .rodata.postfix_process.str1.1
                0x00000000000045d8        0x8 Output/nfc_uart_tag_pca10040 Release/Obj/nrf_log_str_formatter.o
                                          0xb (size before relaxing)
 .rodata.prefix_process.str1.1
                0x00000000000045e0       0x2a Output/nfc_uart_tag_pca10040 Release/Obj/nrf_log_str_formatter.o
 .rodata.nrf_log_hexdump_entry_process.str1.1
                0x000000000000460a        0xf Output/nfc_uart_tag_pca10040 Release/Obj/nrf_log_str_formatter.o
                                         0x11 (size before relaxing)
 .rodata.str1.1
                0x0000000000004619       0x4b Output/nfc_uart_tag_pca10040 Release/Obj/nrf_log_str_formatter.o
                                         0x51 (size before relaxing)
 .rodata.m_colors
                0x0000000000004664       0x24 Output/nfc_uart_tag_pca10040 Release/Obj/nrf_log_str_formatter.o
 .rodata.severity_names
                0x0000000000004688       0x14 Output/nfc_uart_tag_pca10040 Release/Obj/nrf_log_str_formatter.o
 .rodata.m_board_led_list
                0x000000000000469c        0x4 Output/nfc_uart_tag_pca10040 Release/Obj/boards.o
 .rodata.app_error_fault_handler.str1.1
                0x00000000000046a0       0x1e Output/nfc_uart_tag_pca10040 Release/Obj/app_error_weak.o
 *fill*         0x00000000000046be        0x2 
 .rodata        0x00000000000046c0       0x20 Output/nfc_uart_tag_pca10040 Release/Obj/app_uart_fifo.o
 .rodata.HardFault_c_handler.str1.1
                0x00000000000046e0      0x12e Output/nfc_uart_tag_pca10040 Release/Obj/hardfault_implementation.o
 .rodata.str1.1
                0x000000000000480e      0x4c0 Output/nfc_uart_tag_pca10040 Release/Obj/hardfault_implementation.o
 *fill*         0x0000000000004cce        0x2 
 .rodata.cfsr_msgs.8136
                0x0000000000004cd0       0x68 Output/nfc_uart_tag_pca10040 Release/Obj/hardfault_implementation.o
 .rodata._aV2C.7537
                0x0000000000004d38       0x10 Output/nfc_uart_tag_pca10040 Release/Obj/nrf_fprintf_format.o
 .rodata.str1.1
                0x0000000000004d48        0x6 Output/nfc_uart_tag_pca10040 Release/Obj/nrf_drv_clock.o
 .rodata.str1.1
                0x0000000000004d4e        0x6 Output/nfc_uart_tag_pca10040 Release/Obj/nrfx_clock.o
 .rodata.str1.1
                0x0000000000004d54        0x5 Output/nfc_uart_tag_pca10040 Release/Obj/nrfx_nfct.o
 .rodata.CSWTCH.85
                0x0000000000004d59        0x7 Output/nfc_uart_tag_pca10040 Release/Obj/nrfx_nfct.o
 .rodata.str1.1
                0x0000000000004d60        0x4 Output/nfc_uart_tag_pca10040 Release/Obj/nrfx_prs.o
 .rodata.str1.1
                0x0000000000004d64        0x6 Output/nfc_uart_tag_pca10040 Release/Obj/nrfx_timer.o
 .rodata.str1.1
                0x0000000000004d6a        0x5 Output/nfc_uart_tag_pca10040 Release/Obj/nrfx_uart.o
 .rodata.str1.1
                0x0000000000004d6f        0x6 Output/nfc_uart_tag_pca10040 Release/Obj/nrfx_uarte.o
 .rodata.nfc_callback.str1.1
                0x0000000000004d75       0x8a Output/nfc_uart_tag_pca10040 Release/Obj/main.o
 .rodata.main.str1.1
                0x0000000000004dff       0x3a Output/nfc_uart_tag_pca10040 Release/Obj/main.o
 *fill*         0x0000000000004e39        0x3 
 .rodata        0x0000000000004e3c       0x18 Output/nfc_uart_tag_pca10040 Release/Obj/main.o
 .rodata._DoInit.str1.1
                0x0000000000004e54       0x14 Output/nfc_uart_tag_pca10040 Release/Obj/SEGGER_RTT.o
 .rodata.c7816AppNotFound
                0x0000000000004e68        0x2 ../../../../../../../components/nfc/t4t_lib/nfc_t4t_lib_gcc.a(nfc_t4t_lib.c.o)
                0x0000000000004e68                c7816AppNotFound
 *fill*         0x0000000000004e6a        0x2 
 .rodata.c7816OK
                0x0000000000004e6c        0x2 ../../../../../../../components/nfc/t4t_lib/nfc_t4t_lib_gcc.a(nfc_t4t_lib.c.o)
                0x0000000000004e6c                c7816OK
 *fill*         0x0000000000004e6e        0x2 
 .rodata.c7816WrongParams
                0x0000000000004e70        0x2 ../../../../../../../components/nfc/t4t_lib/nfc_t4t_lib_gcc.a(nfc_t4t_lib.c.o)
                0x0000000000004e70                c7816WrongParams
 *fill*         0x0000000000004e72        0x2 
 .rodata.cDefaultCC
                0x0000000000004e74        0xf ../../../../../../../components/nfc/t4t_lib/nfc_t4t_lib_gcc.a(nfc_t4t_lib.c.o)
                0x0000000000004e74                cDefaultCC
 *fill*         0x0000000000004e83        0x1 
 .rodata.cDummyByte
                0x0000000000004e84        0x1 ../../../../../../../components/nfc/t4t_lib/nfc_t4t_lib_gcc.a(nfc_t4t_lib.c.o)
                0x0000000000004e84                cDummyByte
 *fill*         0x0000000000004e85        0x3 
 .rodata.cSelectAppNdefApp
                0x0000000000004e88        0xd ../../../../../../../components/nfc/t4t_lib/nfc_t4t_lib_gcc.a(nfc_t4t_lib.c.o)
                0x0000000000004e88                cSelectAppNdefApp
 *fill*         0x0000000000004e95        0x3 
 .rodata.cSelectCcFile
                0x0000000000004e98        0x7 ../../../../../../../components/nfc/t4t_lib/nfc_t4t_lib_gcc.a(nfc_t4t_lib.c.o)
                0x0000000000004e98                cSelectCcFile
 *fill*         0x0000000000004e9f        0x1 
 .rodata.cSelectNdefFile
                0x0000000000004ea0        0x7 ../../../../../../../components/nfc/t4t_lib/nfc_t4t_lib_gcc.a(nfc_t4t_lib.c.o)
                0x0000000000004ea0                cSelectNdefFile
 *fill*         0x0000000000004ea7        0x1 
 .rodata        0x0000000000004ea8        0x8 ../../../../../../../components/nfc/t4t_lib/nfc_t4t_lib_gcc.a(nfc_t4t_lib_al.c.o)
 .rodata.m_rx_desc
                0x0000000000004eb0        0x8 ../../../../../../../components/nfc/t4t_lib/nfc_t4t_lib_gcc.a(nfc_t4t_lib_al.c.o)
 .rodata.cFsdiValueMap
                0x0000000000004eb8       0x40 ../../../../../../../components/nfc/t4t_lib/nfc_t4t_lib_gcc.a(isodepmsg.c.o)
                0x0000000000004eb8                cFsdiValueMap
 .rodata.libc.__RAL_find_locale.str1.4
                0x0000000000004ef8        0xa C:/Program Files/SEGGER/SEGGER Embedded Studio for ARM 4.52c/lib/libc_v7em_fpv4_sp_d16_hard_t_le_eabi.a(libc2.o)
 *fill*         0x0000000000004f02        0x2 
 .rodata.libc.__RAL_ascii_ctype_map
                0x0000000000004f04       0x80 C:/Program Files/SEGGER/SEGGER Embedded Studio for ARM 4.52c/lib/libc_v7em_fpv4_sp_d16_hard_t_le_eabi.a(libc2.o)
                0x0000000000004f04                __RAL_ascii_ctype_map
 .rodata.libc.__RAL_ascii_ctype_mask
                0x0000000000004f84        0xd C:/Program Files/SEGGER/SEGGER Embedded Studio for ARM 4.52c/lib/libc_v7em_fpv4_sp_d16_hard_t_le_eabi.a(libc2.o)
 *fill*         0x0000000000004f91        0x3 
 .rodata.libc.__RAL_c_locale
                0x0000000000004f94        0xc C:/Program Files/SEGGER/SEGGER Embedded Studio for ARM 4.52c/lib/libc_v7em_fpv4_sp_d16_hard_t_le_eabi.a(libc2.o)
                0x0000000000004f94                __RAL_c_locale
 .rodata.libc.__RAL_c_locale_abbrev_day_names
                0x0000000000004fa0       0x1d C:/Program Files/SEGGER/SEGGER Embedded Studio for ARM 4.52c/lib/libc_v7em_fpv4_sp_d16_hard_t_le_eabi.a(libc2.o)
                0x0000000000004fa0                __RAL_c_locale_abbrev_day_names
 *fill*         0x0000000000004fbd        0x3 
 .rodata.libc.__RAL_c_locale_abbrev_month_names
                0x0000000000004fc0       0x31 C:/Program Files/SEGGER/SEGGER Embedded Studio for ARM 4.52c/lib/libc_v7em_fpv4_sp_d16_hard_t_le_eabi.a(libc2.o)
                0x0000000000004fc0                __RAL_c_locale_abbrev_month_names
 *fill*         0x0000000000004ff1        0x3 
 .rodata.libc.__RAL_c_locale_am_pm_indicator
                0x0000000000004ff4        0x7 C:/Program Files/SEGGER/SEGGER Embedded Studio for ARM 4.52c/lib/libc_v7em_fpv4_sp_d16_hard_t_le_eabi.a(libc2.o)
                0x0000000000004ff4                __RAL_c_locale_am_pm_indicator
 *fill*         0x0000000000004ffb        0x1 
 .rodata.libc.__RAL_c_locale_data
                0x0000000000004ffc       0x58 C:/Program Files/SEGGER/SEGGER Embedded Studio for ARM 4.52c/lib/libc_v7em_fpv4_sp_d16_hard_t_le_eabi.a(libc2.o)
                0x0000000000004ffc                __RAL_c_locale_data
 .rodata.libc.__RAL_c_locale_date_format
                0x0000000000005054        0x9 C:/Program Files/SEGGER/SEGGER Embedded Studio for ARM 4.52c/lib/libc_v7em_fpv4_sp_d16_hard_t_le_eabi.a(libc2.o)
                0x0000000000005054                __RAL_c_locale_date_format
 *fill*         0x000000000000505d        0x3 
 .rodata.libc.__RAL_c_locale_date_time_format
                0x0000000000005060        0xf C:/Program Files/SEGGER/SEGGER Embedded Studio for ARM 4.52c/lib/libc_v7em_fpv4_sp_d16_hard_t_le_eabi.a(libc2.o)
                0x0000000000005060                __RAL_c_locale_date_time_format
 *fill*         0x000000000000506f        0x1 
 .rodata.libc.__RAL_c_locale_day_names
                0x0000000000005070       0x3a C:/Program Files/SEGGER/SEGGER Embedded Studio for ARM 4.52c/lib/libc_v7em_fpv4_sp_d16_hard_t_le_eabi.a(libc2.o)
                0x0000000000005070                __RAL_c_locale_day_names
 *fill*         0x00000000000050aa        0x2 
 .rodata.libc.__RAL_c_locale_month_names
                0x00000000000050ac       0x57 C:/Program Files/SEGGER/SEGGER Embedded Studio for ARM 4.52c/lib/libc_v7em_fpv4_sp_d16_hard_t_le_eabi.a(libc2.o)
                0x00000000000050ac                __RAL_c_locale_month_names
 *fill*         0x0000000000005103        0x1 
 .rodata.libc.__RAL_c_locale_time_format
                0x0000000000005104        0x9 C:/Program Files/SEGGER/SEGGER Embedded Studio for ARM 4.52c/lib/libc_v7em_fpv4_sp_d16_hard_t_le_eabi.a(libc2.o)
                0x0000000000005104                __RAL_c_locale_time_format
 *fill*         0x000000000000510d        0x3 
 .rodata.libc.__RAL_codeset_ascii
                0x0000000000005110       0x20 C:/Program Files/SEGGER/SEGGER Embedded Studio for ARM 4.52c/lib/libc_v7em_fpv4_sp_d16_hard_t_le_eabi.a(libc2.o)
                0x0000000000005110                __RAL_codeset_ascii
 .rodata.libc.__RAL_data_empty_string
                0x0000000000005130        0x1 C:/Program Files/SEGGER/SEGGER Embedded Studio for ARM 4.52c/lib/libc_v7em_fpv4_sp_d16_hard_t_le_eabi.a(libc2.o)
                0x0000000000005130                __RAL_data_empty_string
 *fill*         0x0000000000005131        0x3 
 .rodata.libc.__RAL_data_utf8_period
                0x0000000000005134        0x2 C:/Program Files/SEGGER/SEGGER Embedded Studio for ARM 4.52c/lib/libc_v7em_fpv4_sp_d16_hard_t_le_eabi.a(libc2.o)
                0x0000000000005134                __RAL_data_utf8_period
                0x0000000000005136                __rodata_end__ = (__rodata_start__ + SIZEOF (.rodata))
                0x0000000000000bb2                __rodata_size__ = SIZEOF (.rodata)
                0x0000000000005136                __rodata_load_end__ = __rodata_end__

.rel.dyn        0x0000000000005138        0x0
 .rel.iplt      0x0000000000005138        0x0 Output/nfc_uart_tag_pca10040 Release/Obj/thumb_crt0.o
                0x0000000000000001                . = ASSERT (((__rodata_start__ == __rodata_end__) || ((__rodata_end__ - __FLASH_segment_start__) <= __FLASH_segment_size__)), error: .rodata is too large to fit in FLASH memory segment)
                0x0000000000005138                __ARM.exidx_load_start__ = ALIGN (__rodata_end__, 0x4)

.ARM.exidx      0x0000000000005138        0x0
                0x0000000000005138                __ARM.exidx_start__ = .
                0x0000000000005138                __exidx_start = __ARM.exidx_start__
 *(.ARM.exidx .ARM.exidx.*)
                0x0000000000005138                __ARM.exidx_end__ = (__ARM.exidx_start__ + SIZEOF (.ARM.exidx))
                0x0000000000000000                __ARM.exidx_size__ = SIZEOF (.ARM.exidx)
                0x0000000000005138                __exidx_end = __ARM.exidx_end__
                0x0000000000005138                __ARM.exidx_load_end__ = __ARM.exidx_end__
                0x0000000000000001                . = ASSERT (((__ARM.exidx_start__ == __ARM.exidx_end__) || ((__ARM.exidx_end__ - __FLASH_segment_start__) <= __FLASH_segment_size__)), error: .ARM.exidx is too large to fit in FLASH memory segment)
                0x0000000000005138                __fast_load_start__ = ALIGN (__ARM.exidx_end__, 0x4)

.fast           0x0000000020000000        0x0 load address 0x0000000000005138
                0x0000000020000000                __fast_start__ = .
 *(.fast .fast.*)
                0x0000000020000000                __fast_end__ = (__fast_start__ + SIZEOF (.fast))
                0x0000000000000000                __fast_size__ = SIZEOF (.fast)
                0x0000000000005138                __fast_load_end__ = (__fast_load_start__ + SIZEOF (.fast))
                0x0000000000000001                . = ASSERT (((__fast_load_start__ == __fast_load_end__) || ((__fast_load_end__ - __FLASH_segment_start__) <= __FLASH_segment_size__)), error: .fast is too large to fit in FLASH memory segment)

.fast_run       0x0000000020000000        0x0
                0x0000000020000000                __fast_run_start__ = .
                0x0000000020000000                . = MAX ((__fast_run_start__ + SIZEOF (.fast)), .)
                0x0000000020000000                __fast_run_end__ = (__fast_run_start__ + SIZEOF (.fast_run))
                0x0000000000000000                __fast_run_size__ = SIZEOF (.fast_run)
                0x0000000020000000                __fast_run_load_end__ = __fast_run_end__
                0x0000000000000001                . = ASSERT (((__fast_run_start__ == __fast_run_end__) || ((__fast_run_end__ - __RAM_segment_start__) <= __RAM_segment_size__)), error: .fast_run is too large to fit in RAM memory segment)
                0x0000000000005138                __data_load_start__ = ALIGN ((__fast_load_start__ + SIZEOF (.fast)), 0x4)

.data           0x0000000020000000       0x44 load address 0x0000000000005138
                0x0000000020000000                __data_start__ = .
 *(.data .data.* .gnu.linkonce.d.*)
 .data.log_backend_cb_rtt_log_backend
                0x0000000020000000        0x8 Output/nfc_uart_tag_pca10040 Release/Obj/nrf_log_default_backends.o
 .data.app_uart_inst
                0x0000000020000008       0x14 Output/nfc_uart_tag_pca10040 Release/Obj/app_uart_fifo.o
 .data.m_timer_workaround
                0x000000002000001c        0xc Output/nfc_uart_tag_pca10040 Release/Obj/nrfx_nfct.o
 .data.SystemCoreClock
                0x0000000020000028        0x4 Output/nfc_uart_tag_pca10040 Release/Obj/system_nrf52.o
                0x0000000020000028                SystemCoreClock
 .data.m_fwi    0x000000002000002c        0x1 ../../../../../../../components/nfc/t4t_lib/nfc_t4t_lib_gcc.a(nfc_t4t_lib_al.c.o)
 .data.m_t4t_selres
                0x000000002000002d        0x1 ../../../../../../../components/nfc/t4t_lib/nfc_t4t_lib_gcc.a(nfc_t4t_lib_al.c.o)
 *fill*         0x000000002000002e        0x2 
 .data.libc.__RAL_global_locale
                0x0000000020000030       0x14 C:/Program Files/SEGGER/SEGGER Embedded Studio for ARM 4.52c/lib/libc_v7em_fpv4_sp_d16_hard_t_le_eabi.a(libc2.o)
                0x0000000020000030                __RAL_global_locale
                0x0000000020000044                __data_end__ = (__data_start__ + SIZEOF (.data))
                0x0000000000000044                __data_size__ = SIZEOF (.data)
                0x000000000000517c                __data_load_end__ = (__data_load_start__ + SIZEOF (.data))

.igot.plt       0x0000000100000000        0x0
 .igot.plt      0x0000000100000000        0x0 Output/nfc_uart_tag_pca10040 Release/Obj/thumb_crt0.o
                0x0000000000000001                . = ASSERT (((__data_load_start__ == __data_load_end__) || ((__data_load_end__ - __FLASH_segment_start__) <= __FLASH_segment_size__)), error: .data is too large to fit in FLASH memory segment)

.data_run       0x0000000020000000       0x44 load address 0x0000000000005138
                0x0000000020000000                __data_run_start__ = .
                0x0000000020000044                . = MAX ((__data_run_start__ + SIZEOF (.data)), .)
 *fill*         0x0000000020000000       0x44 
                0x0000000020000044                __data_run_end__ = (__data_run_start__ + SIZEOF (.data_run))
                0x0000000000000044                __data_run_size__ = SIZEOF (.data_run)
                0x0000000020000044                __data_run_load_end__ = __data_run_end__
                0x0000000000000001                . = ASSERT (((__data_run_start__ == __data_run_end__) || ((__data_run_end__ - __RAM_segment_start__) <= __RAM_segment_size__)), error: .data_run is too large to fit in RAM memory segment)
                0x000000000000517c                __tdata_load_start__ = ALIGN ((__data_load_start__ + SIZEOF (.data)), 0x4)

.tdata          0x0000000020000044        0x0 load address 0x000000000000517c
                0x0000000020000044                __tdata_start__ = .
 *(.tdata .tdata.*)
                0x0000000020000044                __tdata_end__ = (__tdata_start__ + SIZEOF (.tdata))
                0x0000000000000000                __tdata_size__ = SIZEOF (.tdata)
                0x000000000000517c                __tdata_load_end__ = (__tdata_load_start__ + SIZEOF (.tdata))
                0x000000000000517c                __FLASH_segment_used_end__ = (ALIGN ((__data_load_start__ + SIZEOF (.data)), 0x4) + SIZEOF (.tdata))
                0x000000000000517c                __FLASH_segment_used_size__ = (__FLASH_segment_used_end__ - __FLASH_segment_start__)
                0x0000000000000001                . = ASSERT (((__tdata_load_start__ == __tdata_load_end__) || ((__tdata_load_end__ - __FLASH_segment_start__) <= __FLASH_segment_size__)), error: .tdata is too large to fit in FLASH memory segment)

.tdata_run      0x0000000020000044        0x0
                0x0000000020000044                __tdata_run_start__ = .
                0x0000000020000044                . = MAX ((__tdata_run_start__ + SIZEOF (.tdata)), .)
                0x0000000020000044                __tdata_run_end__ = (__tdata_run_start__ + SIZEOF (.tdata_run))
                0x0000000000000000                __tdata_run_size__ = SIZEOF (.tdata_run)
                0x0000000020000044                __tdata_run_load_end__ = __tdata_run_end__
                0x0000000000000001                . = ASSERT (((__tdata_run_start__ == __tdata_run_end__) || ((__tdata_run_end__ - __RAM_segment_start__) <= __RAM_segment_size__)), error: .tdata_run is too large to fit in RAM memory segment)
                0x0000000020000044                __bss_load_start__ = ALIGN (__tdata_run_end__, 0x4)

.bss            0x0000000020000044     0x2010
                0x0000000020000044                __bss_start__ = .
 *(.bss .bss.* .gnu.linkonce.b.*)
 .bss.m_host_present
                0x0000000020000044        0x1 Output/nfc_uart_tag_pca10040 Release/Obj/nrf_log_backend_rtt.o
 .bss.m_string_buff
                0x0000000020000045       0x40 Output/nfc_uart_tag_pca10040 Release/Obj/nrf_log_backend_rtt.o
 *fill*         0x0000000020000085        0x3 
 .bss.log_mempool_nrf_balloc_cb
                0x0000000020000088        0x8 Output/nfc_uart_tag_pca10040 Release/Obj/nrf_log_frontend.o
 .bss.log_mempool_nrf_balloc_pool_mem
                0x0000000020000090       0xc0 Output/nfc_uart_tag_pca10040 Release/Obj/nrf_log_frontend.o
 .bss.log_mempool_nrf_balloc_pool_stack
                0x0000000020000150        0x8 Output/nfc_uart_tag_pca10040 Release/Obj/nrf_log_frontend.o
 .bss.m_log_data
                0x0000000020000158      0x424 Output/nfc_uart_tag_pca10040 Release/Obj/nrf_log_frontend.o
 .bss.m_log_push_ringbuf_buf
                0x000000002000057c       0x80 Output/nfc_uart_tag_pca10040 Release/Obj/nrf_log_frontend.o
 .bss.m_log_push_ringbuf_cb
                0x00000000200005fc       0x18 Output/nfc_uart_tag_pca10040 Release/Obj/nrf_log_frontend.o
 .bss.m_event_handler
                0x0000000020000614        0x4 Output/nfc_uart_tag_pca10040 Release/Obj/app_uart_fifo.o
 .bss.m_rx_fifo
                0x0000000020000618       0x10 Output/nfc_uart_tag_pca10040 Release/Obj/app_uart_fifo.o
 .bss.m_rx_ovf  0x0000000020000628        0x1 Output/nfc_uart_tag_pca10040 Release/Obj/app_uart_fifo.o
 *fill*         0x0000000020000629        0x3 
 .bss.m_tx_fifo
                0x000000002000062c       0x10 Output/nfc_uart_tag_pca10040 Release/Obj/app_uart_fifo.o
 .bss.rx_buffer
                0x000000002000063c        0x1 Output/nfc_uart_tag_pca10040 Release/Obj/app_uart_fifo.o
 .bss.tx_buffer
                0x000000002000063d        0x1 Output/nfc_uart_tag_pca10040 Release/Obj/app_uart_fifo.o
 *fill*         0x000000002000063e        0x2 
 .bss.m_in_critical_region
                0x0000000020000640        0x4 Output/nfc_uart_tag_pca10040 Release/Obj/app_util_platform.o
 .bss.m_clock_cb
                0x0000000020000644       0x14 Output/nfc_uart_tag_pca10040 Release/Obj/nrf_drv_clock.o
 .bss.m_contexts
                0x0000000020000658        0x4 Output/nfc_uart_tag_pca10040 Release/Obj/nrf_drv_uart.o
 .bss.m_handlers
                0x000000002000065c        0x4 Output/nfc_uart_tag_pca10040 Release/Obj/nrf_drv_uart.o
 .bss.nrf_drv_uart_use_easy_dma
                0x0000000020000660        0x1 Output/nfc_uart_tag_pca10040 Release/Obj/nrf_drv_uart.o
                0x0000000020000660                nrf_drv_uart_use_easy_dma
 *fill*         0x0000000020000661        0x3 
 .bss.m_clock_cb
                0x0000000020000664        0x8 Output/nfc_uart_tag_pca10040 Release/Obj/nrfx_clock.o
 .bss.m_nfct_cb
                0x000000002000066c       0x10 Output/nfc_uart_tag_pca10040 Release/Obj/nrfx_nfct.o
 .bss.m_prs_box_4
                0x000000002000067c        0x8 Output/nfc_uart_tag_pca10040 Release/Obj/nrfx_prs.o
 .bss.m_cb      0x0000000020000684        0xc Output/nfc_uart_tag_pca10040 Release/Obj/nrfx_timer.o
 .bss.m_cb      0x0000000020000690       0x2c Output/nfc_uart_tag_pca10040 Release/Obj/nrfx_uart.o
 .bss.m_cb      0x00000000200006bc       0x24 Output/nfc_uart_tag_pca10040 Release/Obj/nrfx_uarte.o
 .bss.apdu_buf.8697
                0x00000000200006e0      0x400 Output/nfc_uart_tag_pca10040 Release/Obj/main.o
 .bss.apdu_len.8698
                0x0000000020000ae0        0x4 Output/nfc_uart_tag_pca10040 Release/Obj/main.o
 .bss.m_nfc_rx_fifo
                0x0000000020000ae4       0x10 Output/nfc_uart_tag_pca10040 Release/Obj/main.o
 .bss.m_nfc_tx_fifo
                0x0000000020000af4       0x10 Output/nfc_uart_tag_pca10040 Release/Obj/main.o
 .bss.nfc_rx_buff.8718
                0x0000000020000b04      0x400 Output/nfc_uart_tag_pca10040 Release/Obj/main.o
 .bss.nfc_tx_buff.8719
                0x0000000020000f04      0x400 Output/nfc_uart_tag_pca10040 Release/Obj/main.o
 .bss.rx_buf.8712
                0x0000000020001304      0x400 Output/nfc_uart_tag_pca10040 Release/Obj/main.o
 .bss.tx_buf.8713
                0x0000000020001704      0x400 Output/nfc_uart_tag_pca10040 Release/Obj/main.o
 .bss._SEGGER_RTT
                0x0000000020001b04       0x78 Output/nfc_uart_tag_pca10040 Release/Obj/SEGGER_RTT.o
                0x0000000020001b04                _SEGGER_RTT
 .bss._acDownBuffer
                0x0000000020001b7c       0x10 Output/nfc_uart_tag_pca10040 Release/Obj/SEGGER_RTT.o
 .bss._acUpBuffer
                0x0000000020001b8c      0x200 Output/nfc_uart_tag_pca10040 Release/Obj/SEGGER_RTT.o
 .bss.m_clock_handler_item
                0x0000000020001d8c        0x8 Output/nfc_uart_tag_pca10040 Release/Obj/nfc_platform.o
 .bss.nfcchain  0x0000000020001d94       0x10 ../../../../../../../components/nfc/t4t_lib/nfc_t4t_lib_gcc.a(nfc_t4t_lib.c.o)
 .bss.nfclib    0x0000000020001da4       0x3c ../../../../../../../components/nfc/t4t_lib/nfc_t4t_lib_gcc.a(nfc_t4t_lib.c.o)
 .bss.m_deselect
                0x0000000020001de0        0x1 ../../../../../../../components/nfc/t4t_lib/nfc_t4t_lib_gcc.a(nfc_t4t_lib_al.c.o)
 *fill*         0x0000000020001de1        0x3 
 .bss.m_nfc_lib_callback
                0x0000000020001de4        0x4 ../../../../../../../components/nfc/t4t_lib/nfc_t4t_lib_gcc.a(nfc_t4t_lib_al.c.o)
 .bss.m_nfc_lib_context
                0x0000000020001de8        0x4 ../../../../../../../components/nfc/t4t_lib/nfc_t4t_lib_gcc.a(nfc_t4t_lib_al.c.o)
 .bss.m_nfc_rx_buffer
                0x0000000020001dec      0x100 ../../../../../../../components/nfc/t4t_lib/nfc_t4t_lib_gcc.a(nfc_t4t_lib_al.c.o)
 .bss.m_nfcid1_data
                0x0000000020001eec        0xa ../../../../../../../components/nfc/t4t_lib/nfc_t4t_lib_gcc.a(nfc_t4t_lib_al.c.o)
 .bss.m_nfcid1_length
                0x0000000020001ef6        0x1 ../../../../../../../components/nfc/t4t_lib/nfc_t4t_lib_gcc.a(nfc_t4t_lib_al.c.o)
 .bss.m_slp_req_received
                0x0000000020001ef7        0x1 ../../../../../../../components/nfc/t4t_lib/nfc_t4t_lib_gcc.a(nfc_t4t_lib_al.c.o)
 .bss.m_t4t_active
                0x0000000020001ef8        0x1 ../../../../../../../components/nfc/t4t_lib/nfc_t4t_lib_gcc.a(nfc_t4t_lib_al.c.o)
 *(COMMON)
 *fill*         0x0000000020001ef9        0x3 
 COMMON         0x0000000020001efc        0xf ../../../../../../../components/nfc/t4t_lib/nfc_t4t_lib_gcc.a(nfc_t4t_lib.c.o)
                0x0000000020001efc                gCCArea
 *fill*         0x0000000020001f0b        0x1 
 COMMON         0x0000000020001f0c      0x148 ../../../../../../../components/nfc/t4t_lib/nfc_t4t_lib_gcc.a(isodepmsg.c.o)
                0x0000000020001f0c                isoCB
                0x0000000020002054                __bss_end__ = (__bss_start__ + SIZEOF (.bss))
                0x0000000000002010                __bss_size__ = SIZEOF (.bss)
                0x0000000020002054                __bss_load_end__ = __bss_end__
                0x0000000000000001                . = ASSERT (((__bss_start__ == __bss_end__) || ((__bss_end__ - __RAM_segment_start__) <= __RAM_segment_size__)), error: .bss is too large to fit in RAM memory segment)
                0x0000000020002054                __tbss_load_start__ = ALIGN (__bss_end__, 0x4)

.tbss           0x0000000020002054        0x0
                0x0000000020002054                __tbss_start__ = .
 *(.tbss .tbss.*)
                0x0000000020002054                __tbss_end__ = (__tbss_start__ + SIZEOF (.tbss))
                0x0000000000000000                __tbss_size__ = SIZEOF (.tbss)
                0x0000000020002054                __tbss_load_end__ = __tbss_end__
                0x0000000000000001                . = ASSERT (((__tbss_start__ == __tbss_end__) || ((__tbss_end__ - __RAM_segment_start__) <= __RAM_segment_size__)), error: .tbss is too large to fit in RAM memory segment)
                0x0000000020002054                __non_init_load_start__ = ALIGN (__tbss_end__, 0x4)

.non_init       0x0000000020002054        0x0
                0x0000000020002054                __non_init_start__ = .
 *(.non_init .non_init.*)
                0x0000000020002054                __non_init_end__ = (__non_init_start__ + SIZEOF (.non_init))
                0x0000000000000000                __non_init_size__ = SIZEOF (.non_init)
                0x0000000020002054                __non_init_load_end__ = __non_init_end__
                0x0000000000000001                . = ASSERT (((__non_init_start__ == __non_init_end__) || ((__non_init_end__ - __RAM_segment_start__) <= __RAM_segment_size__)), error: .non_init is too large to fit in RAM memory segment)
                0x0000000020002054                __heap_load_start__ = ALIGN (__non_init_end__, 0x4)

.heap           0x0000000020002054     0x2000
                0x0000000020002054                __heap_start__ = .
 *(.heap .heap.*)
                0x0000000020004054                . = ALIGN (MAX ((__heap_start__ + __HEAPSIZE__), .), 0x4)
 *fill*         0x0000000020002054     0x2000 
                0x0000000020004054                __heap_end__ = (__heap_start__ + SIZEOF (.heap))
                0x0000000000002000                __heap_size__ = SIZEOF (.heap)
                0x0000000020004054                __heap_load_end__ = __heap_end__
                0x0000000000000001                . = ASSERT (((__heap_start__ == __heap_end__) || ((__heap_end__ - __RAM_segment_start__) <= __RAM_segment_size__)), error: .heap is too large to fit in RAM memory segment)
                0x000000002000e000                __stack_load_start__ = (__RAM_segment_start__ + (__RAM_segment_size__ - 0x2000))

.stack          0x000000002000e000     0x2000
                0x000000002000e000                __stack_start__ = .
                0x000000002000e000                __StackLimit = __stack_start__
 *(.stack .stack.*)
                0x0000000020010000                . = ALIGN (MAX ((__stack_start__ + __STACKSIZE__), .), 0x8)
 *fill*         0x000000002000e000     0x2000 
                0x0000000020010000                __stack_end__ = (__stack_start__ + SIZEOF (.stack))
                0x0000000000002000                __stack_size__ = SIZEOF (.stack)
                0x0000000020010000                __StackTop = __stack_end__
                0x0000000020010000                __stack_load_end__ = __stack_end__
                0x0000000000000001                . = ASSERT (((__stack_start__ == __stack_end__) || ((__stack_end__ - __RAM_segment_start__) <= __RAM_segment_size__)), error: .stack is too large to fit in RAM memory segment)
                0x0000000000000001                . = ASSERT ((__heap_end__ <= __stack_start__), error: section .heap overlaps absolute placed section .stack)
                0x0000000020010000                __stack_process_load_start__ = ALIGN (__stack_end__, 0x8)

.stack_process  0x0000000020010000        0x0
                0x0000000020010000                __stack_process_start__ = .
 *(.stack_process .stack_process.*)
                0x0000000020010000                . = ALIGN (MAX ((__stack_process_start__ + __STACKSIZE_PROCESS__), .), 0x8)
                0x0000000020010000                __stack_process_end__ = (__stack_process_start__ + SIZEOF (.stack_process))
                0x0000000000000000                __stack_process_size__ = SIZEOF (.stack_process)
                0x0000000020010000                __stack_process_load_end__ = __stack_process_end__
                0x0000000020010000                __RAM_segment_used_end__ = (ALIGN (__stack_end__, 0x8) + SIZEOF (.stack_process))
                0x0000000000010000                __RAM_segment_used_size__ = (__RAM_segment_used_end__ - __RAM_segment_start__)
                0x0000000000000001                . = ASSERT (((__stack_process_start__ == __stack_process_end__) || ((__stack_process_end__ - __RAM_segment_start__) <= __RAM_segment_size__)), error: .stack_process is too large to fit in RAM memory segment)
START GROUP
LOAD Output/nfc_uart_tag_pca10040 Release/Obj/thumb_crt0.o
LOAD Output/nfc_uart_tag_pca10040 Release/Obj/nrf_log_backend_rtt.o
LOAD Output/nfc_uart_tag_pca10040 Release/Obj/nrf_log_backend_serial.o
LOAD Output/nfc_uart_tag_pca10040 Release/Obj/nrf_log_default_backends.o
LOAD Output/nfc_uart_tag_pca10040 Release/Obj/nrf_log_frontend.o
LOAD Output/nfc_uart_tag_pca10040 Release/Obj/nrf_log_str_formatter.o
LOAD Output/nfc_uart_tag_pca10040 Release/Obj/boards.o
LOAD Output/nfc_uart_tag_pca10040 Release/Obj/app_error.o
LOAD Output/nfc_uart_tag_pca10040 Release/Obj/app_error_handler_gcc.o
LOAD Output/nfc_uart_tag_pca10040 Release/Obj/app_error_weak.o
LOAD Output/nfc_uart_tag_pca10040 Release/Obj/app_fifo.o
LOAD Output/nfc_uart_tag_pca10040 Release/Obj/app_uart_fifo.o
LOAD Output/nfc_uart_tag_pca10040 Release/Obj/app_util_platform.o
LOAD Output/nfc_uart_tag_pca10040 Release/Obj/hardfault_handler_gcc.o
LOAD Output/nfc_uart_tag_pca10040 Release/Obj/hardfault_implementation.o
LOAD Output/nfc_uart_tag_pca10040 Release/Obj/nrf_assert.o
LOAD Output/nfc_uart_tag_pca10040 Release/Obj/nrf_atomic.o
LOAD Output/nfc_uart_tag_pca10040 Release/Obj/nrf_balloc.o
LOAD Output/nfc_uart_tag_pca10040 Release/Obj/nrf_fprintf.o
LOAD Output/nfc_uart_tag_pca10040 Release/Obj/nrf_fprintf_format.o
LOAD Output/nfc_uart_tag_pca10040 Release/Obj/nrf_memobj.o
LOAD Output/nfc_uart_tag_pca10040 Release/Obj/nrf_ringbuf.o
LOAD Output/nfc_uart_tag_pca10040 Release/Obj/nrf_strerror.o
LOAD Output/nfc_uart_tag_pca10040 Release/Obj/nrf_drv_clock.o
LOAD Output/nfc_uart_tag_pca10040 Release/Obj/nrf_drv_uart.o
LOAD Output/nfc_uart_tag_pca10040 Release/Obj/nrf_nvic.o
LOAD Output/nfc_uart_tag_pca10040 Release/Obj/nrf_soc.o
LOAD Output/nfc_uart_tag_pca10040 Release/Obj/nrfx_atomic.o
LOAD Output/nfc_uart_tag_pca10040 Release/Obj/nrfx_clock.o
LOAD Output/nfc_uart_tag_pca10040 Release/Obj/nrfx_nfct.o
LOAD Output/nfc_uart_tag_pca10040 Release/Obj/nrfx_prs.o
LOAD Output/nfc_uart_tag_pca10040 Release/Obj/nrfx_timer.o
LOAD Output/nfc_uart_tag_pca10040 Release/Obj/nrfx_uart.o
LOAD Output/nfc_uart_tag_pca10040 Release/Obj/nrfx_uarte.o
LOAD Output/nfc_uart_tag_pca10040 Release/Obj/main.o
LOAD Output/nfc_uart_tag_pca10040 Release/Obj/SEGGER_RTT.o
LOAD Output/nfc_uart_tag_pca10040 Release/Obj/SEGGER_RTT_Syscalls_SES.o
LOAD Output/nfc_uart_tag_pca10040 Release/Obj/SEGGER_RTT_printf.o
LOAD Output/nfc_uart_tag_pca10040 Release/Obj/ses_startup_nrf52.o
LOAD Output/nfc_uart_tag_pca10040 Release/Obj/ses_startup_nrf_common.o
LOAD Output/nfc_uart_tag_pca10040 Release/Obj/system_nrf52.o
LOAD Output/nfc_uart_tag_pca10040 Release/Obj/nfc_platform.o
LOAD ../../../../../../../components/nfc/t4t_lib/nfc_t4t_lib_gcc.a
LOAD C:/Program Files/SEGGER/SEGGER Embedded Studio for ARM 4.52c/lib/libdebugio_mempoll_v7em_fpv4_sp_d16_hard_t_le_eabi.a
LOAD C:/Program Files/SEGGER/SEGGER Embedded Studio for ARM 4.52c/lib/libm_v7em_fpv4_sp_d16_hard_t_le_eabi.a
LOAD C:/Program Files/SEGGER/SEGGER Embedded Studio for ARM 4.52c/lib/libc_v7em_fpv4_sp_d16_hard_t_le_eabi.a
LOAD C:/Program Files/SEGGER/SEGGER Embedded Studio for ARM 4.52c/lib/libcpp_v7em_fpv4_sp_d16_hard_t_le_eabi.a
LOAD C:/Program Files/SEGGER/SEGGER Embedded Studio for ARM 4.52c/lib/libdebugio_v7em_fpv4_sp_d16_hard_t_le_eabi.a
LOAD C:/Program Files/SEGGER/SEGGER Embedded Studio for ARM 4.52c/lib/libvfprintf_v7em_fpv4_sp_d16_hard_t_le_eabi.o
LOAD C:/Program Files/SEGGER/SEGGER Embedded Studio for ARM 4.52c/lib/libvfscanf_v7em_fpv4_sp_d16_hard_t_le_eabi.o
END GROUP
OUTPUT(Output/Release/Exe/nfc_uart_tag_pca10040.elf elf32-littlearm)

.ARM.attributes
                0x0000000000000000       0x35
 .ARM.attributes
                0x0000000000000000       0x25 Output/nfc_uart_tag_pca10040 Release/Obj/thumb_crt0.o
 .ARM.attributes
                0x0000000000000025       0x39 Output/nfc_uart_tag_pca10040 Release/Obj/nrf_log_backend_rtt.o
 .ARM.attributes
                0x000000000000005e       0x39 Output/nfc_uart_tag_pca10040 Release/Obj/nrf_log_backend_serial.o
 .ARM.attributes
                0x0000000000000097       0x39 Output/nfc_uart_tag_pca10040 Release/Obj/nrf_log_default_backends.o
 .ARM.attributes
                0x00000000000000d0       0x39 Output/nfc_uart_tag_pca10040 Release/Obj/nrf_log_frontend.o
 .ARM.attributes