<html>
<body>
<pre>
<h1>µVision Build Log</h1>
<h2>Tool Versions:</h2>
IDE-Version: •ÏVision V5.29.0.0
Copyright (C) 2019 ARM Ltd and ARM Germany GmbH. All rights reserved.
License Information: seo k, k, LIC=TA3Z9-4SXA1-22WL4-FANB8-LV2Y4-121S0
 
Tool Versions:
Toolchain:       MDK-ARM Professional  Version: 5.29.0.0
Toolchain Path:  C:\Keil_v5\ARM\ARMCC\Bin
C Compiler:      Armcc.exe V5.06 update 6 (build 750)
Assembler:       Armasm.exe V5.06 update 6 (build 750)
Linker/Locator:  ArmLink.exe V5.06 update 6 (build 750)
Library Manager: ArmAr.exe V5.06 update 6 (build 750)
Hex Converter:   FromElf.exe V5.06 update 6 (build 750)
CPU DLL:         SARMCM3.DLL V5.29.0.0
Dialog DLL:      DCM.DLL V1.17.3.0
Target DLL:      UL2CM3.DLL V1.163.0.0
Dialog DLL:      TCM.DLL V1.36.5.0
 
<h2>Project:</h2>
C:\work\project\nordic\nRF5SDK160098a08e2\examples\ble_peripheral\ble_app_buttonless_dfu\pca10040\s132\arm5_no_packs\ble_app_buttonless_dfu_pca10040_s132.uvprojx
Project File Date:  06/19/2020

<h2>Output:</h2>
*** Using Compiler 'V5.06 update 6 (build 750)', folder: 'C:\Keil_v5\ARM\ARMCC\Bin'
Rebuild target 'nrf52832_xxaa'
compiling auth_status_tracker.c...
compiling ble_advertising.c...
compiling boards.c...
compiling ble_advdata.c...
compiling bsp.c...
compiling bsp_btn_ble.c...
compiling main.c...
compiling ble_conn_params.c...
compiling ble_srv_common.c...
compiling ble_conn_state.c...
compiling gatts_cache_manager.c...
compiling id_manager.c...
compiling gatt_cache_manager.c...
compiling nrf_ble_gatt.c...
compiling nrf_ble_qwr.c...
compiling pm_buffer.c...
compiling peer_id.c...
compiling peer_data_storage.c...
compiling peer_manager_handler.c...
compiling peer_database.c...
compiling peer_manager.c...
compiling security_dispatcher.c...
compiling nrf_drv_uart.c...
compiling ble_dfu_bonded.c...
compiling nrf_drv_clock.c...
compiling ble_dfu_unbonded.c...
compiling security_manager.c...
compiling ble_dfu.c...
compiling nrfx_atomic.c...
compiling app_error.c...
compiling nrfx_prs.c...
compiling nrfx_clock.c...
compiling nrfx_uart.c...
compiling app_button.c...
compiling nrfx_uarte.c...
compiling nrfx_gpiote.c...
compiling app_error_handler_keil.c...
compiling app_util_platform.c...
compiling crc16.c...
compiling app_scheduler.c...
compiling app_error_weak.c...
compiling drv_rtc.c...
compiling app_timer2.c...
compiling nrf_assert.c...
compiling fds.c...
compiling nrf_atflags.c...
compiling nrf_fprintf.c...
compiling nrf_atomic.c...
compiling nrf_atfifo.c...
compiling nrf_fprintf_format.c...
compiling nrf_balloc.c...
compiling nrf_fstorage.c...
compiling nrf_strerror.c...
compiling nrf_section_iter.c...
compiling nrf_sortlist.c...
compiling nrf_ringbuf.c...
compiling nrf_memobj.c...
compiling nrf_fstorage_sd.c...
compiling nrf_pwr_mgmt.c...
compiling nrf_log_backend_rtt.c...
compiling nrf_dfu_svci.c...
compiling nrf_log_default_backends.c...
compiling nrf_log_backend_serial.c...
compiling nrf_log_str_formatter.c...
compiling nrf_log_frontend.c...
compiling nrf_log_backend_uart.c...
assembling arm_startup_nrf52.s...
compiling SEGGER_RTT.c...
compiling system_nrf52.c...
compiling SEGGER_RTT_Syscalls_KEIL.c...
compiling nrf_sdh_soc.c...
compiling SEGGER_RTT_printf.c...
compiling nrf_sdh.c...
compiling nrf_sdh_ble.c...
linking...
Program Size: Code=45800 RO-data=8328 RW-data=540 ZI-data=12716  
FromELF: creating hex file...
".\_build\nrf52832_xxaa.axf" - 0 Error(s), 0 Warning(s).

<h2>Software Packages used:</h2>

Package Vendor: ARM
                http://www.keil.com/pack/ARM.CMSIS.4.5.0.pack
                ARM.CMSIS.4.5.0
                CMSIS (Cortex Microcontroller Software Interface Standard)
   * Component: CORE Version: 4.3.0

Package Vendor: NordicSemiconductor
                http://developer.nordicsemi.com/nRF5_SDK/pieces/nRF_DeviceFamilyPack/NordicSemiconductor.nRF_DeviceFamilyPack.8.27.1.pack
                NordicSemiconductor.nRF_DeviceFamilyPack.8.27.1
                Nordic Semiconductor nRF ARM devices Device Family Pack with BSD license.
   * Component: Startup Version: 8.27.1
   * Component: StartupConfig Version: 8.27.1

<h2>Collection of Component include folders:</h2>
  .\RTE\Device\nRF52832_xxAA
  .\RTE\_nrf52832_xxaa
  C:\Users\atose\AppData\Local\Arm\Packs\ARM\CMSIS\4.5.0\CMSIS\Include
  C:\Users\atose\AppData\Local\Arm\Packs\NordicSemiconductor\nRF_DeviceFamilyPack\8.27.1\Device\Include

<h2>Collection of Component Files used:</h2>

   * Component: ARM::CMSIS:CORE:4.3.0

   * Component: NordicSemiconductor::Device:Startup:8.27.1
      Source file:   Device\Source\system_nrf52.c
      Source file:   Device\Source\arm\arm_startup_nrf52.s
      Include file:  Device\Include\system_nrf52.h
      Include file:  Device\Include\system_nrf.h

   * Component: NordicSemiconductor::Device:StartupConfig:8.27.1
      Include file:  Device\Source\startup_config.h
Build Time Elapsed:  00:00:18
</pre>
</body>
</html>
