Component: ARM Compiler 5.06 update 6 (build 750) Tool: armlink [4d35ed]

==============================================================================

Section Cross References

    main.o(i.advertising_config_get) refers to memseta.o(.text) for __aeabi_memclr4
    main.o(i.advertising_start) refers to nrf_log_frontend.o(i.nrf_log_frontend_std_0) for nrf_log_frontend_std_0
    main.o(i.advertising_start) refers to peer_manager.o(i.pm_peers_delete) for pm_peers_delete
    main.o(i.advertising_start) refers to app_error.o(i.app_error_handler_bare) for app_error_handler_bare
    main.o(i.advertising_start) refers to ble_advertising.o(i.ble_advertising_start) for ble_advertising_start
    main.o(i.advertising_start) refers to nrf_log_frontend.o(log_const_data) for m_nrf_log_app_logs_data_const
    main.o(i.advertising_start) refers to main.o(.bss) for .bss
    main.o(i.app_shutdown_handler) refers to nrf_log_frontend.o(i.nrf_log_frontend_std_0) for nrf_log_frontend_std_0
    main.o(i.app_shutdown_handler) refers to nrf_log_frontend.o(log_const_data) for m_nrf_log_app_logs_data_const
    main.o(i.assert_nrf_callback) refers to app_error_handler_keil.o(.emb_text) for app_error_handler
    main.o(i.ble_dfu_evt_handler) refers to nrf_log_frontend.o(i.nrf_log_frontend_std_0) for nrf_log_frontend_std_0
    main.o(i.ble_dfu_evt_handler) refers to main.o(i.advertising_config_get) for advertising_config_get
    main.o(i.ble_dfu_evt_handler) refers to ble_advertising.o(i.ble_advertising_modes_config_set) for ble_advertising_modes_config_set
    main.o(i.ble_dfu_evt_handler) refers to ble_conn_state.o(i.ble_conn_state_for_each_connected) for ble_conn_state_for_each_connected
    main.o(i.ble_dfu_evt_handler) refers to nrf_log_frontend.o(i.nrf_log_frontend_std_1) for nrf_log_frontend_std_1
    main.o(i.ble_dfu_evt_handler) refers to nrf_log_frontend.o(log_const_data) for m_nrf_log_app_logs_data_const
    main.o(i.ble_dfu_evt_handler) refers to main.o(.bss) for .bss
    main.o(i.ble_dfu_evt_handler) refers to main.o(i.disconnect) for disconnect
    main.o(i.ble_evt_handler) refers to bsp.o(i.bsp_indication_set) for bsp_indication_set
    main.o(i.ble_evt_handler) refers to app_error.o(i.app_error_handler_bare) for app_error_handler_bare
    main.o(i.ble_evt_handler) refers to nrf_ble_qwr.o(i.nrf_ble_qwr_conn_handle_assign) for nrf_ble_qwr_conn_handle_assign
    main.o(i.ble_evt_handler) refers to nrf_log_frontend.o(i.nrf_log_frontend_std_0) for nrf_log_frontend_std_0
    main.o(i.ble_evt_handler) refers to nrf_log_frontend.o(log_const_data) for m_nrf_log_app_logs_data_const
    main.o(i.ble_evt_handler) refers to main.o(.data) for .data
    main.o(i.ble_evt_handler) refers to main.o(.bss) for .bss
    main.o(i.bsp_event_handler) refers to main.o(i.sleep_mode_enter) for sleep_mode_enter
    main.o(i.bsp_event_handler) refers to app_error.o(i.app_error_handler_bare) for app_error_handler_bare
    main.o(i.bsp_event_handler) refers to ble_advertising.o(i.ble_advertising_restart_without_whitelist) for ble_advertising_restart_without_whitelist
    main.o(i.bsp_event_handler) refers to main.o(.data) for .data
    main.o(i.bsp_event_handler) refers to main.o(.bss) for .bss
    main.o(i.buttonless_dfu_sdh_state_observer) refers to nrf_pwr_mgmt.o(i.nrf_pwr_mgmt_shutdown) for nrf_pwr_mgmt_shutdown
    main.o(i.conn_params_error_handler) refers to app_error.o(i.app_error_handler_bare) for app_error_handler_bare
    main.o(i.disconnect) refers to nrf_log_frontend.o(i.nrf_log_frontend_std_2) for nrf_log_frontend_std_2
    main.o(i.disconnect) refers to nrf_log_frontend.o(i.nrf_log_frontend_std_1) for nrf_log_frontend_std_1
    main.o(i.disconnect) refers to nrf_log_frontend.o(log_const_data) for m_nrf_log_app_logs_data_const
    main.o(i.disconnect) refers to main.o(.conststring) for .conststring
    main.o(i.main) refers to nrf_log_frontend.o(i.nrf_log_init) for nrf_log_init
    main.o(i.main) refers to app_error.o(i.app_error_handler_bare) for app_error_handler_bare
    main.o(i.main) refers to nrf_log_default_backends.o(i.nrf_log_default_backends_init) for nrf_log_default_backends_init
    main.o(i.main) refers to ble_dfu_unbonded.o(i.ble_dfu_buttonless_async_svci_init) for ble_dfu_buttonless_async_svci_init
    main.o(i.main) refers to app_timer2.o(i.app_timer_init) for app_timer_init
    main.o(i.main) refers to nrf_pwr_mgmt.o(i.nrf_pwr_mgmt_init) for nrf_pwr_mgmt_init
    main.o(i.main) refers to bsp.o(i.bsp_init) for bsp_init
    main.o(i.main) refers to bsp_btn_ble.o(i.bsp_btn_ble_init) for bsp_btn_ble_init
    main.o(i.main) refers to nrf_sdh.o(i.nrf_sdh_enable_request) for nrf_sdh_enable_request
    main.o(i.main) refers to nrf_sdh_ble.o(i.nrf_sdh_ble_default_cfg_set) for nrf_sdh_ble_default_cfg_set
    main.o(i.main) refers to nrf_sdh_ble.o(i.nrf_sdh_ble_enable) for nrf_sdh_ble_enable
    main.o(i.main) refers to main.o(i.peer_manager_init) for peer_manager_init
[...]
    0x00026210   0x00026210   0x00000004   Code   RO         7330    .ARM.Collect$$$$00002712  mc_w.l(entry2.o)
    0x00026214   0x00026214   0x000000c8   Code   RO         5294    .emb_text           nrf_atfifo.o
    0x000262dc   0x000262dc   0x000000e2   Code   RO         5430    .emb_text           nrf_atomic.o
    0x000263be   0x000263be   0x00000002   PAD
    0x000263c0   0x000263c0   0x00000024   Code   RO         7235    .text               arm_startup_nrf52.o
    0x000263e4   0x000263e4   0x00000062   Code   RO         7283    .text               mc_w.l(uldiv.o)
    0x00026446   0x00026446   0x0000001e   Code   RO         7285    .text               mc_w.l(llshl.o)
    0x00026464   0x00026464   0x00000008   Code   RO         7287    .text               mc_w.l(ctype_o.o)
    0x0002646c   0x0002646c   0x00000024   Code   RO         7315    .text               mc_w.l(memcpya.o)
    0x00026490   0x00026490   0x00000024   Code   RO         7317    .text               mc_w.l(memseta.o)
    0x000264b4   0x000264b4   0x0000000e   Code   RO         7319    .text               mc_w.l(strlen.o)
    0x000264c2   0x000264c2   0x0000001a   Code   RO         7323    .text               mc_w.l(memcmp.o)
    0x000264dc   0x000264dc   0x00000020   Code   RO         7344    .text               mc_w.l(llushr.o)
    0x000264fc   0x000264fc   0x00000024   Code   RO         7347    .text               mc_w.l(init.o)
    0x00026520   0x00026520   0x00000056   Code   RO         7357    .text               mc_w.l(__dczerorl2.o)
    0x00026576   0x00026576   0x00000002   PAD
    0x00026578   0x00026578   0x00000164   Code   RO         3629    i.GPIOTE_IRQHandler  nrfx_gpiote.o
    0x000266dc   0x000266dc   0x00000058   Code   RO         3491    i.POWER_CLOCK_IRQHandler  nrfx_clock.o
    0x00026734   0x00026734   0x00000010   Code   RO         4784    i.RTC1_IRQHandler   drv_rtc.o
    0x00026744   0x00026744   0x00000004   Code   RO         7025    i.SWI2_EGU2_IRQHandler  nrf_sdh.o
    0x00026748   0x00026748   0x0000031c   Code   RO         7243    i.SystemInit        system_nrf52.o
    0x00026a64   0x00026a64   0x0000000c   Code   RO         3898    i.UARTE0_UART0_IRQHandler  nrfx_prs.o
    0x00026a70   0x00026a70   0x0000000e   Code   RO         7351    i.__scatterload_copy  mc_w.l(handlers.o)
    0x00026a7e   0x00026a7e   0x00000002   Code   RO         7352    i.__scatterload_null  mc_w.l(handlers.o)
    0x00026a80   0x00026a80   0x0000000e   Code   RO         7353    i.__scatterload_zeroinit  mc_w.l(handlers.o)
    0x00026a8e   0x00026a8e   0x00000002   PAD
    0x00026a90   0x00026a90   0x00000024   Code   RO         7026    i.__sd_nvic_app_accessible_irq  nrf_sdh.o
    0x00026ab4   0x00026ab4   0x0000013c   Code   RO         2536    i._conn_secure      peer_manager_handler.o
    0x00026bf0   0x00026bf0   0x00000026   Code   RO         1554    i.addr_compare      id_manager.o
    0x00026c16   0x00026c16   0x0000000c   Code   RO         5682    i.addr_is_aligned32  nrf_fstorage.o
    0x00026c22   0x00026c22   0x00000018   Code   RO         5683    i.addr_is_within_bounds  nrf_fstorage.o
    0x00026c3a   0x00026c3a   0x00000010   Code   RO          895    i.adv_set_data_size_max_get  ble_advertising.o
    0x00026c4a   0x00026c4a   0x00000036   Code   RO          721    i.advertising_buttons_configure  bsp_btn_ble.o
    0x00026c80   0x00026c80   0x0000001c   Code   RO            4    i.advertising_config_get  main.o
    0x00026c9c   0x00026c9c   0x0000007c   Code   RO            5    i.advertising_start  main.o
    0x00026d18   0x00026d18   0x00000052   Code   RO         1555    i.ah                id_manager.o
    0x00026d6a   0x00026d6a   0x00000006   Code   RO          604    i.alert_timer_handler  bsp.o
    0x00026d70   0x00026d70   0x0000000c   Code   RO         2680    i.allow_repairing   security_dispatcher.o
    0x00026d7c   0x00026d7c   0x00000024   Code   RO         4301    i.app_button_enable  app_button.o
    0x00026da0   0x00026da0   0x00000080   Code   RO         4302    i.app_button_init   app_button.o
    0x00026e20   0x00026e20   0x0000008c   Code   RO         4459    i.app_error_fault_handler  app_error_weak.o
    0x00026eac   0x00026eac   0x00000016   Code   RO         4399    i.app_error_handler_bare  app_error.o
    0x00026ec2   0x00026ec2   0x00000002   PAD
    0x00026ec4   0x00026ec4   0x00000090   Code   RO            6    i.app_shutdown_handler  main.o
    0x00026f54   0x00026f54   0x0000000c   Code   RO         4548    i.app_timer_cnt_get  app_timer2.o
    0x00026f60   0x00026f60   0x00000016   Code   RO         4549    i.app_timer_create  app_timer2.o
    0x00026f76   0x00026f76   0x00000002   PAD
    0x00026f78   0x00026f78   0x0000005c   Code   RO         4550    i.app_timer_init    app_timer2.o
    0x00026fd4   0x00026fd4   0x00000030   Code   RO         4553    i.app_timer_start   app_timer2.o
    0x00027004   0x00027004   0x0000000c   Code   RO         4554    i.app_timer_stop    app_timer2.o
    0x00027010   0x00027010   0x00000048   Code   RO         4689    i.app_util_critical_region_enter  app_util_platform.o
    0x00027058   0x00027058   0x00000034   Code   RO         4690    i.app_util_critical_region_exit  app_util_platform.o
    0x0002708c   0x0002708c   0x00000088   Code   RO         3952    i.apply_config      nrfx_uart.o
    0x00027114   0x00027114   0x00000088   Code   RO         4140    i.apply_config      nrfx_uarte.o
    0x0002719c   0x0002719c   0x00000004   Code   RO         1293    i.apply_pending_handle  gatt_cache_manager.o
    0x000271a0   0x000271a0   0x00000180   Code   RO         2681    i.auth_status_success_process  security_dispatcher.o
    0x00027320   0x00027320   0x00000182   Code   RO          789    i.ble_advdata_encode  ble_advdata.o
    0x000274a2   0x000274a2   0x00000020   Code   RO          791    i.ble_advdata_parse  ble_advdata.o
    0x000274c2   0x000274c2   0x00000040   Code   RO          792    i.ble_advdata_search  ble_advdata.o
    0x00027502   0x00027502   0x00000006   Code   RO          897    i.ble_advertising_conn_cfg_tag_set  ble_advertising.o
    0x00027508   0x00027508   0x000000f8   Code   RO          898    i.ble_advertising_init  ble_advertising.o
    0x00027600   0x00027600   0x00000008   Code   RO          899    i.ble_advertising_modes_config_set  ble_advertising.o
    0x00027608   0x00027608   0x0000006a   Code   RO          900    i.ble_advertising_on_ble_evt  ble_advertising.o
    0x00027672   0x00027672   0x0000003a   Code   RO          902    i.ble_advertising_restart_without_whitelist  ble_advertising.o
    0x000276ac   0x000276ac   0x00000230   Code   RO          903    i.ble_advertising_start  ble_advertising.o
    0x000278dc   0x000278dc   0x00000068   Code   RO          988    i.ble_conn_params_init  ble_conn_params.o
    0x00027944   0x00027944   0x00000020   Code   RO         1064    i.ble_conn_state_encrypted  ble_conn_state.o
    0x00027964   0x00027964   0x00000014   Code   RO         1065    i.ble_conn_state_for_each_connected  ble_conn_state.o
    0x00027978   0x00027978   0x0000002c   Code   RO         1066    i.ble_conn_state_for_each_set_user_flag  ble_conn_state.o
    0x000279a4   0x000279a4   0x00000020   Code   RO         1068    i.ble_conn_state_lesc  ble_conn_state.o
    0x000279c4   0x000279c4   0x00000020   Code   RO         1069    i.ble_conn_state_mitm_protected  ble_conn_state.o
    0x000279e4   0x000279e4   0x00000024   Code   RO         1072    i.ble_conn_state_role  ble_conn_state.o
    0x00027a08   0x00027a08   0x00000024   Code   RO         1073    i.ble_conn_state_status  ble_conn_state.o
    0x00027a2c   0x00027a2c   0x00000018   Code   RO         1074    i.ble_conn_state_user_flag_acquire  ble_conn_state.o
    0x00027a44   0x00027a44   0x00000030   Code   RO         1075    i.ble_conn_state_user_flag_get  ble_conn_state.o
    0x00027a74   0x00027a74   0x00000038   Code   RO         1076    i.ble_conn_state_user_flag_set  ble_conn_state.o
    0x00027aac   0x00027aac   0x00000014   Code   RO         1077    i.ble_conn_state_valid  ble_conn_state.o
    0x00027ac0   0x00027ac0   0x00000060   Code   RO          795    i.ble_device_addr_encode  ble_advdata.o
    0x00027b20   0x00027b20   0x00000024   Code   RO         3094    i.ble_dfu_buttonless_async_svci_init  ble_dfu_unbonded.o
    0x00027b44   0x00027b44   0x00000014   Code   RO         3095    i.ble_dfu_buttonless_backend_init  ble_dfu_unbonded.o
    0x00027b58   0x00027b58   0x0000007c   Code   RO         2996    i.ble_dfu_buttonless_bootloader_start_finalize  ble_dfu.o
    0x00027bd4   0x00027bd4   0x00000018   Code   RO         3096    i.ble_dfu_buttonless_bootloader_start_prepare  ble_dfu_unbonded.o
    0x00027bec   0x00027bec   0x00000050   Code   RO         3097    i.ble_dfu_buttonless_char_add  ble_dfu_unbonded.o
    0x00027c3c   0x00027c3c   0x00000070   Code   RO         2997    i.ble_dfu_buttonless_init  ble_dfu.o
    0x00027cac   0x00027cac   0x00000080   Code   RO         2998    i.ble_dfu_buttonless_on_ble_evt  ble_dfu.o
    0x00027d2c   0x00027d2c   0x000000dc   Code   RO         3098    i.ble_dfu_buttonless_on_ctrl_pt_write  ble_dfu_unbonded.o
    0x00027e08   0x00027e08   0x00000060   Code   RO         3099    i.ble_dfu_buttonless_on_sys_evt  ble_dfu_unbonded.o
    0x00027e68   0x00027e68   0x00000054   Code   RO         2999    i.ble_dfu_buttonless_resp_send  ble_dfu.o
    0x00027ebc   0x00027ebc   0x00000190   Code   RO            8    i.ble_dfu_evt_handler  main.o
    0x0002804c   0x0002804c   0x000000d4   Code   RO            9    i.ble_evt_handler   main.o
    0x00028120   0x00028120   0x00000070   Code   RO          722    i.ble_evt_handler   bsp_btn_ble.o
    0x00028190   0x00028190   0x000000fc   Code   RO          990    i.ble_evt_handler   ble_conn_params.o
    0x0002828c   0x0002828c   0x00000118   Code   RO         1078    i.ble_evt_handler   ble_conn_state.o
    0x000283a4   0x000283a4   0x00000028   Code   RO         2230    i.ble_evt_handler   peer_manager.o
    0x000283cc   0x000283cc   0x00000008   Code   RO         1232    i.ble_srv_is_indication_enabled  ble_srv_common.o
    0x000283d4   0x000283d4   0x00000008   Code   RO         1233    i.ble_srv_is_notification_enabled  ble_srv_common.o
    0x000283dc   0x000283dc   0x0000000c   Code   RO          468    i.bsp_board_button_idx_to_pin  boards.o
    0x000283e8   0x000283e8   0x00000020   Code   RO          469    i.bsp_board_button_state_get  boards.o
    0x00028408   0x00028408   0x00000054   Code   RO          470    i.bsp_board_init    boards.o
    0x0002845c   0x0002845c   0x00000024   Code   RO          472    i.bsp_board_led_invert  boards.o
    0x00028480   0x00028480   0x00000010   Code   RO          473    i.bsp_board_led_off  boards.o
    0x00028490   0x00028490   0x00000010   Code   RO          474    i.bsp_board_led_on  boards.o
    0x000284a0   0x000284a0   0x00000020   Code   RO          475    i.bsp_board_led_state_get  boards.o
    0x000284c0   0x000284c0   0x00000012   Code   RO          476    i.bsp_board_leds_off  boards.o
    0x000284d2   0x000284d2   0x00000012   Code   RO          477    i.bsp_board_leds_on  boards.o
    0x000284e4   0x000284e4   0x00000024   Code   RO          478    i.bsp_board_pin_to_button_idx  boards.o
    0x00028508   0x00028508   0x00000038   Code   RO          723    i.bsp_btn_ble_init  bsp_btn_ble.o
    0x00028540   0x00028540   0x0000001e   Code   RO          724    i.bsp_btn_ble_sleep_mode_prepare  bsp_btn_ble.o
    0x0002855e   0x0002855e   0x00000002   PAD
    0x00028560   0x00028560   0x00000090   Code   RO          605    i.bsp_button_event_handler  bsp.o
    0x000285f0   0x000285f0   0x0000000c   Code   RO          606    i.bsp_button_is_pressed  bsp.o
    0x000285fc   0x000285fc   0x0000004c   Code   RO           10    i.bsp_event_handler  main.o
    0x00028648   0x00028648   0x00000044   Code   RO          609    i.bsp_event_to_button_action_assign  bsp.o
    0x0002868c   0x0002868c   0x00000018   Code   RO          610    i.bsp_indication_set  bsp.o
    0x000286a4   0x000286a4   0x00000094   Code   RO          611    i.bsp_init          bsp.o
    0x00028738   0x00028738   0x000001c8   Code   RO          612    i.bsp_led_indication  bsp.o
    0x00028900   0x00028900   0x00000006   Code   RO          614    i.bsp_wakeup_button_enable  bsp.o
    0x00028906   0x00028906   0x00000002   PAD
    0x00028908   0x00028908   0x00000090   Code   RO         6395    i.buf_prealloc      nrf_log_frontend.o
    0x00028998   0x00028998   0x0000002e   Code   RO         5642    i.buffer_add        nrf_fprintf_format.o
    0x000289c6   0x000289c6   0x00000002   PAD
    0x000289c8   0x000289c8   0x00000014   Code   RO         6396    i.buffer_is_empty   nrf_log_frontend.o
    0x000289dc   0x000289dc   0x00000028   Code   RO         4304    i.button_get        app_button.o
    0x00028a04   0x00028a04   0x00000008   Code   RO          615    i.button_timer_handler  bsp.o
    0x00028a0c   0x00028a0c   0x00000018   Code   RO           11    i.buttonless_dfu_sdh_state_observer  main.o
    0x00028a24   0x00028a24   0x00000028   Code   RO         1294    i.car_update_needed  gatt_cache_manager.o
    0x00028a4c   0x00028a4c   0x00000040   Code   RO         1295    i.car_update_pending_handle  gatt_cache_manager.o
    0x00028a8c   0x00028a8c   0x0000001c   Code   RO         3630    i.channel_free      nrfx_gpiote.o
    0x00028aa8   0x00028aa8   0x00000048   Code   RO         3631    i.channel_port_alloc  nrfx_gpiote.o
    0x00028af0   0x00028af0   0x00000010   Code   RO         3632    i.channel_port_get  nrfx_gpiote.o
    0x00028b00   0x00028b00   0x00000190   Code   RO         1235    i.characteristic_add  ble_srv_common.o
    0x00028c90   0x00028c90   0x0000003e   Code   RO         2140    i.claim             peer_id.o
    0x00028cce   0x00028cce   0x00000002   PAD
    0x00028cd0   0x00028cd0   0x00000028   Code   RO         3154    i.clock_clk_started_notify  nrf_drv_clock.o
    0x00028cf8   0x00028cf8   0x0000001c   Code   RO         3155    i.clock_irq_handler  nrf_drv_clock.o
    0x00028d14   0x00028d14   0x00000018   Code   RO         4556    i.compare_func      app_timer2.o
    0x00028d2c   0x00028d2c   0x0000003e   Code   RO         1079    i.conn_handle_list_get  ble_conn_state.o
    0x00028d6a   0x00028d6a   0x00000088   Code   RO          796    i.conn_int_encode   ble_advdata.o
    0x00028df2   0x00028df2   0x00000004   Code   RO           12    i.conn_params_error_handler  main.o
    0x00028df6   0x00028df6   0x00000002   PAD
    0x00028df8   0x00028df8   0x00000048   Code   RO          991    i.conn_params_negotiation  ble_conn_params.o
    0x00028e40   0x00028e40   0x00000044   Code   RO         2682    i.conn_sec_failure  security_dispatcher.o
    0x00028e84   0x00028e84   0x00000004   Code   RO         2537    i.conn_secure       peer_manager_handler.o
    0x00028e88   0x00028e88   0x00000100   Code   RO         1723    i.data_length_update  nrf_ble_gatt.o
    0x00028f88   0x00028f88   0x00000030   Code   RO         1296    i.db_update_pending_handle  gatt_cache_manager.o
    0x00028fb8   0x00028fb8   0x0000008c   Code   RO         4950    i.delete_execute    fds.o
    0x00029044   0x00029044   0x00000048   Code   RO         4305    i.detection_delay_timeout_handler  app_button.o
    0x0002908c   0x0002908c   0x00000068   Code   RO           13    i.disconnect        main.o
    0x000290f4   0x000290f4   0x00000014   Code   RO         6397    i.dropped_sat16_get  nrf_log_frontend.o
    0x00029108   0x00029108   0x00000014   Code   RO         4785    i.drv_rtc_compare_disable  drv_rtc.o
    0x0002911c   0x0002911c   0x0000000e   Code   RO         4787    i.drv_rtc_compare_pending  drv_rtc.o
    0x0002912a   0x0002912a   0x00000050   Code   RO         4788    i.drv_rtc_compare_set  drv_rtc.o
    0x0002917a   0x0002917a   0x00000008   Code   RO         4789    i.drv_rtc_counter_get  drv_rtc.o
    0x00029182   0x00029182   0x00000002   PAD
    0x00029184   0x00029184   0x000000d4   Code   RO         4790    i.drv_rtc_init      drv_rtc.o
    0x00029258   0x00029258   0x0000001a   Code   RO         4791    i.drv_rtc_irq_trigger  drv_rtc.o
    0x00029272   0x00029272   0x00000008   Code   RO         4793    i.drv_rtc_overflow_enable  drv_rtc.o
    0x0002927a   0x0002927a   0x00000008   Code   RO         4794    i.drv_rtc_overflow_pending  drv_rtc.o
    0x00029282   0x00029282   0x00000008   Code   RO         4795    i.drv_rtc_start     drv_rtc.o
    0x0002928a   0x0002928a   0x00000008   Code   RO         4796    i.drv_rtc_stop      drv_rtc.o
    0x00029292   0x00029292   0x000000de   Code   RO         4801    i.drv_rtc_windowed_compare_set  drv_rtc.o
    0x00029370   0x00029370   0x00000048   Code   RO         3000    i.dummy_evt_handler  ble_dfu.o
    0x000293b8   0x000293b8   0x0000000a   Code   RO         2683    i.encryption_failure  security_dispatcher.o
    0x000293c2   0x000293c2   0x00000002   PAD
    0x000293c4   0x000293c4   0x0000004c   Code   RO         5769    i.erase             nrf_fstorage_sd.o
    0x00029410   0x00029410   0x00000074   Code   RO         4951    i.event_prepare     fds.o
    0x00029484   0x00029484   0x00000020   Code   RO         4952    i.event_send        fds.o
    0x000294a4   0x000294a4   0x00000054   Code   RO         5770    i.event_send        nrf_fstorage_sd.o
    0x000294f8   0x000294f8   0x00000098   Code   RO         2821    i.events_send_from_err_code  security_manager.o
    0x00029590   0x00029590   0x00000012   Code   RO         4802    i.evt_enable        drv_rtc.o
    0x000295a2   0x000295a2   0x00000002   PAD
    0x000295a4   0x000295a4   0x000000e0   Code   RO         4306    i.evt_handle        app_button.o
    0x00029684   0x00029684   0x00000014   Code   RO         4803    i.evt_pending       drv_rtc.o
    0x00029698   0x00029698   0x0000001c   Code   RO         1297    i.evt_send          gatt_cache_manager.o
    0x000296b4   0x000296b4   0x0000001c   Code   RO         1459    i.evt_send          gatts_cache_manager.o
    0x000296d0   0x000296d0   0x0000002c   Code   RO         2231    i.evt_send          peer_manager.o
    0x000296fc   0x000296fc   0x0000001c   Code   RO         2684    i.evt_send          security_dispatcher.o
    0x00029718   0x00029718   0x0000000c   Code   RO         2822    i.evt_send          security_manager.o
    0x00029724   0x00029724   0x000000e0   Code   RO         1881    i.fds_evt_handler   peer_data_storage.o
    0x00029804   0x00029804   0x00000048   Code   RO         4954    i.fds_file_delete   fds.o
    0x0002984c   0x0002984c   0x00000040   Code   RO         4955    i.fds_gc            fds.o
    0x0002988c   0x0002988c   0x000000e4   Code   RO         4956    i.fds_init          fds.o
    0x00029970   0x00029970   0x00000048   Code   RO         4957    i.fds_record_close  fds.o
    0x000299b8   0x000299b8   0x0000000e   Code   RO         4959    i.fds_record_find   fds.o
    0x000299c6   0x000299c6   0x00000010   Code   RO         4960    i.fds_record_find_by_key  fds.o
    0x000299d6   0x000299d6   0x00000010   Code   RO         4961    i.fds_record_find_in_file  fds.o
    0x000299e6   0x000299e6   0x00000012   Code   RO         4962    i.fds_record_id_from_desc  fds.o
    0x000299f8   0x000299f8   0x0000004c   Code   RO         4964    i.fds_record_open   fds.o
    0x00029a44   0x00029a44   0x00000010   Code   RO         4965    i.fds_record_update  fds.o
    0x00029a54   0x00029a54   0x00000008   Code   RO         4966    i.fds_record_write  fds.o
    0x00029a5c   0x00029a5c   0x00000030   Code   RO         4968    i.fds_register      fds.o
    0x00029a8c   0x00029a8c   0x000000a0   Code   RO         4971    i.fds_stat          fds.o
    0x00029b2c   0x00029b2c   0x00000014   Code   RO         1882    i.file_id_within_pm_range  peer_data_storage.o
    0x00029b40   0x00029b40   0x00000012   Code   RO         2685    i.flag_id_init      security_dispatcher.o
    0x00029b52   0x00029b52   0x00000012   Code   RO         2823    i.flag_id_init      security_manager.o
    0x00029b64   0x00029b64   0x0000000a   Code   RO         1080    i.flag_toggle       ble_conn_state.o
    0x00029b6e   0x00029b6e   0x00000028   Code   RO          905    i.flags_set         ble_advertising.o
    0x00029b96   0x00029b96   0x00000002   PAD
    0x00029b98   0x00029b98   0x00000030   Code   RO         2824    i.flags_set_from_err_code  security_manager.o
    0x00029bc8   0x00029bc8   0x00000030   Code   RO         1081    i.for_each_set_flag  ble_conn_state.o
    0x00029bf8   0x00029bf8   0x00000006   Code   RO         4972    i.fs_event_handler  fds.o
    0x00029bfe   0x00029bfe   0x00000002   PAD
    0x00029c00   0x00029c00   0x00000080   Code   RO         4973    i.gc_execute        fds.o
    0x00029c80   0x00029c80   0x0000004c   Code   RO         4974    i.gc_next_page      fds.o
    0x00029ccc   0x00029ccc   0x00000040   Code   RO         4975    i.gc_page_erase     fds.o
    0x00029d0c   0x00029d0c   0x00000034   Code   RO         4976    i.gc_record_copy    fds.o
    0x00029d40   0x00029d40   0x00000024   Code   RO         4977    i.gc_record_find_next  fds.o
    0x00029d64   0x00029d64   0x00000088   Code   RO         4978    i.gc_state_advance  fds.o
    0x00029dec   0x00029dec   0x00000230   Code   RO         1298    i.gcm_ble_evt_handler  gatt_cache_manager.o
    0x0002a01c   0x0002a01c   0x0000003c   Code   RO         1299    i.gcm_im_evt_handler  gatt_cache_manager.o
    0x0002a058   0x0002a058   0x00000094   Code   RO         1300    i.gcm_init          gatt_cache_manager.o
    0x0002a0ec   0x0002a0ec   0x00000088   Code   RO         1303    i.gcm_pdb_evt_handler  gatt_cache_manager.o
    0x0002a174   0x0002a174   0x00000034   Code   RO         4557    i.get_now           app_timer2.o
    0x0002a1a8   0x0002a1a8   0x0000003c   Code   RO         4307    i.gpiote_event_handler  app_button.o
    0x0002a1e4   0x0002a1e4   0x0000001c   Code   RO         1460    i.gscm_db_change_notification_done  gatts_cache_manager.o
    0x0002a200   0x0002a200   0x00000014   Code   RO         1461    i.gscm_init         gatts_cache_manager.o
    0x0002a214   0x0002a214   0x00000090   Code   RO         1463    i.gscm_local_db_cache_apply  gatts_cache_manager.o
    0x0002a2a4   0x0002a2a4   0x000000ac   Code   RO         1464    i.gscm_local_db_cache_update  gatts_cache_manager.o
    0x0002a350   0x0002a350   0x00000018   Code   RO         1465    i.gscm_pdb_evt_handler  gatts_cache_manager.o
    0x0002a368   0x0002a368   0x0000001e   Code   RO         1466    i.gscm_service_changed_ind_needed  gatts_cache_manager.o
    0x0002a386   0x0002a386   0x00000002   PAD
    0x0002a388   0x0002a388   0x0000005c   Code   RO         1467    i.gscm_service_changed_ind_send  gatts_cache_manager.o
    0x0002a3e4   0x0002a3e4   0x0000002c   Code   RO         4979    i.header_check      fds.o
    0x0002a410   0x0002a410   0x00000012   Code   RO         4980    i.header_has_next   fds.o
    0x0002a422   0x0002a422   0x00000046   Code   RO         1556    i.im_address_resolve  id_manager.o
    0x0002a468   0x0002a468   0x00000038   Code   RO         1557    i.im_ble_addr_get   id_manager.o
    0x0002a4a0   0x0002a4a0   0x000000dc   Code   RO         1558    i.im_ble_evt_handler  id_manager.o
    0x0002a57c   0x0002a57c   0x00000040   Code   RO         1559    i.im_conn_handle_get  id_manager.o
    0x0002a5bc   0x0002a5bc   0x00000038   Code   RO         1561    i.im_find_duplicate_bonding_data  id_manager.o
    0x0002a5f4   0x0002a5f4   0x00000072   Code   RO         1564    i.im_is_duplicate_bonding_data  id_manager.o
    0x0002a666   0x0002a666   0x00000018   Code   RO         1565    i.im_master_id_is_valid  id_manager.o
    0x0002a67e   0x0002a67e   0x0000002a   Code   RO         1566    i.im_master_ids_compare  id_manager.o
    0x0002a6a8   0x0002a6a8   0x00000014   Code   RO         1567    i.im_new_peer_id    id_manager.o
    0x0002a6bc   0x0002a6bc   0x0000002c   Code   RO         1568    i.im_peer_free      id_manager.o
    0x0002a6e8   0x0002a6e8   0x00000024   Code   RO         1569    i.im_peer_id_get_by_conn_handle  id_manager.o
    0x0002a70c   0x0002a70c   0x0000003c   Code   RO         1570    i.im_peer_id_get_by_master_id  id_manager.o
    0x0002a748   0x0002a748   0x00000034   Code   RO         5771    i.init              nrf_fstorage_sd.o
    0x0002a77c   0x0002a77c   0x000000c8   Code   RO         4981    i.init_execute      fds.o
    0x0002a844   0x0002a844   0x00000014   Code   RO          992    i.instance_get      ble_conn_params.o
    0x0002a858   0x0002a858   0x000000a6   Code   RO         5643    i.int_print         nrf_fprintf_format.o
    0x0002a8fe   0x0002a8fe   0x00000002   PAD
    0x0002a900   0x0002a900   0x00000084   Code   RO         4141    i.interrupts_enable  nrfx_uarte.o
    0x0002a984   0x0002a984   0x00000034   Code   RO         6398    i.invalid_packets_omit  nrf_log_frontend.o
    0x0002a9b8   0x0002a9b8   0x00000010   Code   RO         5772    i.is_busy           nrf_fstorage_sd.o
    0x0002a9c8   0x0002a9c8   0x00000044   Code   RO          993    i.is_conn_params_ok  ble_conn_params.o
    0x0002aa0c   0x0002aa0c   0x00000014   Code   RO         1575    i.is_valid_irk      id_manager.o
    0x0002aa20   0x0002aa20   0x0000000c   Code   RO         4982    i.is_word_aligned   fds.o
    0x0002aa2c   0x0002aa2c   0x00000030   Code   RO          616    i.leds_off          bsp.o
    0x0002aa5c   0x0002aa5c   0x00000014   Code   RO          617    i.leds_timer_handler  bsp.o
    0x0002aa70   0x0002aa70   0x00000014   Code   RO         1724    i.link_init         nrf_ble_gatt.o
    0x0002aa84   0x0002aa84   0x000000d0   Code   RO         2825    i.link_secure       security_manager.o
    0x0002ab54   0x0002ab54   0x0000003c   Code   RO         2686    i.link_secure_failure  security_dispatcher.o
    0x0002ab90   0x0002ab90   0x0000002c   Code   RO         2826    i.link_secure_pending_handle  security_manager.o
    0x0002abbc   0x0002abbc   0x000000a8   Code   RO         1304    i.local_db_apply_in_evt  gatt_cache_manager.o
    0x0002ac64   0x0002ac64   0x00000010   Code   RO         1305    i.local_db_update   gatt_cache_manager.o
    0x0002ac74   0x0002ac74   0x0000010c   Code   RO         1306    i.local_db_update_in_evt  gatt_cache_manager.o
    0x0002ad80   0x0002ad80   0x0000009c   Code   RO         6399    i.log_skip          nrf_log_frontend.o
    0x0002ae1c   0x0002ae1c   0x00000214   Code   RO           14    i.main              main.o
    0x0002b030   0x0002b030   0x00000064   Code   RO          797    i.manuf_specific_data_encode  ble_advdata.o
    0x0002b094   0x0002b094   0x0000007e   Code   RO         5881    i.memobj_op         nrf_memobj.o
    0x0002b112   0x0002b112   0x00000002   PAD
    0x0002b114   0x0002b114   0x00000030   Code   RO         6400    i.module_idx_get    nrf_log_frontend.o
    0x0002b144   0x0002b144   0x00000008   Code   RO         2633    i.mutex_lock_status_get  pm_buffer.o
    0x0002b14c   0x0002b14c   0x000000a6   Code   RO          798    i.name_encode       ble_advdata.o
    0x0002b1f2   0x0002b1f2   0x00000002   PAD
    0x0002b1f4   0x0002b1f4   0x00000014   Code   RO         2827    i.new_context_get   security_manager.o
    0x0002b208   0x0002b208   0x00000032   Code   RO         2828    i.new_evt           security_manager.o
    0x0002b23a   0x0002b23a   0x00000030   Code   RO         2141    i.next_id_get       peer_id.o
    0x0002b26a   0x0002b26a   0x00000010   Code   RO         5296    i.nrf_atfifo_clear  nrf_atfifo.o
    0x0002b27a   0x0002b27a   0x00000026   Code   RO         5298    i.nrf_atfifo_init   nrf_atfifo.o
    0x0002b2a0   0x0002b2a0   0x00000016   Code   RO         5299    i.nrf_atfifo_item_alloc  nrf_atfifo.o
    0x0002b2b6   0x0002b2b6   0x00000016   Code   RO         5300    i.nrf_atfifo_item_free  nrf_atfifo.o
    0x0002b2cc   0x0002b2cc   0x00000016   Code   RO         5301    i.nrf_atfifo_item_get  nrf_atfifo.o
    0x0002b2e2   0x0002b2e2   0x00000016   Code   RO         5302    i.nrf_atfifo_item_put  nrf_atfifo.o
    0x0002b2f8   0x0002b2f8   0x00000016   Code   RO         5364    i.nrf_atflags_clear  nrf_atflags.o
    0x0002b30e   0x0002b30e   0x00000020   Code   RO         5366    i.nrf_atflags_fetch_set  nrf_atflags.o
    0x0002b32e   0x0002b32e   0x0000004a   Code   RO         5368    i.nrf_atflags_find_and_set_flag  nrf_atflags.o
    0x0002b378   0x0002b378   0x00000016   Code   RO         5369    i.nrf_atflags_get   nrf_atflags.o
    0x0002b38e   0x0002b38e   0x00000014   Code   RO         5371    i.nrf_atflags_set   nrf_atflags.o
    0x0002b3a2   0x0002b3a2   0x00000006   Code   RO         5432    i.nrf_atomic_flag_clear_fetch  nrf_atomic.o
    0x0002b3a8   0x0002b3a8   0x00000006   Code   RO         5433    i.nrf_atomic_flag_set  nrf_atomic.o
    0x0002b3ae   0x0002b3ae   0x00000006   Code   RO         5434    i.nrf_atomic_flag_set_fetch  nrf_atomic.o
    0x0002b3b4   0x0002b3b4   0x0000000c   Code   RO         5435    i.nrf_atomic_u32_add  nrf_atomic.o
    0x0002b3c0   0x0002b3c0   0x0000000c   Code   RO         5436    i.nrf_atomic_u32_and  nrf_atomic.o
    0x0002b3cc   0x0002b3cc   0x0000000a   Code   RO         5438    i.nrf_atomic_u32_fetch_add  nrf_atomic.o
    0x0002b3d6   0x0002b3d6   0x0000000a   Code   RO         5439    i.nrf_atomic_u32_fetch_and  nrf_atomic.o
    0x0002b3e0   0x0002b3e0   0x0000000a   Code   RO         5440    i.nrf_atomic_u32_fetch_or  nrf_atomic.o
    0x0002b3ea   0x0002b3ea   0x0000000a   Code   RO         5441    i.nrf_atomic_u32_fetch_store  nrf_atomic.o
    0x0002b3f4   0x0002b3f4   0x0000000c   Code   RO         5445    i.nrf_atomic_u32_or  nrf_atomic.o
    0x0002b400   0x0002b400   0x0000000c   Code   RO         5447    i.nrf_atomic_u32_sub  nrf_atomic.o
    0x0002b40c   0x0002b40c   0x00000044   Code   RO         5566    i.nrf_balloc_alloc  nrf_balloc.o
    0x0002b450   0x0002b450   0x00000030   Code   RO         5567    i.nrf_balloc_free   nrf_balloc.o
    0x0002b480   0x0002b480   0x00000030   Code   RO         5568    i.nrf_balloc_init   nrf_balloc.o
    0x0002b4b0   0x0002b4b0   0x00000010   Code   RO         3633    i.nrf_bitmask_bit_is_set  nrfx_gpiote.o
    0x0002b4c0   0x0002b4c0   0x00000014   Code   RO         3634    i.nrf_bitmask_bit_set  nrfx_gpiote.o
    0x0002b4d4   0x0002b4d4   0x00000022   Code   RO         1730    i.nrf_ble_gatt_init  nrf_ble_gatt.o
    0x0002b4f6   0x0002b4f6   0x00000002   PAD
    0x0002b4f8   0x0002b4f8   0x000000ec   Code   RO         1731    i.nrf_ble_gatt_on_ble_evt  nrf_ble_gatt.o
    0x0002b5e4   0x0002b5e4   0x00000016   Code   RO         1840    i.nrf_ble_qwr_conn_handle_assign  nrf_ble_qwr.o
    0x0002b5fa   0x0002b5fa   0x00000024   Code   RO         1841    i.nrf_ble_qwr_init  nrf_ble_qwr.o
    0x0002b61e   0x0002b61e   0x000000b6   Code   RO         1842    i.nrf_ble_qwr_on_ble_evt  nrf_ble_qwr.o
    0x0002b6d4   0x0002b6d4   0x0000000e   Code   RO         3492    i.nrf_clock_event_check  nrfx_clock.o
    0x0002b6e2   0x0002b6e2   0x00000010   Code   RO         3493    i.nrf_clock_event_clear  nrfx_clock.o
    0x0002b6f2   0x0002b6f2   0x00000002   PAD
    0x0002b6f4   0x0002b6f4   0x000000dc   Code   RO         6633    i.nrf_dfu_svci_vector_table_set  nrf_dfu_svci.o
    0x0002b7d0   0x0002b7d0   0x000000a0   Code   RO         6634    i.nrf_dfu_svci_vector_table_unset  nrf_dfu_svci.o
    0x0002b870   0x0002b870   0x00000038   Code   RO         3162    i.nrf_drv_clock_init  nrf_drv_clock.o
    0x0002b8a8   0x0002b8a8   0x00000030   Code   RO         3166    i.nrf_drv_clock_lfclk_release  nrf_drv_clock.o
    0x0002b8d8   0x0002b8d8   0x00000068   Code   RO         3300    i.nrf_drv_uart_init  nrf_drv_uart.o
    0x0002b940   0x0002b940   0x0000001a   Code   RO         5603    i.nrf_fprintf       nrf_fprintf.o
    0x0002b95a   0x0002b95a   0x00000018   Code   RO         5604    i.nrf_fprintf_buffer_flush  nrf_fprintf.o
    0x0002b972   0x0002b972   0x000001da   Code   RO         5644    i.nrf_fprintf_fmt   nrf_fprintf_format.o
    0x0002bb4c   0x0002bb4c   0x00000138   Code   RO         5684    i.nrf_fstorage_erase  nrf_fstorage.o
    0x0002bc84   0x0002bc84   0x00000094   Code   RO         5685    i.nrf_fstorage_init  nrf_fstorage.o
    0x0002bd18   0x0002bd18   0x00000018   Code   RO         5773    i.nrf_fstorage_sdh_req_handler  nrf_fstorage_sd.o
    0x0002bd30   0x0002bd30   0x00000020   Code   RO         5774    i.nrf_fstorage_sdh_state_handler  nrf_fstorage_sd.o
    0x0002bd50   0x0002bd50   0x000000a4   Code   RO         5775    i.nrf_fstorage_sys_evt_handler  nrf_fstorage_sd.o
    0x0002bdf4   0x0002bdf4   0x000001dc   Code   RO         5691    i.nrf_fstorage_write  nrf_fstorage.o
    0x0002bfd0   0x0002bfd0   0x00000024   Code   RO          480    i.nrf_gpio_cfg      boards.o
    0x0002bff4   0x0002bff4   0x00000024   Code   RO         3635    i.nrf_gpio_cfg      nrfx_gpiote.o
    0x0002c018   0x0002c018   0x00000024   Code   RO         3953    i.nrf_gpio_cfg      nrfx_uart.o
    0x0002c03c   0x0002c03c   0x00000024   Code   RO         4142    i.nrf_gpio_cfg      nrfx_uarte.o
    0x0002c060   0x0002c060   0x00000012   Code   RO         3954    i.nrf_gpio_cfg_default  nrfx_uart.o
    0x0002c072   0x0002c072   0x00000012   Code   RO         4143    i.nrf_gpio_cfg_default  nrfx_uarte.o
    0x0002c084   0x0002c084   0x00000012   Code   RO         3955    i.nrf_gpio_cfg_input  nrfx_uart.o
    0x0002c096   0x0002c096   0x00000012   Code   RO         4144    i.nrf_gpio_cfg_input  nrfx_uarte.o
    0x0002c0a8   0x0002c0a8   0x00000014   Code   RO         3956    i.nrf_gpio_cfg_output  nrfx_uart.o
    0x0002c0bc   0x0002c0bc   0x00000014   Code   RO         4145    i.nrf_gpio_cfg_output  nrfx_uarte.o
    0x0002c0d0   0x0002c0d0   0x00000022   Code   RO         3637    i.nrf_gpio_cfg_sense_set  nrfx_gpiote.o
    0x0002c0f2   0x0002c0f2   0x00000016   Code   RO          481    i.nrf_gpio_pin_write  boards.o
    0x0002c108   0x0002c108   0x00000028   Code   RO         3638    i.nrf_gpio_ports_read  nrfx_gpiote.o
    0x0002c130   0x0002c130   0x00000014   Code   RO         3639    i.nrf_gpiote_event_clear  nrfx_gpiote.o
    0x0002c144   0x0002c144   0x00000010   Code   RO         3640    i.nrf_gpiote_event_is_set  nrfx_gpiote.o
    0x0002c154   0x0002c154   0x0000005c   Code   RO         6401    i.nrf_log_backend_add  nrf_log_frontend.o
    0x0002c1b0   0x0002c1b0   0x000000c8   Code   RO         6240    i.nrf_log_backend_serial_put  nrf_log_backend_serial.o
    0x0002c278   0x0002c278   0x00000002   Code   RO         6280    i.nrf_log_backend_uart_flush  nrf_log_backend_uart.o
    0x0002c27a   0x0002c27a   0x00000006   Code   RO         6281    i.nrf_log_backend_uart_init  nrf_log_backend_uart.o
    0x0002c280   0x0002c280   0x0000002c   Code   RO         6282    i.nrf_log_backend_uart_panic_set  nrf_log_backend_uart.o
    0x0002c2ac   0x0002c2ac   0x00000018   Code   RO         6283    i.nrf_log_backend_uart_put  nrf_log_backend_uart.o
    0x0002c2c4   0x0002c2c4   0x00000030   Code   RO         6403    i.nrf_log_color_id_get  nrf_log_frontend.o
    0x0002c2f4   0x0002c2f4   0x0000001c   Code   RO         6359    i.nrf_log_default_backends_init  nrf_log_default_backends.o
    0x0002c310   0x0002c310   0x00000234   Code   RO         6404    i.nrf_log_frontend_dequeue  nrf_log_frontend.o
    0x0002c544   0x0002c544   0x00000008   Code   RO         6406    i.nrf_log_frontend_std_0  nrf_log_frontend.o
    0x0002c54c   0x0002c54c   0x0000000e   Code   RO         6407    i.nrf_log_frontend_std_1  nrf_log_frontend.o
    0x0002c55a   0x0002c55a   0x00000010   Code   RO         6408    i.nrf_log_frontend_std_2  nrf_log_frontend.o
    0x0002c56a   0x0002c56a   0x00000012   Code   RO         6409    i.nrf_log_frontend_std_3  nrf_log_frontend.o
    0x0002c57c   0x0002c57c   0x00000014   Code   RO         6410    i.nrf_log_frontend_std_4  nrf_log_frontend.o
    0x0002c590   0x0002c590   0x000000b0   Code   RO         6581    i.nrf_log_hexdump_entry_process  nrf_log_str_formatter.o
    0x0002c640   0x0002c640   0x0000003c   Code   RO         6413    i.nrf_log_init      nrf_log_frontend.o
    0x0002c67c   0x0002c67c   0x00000014   Code   RO         6414    i.nrf_log_module_cnt_get  nrf_log_frontend.o
    0x0002c690   0x0002c690   0x0000001c   Code   RO         6417    i.nrf_log_module_name_get  nrf_log_frontend.o
    0x0002c6ac   0x0002c6ac   0x0000002c   Code   RO         6418    i.nrf_log_panic     nrf_log_frontend.o
    0x0002c6d8   0x0002c6d8   0x000000b6   Code   RO         6582    i.nrf_log_std_entry_process  nrf_log_str_formatter.o
    0x0002c78e   0x0002c78e   0x00000060   Code   RO         5882    i.nrf_memobj_alloc  nrf_memobj.o
    0x0002c7ee   0x0002c7ee   0x00000032   Code   RO         5883    i.nrf_memobj_free   nrf_memobj.o
    0x0002c820   0x0002c820   0x00000008   Code   RO         5884    i.nrf_memobj_get    nrf_memobj.o
    0x0002c828   0x0002c828   0x00000004   Code   RO         5885    i.nrf_memobj_pool_init  nrf_memobj.o
    0x0002c82c   0x0002c82c   0x0000001e   Code   RO         5886    i.nrf_memobj_put    nrf_memobj.o
    0x0002c84a   0x0002c84a   0x00000010   Code   RO         5887    i.nrf_memobj_read   nrf_memobj.o
    0x0002c85a   0x0002c85a   0x00000010   Code   RO         5888    i.nrf_memobj_write  nrf_memobj.o
    0x0002c86a   0x0002c86a   0x00000002   PAD
    0x0002c86c   0x0002c86c   0x00000050   Code   RO         5960    i.nrf_pwr_mgmt_init  nrf_pwr_mgmt.o
    0x0002c8bc   0x0002c8bc   0x00000044   Code   RO         5961    i.nrf_pwr_mgmt_run  nrf_pwr_mgmt.o
    0x0002c900   0x0002c900   0x0000003c   Code   RO         5962    i.nrf_pwr_mgmt_shutdown  nrf_pwr_mgmt.o
    0x0002c93c   0x0002c93c   0x00000014   Code   RO         5963    i.nrf_pwr_mgmt_timeout_handler  nrf_pwr_mgmt.o
    0x0002c950   0x0002c950   0x00000004   Code   RO           15    i.nrf_qwr_error_handler  main.o
    0x0002c954   0x0002c954   0x0000001c   Code   RO         6040    i.nrf_ringbuf_init  nrf_ringbuf.o
    0x0002c970   0x0002c970   0x0000000c   Code   RO         4804    i.nrf_rtc_event_clear  drv_rtc.o
    0x0002c97c   0x0002c97c   0x00000014   Code   RO         7146    i.nrf_sdh_ble_app_ram_start_get  nrf_sdh_ble.o
    0x0002c990   0x0002c990   0x00000100   Code   RO         7147    i.nrf_sdh_ble_default_cfg_set  nrf_sdh_ble.o
    0x0002ca90   0x0002ca90   0x00000130   Code   RO         7148    i.nrf_sdh_ble_enable  nrf_sdh_ble.o
    0x0002cbc0   0x0002cbc0   0x0000005c   Code   RO         7149    i.nrf_sdh_ble_evts_poll  nrf_sdh_ble.o
    0x0002cc1c   0x0002cc1c   0x00000054   Code   RO         7027    i.nrf_sdh_disable_request  nrf_sdh.o
    0x0002cc70   0x0002cc70   0x00000074   Code   RO         7028    i.nrf_sdh_enable_request  nrf_sdh.o
    0x0002cce4   0x0002cce4   0x00000024   Code   RO         7029    i.nrf_sdh_evts_poll  nrf_sdh.o
    0x0002cd08   0x0002cd08   0x0000000c   Code   RO         7030    i.nrf_sdh_is_enabled  nrf_sdh.o
    0x0002cd14   0x0002cd14   0x0000001c   Code   RO         7032    i.nrf_sdh_request_continue  nrf_sdh.o
    0x0002cd30   0x0002cd30   0x0000003c   Code   RO         7200    i.nrf_sdh_soc_evts_poll  nrf_sdh_soc.o
    0x0002cd6c   0x0002cd6c   0x0000000a   Code   RO         6098    i.nrf_section_iter_init  nrf_section_iter.o
    0x0002cd76   0x0002cd76   0x00000024   Code   RO         6099    i.nrf_section_iter_item_set  nrf_section_iter.o
    0x0002cd9a   0x0002cd9a   0x00000020   Code   RO         6100    i.nrf_section_iter_next  nrf_section_iter.o
    0x0002cdba   0x0002cdba   0x00000022   Code   RO         6133    i.nrf_sortlist_add  nrf_sortlist.o
    0x0002cddc   0x0002cddc   0x00000006   Code   RO         6135    i.nrf_sortlist_peek  nrf_sortlist.o
    0x0002cde2   0x0002cde2   0x0000000e   Code   RO         6136    i.nrf_sortlist_pop  nrf_sortlist.o
    0x0002cdf0   0x0002cdf0   0x0000001e   Code   RO         6137    i.nrf_sortlist_remove  nrf_sortlist.o
    0x0002ce0e   0x0002ce0e   0x00000002   PAD
    0x0002ce10   0x0002ce10   0x00000038   Code   RO         6189    i.nrf_strerror_find  nrf_strerror.o
    0x0002ce48   0x0002ce48   0x00000014   Code   RO         6190    i.nrf_strerror_get  nrf_strerror.o
    0x0002ce5c   0x0002ce5c   0x0000000a   Code   RO         3957    i.nrf_uart_event_check  nrfx_uart.o
    0x0002ce66   0x0002ce66   0x0000000c   Code   RO         3958    i.nrf_uart_event_clear  nrfx_uart.o
    0x0002ce72   0x0002ce72   0x0000000c   Code   RO         3959    i.nrf_uart_int_enable_check  nrfx_uart.o
    0x0002ce7e   0x0002ce7e   0x0000000a   Code   RO         4146    i.nrf_uarte_event_check  nrfx_uarte.o
    0x0002ce88   0x0002ce88   0x0000000c   Code   RO         4147    i.nrf_uarte_event_clear  nrfx_uarte.o
    0x0002ce94   0x0002ce94   0x0000002c   Code   RO         3498    i.nrfx_clock_enable  nrfx_clock.o
    0x0002cec0   0x0002cec0   0x00000020   Code   RO         3501    i.nrfx_clock_init   nrfx_clock.o
    0x0002cee0   0x0002cee0   0x0000001c   Code   RO         3504    i.nrfx_clock_lfclk_stop  nrfx_clock.o
    0x0002cefc   0x0002cefc   0x00000010   Code   RO         4805    i.nrfx_coredep_delay_us  drv_rtc.o
    0x0002cf0c   0x0002cf0c   0x000000a4   Code   RO         3645    i.nrfx_gpiote_in_event_enable  nrfx_gpiote.o
    0x0002cfb0   0x0002cfb0   0x000000d0   Code   RO         3646    i.nrfx_gpiote_in_init  nrfx_gpiote.o
    0x0002d080   0x0002d080   0x00000014   Code   RO         3647    i.nrfx_gpiote_in_is_set  nrfx_gpiote.o
    0x0002d094   0x0002d094   0x0000006c   Code   RO         3649    i.nrfx_gpiote_init  nrfx_gpiote.o
    0x0002d100   0x0002d100   0x00000014   Code   RO         3650    i.nrfx_gpiote_is_init  nrfx_gpiote.o
    0x0002d114   0x0002d114   0x00000010   Code   RO         4148    i.nrfx_is_in_ram    nrfx_uarte.o
    0x0002d124   0x0002d124   0x0000003a   Code   RO         3899    i.nrfx_prs_acquire  nrfx_prs.o
    0x0002d15e   0x0002d15e   0x00000012   Code   RO         3900    i.nrfx_prs_release  nrfx_prs.o
    0x0002d170   0x0002d170   0x00000010   Code   RO         3960    i.nrfx_uart_0_irq_handler  nrfx_uart.o
    0x0002d180   0x0002d180   0x000000d0   Code   RO         3962    i.nrfx_uart_init    nrfx_uart.o
    0x0002d250   0x0002d250   0x000000a8   Code   RO         3968    i.nrfx_uart_tx      nrfx_uart.o
    0x0002d2f8   0x0002d2f8   0x00000020   Code   RO         3970    i.nrfx_uart_tx_in_progress  nrfx_uart.o
    0x0002d318   0x0002d318   0x000000b4   Code   RO         3971    i.nrfx_uart_uninit  nrfx_uart.o
    0x0002d3cc   0x0002d3cc   0x00000010   Code   RO         4149    i.nrfx_uarte_0_irq_handler  nrfx_uarte.o
    0x0002d3dc   0x0002d3dc   0x0000006c   Code   RO         4151    i.nrfx_uarte_init   nrfx_uarte.o
    0x0002d448   0x0002d448   0x000000ac   Code   RO         4155    i.nrfx_uarte_tx     nrfx_uarte.o
    0x0002d4f4   0x0002d4f4   0x0000001c   Code   RO         4157    i.nrfx_uarte_tx_in_progress  nrfx_uarte.o
    0x0002d510   0x0002d510   0x000000e0   Code   RO         4158    i.nrfx_uarte_uninit  nrfx_uarte.o
    0x0002d5f0   0x0002d5f0   0x00000024   Code   RO           16    i.on_adv_evt        main.o
    0x0002d614   0x0002d614   0x0000001c   Code   RO           17    i.on_conn_params_evt  main.o
    0x0002d630   0x0002d630   0x00000108   Code   RO         1732    i.on_connected_evt  nrf_ble_gatt.o
    0x0002d738   0x0002d738   0x0000006c   Code   RO         3001    i.on_ctrlpt_write   ble_dfu.o
    0x0002d7a4   0x0002d7a4   0x00000114   Code   RO         1733    i.on_data_length_update_evt  nrf_ble_gatt.o
    0x0002d8b8   0x0002d8b8   0x0000007c   Code   RO         1734    i.on_data_length_update_request_evt  nrf_ble_gatt.o
    0x0002d934   0x0002d934   0x0000014c   Code   RO         1735    i.on_exchange_mtu_request_evt  nrf_ble_gatt.o
    0x0002da80   0x0002da80   0x000000ac   Code   RO         1736    i.on_exchange_mtu_rsp_evt  nrf_ble_gatt.o
    0x0002db2c   0x0002db2c   0x00000024   Code   RO         4983    i.page_identify     fds.o
    0x0002db50   0x0002db50   0x0000001c   Code   RO         4984    i.page_offsets_update  fds.o
    0x0002db6c   0x0002db6c   0x0000006c   Code   RO         4985    i.page_scan         fds.o
    0x0002dbd8   0x0002dbd8   0x0000001c   Code   RO         4986    i.page_tag_write_data  fds.o
    0x0002dbf4   0x0002dbf4   0x00000024   Code   RO         4987    i.page_tag_write_swap  fds.o
    0x0002dc18   0x0002dc18   0x00000130   Code   RO         4988    i.pages_init        fds.o
    0x0002dd48   0x0002dd48   0x0000000c   Code   RO         2687    i.pairing           security_dispatcher.o
    0x0002dd54   0x0002dd54   0x00000074   Code   RO         2688    i.pairing_failure   security_dispatcher.o
    0x0002ddc8   0x0002ddc8   0x0000002e   Code   RO         2689    i.pairing_success_evt_send  security_dispatcher.o
    0x0002ddf6   0x0002ddf6   0x00000006   Code   RO         2829    i.params_reply_pending_handle  security_manager.o
    0x0002ddfc   0x0002ddfc   0x00000020   Code   RO         2830    i.params_req_send   security_manager.o
    0x0002de1c   0x0002de1c   0x0000001c   Code   RO         2021    i.pdb_evt_send      peer_database.o
    0x0002de38   0x0002de38   0x00000090   Code   RO         2022    i.pdb_init          peer_database.o
    0x0002dec8   0x0002dec8   0x0000007c   Code   RO         2023    i.pdb_pds_evt_handler  peer_database.o
    0x0002df44   0x0002df44   0x00000006   Code   RO         2024    i.pdb_peer_data_ptr_get  peer_database.o
    0x0002df4a   0x0002df4a   0x00000002   PAD
    0x0002df4c   0x0002df4c   0x0000008c   Code   RO         2025    i.pdb_peer_free     peer_database.o
    0x0002dfd8   0x0002dfd8   0x000000dc   Code   RO         2026    i.pdb_write_buf_get  peer_database.o
    0x0002e0b4   0x0002e0b4   0x00000014   Code   RO         2027    i.pdb_write_buf_release  peer_database.o
    0x0002e0c8   0x0002e0c8   0x00000036   Code   RO         2028    i.pdb_write_buf_store  peer_database.o
    0x0002e0fe   0x0002e0fe   0x00000002   PAD
    0x0002e100   0x0002e100   0x00000010   Code   RO         1883    i.pds_evt_send      peer_data_storage.o
    0x0002e110   0x0002e110   0x000000dc   Code   RO         1884    i.pds_init          peer_data_storage.o
    0x0002e1ec   0x0002e1ec   0x00000004   Code   RO         1885    i.pds_next_deleted_peer_id_get  peer_data_storage.o
    0x0002e1f0   0x0002e1f0   0x00000004   Code   RO         1886    i.pds_next_peer_id_get  peer_data_storage.o
    0x0002e1f4   0x0002e1f4   0x00000058   Code   RO         1889    i.pds_peer_data_iterate  peer_data_storage.o
    0x0002e24c   0x0002e24c   0x00000010   Code   RO         1890    i.pds_peer_data_iterate_prepare  peer_data_storage.o
    0x0002e25c   0x0002e25c   0x00000072   Code   RO         1891    i.pds_peer_data_read  peer_data_storage.o
    0x0002e2ce   0x0002e2ce   0x00000002   PAD
    0x0002e2d0   0x0002e2d0   0x000000a4   Code   RO         1892    i.pds_peer_data_store  peer_data_storage.o
    0x0002e374   0x0002e374   0x00000008   Code   RO         1893    i.pds_peer_id_allocate  peer_data_storage.o
    0x0002e37c   0x0002e37c   0x00000016   Code   RO         1894    i.pds_peer_id_free  peer_data_storage.o
    0x0002e392   0x0002e392   0x00000004   Code   RO         1895    i.pds_peer_id_is_allocated  peer_data_storage.o
    0x0002e396   0x0002e396   0x00000002   PAD
    0x0002e398   0x0002e398   0x000000a8   Code   RO         1897    i.peer_data_delete_process  peer_data_storage.o
    0x0002e440   0x0002e440   0x00000030   Code   RO         1898    i.peer_data_find    peer_data_storage.o
    0x0002e470   0x0002e470   0x00000024   Code   RO         1899    i.peer_data_id_is_valid  peer_data_storage.o
    0x0002e494   0x0002e494   0x0000001a   Code   RO         2029    i.peer_data_point_to_buffer  peer_database.o
    0x0002e4ae   0x0002e4ae   0x00000002   PAD
    0x0002e4b0   0x0002e4b0   0x0000000c   Code   RO         2142    i.peer_id_allocate  peer_id.o
    0x0002e4bc   0x0002e4bc   0x00000024   Code   RO         2143    i.peer_id_delete    peer_id.o
    0x0002e4e0   0x0002e4e0   0x0000001c   Code   RO         2144    i.peer_id_free      peer_id.o
    0x0002e4fc   0x0002e4fc   0x0000000c   Code   RO         2145    i.peer_id_get_next_deleted  peer_id.o
    0x0002e508   0x0002e508   0x00000030   Code   RO         2146    i.peer_id_get_next_used  peer_id.o
    0x0002e538   0x0002e538   0x0000000c   Code   RO         2147    i.peer_id_init      peer_id.o
    0x0002e544   0x0002e544   0x00000014   Code   RO         2148    i.peer_id_is_allocated  peer_id.o
    0x0002e558   0x0002e558   0x00000014   Code   RO         2149    i.peer_id_is_deleted  peer_id.o
    0x0002e56c   0x0002e56c   0x0000006c   Code   RO           18    i.peer_manager_init  main.o
    0x0002e5d8   0x0002e5d8   0x00000012   Code   RO          906    i.phy_is_valid      ble_advertising.o
    0x0002e5ea   0x0002e5ea   0x00000002   PAD
    0x0002e5ec   0x0002e5ec   0x00000018   Code   RO         3666    i.pin_in_use_by_port  nrfx_gpiote.o
    0x0002e604   0x0002e604   0x00000018   Code   RO         3667    i.pin_in_use_by_te  nrfx_gpiote.o
    0x0002e61c   0x0002e61c   0x00000064   Code   RO         2634    i.pm_buffer_block_acquire  pm_buffer.o
    0x0002e680   0x0002e680   0x00000024   Code   RO         2635    i.pm_buffer_init    pm_buffer.o
    0x0002e6a4   0x0002e6a4   0x00000028   Code   RO         2636    i.pm_buffer_ptr_get  pm_buffer.o
    0x0002e6cc   0x0002e6cc   0x00000032   Code   RO         2637    i.pm_buffer_release  pm_buffer.o
    0x0002e6fe   0x0002e6fe   0x00000002   PAD
    0x0002e700   0x0002e700   0x00000014   Code   RO         2236    i.pm_conn_sec_status_get  peer_manager.o
    0x0002e714   0x0002e714   0x0000001c   Code   RO         2237    i.pm_conn_secure    peer_manager.o
    0x0002e730   0x0002e730   0x00000012   Code   RO           19    i.pm_evt_handler    main.o
    0x0002e742   0x0002e742   0x00000004   Code   RO         2239    i.pm_gcm_evt_handler  peer_manager.o
    0x0002e746   0x0002e746   0x00000004   Code   RO         2240    i.pm_gscm_evt_handler  peer_manager.o
    0x0002e74a   0x0002e74a   0x00000002   PAD
    0x0002e74c   0x0002e74c   0x00000244   Code   RO         2540    i.pm_handler_flash_clean  peer_manager_handler.o
    0x0002e990   0x0002e990   0x0000001c   Code   RO         2541    i.pm_handler_flash_clean_on_return  peer_manager_handler.o
    0x0002e9ac   0x0002e9ac   0x00000054   Code   RO         2542    i.pm_handler_on_pm_evt  peer_manager_handler.o
    0x0002ea00   0x0002ea00   0x00000310   Code   RO         2543    i.pm_handler_pm_evt_log  peer_manager_handler.o
    0x0002ed10   0x0002ed10   0x00000004   Code   RO         2243    i.pm_im_evt_handler  peer_manager.o
    0x0002ed14   0x0002ed14   0x000001bc   Code   RO         2244    i.pm_init           peer_manager.o
    0x0002eed0   0x0002eed0   0x00000118   Code   RO         2248    i.pm_pdb_evt_handler  peer_manager.o
    0x0002efe8   0x0002efe8   0x00000014   Code   RO         2259    i.pm_peer_delete    peer_manager.o
    0x0002effc   0x0002effc   0x0000011c   Code   RO         2263    i.pm_peer_rank_highest  peer_manager.o
    0x0002f118   0x0002f118   0x000000e8   Code   RO         2264    i.pm_peer_ranks_get  peer_manager.o
    0x0002f200   0x0002f200   0x00000094   Code   RO         2265    i.pm_peers_delete   peer_manager.o
    0x0002f294   0x0002f294   0x0000002c   Code   RO         2268    i.pm_register       peer_manager.o
    0x0002f2c0   0x0002f2c0   0x00000014   Code   RO         2270    i.pm_sec_params_set  peer_manager.o
    0x0002f2d4   0x0002f2d4   0x0000000a   Code   RO         2271    i.pm_sm_evt_handler  peer_manager.o
    0x0002f2de   0x0002f2de   0x00000002   PAD
    0x0002f2e0   0x0002f2e0   0x0000003c   Code   RO         6584    i.postfix_process   nrf_log_str_formatter.o
    0x0002f31c   0x0002f31c   0x00000098   Code   RO         6585    i.prefix_process    nrf_log_str_formatter.o
    0x0002f3b4   0x0002f3b4   0x00000018   Code   RO         3901    i.prs_box_get       nrfx_prs.o
    0x0002f3cc   0x0002f3cc   0x0000001c   Code   RO         4989    i.queue_buf_get     fds.o
    0x0002f3e8   0x0002f3e8   0x00000010   Code   RO         4990    i.queue_buf_store   fds.o
    0x0002f3f8   0x0002f3f8   0x00000014   Code   RO         5776    i.queue_free        nrf_fstorage_sd.o
    0x0002f40c   0x0002f40c   0x000000a4   Code   RO         4991    i.queue_process     fds.o
    0x0002f4b0   0x0002f4b0   0x000000a0   Code   RO         5777    i.queue_process     nrf_fstorage_sd.o
    0x0002f550   0x0002f550   0x0000001c   Code   RO         4992    i.queue_start       fds.o
    0x0002f56c   0x0002f56c   0x00000024   Code   RO         5778    i.queue_start       nrf_fstorage_sd.o
    0x0002f590   0x0002f590   0x0000001c   Code   RO         2546    i.rank_highest      peer_manager_handler.o
    0x0002f5ac   0x0002f5ac   0x00000034   Code   RO         2274    i.rank_vars_update  peer_manager.o
    0x0002f5e0   0x0002f5e0   0x0000000e   Code   RO         5779    i.read              nrf_fstorage_sd.o
    0x0002f5ee   0x0002f5ee   0x00000002   PAD
    0x0002f5f0   0x0002f5f0   0x000000a8   Code   RO         2030    i.reattempt_previous_operations  peer_database.o
    0x0002f698   0x0002f698   0x00000090   Code   RO         4993    i.record_find       fds.o
    0x0002f728   0x0002f728   0x000000a0   Code   RO         4994    i.record_find_by_desc  fds.o
    0x0002f7c8   0x0002f7c8   0x0000005c   Code   RO         4995    i.record_find_next  fds.o
    0x0002f824   0x0002f824   0x0000003c   Code   RO         4996    i.record_header_flag_dirty  fds.o
    0x0002f860   0x0002f860   0x00000088   Code   RO         4997    i.records_stat      fds.o
    0x0002f8e8   0x0002f8e8   0x00000010   Code   RO         2151    i.release           peer_id.o
    0x0002f8f8   0x0002f8f8   0x00000004   Code   RO         5780    i.rmap              nrf_fstorage_sd.o
    0x0002f8fc   0x0002f8fc   0x0000005c   Code   RO         4558    i.rtc_irq           app_timer2.o
    0x0002f958   0x0002f958   0x00000064   Code   RO         4559    i.rtc_schedule      app_timer2.o
    0x0002f9bc   0x0002f9bc   0x00000074   Code   RO         4560    i.rtc_update        app_timer2.o
    0x0002fa30   0x0002fa30   0x00000032   Code   RO         3972    i.rx_byte           nrfx_uart.o
    0x0002fa62   0x0002fa62   0x00000016   Code   RO         3973    i.rx_done_event     nrfx_uart.o
    0x0002fa78   0x0002fa78   0x00000016   Code   RO         4159    i.rx_done_event     nrfx_uarte.o
    0x0002fa8e   0x0002fa8e   0x00000002   PAD
    0x0002fa90   0x0002fa90   0x00000024   Code   RO         1307    i.sc_send_pending_handle  gatt_cache_manager.o
    0x0002fab4   0x0002fab4   0x00000050   Code   RO         3169    i.sd_state_evt_handler  nrf_drv_clock.o
    0x0002fb04   0x0002fb04   0x00000030   Code   RO         7035    i.sdh_request_observer_notify  nrf_sdh.o
    0x0002fb34   0x0002fb34   0x0000002c   Code   RO         7036    i.sdh_state_observer_notify  nrf_sdh.o
    0x0002fb60   0x0002fb60   0x000000d8   Code   RO         2690    i.sec_info_request_process  security_dispatcher.o
    0x0002fc38   0x0002fc38   0x000000f4   Code   RO         2691    i.sec_keyset_fill   security_dispatcher.o
    0x0002fd2c   0x0002fd2c   0x00000076   Code   RO         2831    i.sec_params_verify  security_manager.o
    0x0002fda2   0x0002fda2   0x00000002   PAD
    0x0002fda4   0x0002fda4   0x00000060   Code   RO         2692    i.sec_proc_start    security_dispatcher.o
    0x0002fe04   0x0002fe04   0x0000005c   Code   RO         2832    i.sec_req_process   security_manager.o
    0x0002fe60   0x0002fe60   0x00000022   Code   RO         2693    i.send_config_req   security_dispatcher.o
    0x0002fe82   0x0002fe82   0x00000002   PAD
    0x0002fe84   0x0002fe84   0x00000010   Code   RO          994    i.send_error_evt    ble_conn_params.o
    0x0002fe94   0x0002fe94   0x00000028   Code   RO         1308    i.send_unexpected_error  gatt_cache_manager.o
    0x0002febc   0x0002febc   0x00000028   Code   RO         2694    i.send_unexpected_error  security_dispatcher.o
    0x0002fee4   0x0002fee4   0x00000040   Code   RO         6284    i.serial_tx         nrf_log_backend_uart.o
    0x0002ff24   0x0002ff24   0x00000014   Code   RO         1309    i.service_changed_pending_flags_check  gatt_cache_manager.o
    0x0002ff38   0x0002ff38   0x00000094   Code   RO         1468    i.service_changed_pending_set  gatts_cache_manager.o
    0x0002ffcc   0x0002ffcc   0x00000168   Code   RO         1310    i.service_changed_send_in_evt  gatt_cache_manager.o
    0x00030134   0x00030134   0x00000088   Code   RO          799    i.service_data_encode  ble_advdata.o
    0x000301bc   0x000301bc   0x00000030   Code   RO         1237    i.set_security_req  ble_srv_common.o
    0x000301ec   0x000301ec   0x0000007c   Code   RO         5964    i.shutdown_process  nrf_pwr_mgmt.o
    0x00030268   0x00030268   0x0000002a   Code   RO           20    i.sleep_mode_enter  main.o
    0x00030292   0x00030292   0x00000002   PAD
    0x00030294   0x00030294   0x0000002c   Code   RO         2833    i.sm_ble_evt_handler  security_manager.o
    0x000302c0   0x000302c0   0x000000a2   Code   RO         2835    i.sm_conn_sec_status_get  security_manager.o
    0x00030362   0x00030362   0x00000002   PAD
    0x00030364   0x00030364   0x00000058   Code   RO         2836    i.sm_init           security_manager.o
    0x000303bc   0x000303bc   0x0000000a   Code   RO         2838    i.sm_link_secure    security_manager.o
    0x000303c6   0x000303c6   0x00000002   PAD
    0x000303c8   0x000303c8   0x00000044   Code   RO         2839    i.sm_pdb_evt_handler  security_manager.o
    0x0003040c   0x0003040c   0x00000028   Code   RO         2840    i.sm_sec_is_sufficient  security_manager.o
    0x00030434   0x00030434   0x00000034   Code   RO         2842    i.sm_sec_params_set  security_manager.o
    0x00030468   0x00030468   0x0000002c   Code   RO         2843    i.sm_smd_evt_handler  security_manager.o
    0x00030494   0x00030494   0x000000f4   Code   RO         2695    i.smd_ble_evt_handler  security_dispatcher.o
    0x00030588   0x00030588   0x00000068   Code   RO         2697    i.smd_init          security_dispatcher.o
    0x000305f0   0x000305f0   0x00000028   Code   RO         2698    i.smd_link_secure   security_dispatcher.o
    0x00030618   0x00030618   0x000000b0   Code   RO         2699    i.smd_params_reply  security_dispatcher.o
    0x000306c8   0x000306c8   0x00000040   Code   RO         2844    i.smd_params_reply_perform  security_manager.o
    0x00030708   0x00030708   0x00000018   Code   RO         3170    i.soc_evt_handler   nrf_drv_clock.o
    0x00030720   0x00030720   0x00000038   Code   RO         7037    i.softdevice_evt_irq_disable  nrf_sdh.o
    0x00030758   0x00030758   0x00000058   Code   RO         7038    i.softdevices_evt_irq_enable  nrf_sdh.o
    0x000307b0   0x000307b0   0x0000000c   Code   RO         4561    i.sortlist_pop      app_timer2.o
    0x000307bc   0x000307bc   0x00000030   Code   RO         4308    i.state_set         app_button.o
    0x000307ec   0x000307ec   0x0000008c   Code   RO         6420    i.std_n             nrf_log_frontend.o
    0x00030878   0x00030878   0x0000006c   Code   RO         1311    i.store_car_value   gatt_cache_manager.o
    0x000308e4   0x000308e4   0x00000058   Code   RO         4562    i.timer_expire      app_timer2.o
    0x0003093c   0x0003093c   0x00000078   Code   RO         4563    i.timer_req_process  app_timer2.o
    0x000309b4   0x000309b4   0x00000038   Code   RO         4564    i.timer_req_schedule  app_timer2.o
    0x000309ec   0x000309ec   0x00000018   Code   RO         4309    i.timer_start       app_button.o
    0x00030a04   0x00030a04   0x00000020   Code   RO         3975    i.tx_byte           nrfx_uart.o
    0x00030a24   0x00030a24   0x0000001a   Code   RO         3976    i.tx_done_event     nrfx_uart.o
    0x00030a3e   0x00030a3e   0x0000001a   Code   RO         4160    i.tx_done_event     nrfx_uarte.o
    0x00030a58   0x00030a58   0x00000030   Code   RO         3301    i.uart_evt_handler  nrf_drv_uart.o
    0x00030a88   0x00030a88   0x0000000c   Code   RO         6285    i.uart_evt_handler  nrf_log_backend_uart.o
    0x00030a94   0x00030a94   0x00000050   Code   RO         6286    i.uart_init         nrf_log_backend_uart.o
    0x00030ae4   0x00030ae4   0x0000012a   Code   RO         3977    i.uart_irq_handler  nrfx_uart.o
    0x00030c0e   0x00030c0e   0x00000002   PAD
    0x00030c10   0x00030c10   0x00000030   Code   RO         3302    i.uarte_evt_handler  nrf_drv_uart.o
    0x00030c40   0x00030c40   0x00000112   Code   RO         4161    i.uarte_irq_handler  nrfx_uarte.o
    0x00030d52   0x00030d52   0x0000000a   Code   RO          800    i.uint16_encode     ble_advdata.o
    0x00030d5c   0x00030d5c   0x00000020   Code   RO         5781    i.uninit            nrf_fstorage_sd.o
    0x00030d7c   0x00030d7c   0x000000b4   Code   RO         5645    i.unsigned_print    nrf_fprintf_format.o
    0x00030e30   0x00030e30   0x00000030   Code   RO         1312    i.update_pending_flags_check  gatt_cache_manager.o
    0x00030e60   0x00030e60   0x00000068   Code   RO          995    i.update_timeout_handler  ble_conn_params.o
    0x00030ec8   0x00030ec8   0x00000018   Code   RO          907    i.use_whitelist     ble_advertising.o
    0x00030ee0   0x00030ee0   0x0000000c   Code   RO         1082    i.user_flag_is_acquired  ble_conn_state.o
    0x00030eec   0x00030eec   0x00000024   Code   RO         1843    i.user_mem_reply    nrf_ble_qwr.o
    0x00030f10   0x00030f10   0x00000020   Code   RO         4310    i.usr_event         app_button.o
    0x00030f30   0x00030f30   0x00000030   Code   RO          801    i.uuid_list_encode  ble_advdata.o
    0x00030f60   0x00030f60   0x0000009e   Code   RO          802    i.uuid_list_sized_encode  ble_advdata.o
    0x00030ffe   0x00030ffe   0x0000003a   Code   RO          618    i.wakeup_button_cfg  bsp.o
    0x00031038   0x00031038   0x00000004   Code   RO         5782    i.wmap              nrf_fstorage_sd.o
    0x0003103c   0x0003103c   0x00000050   Code   RO         5783    i.write             nrf_fstorage_sd.o
    0x0003108c   0x0003108c   0x0000014c   Code   RO         2031    i.write_buf_store   peer_database.o
    0x000311d8   0x000311d8   0x00000034   Code   RO         2032    i.write_buffer_record_find  peer_database.o
    0x0003120c   0x0003120c   0x00000030   Code   RO         2033    i.write_buffer_record_find_next  peer_database.o
    0x0003123c   0x0003123c   0x0000001c   Code   RO         2034    i.write_buffer_record_invalidate  peer_database.o
    0x00031258   0x00031258   0x0000002c   Code   RO         2035    i.write_buffer_record_release  peer_database.o
    0x00031284   0x00031284   0x000000f4   Code   RO         4998    i.write_enqueue     fds.o
    0x00031378   0x00031378   0x000000f8   Code   RO         4999    i.write_execute     fds.o
    0x00031470   0x00031470   0x00000018   Code   RO         5000    i.write_space_free  fds.o
    0x00031488   0x00031488   0x00000060   Code   RO         5001    i.write_space_reserve  fds.o
    0x000314e8   0x000314e8   0x00000008   Data   RO          482    .constdata          boards.o
    0x000314f0   0x000314f0   0x0000002c   Data   RO          623    .constdata          bsp.o
    0x0003151c   0x0003151c   0x0000006c   Data   RO         1313    .constdata          gatt_cache_manager.o
    0x00031588   0x00031588   0x00000004   Data   RO         1469    .constdata          gatts_cache_manager.o
    0x0003158c   0x0003158c   0x00000010   Data   RO         1470    .constdata          gatts_cache_manager.o
    0x0003159c   0x0003159c   0x00000004   Data   RO         1471    .constdata          gatts_cache_manager.o
    0x000315a0   0x000315a0   0x00000008   Data   RO         1578    .constdata          id_manager.o
    0x000315a8   0x000315a8   0x00000016   Data   RO         1737    .constdata          nrf_ble_gatt.o
    0x000315be   0x000315be   0x00000002   PAD
    0x000315c0   0x000315c0   0x00000018   Data   RO         1900    .constdata          peer_data_storage.o
    0x000315d8   0x000315d8   0x00000010   Data   RO         2037    .constdata          peer_database.o
    0x000315e8   0x000315e8   0x0000002c   Data   RO         2276    .constdata          peer_manager.o
    0x00031614   0x00031614   0x00000014   Data   RO         2549    .constdata          peer_manager_handler.o
    0x00031628   0x00031628   0x00000078   Data   RO         2701    .constdata          security_dispatcher.o
    0x000316a0   0x000316a0   0x00000008   Data   RO         2845    .constdata          security_manager.o
    0x000316a8   0x000316a8   0x00000018   Data   RO         3003    .constdata          ble_dfu.o
    0x000316c0   0x000316c0   0x00000004   Data   RO         3669    .constdata          nrfx_gpiote.o
    0x000316c4   0x000316c4   0x00000004   Data   RO         3980    .constdata          nrfx_uart.o
    0x000316c8   0x000316c8   0x00000004   Data   RO         4164    .constdata          nrfx_uarte.o
    0x000316cc   0x000316cc   0x00000008   Data   RO         4313    .constdata          app_button.o
    0x000316d4   0x000316d4   0x00000014   Data   RO         4567    .constdata          app_timer2.o
    0x000316e8   0x000316e8   0x00000008   PAD
    0x000316f0   0x000316f0   0x00000006   Data   RO         4806    .constdata          drv_rtc.o
    0x000316f6   0x000316f6   0x00000002   PAD
    0x000316f8   0x000316f8   0x00000018   Data   RO         5004    .constdata          fds.o
    0x00031710   0x00031710   0x00000010   Data   RO         5646    .constdata          nrf_fprintf_format.o
    0x00031720   0x00031720   0x0000005e   Data   RO         5692    .constdata          nrf_fstorage.o
    0x0003177e   0x0003177e   0x00000002   PAD
    0x00031780   0x00031780   0x00000010   Data   RO         5786    .constdata          nrf_fstorage_sd.o
    0x00031790   0x00031790   0x00000020   Data   RO         5787    .constdata          nrf_fstorage_sd.o
    0x000317b0   0x000317b0   0x00000018   Data   RO         5967    .constdata          nrf_pwr_mgmt.o
    0x000317c8   0x000317c8   0x00000010   Data   RO         5968    .constdata          nrf_pwr_mgmt.o
    0x000317d8   0x000317d8   0x0000013c   Data   RO         6191    .constdata          nrf_strerror.o
    0x00031914   0x00031914   0x0000000c   Data   RO         6288    .constdata          nrf_log_backend_uart.o
    0x00031920   0x00031920   0x00000020   Data   RO         6289    .constdata          nrf_log_backend_uart.o
    0x00031940   0x00031940   0x0000000c   Data   RO         6425    .constdata          nrf_log_frontend.o
    0x0003194c   0x0003194c   0x00000010   Data   RO         7039    .constdata          nrf_sdh.o
    0x0003195c   0x0003195c   0x00000028   Data   RO         7040    .constdata          nrf_sdh.o
    0x00031984   0x00031984   0x00000010   Data   RO         7041    .constdata          nrf_sdh.o
    0x00031994   0x00031994   0x00000010   Data   RO         7042    .constdata          nrf_sdh.o
    0x000319a4   0x000319a4   0x00000020   Data   RO         7150    .constdata          nrf_sdh_ble.o
    0x000319c4   0x000319c4   0x00000010   Data   RO         7151    .constdata          nrf_sdh_ble.o
    0x000319d4   0x000319d4   0x00000010   Data   RO         7201    .constdata          nrf_sdh_soc.o
    0x000319e4   0x000319e4   0x0000000c   Data   RO         7202    .constdata          nrf_sdh_soc.o
    0x000319f0   0x000319f0   0x00000081   Data   RO         7288    .constdata          mc_w.l(ctype_o.o)
    0x00031a71   0x00031a71   0x00000003   PAD
    0x00031a74   0x00031a74   0x00000004   Data   RO         7289    .constdata          mc_w.l(ctype_o.o)
    0x00031a78   0x00031a78   0x00000041   Data   RO           22    .conststring        main.o
    0x00031ab9   0x00031ab9   0x00000003   PAD
    0x00031abc   0x00031abc   0x000001a4   Data   RO         1314    .conststring        gatt_cache_manager.o
    0x00031c60   0x00031c60   0x0000019c   Data   RO         1472    .conststring        gatts_cache_manager.o
    0x00031dfc   0x00031dfc   0x0000013e   Data   RO         1738    .conststring        nrf_ble_gatt.o
    0x00031f3a   0x00031f3a   0x00000002   PAD
    0x00031f3c   0x00031f3c   0x000000e8   Data   RO         1901    .conststring        peer_data_storage.o
    0x00032024   0x00032024   0x00000180   Data   RO         2038    .conststring        peer_database.o
    0x000321a4   0x000321a4   0x00000090   Data   RO         2277    .conststring        peer_manager.o
    0x00032234   0x00032234   0x0000030f   Data   RO         2550    .conststring        peer_manager_handler.o
    0x00032543   0x00032543   0x00000001   PAD
    0x00032544   0x00032544   0x000002b2   Data   RO         2702    .conststring        security_dispatcher.o
    0x000327f6   0x000327f6   0x00000002   PAD
    0x000327f8   0x000327f8   0x0000017b   Data   RO         2846    .conststring        security_manager.o
    0x00032973   0x00032973   0x00000001   PAD
    0x00032974   0x00032974   0x000000ce   Data   RO         3101    .conststring        ble_dfu_unbonded.o
    0x00032a42   0x00032a42   0x00000002   PAD
    0x00032a44   0x00032a44   0x0000004f   Data   RO         5693    .conststring        nrf_fstorage.o
    0x00032a93   0x00032a93   0x00000001   PAD
    0x00032a94   0x00032a94   0x000003eb   Data   RO         6192    .conststring        nrf_strerror.o
    0x00032e7f   0x00032e7f   0x00000001   PAD
    0x00032e80   0x00032e80   0x00000066   Data   RO         6586    .conststring        nrf_log_str_formatter.o
    0x00032ee6   0x00032ee6   0x00000002   PAD
    0x00032ee8   0x00032ee8   0x00000188   Data   RO         7152    .conststring        nrf_sdh_ble.o
    0x00033070   0x00033070   0x00000011   Data   RO         1315    .conststrlit        gatt_cache_manager.o
    0x00033081   0x00033081   0x00000003   PAD
    0x00033084   0x00033084   0x00000012   Data   RO         1473    .conststrlit        gatts_cache_manager.o
    0x00033096   0x00033096   0x00000002   PAD
    0x00033098   0x00033098   0x00000010   Data   RO         1580    .conststrlit        id_manager.o
    0x000330a8   0x000330a8   0x0000000d   Data   RO         1739    .conststrlit        nrf_ble_gatt.o
    0x000330b5   0x000330b5   0x00000003   PAD
    0x000330b8   0x000330b8   0x00000011   Data   RO         1902    .conststrlit        peer_data_storage.o
    0x000330c9   0x000330c9   0x00000003   PAD
    0x000330cc   0x000330cc   0x00000011   Data   RO         2039    .conststrlit        peer_database.o
    0x000330dd   0x000330dd   0x00000003   PAD
    0x000330e0   0x000330e0   0x0000000d   Data   RO         2278    .conststrlit        peer_manager.o
    0x000330ed   0x000330ed   0x00000003   PAD
    0x000330f0   0x000330f0   0x00000015   Data   RO         2553    .conststrlit        peer_manager_handler.o
    0x00033105   0x00033105   0x00000003   PAD
    0x00033108   0x00033108   0x00000011   Data   RO         2703    .conststrlit        security_dispatcher.o
    0x00033119   0x00033119   0x00000003   PAD
    0x0003311c   0x0003311c   0x00000010   Data   RO         2847    .conststrlit        security_manager.o
    0x0003312c   0x0003312c   0x00000006   Data   RO         3176    .conststrlit        nrf_drv_clock.o
    0x00033132   0x00033132   0x00000002   PAD
    0x00033134   0x00033134   0x00000006   Data   RO         3508    .conststrlit        nrfx_clock.o
    0x0003313a   0x0003313a   0x00000002   PAD
    0x0003313c   0x0003313c   0x00000007   Data   RO         3673    .conststrlit        nrfx_gpiote.o
    0x00033143   0x00033143   0x00000001   PAD
    0x00033144   0x00033144   0x00000004   Data   RO         3903    .conststrlit        nrfx_prs.o
    0x00033148   0x00033148   0x00000005   Data   RO         3983    .conststrlit        nrfx_uart.o
    0x0003314d   0x0003314d   0x00000003   PAD
    0x00033150   0x00033150   0x00000006   Data   RO         4167    .conststrlit        nrfx_uarte.o
    0x00033156   0x00033156   0x00000002   PAD
    0x00033158   0x00033158   0x0000000b   Data   RO         4314    .conststrlit        app_button.o
    0x00033163   0x00033163   0x00000001   PAD
    0x00033164   0x00033164   0x0000000a   Data   RO         4568    .conststrlit        app_timer2.o
    0x0003316e   0x0003316e   0x00000002   PAD
    0x00033170   0x00033170   0x0000000d   Data   RO         5694    .conststrlit        nrf_fstorage.o
    0x0003317d   0x0003317d   0x00000003   PAD
    0x00033180   0x00033180   0x00000009   Data   RO         5969    .conststrlit        nrf_pwr_mgmt.o
    0x00033189   0x00033189   0x00000003   PAD
    0x0003318c   0x0003318c   0x00000009   Data   RO         6138    .conststrlit        nrf_sortlist.o
    0x00033195   0x00033195   0x00000003   PAD
    0x00033198   0x00033198   0x00000011   Data   RO         6360    .conststrlit        nrf_log_default_backends.o
    0x000331a9   0x000331a9   0x00000003   PAD
    0x000331ac   0x000331ac   0x00000004   Data   RO         6426    .conststrlit        nrf_log_frontend.o
    0x000331b0   0x000331b0   0x00000008   Data   RO         7043    .conststrlit        nrf_sdh.o
    0x000331b8   0x000331b8   0x0000000c   Data   RO         7153    .conststrlit        nrf_sdh_ble.o
    0x000331c4   0x000331c4   0x0000000c   Data   RO         7203    .conststrlit        nrf_sdh_soc.o
    0x000331d0   0x000331d0   0x00000020   Data   RO         7349    Region$$Table       anon$$obj.o
    0x000331f0   0x000331f0   0x00000010   Data   RO         6362    log_backends        nrf_log_default_backends.o
    0x00033200   0x00033200   0x00000008   Data   RO         1317    log_const_data      gatt_cache_manager.o
    0x00033208   0x00033208   0x00000008   Data   RO         1475    log_const_data      gatts_cache_manager.o
    0x00033210   0x00033210   0x00000008   Data   RO         1582    log_const_data      id_manager.o
    0x00033218   0x00033218   0x00000008   Data   RO         1740    log_const_data      nrf_ble_gatt.o
    0x00033220   0x00033220   0x00000008   Data   RO         1904    log_const_data      peer_data_storage.o
    0x00033228   0x00033228   0x00000008   Data   RO         2041    log_const_data      peer_database.o
    0x00033230   0x00033230   0x00000008   Data   RO         2280    log_const_data      peer_manager.o
    0x00033238   0x00033238   0x00000008   Data   RO         2556    log_const_data      peer_manager_handler.o
    0x00033240   0x00033240   0x00000008   Data   RO         2705    log_const_data      security_dispatcher.o
    0x00033248   0x00033248   0x00000008   Data   RO         2849    log_const_data      security_manager.o
    0x00033250   0x00033250   0x00000008   Data   RO         3177    log_const_data      nrf_drv_clock.o
    0x00033258   0x00033258   0x00000008   Data   RO         3510    log_const_data      nrfx_clock.o
    0x00033260   0x00033260   0x00000008   Data   RO         3674    log_const_data      nrfx_gpiote.o
    0x00033268   0x00033268   0x00000008   Data   RO         3905    log_const_data      nrfx_prs.o
    0x00033270   0x00033270   0x00000008   Data   RO         3984    log_const_data      nrfx_uart.o
    0x00033278   0x00033278   0x00000008   Data   RO         4168    log_const_data      nrfx_uarte.o
    0x00033280   0x00033280   0x00000008   Data   RO         4316    log_const_data      app_button.o
    0x00033288   0x00033288   0x00000008   Data   RO         4571    log_const_data      app_timer2.o
    0x00033290   0x00033290   0x00000008   Data   RO         5695    log_const_data      nrf_fstorage.o
    0x00033298   0x00033298   0x00000008   Data   RO         5971    log_const_data      nrf_pwr_mgmt.o
    0x000332a0   0x000332a0   0x00000008   Data   RO         6139    log_const_data      nrf_sortlist.o
    0x000332a8   0x000332a8   0x00000008   Data   RO         6429    log_const_data      nrf_log_frontend.o
    0x000332b0   0x000332b0   0x00000008   Data   RO         7045    log_const_data      nrf_sdh.o
    0x000332b8   0x000332b8   0x00000008   Data   RO         7155    log_const_data      nrf_sdh_ble.o
    0x000332c0   0x000332c0   0x00000008   Data   RO         7204    log_const_data      nrf_sdh_soc.o
    0x000332c8   0x000332c8   0x00000014   Data   RO         6430    nrf_balloc          nrf_log_frontend.o
    0x000332dc   0x000332dc   0x00000004   Data   RO           24    pwr_mgmt_data0      main.o
    0x000332e0   0x000332e0   0x00000008   Data   RO         1084    sdh_ble_observers0  ble_conn_state.o
    0x000332e8   0x000332e8   0x00000010   Data   RO           25    sdh_ble_observers1  main.o
    0x000332f8   0x000332f8   0x00000008   Data   RO          726    sdh_ble_observers1  bsp_btn_ble.o
    0x00033300   0x00033300   0x00000008   Data   RO          998    sdh_ble_observers1  ble_conn_params.o
    0x00033308   0x00033308   0x00000008   Data   RO         2281    sdh_ble_observers1  peer_manager.o
    0x00033310   0x00033310   0x00000008   Data   RO           26    sdh_ble_observers2  main.o
    0x00033318   0x00033318   0x00000008   Data   RO         3004    sdh_ble_observers2  ble_dfu.o
    0x00033320   0x00033320   0x00000008   Data   RO           27    sdh_ble_observers3  main.o
    0x00033328   0x00033328   0x00000008   Data   RO         5789    sdh_req_observers0  nrf_fstorage_sd.o
    0x00033330   0x00033330   0x00000008   Data   RO         3178    sdh_soc_observers0  nrf_drv_clock.o
    0x00033338   0x00033338   0x00000008   Data   RO         5790    sdh_soc_observers0  nrf_fstorage_sd.o
    0x00033340   0x00033340   0x00000008   Data   RO         3103    sdh_soc_observers1  ble_dfu_unbonded.o
    0x00033348   0x00033348   0x00000008   Data   RO         7156    sdh_stack_observers0  nrf_sdh_ble.o
    0x00033350   0x00033350   0x00000008   Data   RO         7205    sdh_stack_observers0  nrf_sdh_soc.o
    0x00033358   0x00033358   0x00000008   Data   RO           28    sdh_state_observers0  main.o
    0x00033360   0x00033360   0x00000008   Data   RO         3179    sdh_state_observers0  nrf_drv_clock.o
    0x00033368   0x00033368   0x00000008   Data   RO         5791    sdh_state_observers0  nrf_fstorage_sd.o


    Execution Region RW_IRAM1 (Exec base: 0x20002ad8, Load base: 0x00033370, Size: 0x000033c8, Max: 0x0000d528, ABSOLUTE, COMPRESSED[0x00000098])

    Exec Addr    Load Addr    Size         Type   Attr      Idx    E Section Name        Object

    0x20002ad8   COMPRESSED   0x00000006   Data   RW           23    .data               main.o
    0x20002ade   COMPRESSED   0x00000002   PAD
    0x20002ae0   COMPRESSED   0x00000010   Data   RW          624    .data               bsp.o
    0x20002af0   COMPRESSED   0x00000008   Data   RW          725    .data               bsp_btn_ble.o
    0x20002af8   COMPRESSED   0x00000008   Data   RW          997    .data               ble_conn_params.o
    0x20002b00   COMPRESSED   0x00000010   Data   RW         1316    .data               gatt_cache_manager.o
    0x20002b10   COMPRESSED   0x0000000c   Data   RW         1474    .data               gatts_cache_manager.o
    0x20002b1c   COMPRESSED   0x0000000c   Data   RW         1903    .data               peer_data_storage.o
    0x20002b28   COMPRESSED   0x00000008   Data   RW         2040    .data               peer_database.o
    0x20002b30   COMPRESSED   0x00000010   Data   RW         2279    .data               peer_manager.o
    0x20002b40   COMPRESSED   0x00000060   Data   RW         2554    .data               peer_manager_handler.o
    0x20002ba0   COMPRESSED   0x00000005   Data   RW         2704    .data               security_dispatcher.o
    0x20002ba5   COMPRESSED   0x00000003   PAD
    0x20002ba8   COMPRESSED   0x00000015   Data   RW         2848    .data               security_manager.o
    0x20002bbd   COMPRESSED   0x00000003   PAD
    0x20002bc0   COMPRESSED   0x00000004   Data   RW         3102    .data               ble_dfu_unbonded.o
    0x20002bc4   COMPRESSED   0x0000000c   Data   RW         3303    .data               nrf_drv_uart.o
    0x20002bd0   COMPRESSED   0x00000008   Data   RW         3509    .data               nrfx_clock.o
    0x20002bd8   COMPRESSED   0x00000008   Data   RW         3904    .data               nrfx_prs.o
    0x20002be0   COMPRESSED   0x00000018   Data   RW         4315    .data               app_button.o
    0x20002bf8   COMPRESSED   0x00000020   Data   RW         4569    .data               app_timer2.o
    0x20002c18   COMPRESSED   0x00000004   Data   RW         4570    .data               app_timer2.o
    0x20002c1c   COMPRESSED   0x0000000c   Data   RW         4807    .data               drv_rtc.o
    0x20002c28   COMPRESSED   0x00000030   Data   RW         5005    .data               fds.o
    0x20002c58   COMPRESSED   0x00000008   Data   RW         5788    .data               nrf_fstorage_sd.o
    0x20002c60   COMPRESSED   0x00000008   Data   RW         5970    .data               nrf_pwr_mgmt.o
    0x20002c68   COMPRESSED   0x00000018   Data   RW         6290    .data               nrf_log_backend_uart.o
    0x20002c80   COMPRESSED   0x00000008   Data   RW         6361    .data               nrf_log_default_backends.o
    0x20002c88   COMPRESSED   0x00000008   Data   RW         6427    .data               nrf_log_frontend.o
    0x20002c90   COMPRESSED   0x00000008   Data   RW         6428    .data               nrf_log_frontend.o
    0x20002c98   COMPRESSED   0x00000040   Data   RW         6587    .data               nrf_log_str_formatter.o
    0x20002cd8   COMPRESSED   0x00000003   Data   RW         7044    .data               nrf_sdh.o
    0x20002cdb   COMPRESSED   0x00000001   Data   RW         7154    .data               nrf_sdh_ble.o
    0x20002cdc   COMPRESSED   0x00000004   Data   RW         7244    .data               system_nrf52.o
    0x20002ce0   COMPRESSED   0x00000014   Data   RW         5006    fs_data             fds.o
    0x20002cf4        -       0x00000454   Zero   RW           21    .bss                main.o
    0x20003148        -       0x00000020   Zero   RW          619    .bss                bsp.o
    0x20003168        -       0x00000020   Zero   RW          620    .bss                bsp.o
    0x20003188        -       0x0000000c   Zero   RW          621    .bss                bsp.o
    0x20003194   COMPRESSED   0x00000004   PAD
    0x20003198        -       0x00000020   Zero   RW          622    .bss                bsp.o
    0x200031b8        -       0x00000050   Zero   RW          996    .bss                ble_conn_params.o
    0x20003208        -       0x0000007c   Zero   RW         1083    .bss                ble_conn_state.o
    0x20003284        -       0x000000d8   Zero   RW         1577    .bss                id_manager.o
    0x2000335c        -       0x00000180   Zero   RW         2036    .bss                peer_database.o
    0x200034dc        -       0x00000040   Zero   RW         2152    .bss                peer_id.o
    0x2000351c        -       0x0000000c   Zero   RW         2275    .bss                peer_manager.o
    0x20003528        -       0x00000040   Zero   RW         2700    .bss                security_dispatcher.o
    0x20003568        -       0x0000001c   Zero   RW         3002    .bss                ble_dfu.o
    0x20003584        -       0x00000028   Zero   RW         3100    .bss                ble_dfu_unbonded.o
    0x200035ac        -       0x00000014   Zero   RW         3171    .bss                nrf_drv_clock.o
    0x200035c0        -       0x0000005c   Zero   RW         3668    .bss                nrfx_gpiote.o
    0x2000361c        -       0x0000002c   Zero   RW         3978    .bss                nrfx_uart.o
    0x20003648        -       0x00000024   Zero   RW         4162    .bss                nrfx_uarte.o
    0x2000366c   COMPRESSED   0x00000004   PAD
    0x20003670        -       0x00000020   Zero   RW         4311    .bss                app_button.o
    0x20003690        -       0x00000010   Zero   RW         4312    .bss                app_button.o
    0x200036a0        -       0x00000010   Zero   RW         4565    .bss                app_timer2.o
    0x200036b0        -       0x00000058   Zero   RW         4566    .bss                app_timer2.o
    0x20003708        -       0x0000000c   Zero   RW         4695    .bss                app_util_platform.o
    0x20003714        -       0x00000010   Zero   RW         5002    .bss                fds.o
    0x20003724        -       0x000000e0   Zero   RW         5003    .bss                fds.o
    0x20003804        -       0x00000010   Zero   RW         5784    .bss                nrf_fstorage_sd.o
    0x20003814        -       0x000000a0   Zero   RW         5785    .bss                nrf_fstorage_sd.o
    0x200038b4   COMPRESSED   0x00000004   PAD
    0x200038b8        -       0x00000020   Zero   RW         5965    .bss                nrf_pwr_mgmt.o
    0x200038d8        -       0x0000000c   Zero   RW         5966    .bss                nrf_pwr_mgmt.o
    0x200038e4        -       0x00000040   Zero   RW         6287    .bss                nrf_log_backend_uart.o
    0x20003924        -       0x000000c0   Zero   RW         6421    .bss                nrf_log_frontend.o
    0x200039e4        -       0x00000080   Zero   RW         6422    .bss                nrf_log_frontend.o
    0x20003a64        -       0x00000018   Zero   RW         6423    .bss                nrf_log_frontend.o
    0x20003a7c        -       0x00000424   Zero   RW         6424    .bss                nrf_log_frontend.o
    0x20003ea0        -       0x00002000   Zero   RW         7232    STACK               arm_startup_nrf52.o


==============================================================================

Image component sizes


      Code (inc. data)   RO Data    RW Data    ZI Data      Debug   Object Name

       664         66         27         24         48      17802   app_button.o
        22          0          0          0          0       2457   app_error.o
       140         52          0          0          0      27493   app_error_weak.o
         0          0          0          0          0      37106   app_scheduler.o
       846         88         38         36        104      16665   app_timer2.o
       124         14          0          0         12       9686   app_util_platform.o
        36          8        512          0       8192        928   arm_startup_nrf52.o
      1332          0          0          0          0      53364   ble_advdata.o
      1084          6          0          0          0      11794   ble_advertising.o
       636         44          8          8         80       9263   ble_conn_params.o
       792         68          8          0        124      16469   ble_conn_state.o
       628        146         32          0         28      14136   ble_dfu.o
         0          0          0          0          0       5268   ble_dfu_bonded.o
       476         42        214          4         40       7454   ble_dfu_unbonded.o
       464          6          0          0          0       4103   ble_srv_common.o
       358         40          8          0          0      49027   boards.o
       998         84         44         16        108      15647   bsp.o
       252         10          8          8          0       4816   bsp_btn_ble.o
       696         76          6         12          0      46593   drv_rtc.o
      3848        342         24         68        240      50342   fds.o
      2152        552        553         16          0      33787   gatt_cache_manager.o
       686         84        462         12          0      16571   gatts_cache_manager.o
       946         34         32          0        216      17096   id_manager.o
      1884        684        109          6       1108     202558   main.o
       342          0          0          0          0       6734   nrf_atfifo.o
       170          0          0          0          0       4764   nrf_atflags.o
       332          0          0          0          0      10162   nrf_atomic.o
       164          0          0          0          0       3640   nrf_balloc.o
      1714        784        361          0          0      39011   nrf_ble_gatt.o
       276          0          0          0          0       4713   nrf_ble_qwr.o
       380        236          0          0          0       1734   nrf_dfu_svci.o
       276         34         30          0         20      37756   nrf_drv_clock.o
       200         26          0         12          0      17844   nrf_drv_uart.o
        50          0          0          0          0       3541   nrf_fprintf.o
       866          4         16          0          0       6562   nrf_fprintf_format.o
       972        432        194          0          0       8048   nrf_fstorage.o
       798         82         72          8        176      16051   nrf_fstorage_sd.o
       200          0          0          0          0      11561   nrf_log_backend_serial.o
       232         44         44         24         64      21074   nrf_log_backend_uart.o
        28          4         33          8          0       3353   nrf_log_default_backends.o
      1512        114         44         16       1404      31420   nrf_log_frontend.o
       570        108        102         64          0       5668   nrf_log_str_formatter.o
       346          0          0          0          0       9587   nrf_memobj.o
       352         52         57          8         44      38518   nrf_pwr_mgmt.o
        28          0          0          0          0       2375   nrf_ringbuf.o
       552         60        104          3          0      41848   nrf_sdh.o
       672        232        468          1          0       5877   nrf_sdh_ble.o
        60          4         56          0          0       2476   nrf_sdh_soc.o
        78          0          0          0          0       2788   nrf_section_iter.o
        84          0         17          0          0       4121   nrf_sortlist.o
        76         10       1319          0          0       2751   nrf_strerror.o
       222         30         14          8          0      43634   nrfx_clock.o
      1222         92         19          0         92      59659   nrfx_gpiote.o
       112         16         12          8          0       4508   nrfx_prs.o
      1294         42         17          0         44      30317   nrfx_uart.o
      1268         42         18          0         36      25891   nrfx_uarte.o
      1156        144        281         12          0      16102   peer_data_storage.o
      1434        260        425          8        384      19478   peer_database.o
       314         38          0          0         64       9187   peer_id.o
      1678        454        217         16         12      19943   peer_manager.o
      1824        842        832         96          0       9388   peer_manager_handler.o
       234          0          0          0          0       5459   pm_buffer.o
      1948        266        835          5         64      26899   security_dispatcher.o
      1372        122        411         21          0      54554   security_manager.o
       796         70          0          4          0       2971   system_nrf52.o

    ----------------------------------------------------------------------
     45344       7090       8192        540      12716    1342392   Object Totals
         0          0         32          0          0          0   (incl. Generated)
        76          0         77          8         12          0   (incl. Padding)

    ----------------------------------------------------------------------

      Code (inc. data)   RO Data    RW Data    ZI Data      Debug   Library Member Name

        86          0          0          0          0          0   __dczerorl2.o
         8          4        133          0          0         68   ctype_o.o
         0          0          0          0          0          0   entry.o
         0          0          0          0          0          0   entry10a.o
         0          0          0          0          0          0   entry11a.o
         8          4          0          0          0          0   entry2.o
         4          0          0          0          0          0   entry5.o
         0          0          0          0          0          0   entry7b.o
         0          0          0          0          0          0   entry8b.o
         8          4          0          0          0          0   entry9a.o
        30          0          0          0          0          0   handlers.o
        36          8          0          0          0         68   init.o
        30          0          0          0          0         68   llshl.o
        32          0          0          0          0         68   llushr.o
        26          0          0          0          0         80   memcmp.o
        36          0          0          0          0         68   memcpya.o
        36          0          0          0          0        108   memseta.o
        14          0          0          0          0         68   strlen.o
        98          0          0          0          0         92   uldiv.o

    ----------------------------------------------------------------------
       456         20        136          0          0        688   Library Totals
         4          0          3          0          0          0   (incl. Padding)

    ----------------------------------------------------------------------

      Code (inc. data)   RO Data    RW Data    ZI Data      Debug   Library Name

       452         20        133          0          0        688   mc_w.l

    ----------------------------------------------------------------------
       456         20        136          0          0        688   Library Totals

    ----------------------------------------------------------------------

==============================================================================


      Code (inc. data)   RO Data    RW Data    ZI Data      Debug   

     45800       7110       8328        540      12716    1287956   Grand Totals
     45800       7110       8328        152      12716    1287956   ELF Image Totals (compressed)
     45800       7110       8328        152          0          0   ROM Totals

==============================================================================

    Total RO  Size (Code + RO Data)                54128 (  52.86kB)
    Total RW  Size (RW Data + ZI Data)             13256 (  12.95kB)
    Total ROM Size (Code + RO Data + RW Data)      54280 (  53.01kB)

==============================================================================

